✔ | F W S  OK | Context
⠏ |         0 | adaptive_bw_sf                                                                                                     ⠏ |         0 | testing functions for adptative bandwidth in NKDE                                                                  [1] "checking inputs ..."
[1] "prior data preparation ..."
[1] "start calculating the kernel values for the adaptive bandwidth..."
[1] "    quadra 1/1"
[1] "    build graph ..."
[1] "        calculating NKDE values ..."
[1] "Splitting the data with the spatial grid ..."
[1] "start calculating the kernel values ..."
[1] "    quadra 1/1"
[1] "    build graph ..."
[1] "        calculating NKDE values ..."
[1] "combining the results ..."
⠋ |         1 | testing functions for adptative bandwidth in NKDE                                                                  [1] "checking inputs ..."
[1] "prior data preparation ..."
[1] "calculating the local bandwidth ..."
[1] "start calculating the kernel values for the adaptive bandwidth..."
[1] "starting the kernel calculations ..."
[1] "starting the kernel calculations ..."
[1] "combining the results ..."
⠙ |         2 | testing functions for adptative bandwidth in NKDE                                                                  ✔ |         2 | testing functions for adptative bandwidth in NKDE [0.4s]
⠏ |         0 | adaptive_bw_tnkde_interaction_sf                                                                                   ⠏ |         0 | testing functions for adptative bandwidth with interaction in TNKDE                                                [1] "checking inputs ..."
[1] "prior data preparation ..."
[1] "start calculating the kernel values for the adaptive bandwidth..."
[1] 1
IGRAPH d3e43d5 UNW- 8 7 -- 
+ attr: name (v/c), weight (e/n), graph_id (e/n), wkt (e/c)
+ edges from d3e43d5 (vertex names):
[1] 0.0_5.0 --0.0_3.0 0.0_3.0 --0.0_0.0 -5.0_0.0--0.0_0.0 0.0_-5.0--0.0_0.0 5.0_0.0 --3.0_0.0 3.0_0.0 --1.0_0.0 1.0_0.0 --0.0_0.0
[1] "here is the neighbour list : "
$`0.0_5.0`
[1] 2

$`0.0_3.0`
[1] 1 8

$`-5.0_0.0`
[1] 8

$`0.0_-5.0`
[1] 8

$`5.0_0.0`
[1] 6

$`3.0_0.0`
[1] 5 7

$`1.0_0.0`
[1] 6 8

$`0.0_0.0`
[1] 2 3 4 7

step0
step1
step2
step3
step3
Iterating on 0
Here is k : 
[cube slice: 0]
        0

[cube slice: 1]
        0

[cube slice: 2]
        0


weight applied !
Iterating on 1
Here is k : 
[cube slice: 0]
        0

[cube slice: 1]
        0

[cube slice: 2]
   0.0010


weight applied !
Iterating on 2
Here is k : 
[cube slice: 0]
        0

[cube slice: 1]
   0.0010

[cube slice: 2]
        0


weight applied !
end of iterations !
[1] "here are the estimated densities before calculating local bws"
, , 1

           [,1]
[1,] 0.01085069

, , 2

           [,1]
[1,] 0.01188433

, , 3

           [,1]
[1,] 0.01188433

[1] "start calculating the kernel values ..."
[1] "    quadra 1/1"
[1] "    build graph ..."
[1] "        calculating NKDE values ..."
[1] "combining the results ..."
⠋ |         1 | testing functions for adptative bandwidth with interaction in TNKDE                                                [1] "checking inputs ..."
[1] "prior data preparation ..."
[1] "start calculating the kernel values for the adaptive bandwidth..."
IGRAPH d40095c UNW- 8 7 -- 
+ attr: name (v/c), weight (e/n), graph_id (e/n), wkt (e/c)
+ edges from d40095c (vertex names):
[1] 0.0_5.0 --0.0_3.0 0.0_3.0 --0.0_0.0 -5.0_0.0--0.0_0.0 0.0_-5.0--0.0_0.0 5.0_0.0 --3.0_0.0 3.0_0.0 --1.0_0.0 1.0_0.0 --0.0_0.0
[1] "here is the neighbour list : "
$`0.0_5.0`
[1] 2

$`0.0_3.0`
[1] 1 8

$`-5.0_0.0`
[1] 8

$`0.0_-5.0`
[1] 8

$`5.0_0.0`
[1] 6

$`3.0_0.0`
[1] 5 7

$`1.0_0.0`
[1] 6 8

$`0.0_0.0`
[1] 2 3 4 7

step0
step1
step2
step3
step3
Iterating on 0
Here is k : 
[cube slice: 0]
   0.0109

[cube slice: 1]
        0

[cube slice: 2]
        0


weight applied !
Iterating on 1
Here is k : 
[cube slice: 0]
        0

[cube slice: 1]
   0.0109

[cube slice: 2]
   0.0010


weight applied !
Iterating on 2
Here is k : 
[cube slice: 0]
        0

[cube slice: 1]
   0.0010

[cube slice: 2]
   0.0092


weight applied !
end of iterations !
[1] "here are the estimated densities before calculating local bws"
, , 1

           [,1]
[1,] 0.01085069

, , 2

           [,1]
[1,] 0.01188433

, , 3

           [,1]
[1,] 0.01020984

[1] "starting the kernel calculations ..."
[1] "    build graph ..."
[1] "        calculating NKDE values ..."
[1] "combining the results ..."
⠙ |         2 | testing functions for adptative bandwidth with interaction in TNKDE                                                [1] "start calculating the kernel values for the adaptive bandwidth..."
[1] 1
IGRAPH d42d55a UNW- 8 7 -- 
+ attr: name (v/c), weight (e/n), graph_id (e/n), wkt (e/c)
+ edges from d42d55a (vertex names):
[1] 0.0_5.0 --0.0_3.0  0.0_3.0 --0.0_0.0  -5.0_0.0--0.0_0.0  0.0_-5.0--0.0_-3.0 0.0_-3.0--0.0_0.0  5.0_0.0 --2.0_0.0 
[7] 2.0_0.0 --0.0_0.0 
[1] "here is the neighbour list : "
$`0.0_5.0`
[1] 2

$`0.0_3.0`
[1] 1 8

$`-5.0_0.0`
[1] 8

$`0.0_-5.0`
[1] 5

$`0.0_-3.0`
[1] 4 8

$`5.0_0.0`
[1] 7

$`2.0_0.0`
[1] 6 8

$`0.0_0.0`
[1] 2 3 5 7

step0
step1
step2
step3
step3
Iterating on 0
Here is k : 
[cube slice: 0]
   9.4522e-05   7.0501e-05
   7.2368e-05   5.3978e-05
   4.7774e-05   3.5634e-05


weight applied !
Iterating on 1
Here is k : 
[cube slice: 0]
   1.2981e-04   9.6819e-05
   8.1037e-05   6.0443e-05
   5.0705e-05   3.7820e-05


weight applied !
Iterating on 2
Here is k : 
[cube slice: 0]
        0        0
        0        0
        0        0


weight applied !
end of iterations !
[1] 2
IGRAPH d42f540 UNW- 8 7 -- 
+ attr: name (v/c), weight (e/n), graph_id (e/n), wkt (e/c)
+ edges from d42f540 (vertex names):
[1] 0.0_5.0 --0.0_3.0  0.0_3.0 --0.0_0.0  -5.0_0.0--0.0_0.0  0.0_-5.0--0.0_-3.0 0.0_-3.0--0.0_0.0  5.0_0.0 --2.0_0.0 
[7] 2.0_0.0 --0.0_0.0 
[1] "here is the neighbour list : "
$`0.0_5.0`
[1] 2

$`0.0_3.0`
[1] 1 8

$`-5.0_0.0`
[1] 8

$`0.0_-5.0`
[1] 5

$`0.0_-3.0`
[1] 4 8

$`5.0_0.0`
[1] 7

$`2.0_0.0`
[1] 6 8

$`0.0_0.0`
[1] 2 3 5 7

step0
step1
step2
step3
step3
Iterating on 0
Here is k : 
[cube slice: 0]
   1.3733e-04   1.0089e-04
   8.5734e-05   6.2988e-05
   5.3644e-05   3.9412e-05

[cube slice: 1]
   1.3733e-04   1.0089e-04
   8.5734e-05   6.2988e-05
   5.3644e-05   3.9412e-05


weight applied !
Iterating on 1
Here is k : 
[cube slice: 0]
        0        0
        0        0
        0        0

[cube slice: 1]
        0        0
        0        0
        0        0


weight applied !
Iterating on 2
Here is k : 
[cube slice: 0]
   1.2981e-04   9.6819e-05
   8.1037e-05   6.0443e-05
   5.0705e-05   3.7820e-05

[cube slice: 1]
   1.2981e-04   9.6819e-05
   8.1037e-05   6.0443e-05
   5.0705e-05   3.7820e-05


weight applied !
end of iterations !
[1] 3
IGRAPH d43155d UNW- 8 7 -- 
+ attr: name (v/c), weight (e/n), graph_id (e/n), wkt (e/c)
+ edges from d43155d (vertex names):
[1] 0.0_5.0 --0.0_3.0  0.0_3.0 --0.0_0.0  -5.0_0.0--0.0_0.0  0.0_-5.0--0.0_-3.0 0.0_-3.0--0.0_0.0  5.0_0.0 --2.0_0.0 
[7] 2.0_0.0 --0.0_0.0 
[1] "here is the neighbour list : "
$`0.0_5.0`
[1] 2

$`0.0_3.0`
[1] 1 8

$`-5.0_0.0`
[1] 8

$`0.0_-5.0`
[1] 5

$`0.0_-3.0`
[1] 4 8

$`5.0_0.0`
[1] 7

$`2.0_0.0`
[1] 6 8

$`0.0_0.0`
[1] 2 3 5 7

step0
step1
step2
step3
step3
Iterating on 0
Here is k : 
[cube slice: 0]
        0        0
        0        0
        0        0


weight applied !
Iterating on 1
Here is k : 
[cube slice: 0]
   1.3733e-04   1.0089e-04
   8.5734e-05   6.2988e-05
   5.3644e-05   3.9412e-05


weight applied !
Iterating on 2
Here is k : 
[cube slice: 0]
   9.4522e-05   7.0501e-05
   7.2368e-05   5.3978e-05
   4.7774e-05   3.5634e-05


weight applied !
end of iterations !
[1] "here are the estimated densities before calculating local bws"
, , 1

             [,1]         [,2]
[1,] 0.0005982736 0.0004435073
[2,] 0.0003429491 0.0002545838
[3,] 0.0002102201 0.0001561154

, , 2

             [,1]         [,2]
[1,] 0.0007554160 0.0005564508
[2,] 0.0003837848 0.0002828704
[3,] 0.0002264198 0.0001669162

, , 3

             [,1]         [,2]
[1,] 0.0007554160 0.0005564508
[2,] 0.0003837848 0.0002828704
[3,] 0.0002264198 0.0001669162

, , 4

             [,1]         [,2]
[1,] 0.0006133204 0.0004516596
[2,] 0.0003523428 0.0002596732
[3,] 0.0002160978 0.0001592998

⠹ |         3 | testing functions for adptative bandwidth with interaction in TNKDE                                                [1] "start calculating the kernel values for the adaptive bandwidth..."
[1] 1
IGRAPH d444b72 UNW- 8 7 -- 
+ attr: name (v/c), weight (e/n), graph_id (e/n), wkt (e/c)
+ edges from d444b72 (vertex names):
[1] 0.0_5.0 --0.0_3.0  0.0_3.0 --0.0_0.0  -5.0_0.0--0.0_0.0  0.0_-5.0--0.0_-3.0 0.0_-3.0--0.0_0.0  5.0_0.0 --2.0_0.0 
[7] 2.0_0.0 --0.0_0.0 
[1] "here is the neighbour list : "
$`0.0_5.0`
[1] 2

$`0.0_3.0`
[1] 1 8

$`-5.0_0.0`
[1] 8

$`0.0_-5.0`
[1] 5

$`0.0_-3.0`
[1] 4 8

$`5.0_0.0`
[1] 7

$`2.0_0.0`
[1] 6 8

$`0.0_0.0`
[1] 2 3 5 7

step0
step1
step2
step3
step3
Iterating on 0
Here is k : 
[cube slice: 0]
   3.1507e-05   2.3500e-05
   2.4123e-05   1.7993e-05
   1.5925e-05   1.1878e-05


weight applied !
Iterating on 1
Here is k : 
[cube slice: 0]
   4.3269e-05   3.2273e-05
   2.7012e-05   2.0148e-05
   1.6902e-05   1.2607e-05


weight applied !
Iterating on 2
Here is k : 
[cube slice: 0]
        0        0
        0        0
        0        0


weight applied !
end of iterations !
[1] 2
IGRAPH d446e86 UNW- 8 7 -- 
+ attr: name (v/c), weight (e/n), graph_id (e/n), wkt (e/c)
+ edges from d446e86 (vertex names):
[1] 0.0_5.0 --0.0_3.0  0.0_3.0 --0.0_0.0  -5.0_0.0--0.0_0.0  0.0_-5.0--0.0_-3.0 0.0_-3.0--0.0_0.0  5.0_0.0 --2.0_0.0 
[7] 2.0_0.0 --0.0_0.0 
[1] "here is the neighbour list : "
$`0.0_5.0`
[1] 2

$`0.0_3.0`
[1] 1 8

$`-5.0_0.0`
[1] 8

$`0.0_-5.0`
[1] 5

$`0.0_-3.0`
[1] 4 8

$`5.0_0.0`
[1] 7

$`2.0_0.0`
[1] 6 8

$`0.0_0.0`
[1] 2 3 5 7

step0
step1
step2
step3
step3
Iterating on 0
Here is k : 
[cube slice: 0]
   4.5776e-05   3.3632e-05
   2.8578e-05   2.0996e-05
   1.7881e-05   1.3137e-05

[cube slice: 1]
   4.5776e-05   3.3632e-05
   2.8578e-05   2.0996e-05
   1.7881e-05   1.3137e-05


weight applied !
Iterating on 1
Here is k : 
[cube slice: 0]
        0        0
        0        0
        0        0

[cube slice: 1]
        0        0
        0        0
        0        0


weight applied !
Iterating on 2
Here is k : 
[cube slice: 0]
   4.3269e-05   3.2273e-05
   2.7012e-05   2.0148e-05
   1.6902e-05   1.2607e-05

[cube slice: 1]
   4.3269e-05   3.2273e-05
   2.7012e-05   2.0148e-05
   1.6902e-05   1.2607e-05


weight applied !
end of iterations !
[1] 3
IGRAPH d448f2a UNW- 8 7 -- 
+ attr: name (v/c), weight (e/n), graph_id (e/n), wkt (e/c)
+ edges from d448f2a (vertex names):
[1] 0.0_5.0 --0.0_3.0  0.0_3.0 --0.0_0.0  -5.0_0.0--0.0_0.0  0.0_-5.0--0.0_-3.0 0.0_-3.0--0.0_0.0  5.0_0.0 --2.0_0.0 
[7] 2.0_0.0 --0.0_0.0 
[1] "here is the neighbour list : "
$`0.0_5.0`
[1] 2

$`0.0_3.0`
[1] 1 8

$`-5.0_0.0`
[1] 8

$`0.0_-5.0`
[1] 5

$`0.0_-3.0`
[1] 4 8

$`5.0_0.0`
[1] 7

$`2.0_0.0`
[1] 6 8

$`0.0_0.0`
[1] 2 3 5 7

step0
step1
step2
step3
step3
Iterating on 0
Here is k : 
[cube slice: 0]
        0        0
        0        0
        0        0


weight applied !
Iterating on 1
Here is k : 
[cube slice: 0]
   4.5776e-05   3.3632e-05
   2.8578e-05   2.0996e-05
   1.7881e-05   1.3137e-05


weight applied !
Iterating on 2
Here is k : 
[cube slice: 0]
   3.1507e-05   2.3500e-05
   2.4123e-05   1.7993e-05
   1.5925e-05   1.1878e-05


weight applied !
end of iterations !
[1] "here are the estimated densities before calculating local bws"
, , 1

             [,1]         [,2]
[1,] 0.0003621849 2.674148e-04
[2,] 0.0001866543 1.380075e-04
[3,] 0.0001107635 8.193323e-05

, , 2

             [,1]         [,2]
[1,] 0.0005773262 0.0004246418
[2,] 0.0002726042 0.0002005826
[3,] 0.0001568535 0.0001154283

, , 3

             [,1]         [,2]
[1,] 0.0005773262 0.0004246418
[2,] 0.0002726042 0.0002005826
[3,] 0.0001568535 0.0001154283

, , 4

             [,1]         [,2]
[1,] 0.0003672006 2.701323e-04
[2,] 0.0001897856 1.397040e-04
[3,] 0.0001127227 8.299472e-05

⠦ |         7 | testing functions for adptative bandwidth with interaction in TNKDE                                                ✔ |         8 | testing functions for adptative bandwidth with interaction in TNKDE [0.8s]
⠏ |         0 | base_kernels_sf                                                                                                    ⠏ |         0 | testing the base kernel implemented                                                                                ✔ |         2 | testing the base kernel implemented
⠏ |         0 | basics_listw_sf                                                                                                    ⠏ |         0 | basic tests for the neighbour matrices creation                                                                    [1] "generating the starting points"
[1] "snapping the points to the lines (only once)"
[1] "starting the network part"
[1] "working on quadra : 1/1"
[1] "adding the points as vertices to nearest lines"
[1] "splitting the lines for the network"
[1] "generating the network"
[1] "calculating the distances on the network"
[1] "building the final listw object"
[1] "finally generating the listw object ..."
⠙ |         2 | basic tests for the neighbour matrices creation                                                                    ✔ |         2 | basic tests for the neighbour matrices creation [0.3s]
⠏ |         0 | border_correction_sf                                                                                               ⠏ |         0 | testing function used to apply border correction in NKDE                                                           ⠙ |         2 | testing function used to apply border correction in NKDE                                                           ⠹ |         3 | testing function used to apply border correction in NKDE                                                           ⠸ |         4 | testing function used to apply border correction in NKDE                                                           ✔ |         4 | testing function used to apply border correction in NKDE [0.9s]
⠏ |         0 | bw_selection_sf                                                                                                    ⠏ |         0 | testing the bandwidth selection functions                                                                          Here are the weights in c++ : 
   1.0000   1.0000   1.0000
   1.0000   1.0000   1.0000
   1.0000   1.0000   1.0000

applying weight : 1
applying weight : 1
applying weight : 1
Here are the weights in c++ : 
   1.0000   1.0000   1.0000
   1.0000   1.0000   1.0000
   1.0000   1.0000   1.0000

applying weight : 1
applying weight : 1
applying weight : 1
Here are the weights in c++ : 
   1.0000   1.0000   1.0000
   1.0000   1.0000   1.0000
   1.0000   1.0000   1.0000

applying weight : 1
applying weight : 1
applying weight : 1
Here are the weights in c++ : 
   1.0000   1.0000   1.0000
   1.0000   1.0000   1.0000
   1.0000   1.0000   1.0000

applying weight : 1
applying weight : 1
applying weight : 1
Here are the weights in c++ : 
   1.0000   1.0000   1.0000
   1.0000   1.0000   1.0000
   1.0000   1.0000   1.0000

applying weight : 1
applying weight : 1
applying weight : 1
Here are the weights in c++ : 
   1.0000   1.0000   1.0000
   1.0000   1.0000   1.0000
   1.0000   1.0000   1.0000

applying weight : 1
applying weight : 1
applying weight : 1
⠙ |         2 | testing the bandwidth selection functions                                                                          Here are the weights in c++ : 
   1.0000   1.0000   1.0000
   1.0000   1.0000   1.0000
   1.0000   1.0000   1.0000

applying weight : 1
applying weight : 1
applying weight : 1
Here are the weights in c++ : 
   1.0000   1.0000   1.0000
   1.0000   1.0000   1.0000
   1.0000   1.0000   1.0000

applying weight : 1
applying weight : 1
applying weight : 1
Here are the weights in c++ : 
   1.0000   1.0000   1.0000
   1.0000   1.0000   1.0000
   1.0000   1.0000   1.0000

applying weight : 1
applying weight : 1
applying weight : 1
Here are the weights in c++ : 
   1.0000   1.0000   1.0000
   1.0000   1.0000   1.0000
   1.0000   1.0000   1.0000

applying weight : 1
applying weight : 1
applying weight : 1
Here are the weights in c++ : 
   1.0000   1.0000   1.0000
   1.0000   1.0000   1.0000
   1.0000   1.0000   1.0000

applying weight : 1
applying weight : 1
applying weight : 1
Here are the weights in c++ : 
   1.0000   1.0000   1.0000
   1.0000   1.0000   1.0000
   1.0000   1.0000   1.0000

applying weight : 1
applying weight : 1
applying weight : 1
⠸ |         4 | testing the bandwidth selection functions                                                                          [1] "checking inputs ..."
[1] "prior data preparation ..."
[1] "Calculating the correction factor if required"
[1] "Splittig the dataset within the grid ..."
[1] "start calculating the CV values ..."
  |                                                                                                                                 |                                                                                                                         |   0%Here are the weights in c++ : 
   1.0000   1.0000
   1.0000   1.0000
   1.0000   1.0000

applying weight : 1
applying weight : 1
Here are the weights in c++ : 
   1.0000   1.0000
   1.0000   1.0000
   1.0000   1.0000

applying weight : 1
applying weight : 1
Here are the weights in c++ : 
   1.0000   1.0000
   1.0000   1.0000
   1.0000   1.0000

applying weight : 1
applying weight : 1
  |                                                                                                                                 |=========================================================================================================================| 100%Here are the weights in c++ : 
   1.0000   1.0000   1.0000
   1.0000   1.0000   1.0000
   1.0000   1.0000   1.0000

applying weight : 1
applying weight : 1
applying weight : 1
Here are the weights in c++ : 
   1.0000   1.0000   1.0000
   1.0000   1.0000   1.0000
   1.0000   1.0000   1.0000

applying weight : 1
applying weight : 1
applying weight : 1
Here are the weights in c++ : 
   1.0000   1.0000   1.0000
   1.0000   1.0000   1.0000
   1.0000   1.0000   1.0000

applying weight : 1
applying weight : 1
applying weight : 1
⠴ |         6 | testing the bandwidth selection functions                                                                          Here are the weights in c++ : 
   1.0000   1.0000   1.0000
   1.0000   1.0000   1.0000
   1.0000   1.0000   1.0000

applying weight : 1
applying weight : 1
applying weight : 1
Here are the weights in c++ : 
   1.0000   1.0000   1.0000
   1.0000   1.0000   1.0000
   1.0000   1.0000   1.0000

applying weight : 1
applying weight : 1
applying weight : 1
Here are the weights in c++ : 
   1.0000   1.0000   1.0000
   1.0000   1.0000   1.0000
   1.0000   1.0000   1.0000

applying weight : 1
applying weight : 1
applying weight : 1
[1] "checking inputs ..."
[1] "prior data preparation ..."
[1] "Calculating the correction factor if required"
[1] "start calculating the CV values ..."
  |                                                                                                                                 |                                                                                                                         |   0%Here are the weights in c++ : 
   1.0000   1.0000   1.0000   1.0000
   1.0000   1.0000   1.0000   1.0000
   1.0000   1.0000   1.0000   1.0000

applying weight : 1
applying weight : 1
applying weight : 1
applying weight : 1
Here are the weights in c++ : 
   1.0000   1.0000   1.0000   1.0000
   1.0000   1.0000   1.0000   1.0000
   1.0000   1.0000   1.0000   1.0000

applying weight : 1
applying weight : 1
applying weight : 1
applying weight : 1
Here are the weights in c++ : 
   1.0000   1.0000   1.0000   1.0000
   1.0000   1.0000   1.0000   1.0000
   1.0000   1.0000   1.0000   1.0000

applying weight : 1
applying weight : 1
applying weight : 1
applying weight : 1
⠧ |         8 | testing the bandwidth selection functions                                                                          Here are the weights in c++ : 
   1.0000   1.0000   1.0000
   1.0000   1.0000   1.0000
   1.0000   1.0000   1.0000
   1.0000   1.0000   1.0000
   1.0000   1.0000   1.0000
   1.0000   1.0000   1.0000
   1.0000   1.0000   1.0000
   1.0000   1.0000   1.0000
   1.0000   1.0000   1.0000
   1.0000   1.0000   1.0000
   1.0000   1.0000   1.0000
   1.0000   1.0000   1.0000
   1.0000   1.0000   1.0000
   1.0000   1.0000   1.0000
   1.0000   1.0000   1.0000
   1.0000   1.0000   1.0000
   1.0000   1.0000   1.0000
   1.0000   1.0000   1.0000
   1.0000   1.0000   1.0000
   1.0000   1.0000   1.0000
   1.0000   1.0000   1.0000
   1.0000   1.0000   1.0000
   1.0000   1.0000   1.0000
   1.0000   1.0000   1.0000
   1.0000   1.0000   1.0000
   1.0000   1.0000   1.0000
   1.0000   1.0000   1.0000
   1.0000   1.0000   1.0000
   1.0000   1.0000   1.0000
   1.0000   1.0000   1.0000
   1.0000   1.0000   1.0000
   1.0000   1.0000   1.0000
   1.0000   1.0000   1.0000
   1.0000   1.0000   1.0000
   1.0000   1.0000   1.0000
   1.0000   1.0000   1.0000
   1.0000   1.0000   1.0000
   1.0000   1.0000   1.0000

applying weight : 1
applying weight : 1
applying weight : 1
Here are the weights in c++ : 
   1.0000   1.0000   1.0000
   1.0000   1.0000   1.0000
   1.0000   1.0000   1.0000
   1.0000   1.0000   1.0000
   1.0000   1.0000   1.0000
   1.0000   1.0000   1.0000
   1.0000   1.0000   1.0000
   1.0000   1.0000   1.0000
   1.0000   1.0000   1.0000
   1.0000   1.0000   1.0000
   1.0000   1.0000   1.0000
   1.0000   1.0000   1.0000
   1.0000   1.0000   1.0000
   1.0000   1.0000   1.0000
   1.0000   1.0000   1.0000
   1.0000   1.0000   1.0000
   1.0000   1.0000   1.0000
   1.0000   1.0000   1.0000
   1.0000   1.0000   1.0000
   1.0000   1.0000   1.0000
   1.0000   1.0000   1.0000
   1.0000   1.0000   1.0000
   1.0000   1.0000   1.0000
   1.0000   1.0000   1.0000
   1.0000   1.0000   1.0000
   1.0000   1.0000   1.0000
   1.0000   1.0000   1.0000
   1.0000   1.0000   1.0000
   1.0000   1.0000   1.0000
   1.0000   1.0000   1.0000
   1.0000   1.0000   1.0000
   1.0000   1.0000   1.0000
   1.0000   1.0000   1.0000
   1.0000   1.0000   1.0000
   1.0000   1.0000   1.0000
   1.0000   1.0000   1.0000
   1.0000   1.0000   1.0000
   1.0000   1.0000   1.0000

applying weight : 1
applying weight : 1
applying weight : 1
Here are the weights in c++ : 
   1.0000   1.0000   1.0000
   1.0000   1.0000   1.0000
   1.0000   1.0000   1.0000
   1.0000   1.0000   1.0000
   1.0000   1.0000   1.0000
   1.0000   1.0000   1.0000
   1.0000   1.0000   1.0000
   1.0000   1.0000   1.0000
   1.0000   1.0000   1.0000
   1.0000   1.0000   1.0000
   1.0000   1.0000   1.0000
   1.0000   1.0000   1.0000
   1.0000   1.0000   1.0000
   1.0000   1.0000   1.0000
   1.0000   1.0000   1.0000
   1.0000   1.0000   1.0000
   1.0000   1.0000   1.0000
   1.0000   1.0000   1.0000
   1.0000   1.0000   1.0000
   1.0000   1.0000   1.0000
   1.0000   1.0000   1.0000
   1.0000   1.0000   1.0000
   1.0000   1.0000   1.0000
   1.0000   1.0000   1.0000
   1.0000   1.0000   1.0000
   1.0000   1.0000   1.0000
   1.0000   1.0000   1.0000
   1.0000   1.0000   1.0000
   1.0000   1.0000   1.0000
   1.0000   1.0000   1.0000
   1.0000   1.0000   1.0000
   1.0000   1.0000   1.0000
   1.0000   1.0000   1.0000
   1.0000   1.0000   1.0000
   1.0000   1.0000   1.0000
   1.0000   1.0000   1.0000
   1.0000   1.0000   1.0000
   1.0000   1.0000   1.0000

applying weight : 1
applying weight : 1
applying weight : 1
Here are the weights in c++ : 
   1.0000   1.0000   1.0000
   1.0000   1.0000   1.0000
   1.0000   1.0000   1.0000
   1.0000   1.0000   1.0000
   1.0000   1.0000   1.0000
   1.0000   1.0000   1.0000
   1.0000   1.0000   1.0000
   1.0000   1.0000   1.0000
   1.0000   1.0000   1.0000
   1.0000   1.0000   1.0000
   1.0000   1.0000   1.0000
   1.0000   1.0000   1.0000
   1.0000   1.0000   1.0000
   1.0000   1.0000   1.0000
   1.0000   1.0000   1.0000
   1.0000   1.0000   1.0000
   1.0000   1.0000   1.0000
   1.0000   1.0000   1.0000
   1.0000   1.0000   1.0000
   1.0000   1.0000   1.0000
   1.0000   1.0000   1.0000
   1.0000   1.0000   1.0000
   1.0000   1.0000   1.0000
   1.0000   1.0000   1.0000
   1.0000   1.0000   1.0000
   1.0000   1.0000   1.0000
   1.0000   1.0000   1.0000
   1.0000   1.0000   1.0000
   1.0000   1.0000   1.0000
   1.0000   1.0000   1.0000
   1.0000   1.0000   1.0000
   1.0000   1.0000   1.0000
   1.0000   1.0000   1.0000
   1.0000   1.0000   1.0000
   1.0000   1.0000   1.0000
   1.0000   1.0000   1.0000
   1.0000   1.0000   1.0000
   1.0000   1.0000   1.0000

applying weight : 1
applying weight : 1
applying weight : 1
Here are the weights in c++ : 
   1.0000   1.0000   1.0000
   1.0000   1.0000   1.0000
   1.0000   1.0000   1.0000
   1.0000   1.0000   1.0000
   1.0000   1.0000   1.0000
   1.0000   1.0000   1.0000
   1.0000   1.0000   1.0000
   1.0000   1.0000   1.0000
   1.0000   1.0000   1.0000
   1.0000   1.0000   1.0000
   1.0000   1.0000   1.0000
   1.0000   1.0000   1.0000
   1.0000   1.0000   1.0000
   1.0000   1.0000   1.0000
   1.0000   1.0000   1.0000
   1.0000   1.0000   1.0000
   1.0000   1.0000   1.0000
   1.0000   1.0000   1.0000
   1.0000   1.0000   1.0000
   1.0000   1.0000   1.0000
   1.0000   1.0000   1.0000
   1.0000   1.0000   1.0000
   1.0000   1.0000   1.0000
   1.0000   1.0000   1.0000
   1.0000   1.0000   1.0000
   1.0000   1.0000   1.0000
   1.0000   1.0000   1.0000
   1.0000   1.0000   1.0000
   1.0000   1.0000   1.0000
   1.0000   1.0000   1.0000
   1.0000   1.0000   1.0000
   1.0000   1.0000   1.0000
   1.0000   1.0000   1.0000
   1.0000   1.0000   1.0000
   1.0000   1.0000   1.0000
   1.0000   1.0000   1.0000
   1.0000   1.0000   1.0000
   1.0000   1.0000   1.0000

applying weight : 1
applying weight : 1
applying weight : 1
Here are the weights in c++ : 
   1.0000   1.0000   1.0000
   1.0000   1.0000   1.0000
   1.0000   1.0000   1.0000
   1.0000   1.0000   1.0000
   1.0000   1.0000   1.0000
   1.0000   1.0000   1.0000
   1.0000   1.0000   1.0000
   1.0000   1.0000   1.0000
   1.0000   1.0000   1.0000
   1.0000   1.0000   1.0000
   1.0000   1.0000   1.0000
   1.0000   1.0000   1.0000
   1.0000   1.0000   1.0000
   1.0000   1.0000   1.0000
   1.0000   1.0000   1.0000
   1.0000   1.0000   1.0000
   1.0000   1.0000   1.0000
   1.0000   1.0000   1.0000
   1.0000   1.0000   1.0000
   1.0000   1.0000   1.0000
   1.0000   1.0000   1.0000
   1.0000   1.0000   1.0000
   1.0000   1.0000   1.0000
   1.0000   1.0000   1.0000
   1.0000   1.0000   1.0000
   1.0000   1.0000   1.0000
   1.0000   1.0000   1.0000
   1.0000   1.0000   1.0000
   1.0000   1.0000   1.0000
   1.0000   1.0000   1.0000
   1.0000   1.0000   1.0000
   1.0000   1.0000   1.0000
   1.0000   1.0000   1.0000
   1.0000   1.0000   1.0000
   1.0000   1.0000   1.0000
   1.0000   1.0000   1.0000
   1.0000   1.0000   1.0000
   1.0000   1.0000   1.0000

applying weight : 1
applying weight : 1
applying weight : 1
Here are the weights in c++ : 
   1.0000   1.0000   1.0000
   1.0000   1.0000   1.0000
   1.0000   1.0000   1.0000
   1.0000   1.0000   1.0000
   1.0000   1.0000   1.0000
   1.0000   1.0000   1.0000
   1.0000   1.0000   1.0000
   1.0000   1.0000   1.0000
   1.0000   1.0000   1.0000
   1.0000   1.0000   1.0000
   1.0000   1.0000   1.0000
   1.0000   1.0000   1.0000
   1.0000   1.0000   1.0000
   1.0000   1.0000   1.0000
   1.0000   1.0000   1.0000
   1.0000   1.0000   1.0000
   1.0000   1.0000   1.0000
   1.0000   1.0000   1.0000
   1.0000   1.0000   1.0000
   1.0000   1.0000   1.0000
   1.0000   1.0000   1.0000
   1.0000   1.0000   1.0000
   1.0000   1.0000   1.0000
   1.0000   1.0000   1.0000
   1.0000   1.0000   1.0000
   1.0000   1.0000   1.0000
   1.0000   1.0000   1.0000
   1.0000   1.0000   1.0000
   1.0000   1.0000   1.0000
   1.0000   1.0000   1.0000
   1.0000   1.0000   1.0000
   1.0000   1.0000   1.0000
   1.0000   1.0000   1.0000
   1.0000   1.0000   1.0000
   1.0000   1.0000   1.0000
   1.0000   1.0000   1.0000
   1.0000   1.0000   1.0000
   1.0000   1.0000   1.0000

applying weight : 1
applying weight : 1
applying weight : 1
Here are the weights in c++ : 
   1.0000   1.0000   1.0000
   1.0000   1.0000   1.0000
   1.0000   1.0000   1.0000
   1.0000   1.0000   1.0000
   1.0000   1.0000   1.0000
   1.0000   1.0000   1.0000
   1.0000   1.0000   1.0000
   1.0000   1.0000   1.0000
   1.0000   1.0000   1.0000
   1.0000   1.0000   1.0000
   1.0000   1.0000   1.0000
   1.0000   1.0000   1.0000
   1.0000   1.0000   1.0000
   1.0000   1.0000   1.0000
   1.0000   1.0000   1.0000
   1.0000   1.0000   1.0000
   1.0000   1.0000   1.0000
   1.0000   1.0000   1.0000
   1.0000   1.0000   1.0000
   1.0000   1.0000   1.0000
   1.0000   1.0000   1.0000
   1.0000   1.0000   1.0000
   1.0000   1.0000   1.0000
   1.0000   1.0000   1.0000
   1.0000   1.0000   1.0000
   1.0000   1.0000   1.0000
   1.0000   1.0000   1.0000
   1.0000   1.0000   1.0000
   1.0000   1.0000   1.0000
   1.0000   1.0000   1.0000
   1.0000   1.0000   1.0000
   1.0000   1.0000   1.0000
   1.0000   1.0000   1.0000
   1.0000   1.0000   1.0000
   1.0000   1.0000   1.0000
   1.0000   1.0000   1.0000
   1.0000   1.0000   1.0000
   1.0000   1.0000   1.0000

applying weight : 1
applying weight : 1
applying weight : 1
Here are the weights in c++ : 
   1.0000   1.0000   1.0000
   1.0000   1.0000   1.0000
   1.0000   1.0000   1.0000
   1.0000   1.0000   1.0000
   1.0000   1.0000   1.0000
   1.0000   1.0000   1.0000
   1.0000   1.0000   1.0000
   1.0000   1.0000   1.0000
   1.0000   1.0000   1.0000
   1.0000   1.0000   1.0000
   1.0000   1.0000   1.0000
   1.0000   1.0000   1.0000
   1.0000   1.0000   1.0000
   1.0000   1.0000   1.0000
   1.0000   1.0000   1.0000
   1.0000   1.0000   1.0000
   1.0000   1.0000   1.0000
   1.0000   1.0000   1.0000
   1.0000   1.0000   1.0000
   1.0000   1.0000   1.0000
   1.0000   1.0000   1.0000
   1.0000   1.0000   1.0000
   1.0000   1.0000   1.0000
   1.0000   1.0000   1.0000
   1.0000   1.0000   1.0000
   1.0000   1.0000   1.0000
   1.0000   1.0000   1.0000
   1.0000   1.0000   1.0000
   1.0000   1.0000   1.0000
   1.0000   1.0000   1.0000
   1.0000   1.0000   1.0000
   1.0000   1.0000   1.0000
   1.0000   1.0000   1.0000
   1.0000   1.0000   1.0000
   1.0000   1.0000   1.0000
   1.0000   1.0000   1.0000
   1.0000   1.0000   1.0000
   1.0000   1.0000   1.0000

applying weight : 1
applying weight : 1
applying weight : 1
Here are the weights in c++ : 
   1.0000   1.0000   1.0000
   1.0000   1.0000   1.0000
   1.0000   1.0000   1.0000
   1.0000   1.0000   1.0000
   1.0000   1.0000   1.0000
   1.0000   1.0000   1.0000
   1.0000   1.0000   1.0000
   1.0000   1.0000   1.0000
   1.0000   1.0000   1.0000
   1.0000   1.0000   1.0000
   1.0000   1.0000   1.0000
   1.0000   1.0000   1.0000
   1.0000   1.0000   1.0000
   1.0000   1.0000   1.0000
   1.0000   1.0000   1.0000
   1.0000   1.0000   1.0000
   1.0000   1.0000   1.0000
   1.0000   1.0000   1.0000
   1.0000   1.0000   1.0000
   1.0000   1.0000   1.0000
   1.0000   1.0000   1.0000
   1.0000   1.0000   1.0000
   1.0000   1.0000   1.0000
   1.0000   1.0000   1.0000
   1.0000   1.0000   1.0000
   1.0000   1.0000   1.0000
   1.0000   1.0000   1.0000
   1.0000   1.0000   1.0000
   1.0000   1.0000   1.0000
   1.0000   1.0000   1.0000
   1.0000   1.0000   1.0000
   1.0000   1.0000   1.0000
   1.0000   1.0000   1.0000
   1.0000   1.0000   1.0000
   1.0000   1.0000   1.0000
   1.0000   1.0000   1.0000
   1.0000   1.0000   1.0000
   1.0000   1.0000   1.0000

applying weight : 1
applying weight : 1
applying weight : 1
Here are the weights in c++ : 
   1.0000   1.0000   1.0000
   1.0000   1.0000   1.0000
   1.0000   1.0000   1.0000
   1.0000   1.0000   1.0000
   1.0000   1.0000   1.0000
   1.0000   1.0000   1.0000
   1.0000   1.0000   1.0000
   1.0000   1.0000   1.0000
   1.0000   1.0000   1.0000
   1.0000   1.0000   1.0000
   1.0000   1.0000   1.0000
   1.0000   1.0000   1.0000
   1.0000   1.0000   1.0000
   1.0000   1.0000   1.0000
   1.0000   1.0000   1.0000
   1.0000   1.0000   1.0000
   1.0000   1.0000   1.0000
   1.0000   1.0000   1.0000
   1.0000   1.0000   1.0000
   1.0000   1.0000   1.0000
   1.0000   1.0000   1.0000
   1.0000   1.0000   1.0000
   1.0000   1.0000   1.0000
   1.0000   1.0000   1.0000
   1.0000   1.0000   1.0000
   1.0000   1.0000   1.0000
   1.0000   1.0000   1.0000
   1.0000   1.0000   1.0000
   1.0000   1.0000   1.0000
   1.0000   1.0000   1.0000
   1.0000   1.0000   1.0000
   1.0000   1.0000   1.0000
   1.0000   1.0000   1.0000
   1.0000   1.0000   1.0000
   1.0000   1.0000   1.0000
   1.0000   1.0000   1.0000
   1.0000   1.0000   1.0000
   1.0000   1.0000   1.0000

applying weight : 1
applying weight : 1
applying weight : 1
Here are the weights in c++ : 
   1.0000   1.0000   1.0000
   1.0000   1.0000   1.0000
   1.0000   1.0000   1.0000
   1.0000   1.0000   1.0000
   1.0000   1.0000   1.0000
   1.0000   1.0000   1.0000
   1.0000   1.0000   1.0000
   1.0000   1.0000   1.0000
   1.0000   1.0000   1.0000
   1.0000   1.0000   1.0000
   1.0000   1.0000   1.0000
   1.0000   1.0000   1.0000
   1.0000   1.0000   1.0000
   1.0000   1.0000   1.0000
   1.0000   1.0000   1.0000
   1.0000   1.0000   1.0000
   1.0000   1.0000   1.0000
   1.0000   1.0000   1.0000
   1.0000   1.0000   1.0000
   1.0000   1.0000   1.0000
   1.0000   1.0000   1.0000
   1.0000   1.0000   1.0000
   1.0000   1.0000   1.0000
   1.0000   1.0000   1.0000
   1.0000   1.0000   1.0000
   1.0000   1.0000   1.0000
   1.0000   1.0000   1.0000
   1.0000   1.0000   1.0000
   1.0000   1.0000   1.0000
   1.0000   1.0000   1.0000
   1.0000   1.0000   1.0000
   1.0000   1.0000   1.0000
   1.0000   1.0000   1.0000
   1.0000   1.0000   1.0000
   1.0000   1.0000   1.0000
   1.0000   1.0000   1.0000
   1.0000   1.0000   1.0000
   1.0000   1.0000   1.0000

applying weight : 1
applying weight : 1
applying weight : 1
Here are the weights in c++ : 
   1.0000   1.0000   1.0000
   1.0000   1.0000   1.0000
   1.0000   1.0000   1.0000
   1.0000   1.0000   1.0000
   1.0000   1.0000   1.0000
   1.0000   1.0000   1.0000
   1.0000   1.0000   1.0000
   1.0000   1.0000   1.0000
   1.0000   1.0000   1.0000
   1.0000   1.0000   1.0000
   1.0000   1.0000   1.0000
   1.0000   1.0000   1.0000
   1.0000   1.0000   1.0000
   1.0000   1.0000   1.0000
   1.0000   1.0000   1.0000
   1.0000   1.0000   1.0000
   1.0000   1.0000   1.0000
   1.0000   1.0000   1.0000
   1.0000   1.0000   1.0000
   1.0000   1.0000   1.0000
   1.0000   1.0000   1.0000
   1.0000   1.0000   1.0000
   1.0000   1.0000   1.0000
   1.0000   1.0000   1.0000
   1.0000   1.0000   1.0000
   1.0000   1.0000   1.0000
   1.0000   1.0000   1.0000
   1.0000   1.0000   1.0000
   1.0000   1.0000   1.0000
   1.0000   1.0000   1.0000
   1.0000   1.0000   1.0000
   1.0000   1.0000   1.0000
   1.0000   1.0000   1.0000
   1.0000   1.0000   1.0000
   1.0000   1.0000   1.0000
   1.0000   1.0000   1.0000
   1.0000   1.0000   1.0000
   1.0000   1.0000   1.0000

applying weight : 1
applying weight : 1
applying weight : 1
Here are the weights in c++ : 
   1.0000   1.0000   1.0000
   1.0000   1.0000   1.0000
   1.0000   1.0000   1.0000
   1.0000   1.0000   1.0000
   1.0000   1.0000   1.0000
   1.0000   1.0000   1.0000
   1.0000   1.0000   1.0000
   1.0000   1.0000   1.0000
   1.0000   1.0000   1.0000
   1.0000   1.0000   1.0000
   1.0000   1.0000   1.0000
   1.0000   1.0000   1.0000
   1.0000   1.0000   1.0000
   1.0000   1.0000   1.0000
   1.0000   1.0000   1.0000
   1.0000   1.0000   1.0000
   1.0000   1.0000   1.0000
   1.0000   1.0000   1.0000
   1.0000   1.0000   1.0000
   1.0000   1.0000   1.0000
   1.0000   1.0000   1.0000
   1.0000   1.0000   1.0000
   1.0000   1.0000   1.0000
   1.0000   1.0000   1.0000
   1.0000   1.0000   1.0000
   1.0000   1.0000   1.0000
   1.0000   1.0000   1.0000
   1.0000   1.0000   1.0000
   1.0000   1.0000   1.0000
   1.0000   1.0000   1.0000
   1.0000   1.0000   1.0000
   1.0000   1.0000   1.0000
   1.0000   1.0000   1.0000
   1.0000   1.0000   1.0000
   1.0000   1.0000   1.0000
   1.0000   1.0000   1.0000
   1.0000   1.0000   1.0000
   1.0000   1.0000   1.0000

applying weight : 1
applying weight : 1
applying weight : 1
Here are the weights in c++ : 
   1.0000   1.0000   1.0000
   1.0000   1.0000   1.0000
   1.0000   1.0000   1.0000
   1.0000   1.0000   1.0000
   1.0000   1.0000   1.0000
   1.0000   1.0000   1.0000
   1.0000   1.0000   1.0000
   1.0000   1.0000   1.0000
   1.0000   1.0000   1.0000
   1.0000   1.0000   1.0000
   1.0000   1.0000   1.0000
   1.0000   1.0000   1.0000
   1.0000   1.0000   1.0000
   1.0000   1.0000   1.0000
   1.0000   1.0000   1.0000
   1.0000   1.0000   1.0000
   1.0000   1.0000   1.0000
   1.0000   1.0000   1.0000
   1.0000   1.0000   1.0000
   1.0000   1.0000   1.0000
   1.0000   1.0000   1.0000
   1.0000   1.0000   1.0000
   1.0000   1.0000   1.0000
   1.0000   1.0000   1.0000
   1.0000   1.0000   1.0000
   1.0000   1.0000   1.0000
   1.0000   1.0000   1.0000
   1.0000   1.0000   1.0000
   1.0000   1.0000   1.0000
   1.0000   1.0000   1.0000
   1.0000   1.0000   1.0000
   1.0000   1.0000   1.0000
   1.0000   1.0000   1.0000
   1.0000   1.0000   1.0000
   1.0000   1.0000   1.0000
   1.0000   1.0000   1.0000
   1.0000   1.0000   1.0000
   1.0000   1.0000   1.0000

applying weight : 1
applying weight : 1
applying weight : 1
Here are the weights in c++ : 
   1.0000   1.0000   1.0000
   1.0000   1.0000   1.0000
   1.0000   1.0000   1.0000
   1.0000   1.0000   1.0000
   1.0000   1.0000   1.0000
   1.0000   1.0000   1.0000
   1.0000   1.0000   1.0000
   1.0000   1.0000   1.0000
   1.0000   1.0000   1.0000
   1.0000   1.0000   1.0000
   1.0000   1.0000   1.0000
   1.0000   1.0000   1.0000
   1.0000   1.0000   1.0000
   1.0000   1.0000   1.0000
   1.0000   1.0000   1.0000
   1.0000   1.0000   1.0000
   1.0000   1.0000   1.0000
   1.0000   1.0000   1.0000
   1.0000   1.0000   1.0000
   1.0000   1.0000   1.0000
   1.0000   1.0000   1.0000
   1.0000   1.0000   1.0000
   1.0000   1.0000   1.0000
   1.0000   1.0000   1.0000
   1.0000   1.0000   1.0000
   1.0000   1.0000   1.0000
   1.0000   1.0000   1.0000
   1.0000   1.0000   1.0000
   1.0000   1.0000   1.0000
   1.0000   1.0000   1.0000
   1.0000   1.0000   1.0000
   1.0000   1.0000   1.0000
   1.0000   1.0000   1.0000
   1.0000   1.0000   1.0000
   1.0000   1.0000   1.0000
   1.0000   1.0000   1.0000
   1.0000   1.0000   1.0000
   1.0000   1.0000   1.0000

applying weight : 1
applying weight : 1
applying weight : 1
Here are the weights in c++ : 
   1.0000   1.0000   1.0000
   1.0000   1.0000   1.0000
   1.0000   1.0000   1.0000
   1.0000   1.0000   1.0000
   1.0000   1.0000   1.0000
   1.0000   1.0000   1.0000
   1.0000   1.0000   1.0000
   1.0000   1.0000   1.0000
   1.0000   1.0000   1.0000
   1.0000   1.0000   1.0000
   1.0000   1.0000   1.0000
   1.0000   1.0000   1.0000
   1.0000   1.0000   1.0000
   1.0000   1.0000   1.0000
   1.0000   1.0000   1.0000
   1.0000   1.0000   1.0000
   1.0000   1.0000   1.0000
   1.0000   1.0000   1.0000
   1.0000   1.0000   1.0000
   1.0000   1.0000   1.0000
   1.0000   1.0000   1.0000
   1.0000   1.0000   1.0000
   1.0000   1.0000   1.0000
   1.0000   1.0000   1.0000
   1.0000   1.0000   1.0000
   1.0000   1.0000   1.0000
   1.0000   1.0000   1.0000
   1.0000   1.0000   1.0000
   1.0000   1.0000   1.0000
   1.0000   1.0000   1.0000
   1.0000   1.0000   1.0000
   1.0000   1.0000   1.0000
   1.0000   1.0000   1.0000
   1.0000   1.0000   1.0000
   1.0000   1.0000   1.0000
   1.0000   1.0000   1.0000
   1.0000   1.0000   1.0000
   1.0000   1.0000   1.0000

applying weight : 1
applying weight : 1
applying weight : 1
Here are the weights in c++ : 
   1.0000   1.0000   1.0000
   1.0000   1.0000   1.0000
   1.0000   1.0000   1.0000
   1.0000   1.0000   1.0000
   1.0000   1.0000   1.0000
   1.0000   1.0000   1.0000
   1.0000   1.0000   1.0000
   1.0000   1.0000   1.0000
   1.0000   1.0000   1.0000
   1.0000   1.0000   1.0000
   1.0000   1.0000   1.0000
   1.0000   1.0000   1.0000
   1.0000   1.0000   1.0000
   1.0000   1.0000   1.0000
   1.0000   1.0000   1.0000
   1.0000   1.0000   1.0000
   1.0000   1.0000   1.0000
   1.0000   1.0000   1.0000
   1.0000   1.0000   1.0000
   1.0000   1.0000   1.0000
   1.0000   1.0000   1.0000
   1.0000   1.0000   1.0000
   1.0000   1.0000   1.0000
   1.0000   1.0000   1.0000
   1.0000   1.0000   1.0000
   1.0000   1.0000   1.0000
   1.0000   1.0000   1.0000
   1.0000   1.0000   1.0000
   1.0000   1.0000   1.0000
   1.0000   1.0000   1.0000
   1.0000   1.0000   1.0000
   1.0000   1.0000   1.0000
   1.0000   1.0000   1.0000
   1.0000   1.0000   1.0000
   1.0000   1.0000   1.0000
   1.0000   1.0000   1.0000
   1.0000   1.0000   1.0000
   1.0000   1.0000   1.0000

applying weight : 1
applying weight : 1
applying weight : 1
Here are the weights in c++ : 
   1.0000   1.0000   1.0000
   1.0000   1.0000   1.0000
   1.0000   1.0000   1.0000
   1.0000   1.0000   1.0000
   1.0000   1.0000   1.0000
   1.0000   1.0000   1.0000
   1.0000   1.0000   1.0000
   1.0000   1.0000   1.0000
   1.0000   1.0000   1.0000
   1.0000   1.0000   1.0000
   1.0000   1.0000   1.0000
   1.0000   1.0000   1.0000
   1.0000   1.0000   1.0000
   1.0000   1.0000   1.0000
   1.0000   1.0000   1.0000
   1.0000   1.0000   1.0000
   1.0000   1.0000   1.0000
   1.0000   1.0000   1.0000
   1.0000   1.0000   1.0000
   1.0000   1.0000   1.0000
   1.0000   1.0000   1.0000
   1.0000   1.0000   1.0000
   1.0000   1.0000   1.0000
   1.0000   1.0000   1.0000
   1.0000   1.0000   1.0000
   1.0000   1.0000   1.0000
   1.0000   1.0000   1.0000
   1.0000   1.0000   1.0000
   1.0000   1.0000   1.0000
   1.0000   1.0000   1.0000
   1.0000   1.0000   1.0000
   1.0000   1.0000   1.0000
   1.0000   1.0000   1.0000
   1.0000   1.0000   1.0000
   1.0000   1.0000   1.0000
   1.0000   1.0000   1.0000
   1.0000   1.0000   1.0000
   1.0000   1.0000   1.0000

applying weight : 1
applying weight : 1
applying weight : 1
Here are the weights in c++ : 
   1.0000   1.0000   1.0000
   1.0000   1.0000   1.0000
   1.0000   1.0000   1.0000
   1.0000   1.0000   1.0000
   1.0000   1.0000   1.0000
   1.0000   1.0000   1.0000
   1.0000   1.0000   1.0000
   1.0000   1.0000   1.0000
   1.0000   1.0000   1.0000
   1.0000   1.0000   1.0000
   1.0000   1.0000   1.0000
   1.0000   1.0000   1.0000
   1.0000   1.0000   1.0000
   1.0000   1.0000   1.0000
   1.0000   1.0000   1.0000
   1.0000   1.0000   1.0000
   1.0000   1.0000   1.0000
   1.0000   1.0000   1.0000
   1.0000   1.0000   1.0000
   1.0000   1.0000   1.0000
   1.0000   1.0000   1.0000
   1.0000   1.0000   1.0000
   1.0000   1.0000   1.0000
   1.0000   1.0000   1.0000
   1.0000   1.0000   1.0000
   1.0000   1.0000   1.0000
   1.0000   1.0000   1.0000
   1.0000   1.0000   1.0000
   1.0000   1.0000   1.0000
   1.0000   1.0000   1.0000
   1.0000   1.0000   1.0000
   1.0000   1.0000   1.0000
   1.0000   1.0000   1.0000
   1.0000   1.0000   1.0000
   1.0000   1.0000   1.0000
   1.0000   1.0000   1.0000
   1.0000   1.0000   1.0000
   1.0000   1.0000   1.0000

applying weight : 1
applying weight : 1
applying weight : 1
Here are the weights in c++ : 
   1.0000   1.0000   1.0000
   1.0000   1.0000   1.0000
   1.0000   1.0000   1.0000
   1.0000   1.0000   1.0000
   1.0000   1.0000   1.0000
   1.0000   1.0000   1.0000
   1.0000   1.0000   1.0000
   1.0000   1.0000   1.0000
   1.0000   1.0000   1.0000
   1.0000   1.0000   1.0000
   1.0000   1.0000   1.0000
   1.0000   1.0000   1.0000
   1.0000   1.0000   1.0000
   1.0000   1.0000   1.0000
   1.0000   1.0000   1.0000
   1.0000   1.0000   1.0000
   1.0000   1.0000   1.0000
   1.0000   1.0000   1.0000
   1.0000   1.0000   1.0000
   1.0000   1.0000   1.0000
   1.0000   1.0000   1.0000
   1.0000   1.0000   1.0000
   1.0000   1.0000   1.0000
   1.0000   1.0000   1.0000
   1.0000   1.0000   1.0000
   1.0000   1.0000   1.0000
   1.0000   1.0000   1.0000
   1.0000   1.0000   1.0000
   1.0000   1.0000   1.0000
   1.0000   1.0000   1.0000
   1.0000   1.0000   1.0000
   1.0000   1.0000   1.0000
   1.0000   1.0000   1.0000
   1.0000   1.0000   1.0000
   1.0000   1.0000   1.0000
   1.0000   1.0000   1.0000
   1.0000   1.0000   1.0000
   1.0000   1.0000   1.0000

applying weight : 1
applying weight : 1
applying weight : 1
Here are the weights in c++ : 
   1.0000   1.0000   1.0000
   1.0000   1.0000   1.0000
   1.0000   1.0000   1.0000
   1.0000   1.0000   1.0000
   1.0000   1.0000   1.0000
   1.0000   1.0000   1.0000
   1.0000   1.0000   1.0000
   1.0000   1.0000   1.0000
   1.0000   1.0000   1.0000
   1.0000   1.0000   1.0000
   1.0000   1.0000   1.0000
   1.0000   1.0000   1.0000
   1.0000   1.0000   1.0000
   1.0000   1.0000   1.0000
   1.0000   1.0000   1.0000
   1.0000   1.0000   1.0000
   1.0000   1.0000   1.0000
   1.0000   1.0000   1.0000
   1.0000   1.0000   1.0000
   1.0000   1.0000   1.0000
   1.0000   1.0000   1.0000
   1.0000   1.0000   1.0000
   1.0000   1.0000   1.0000
   1.0000   1.0000   1.0000
   1.0000   1.0000   1.0000
   1.0000   1.0000   1.0000
   1.0000   1.0000   1.0000
   1.0000   1.0000   1.0000
   1.0000   1.0000   1.0000
   1.0000   1.0000   1.0000
   1.0000   1.0000   1.0000
   1.0000   1.0000   1.0000
   1.0000   1.0000   1.0000
   1.0000   1.0000   1.0000
   1.0000   1.0000   1.0000
   1.0000   1.0000   1.0000
   1.0000   1.0000   1.0000
   1.0000   1.0000   1.0000

applying weight : 1
applying weight : 1
applying weight : 1
Here are the weights in c++ : 
   1.0000   1.0000   1.0000
   1.0000   1.0000   1.0000
   1.0000   1.0000   1.0000
   1.0000   1.0000   1.0000
   1.0000   1.0000   1.0000
   1.0000   1.0000   1.0000
   1.0000   1.0000   1.0000
   1.0000   1.0000   1.0000
   1.0000   1.0000   1.0000
   1.0000   1.0000   1.0000
   1.0000   1.0000   1.0000
   1.0000   1.0000   1.0000
   1.0000   1.0000   1.0000
   1.0000   1.0000   1.0000
   1.0000   1.0000   1.0000
   1.0000   1.0000   1.0000
   1.0000   1.0000   1.0000
   1.0000   1.0000   1.0000
   1.0000   1.0000   1.0000
   1.0000   1.0000   1.0000
   1.0000   1.0000   1.0000
   1.0000   1.0000   1.0000
   1.0000   1.0000   1.0000
   1.0000   1.0000   1.0000
   1.0000   1.0000   1.0000
   1.0000   1.0000   1.0000
   1.0000   1.0000   1.0000
   1.0000   1.0000   1.0000
   1.0000   1.0000   1.0000
   1.0000   1.0000   1.0000
   1.0000   1.0000   1.0000
   1.0000   1.0000   1.0000
   1.0000   1.0000   1.0000
   1.0000   1.0000   1.0000
   1.0000   1.0000   1.0000
   1.0000   1.0000   1.0000
   1.0000   1.0000   1.0000
   1.0000   1.0000   1.0000

applying weight : 1
applying weight : 1
applying weight : 1
Here are the weights in c++ : 
   1.0000   1.0000   1.0000
   1.0000   1.0000   1.0000
   1.0000   1.0000   1.0000
   1.0000   1.0000   1.0000
   1.0000   1.0000   1.0000
   1.0000   1.0000   1.0000
   1.0000   1.0000   1.0000
   1.0000   1.0000   1.0000
   1.0000   1.0000   1.0000
   1.0000   1.0000   1.0000
   1.0000   1.0000   1.0000
   1.0000   1.0000   1.0000
   1.0000   1.0000   1.0000
   1.0000   1.0000   1.0000
   1.0000   1.0000   1.0000
   1.0000   1.0000   1.0000
   1.0000   1.0000   1.0000
   1.0000   1.0000   1.0000
   1.0000   1.0000   1.0000
   1.0000   1.0000   1.0000
   1.0000   1.0000   1.0000
   1.0000   1.0000   1.0000
   1.0000   1.0000   1.0000
   1.0000   1.0000   1.0000
   1.0000   1.0000   1.0000
   1.0000   1.0000   1.0000
   1.0000   1.0000   1.0000
   1.0000   1.0000   1.0000
   1.0000   1.0000   1.0000
   1.0000   1.0000   1.0000
   1.0000   1.0000   1.0000
   1.0000   1.0000   1.0000
   1.0000   1.0000   1.0000
   1.0000   1.0000   1.0000
   1.0000   1.0000   1.0000
   1.0000   1.0000   1.0000
   1.0000   1.0000   1.0000
   1.0000   1.0000   1.0000

applying weight : 1
applying weight : 1
applying weight : 1
Here are the weights in c++ : 
   1.0000   1.0000   1.0000
   1.0000   1.0000   1.0000
   1.0000   1.0000   1.0000
   1.0000   1.0000   1.0000
   1.0000   1.0000   1.0000
   1.0000   1.0000   1.0000
   1.0000   1.0000   1.0000
   1.0000   1.0000   1.0000
   1.0000   1.0000   1.0000
   1.0000   1.0000   1.0000
   1.0000   1.0000   1.0000
   1.0000   1.0000   1.0000
   1.0000   1.0000   1.0000
   1.0000   1.0000   1.0000
   1.0000   1.0000   1.0000
   1.0000   1.0000   1.0000
   1.0000   1.0000   1.0000
   1.0000   1.0000   1.0000
   1.0000   1.0000   1.0000
   1.0000   1.0000   1.0000
   1.0000   1.0000   1.0000
   1.0000   1.0000   1.0000
   1.0000   1.0000   1.0000
   1.0000   1.0000   1.0000
   1.0000   1.0000   1.0000
   1.0000   1.0000   1.0000
   1.0000   1.0000   1.0000
   1.0000   1.0000   1.0000
   1.0000   1.0000   1.0000
   1.0000   1.0000   1.0000
   1.0000   1.0000   1.0000
   1.0000   1.0000   1.0000
   1.0000   1.0000   1.0000
   1.0000   1.0000   1.0000
   1.0000   1.0000   1.0000
   1.0000   1.0000   1.0000
   1.0000   1.0000   1.0000
   1.0000   1.0000   1.0000

applying weight : 1
applying weight : 1
applying weight : 1
Here are the weights in c++ : 
   1.0000   1.0000   1.0000
   1.0000   1.0000   1.0000
   1.0000   1.0000   1.0000
   1.0000   1.0000   1.0000
   1.0000   1.0000   1.0000
   1.0000   1.0000   1.0000
   1.0000   1.0000   1.0000
   1.0000   1.0000   1.0000
   1.0000   1.0000   1.0000
   1.0000   1.0000   1.0000
   1.0000   1.0000   1.0000
   1.0000   1.0000   1.0000
   1.0000   1.0000   1.0000
   1.0000   1.0000   1.0000
   1.0000   1.0000   1.0000
   1.0000   1.0000   1.0000
   1.0000   1.0000   1.0000
   1.0000   1.0000   1.0000
   1.0000   1.0000   1.0000
   1.0000   1.0000   1.0000
   1.0000   1.0000   1.0000
   1.0000   1.0000   1.0000
   1.0000   1.0000   1.0000
   1.0000   1.0000   1.0000
   1.0000   1.0000   1.0000
   1.0000   1.0000   1.0000
   1.0000   1.0000   1.0000
   1.0000   1.0000   1.0000
   1.0000   1.0000   1.0000
   1.0000   1.0000   1.0000
   1.0000   1.0000   1.0000
   1.0000   1.0000   1.0000
   1.0000   1.0000   1.0000
   1.0000   1.0000   1.0000
   1.0000   1.0000   1.0000
   1.0000   1.0000   1.0000
   1.0000   1.0000   1.0000
   1.0000   1.0000   1.0000

applying weight : 1
applying weight : 1
applying weight : 1
Here are the weights in c++ : 
   1.0000   1.0000   1.0000
   1.0000   1.0000   1.0000
   1.0000   1.0000   1.0000
   1.0000   1.0000   1.0000
   1.0000   1.0000   1.0000
   1.0000   1.0000   1.0000
   1.0000   1.0000   1.0000
   1.0000   1.0000   1.0000
   1.0000   1.0000   1.0000
   1.0000   1.0000   1.0000
   1.0000   1.0000   1.0000
   1.0000   1.0000   1.0000
   1.0000   1.0000   1.0000
   1.0000   1.0000   1.0000
   1.0000   1.0000   1.0000
   1.0000   1.0000   1.0000
   1.0000   1.0000   1.0000
   1.0000   1.0000   1.0000
   1.0000   1.0000   1.0000
   1.0000   1.0000   1.0000
   1.0000   1.0000   1.0000
   1.0000   1.0000   1.0000
   1.0000   1.0000   1.0000
   1.0000   1.0000   1.0000
   1.0000   1.0000   1.0000
   1.0000   1.0000   1.0000
   1.0000   1.0000   1.0000
   1.0000   1.0000   1.0000
   1.0000   1.0000   1.0000
   1.0000   1.0000   1.0000
   1.0000   1.0000   1.0000
   1.0000   1.0000   1.0000
   1.0000   1.0000   1.0000
   1.0000   1.0000   1.0000
   1.0000   1.0000   1.0000
   1.0000   1.0000   1.0000
   1.0000   1.0000   1.0000
   1.0000   1.0000   1.0000

applying weight : 1
applying weight : 1
applying weight : 1
Here are the weights in c++ : 
   1.0000   1.0000   1.0000
   1.0000   1.0000   1.0000
   1.0000   1.0000   1.0000
   1.0000   1.0000   1.0000
   1.0000   1.0000   1.0000
   1.0000   1.0000   1.0000
   1.0000   1.0000   1.0000
   1.0000   1.0000   1.0000
   1.0000   1.0000   1.0000
   1.0000   1.0000   1.0000
   1.0000   1.0000   1.0000
   1.0000   1.0000   1.0000
   1.0000   1.0000   1.0000
   1.0000   1.0000   1.0000
   1.0000   1.0000   1.0000
   1.0000   1.0000   1.0000
   1.0000   1.0000   1.0000
   1.0000   1.0000   1.0000
   1.0000   1.0000   1.0000
   1.0000   1.0000   1.0000
   1.0000   1.0000   1.0000
   1.0000   1.0000   1.0000
   1.0000   1.0000   1.0000
   1.0000   1.0000   1.0000
   1.0000   1.0000   1.0000
   1.0000   1.0000   1.0000
   1.0000   1.0000   1.0000
   1.0000   1.0000   1.0000
   1.0000   1.0000   1.0000
   1.0000   1.0000   1.0000
   1.0000   1.0000   1.0000
   1.0000   1.0000   1.0000
   1.0000   1.0000   1.0000
   1.0000   1.0000   1.0000
   1.0000   1.0000   1.0000
   1.0000   1.0000   1.0000
   1.0000   1.0000   1.0000
   1.0000   1.0000   1.0000

applying weight : 1
applying weight : 1
applying weight : 1
Here are the weights in c++ : 
   1.0000   1.0000   1.0000
   1.0000   1.0000   1.0000
   1.0000   1.0000   1.0000
   1.0000   1.0000   1.0000
   1.0000   1.0000   1.0000
   1.0000   1.0000   1.0000
   1.0000   1.0000   1.0000
   1.0000   1.0000   1.0000
   1.0000   1.0000   1.0000
   1.0000   1.0000   1.0000
   1.0000   1.0000   1.0000
   1.0000   1.0000   1.0000
   1.0000   1.0000   1.0000
   1.0000   1.0000   1.0000
   1.0000   1.0000   1.0000
   1.0000   1.0000   1.0000
   1.0000   1.0000   1.0000
   1.0000   1.0000   1.0000
   1.0000   1.0000   1.0000
   1.0000   1.0000   1.0000
   1.0000   1.0000   1.0000
   1.0000   1.0000   1.0000
   1.0000   1.0000   1.0000
   1.0000   1.0000   1.0000
   1.0000   1.0000   1.0000
   1.0000   1.0000   1.0000
   1.0000   1.0000   1.0000
   1.0000   1.0000   1.0000
   1.0000   1.0000   1.0000
   1.0000   1.0000   1.0000
   1.0000   1.0000   1.0000
   1.0000   1.0000   1.0000
   1.0000   1.0000   1.0000
   1.0000   1.0000   1.0000
   1.0000   1.0000   1.0000
   1.0000   1.0000   1.0000
   1.0000   1.0000   1.0000
   1.0000   1.0000   1.0000

applying weight : 1
applying weight : 1
applying weight : 1
Here are the weights in c++ : 
   1.0000   1.0000   1.0000
   1.0000   1.0000   1.0000
   1.0000   1.0000   1.0000
   1.0000   1.0000   1.0000
   1.0000   1.0000   1.0000
   1.0000   1.0000   1.0000
   1.0000   1.0000   1.0000
   1.0000   1.0000   1.0000
   1.0000   1.0000   1.0000
   1.0000   1.0000   1.0000
   1.0000   1.0000   1.0000
   1.0000   1.0000   1.0000
   1.0000   1.0000   1.0000
   1.0000   1.0000   1.0000
   1.0000   1.0000   1.0000
   1.0000   1.0000   1.0000
   1.0000   1.0000   1.0000
   1.0000   1.0000   1.0000
   1.0000   1.0000   1.0000
   1.0000   1.0000   1.0000
   1.0000   1.0000   1.0000
   1.0000   1.0000   1.0000
   1.0000   1.0000   1.0000
   1.0000   1.0000   1.0000
   1.0000   1.0000   1.0000
   1.0000   1.0000   1.0000
   1.0000   1.0000   1.0000
   1.0000   1.0000   1.0000
   1.0000   1.0000   1.0000
   1.0000   1.0000   1.0000
   1.0000   1.0000   1.0000
   1.0000   1.0000   1.0000
   1.0000   1.0000   1.0000
   1.0000   1.0000   1.0000
   1.0000   1.0000   1.0000
   1.0000   1.0000   1.0000
   1.0000   1.0000   1.0000
   1.0000   1.0000   1.0000

applying weight : 1
applying weight : 1
applying weight : 1
Here are the weights in c++ : 
   1.0000   1.0000   1.0000
   1.0000   1.0000   1.0000
   1.0000   1.0000   1.0000
   1.0000   1.0000   1.0000
   1.0000   1.0000   1.0000
   1.0000   1.0000   1.0000
   1.0000   1.0000   1.0000
   1.0000   1.0000   1.0000
   1.0000   1.0000   1.0000
   1.0000   1.0000   1.0000
   1.0000   1.0000   1.0000
   1.0000   1.0000   1.0000
   1.0000   1.0000   1.0000
   1.0000   1.0000   1.0000
   1.0000   1.0000   1.0000
   1.0000   1.0000   1.0000
   1.0000   1.0000   1.0000
   1.0000   1.0000   1.0000
   1.0000   1.0000   1.0000
   1.0000   1.0000   1.0000
   1.0000   1.0000   1.0000
   1.0000   1.0000   1.0000
   1.0000   1.0000   1.0000
   1.0000   1.0000   1.0000
   1.0000   1.0000   1.0000
   1.0000   1.0000   1.0000
   1.0000   1.0000   1.0000
   1.0000   1.0000   1.0000
   1.0000   1.0000   1.0000
   1.0000   1.0000   1.0000
   1.0000   1.0000   1.0000
   1.0000   1.0000   1.0000
   1.0000   1.0000   1.0000
   1.0000   1.0000   1.0000
   1.0000   1.0000   1.0000
   1.0000   1.0000   1.0000
   1.0000   1.0000   1.0000
   1.0000   1.0000   1.0000

applying weight : 1
applying weight : 1
applying weight : 1
Here are the weights in c++ : 
   1.0000   1.0000   1.0000
   1.0000   1.0000   1.0000
   1.0000   1.0000   1.0000
   1.0000   1.0000   1.0000
   1.0000   1.0000   1.0000
   1.0000   1.0000   1.0000
   1.0000   1.0000   1.0000
   1.0000   1.0000   1.0000
   1.0000   1.0000   1.0000
   1.0000   1.0000   1.0000
   1.0000   1.0000   1.0000
   1.0000   1.0000   1.0000
   1.0000   1.0000   1.0000
   1.0000   1.0000   1.0000
   1.0000   1.0000   1.0000
   1.0000   1.0000   1.0000
   1.0000   1.0000   1.0000
   1.0000   1.0000   1.0000
   1.0000   1.0000   1.0000
   1.0000   1.0000   1.0000
   1.0000   1.0000   1.0000
   1.0000   1.0000   1.0000
   1.0000   1.0000   1.0000
   1.0000   1.0000   1.0000
   1.0000   1.0000   1.0000
   1.0000   1.0000   1.0000
   1.0000   1.0000   1.0000
   1.0000   1.0000   1.0000
   1.0000   1.0000   1.0000
   1.0000   1.0000   1.0000
   1.0000   1.0000   1.0000
   1.0000   1.0000   1.0000
   1.0000   1.0000   1.0000
   1.0000   1.0000   1.0000
   1.0000   1.0000   1.0000
   1.0000   1.0000   1.0000
   1.0000   1.0000   1.0000
   1.0000   1.0000   1.0000

applying weight : 1
applying weight : 1
applying weight : 1
Here are the weights in c++ : 
   1.0000   1.0000   1.0000
   1.0000   1.0000   1.0000
   1.0000   1.0000   1.0000
   1.0000   1.0000   1.0000
   1.0000   1.0000   1.0000
   1.0000   1.0000   1.0000
   1.0000   1.0000   1.0000
   1.0000   1.0000   1.0000
   1.0000   1.0000   1.0000
   1.0000   1.0000   1.0000
   1.0000   1.0000   1.0000
   1.0000   1.0000   1.0000
   1.0000   1.0000   1.0000
   1.0000   1.0000   1.0000
   1.0000   1.0000   1.0000
   1.0000   1.0000   1.0000
   1.0000   1.0000   1.0000
   1.0000   1.0000   1.0000
   1.0000   1.0000   1.0000
   1.0000   1.0000   1.0000
   1.0000   1.0000   1.0000
   1.0000   1.0000   1.0000
   1.0000   1.0000   1.0000
   1.0000   1.0000   1.0000
   1.0000   1.0000   1.0000
   1.0000   1.0000   1.0000
   1.0000   1.0000   1.0000
   1.0000   1.0000   1.0000
   1.0000   1.0000   1.0000
   1.0000   1.0000   1.0000
   1.0000   1.0000   1.0000
   1.0000   1.0000   1.0000
   1.0000   1.0000   1.0000
   1.0000   1.0000   1.0000
   1.0000   1.0000   1.0000
   1.0000   1.0000   1.0000
   1.0000   1.0000   1.0000
   1.0000   1.0000   1.0000

applying weight : 1
applying weight : 1
applying weight : 1
Here are the weights in c++ : 
   1.0000   1.0000   1.0000
   1.0000   1.0000   1.0000
   1.0000   1.0000   1.0000
   1.0000   1.0000   1.0000
   1.0000   1.0000   1.0000
   1.0000   1.0000   1.0000
   1.0000   1.0000   1.0000
   1.0000   1.0000   1.0000
   1.0000   1.0000   1.0000
   1.0000   1.0000   1.0000
   1.0000   1.0000   1.0000
   1.0000   1.0000   1.0000
   1.0000   1.0000   1.0000
   1.0000   1.0000   1.0000
   1.0000   1.0000   1.0000
   1.0000   1.0000   1.0000
   1.0000   1.0000   1.0000
   1.0000   1.0000   1.0000
   1.0000   1.0000   1.0000
   1.0000   1.0000   1.0000
   1.0000   1.0000   1.0000
   1.0000   1.0000   1.0000
   1.0000   1.0000   1.0000
   1.0000   1.0000   1.0000
   1.0000   1.0000   1.0000
   1.0000   1.0000   1.0000
   1.0000   1.0000   1.0000
   1.0000   1.0000   1.0000
   1.0000   1.0000   1.0000
   1.0000   1.0000   1.0000
   1.0000   1.0000   1.0000
   1.0000   1.0000   1.0000
   1.0000   1.0000   1.0000
   1.0000   1.0000   1.0000
   1.0000   1.0000   1.0000
   1.0000   1.0000   1.0000
   1.0000   1.0000   1.0000
   1.0000   1.0000   1.0000

applying weight : 1
applying weight : 1
applying weight : 1
Here are the weights in c++ : 
   1.0000   1.0000   1.0000
   1.0000   1.0000   1.0000
   1.0000   1.0000   1.0000
   1.0000   1.0000   1.0000
   1.0000   1.0000   1.0000
   1.0000   1.0000   1.0000
   1.0000   1.0000   1.0000
   1.0000   1.0000   1.0000
   1.0000   1.0000   1.0000
   1.0000   1.0000   1.0000
   1.0000   1.0000   1.0000
   1.0000   1.0000   1.0000
   1.0000   1.0000   1.0000
   1.0000   1.0000   1.0000
   1.0000   1.0000   1.0000
   1.0000   1.0000   1.0000
   1.0000   1.0000   1.0000
   1.0000   1.0000   1.0000
   1.0000   1.0000   1.0000
   1.0000   1.0000   1.0000
   1.0000   1.0000   1.0000
   1.0000   1.0000   1.0000
   1.0000   1.0000   1.0000
   1.0000   1.0000   1.0000
   1.0000   1.0000   1.0000
   1.0000   1.0000   1.0000
   1.0000   1.0000   1.0000
   1.0000   1.0000   1.0000
   1.0000   1.0000   1.0000
   1.0000   1.0000   1.0000
   1.0000   1.0000   1.0000
   1.0000   1.0000   1.0000
   1.0000   1.0000   1.0000
   1.0000   1.0000   1.0000
   1.0000   1.0000   1.0000
   1.0000   1.0000   1.0000
   1.0000   1.0000   1.0000
   1.0000   1.0000   1.0000

applying weight : 1
applying weight : 1
applying weight : 1
Here are the weights in c++ : 
   1.0000   1.0000   1.0000
   1.0000   1.0000   1.0000
   1.0000   1.0000   1.0000
   1.0000   1.0000   1.0000
   1.0000   1.0000   1.0000
   1.0000   1.0000   1.0000
   1.0000   1.0000   1.0000
   1.0000   1.0000   1.0000
   1.0000   1.0000   1.0000
   1.0000   1.0000   1.0000
   1.0000   1.0000   1.0000
   1.0000   1.0000   1.0000
   1.0000   1.0000   1.0000
   1.0000   1.0000   1.0000
   1.0000   1.0000   1.0000
   1.0000   1.0000   1.0000
   1.0000   1.0000   1.0000
   1.0000   1.0000   1.0000
   1.0000   1.0000   1.0000
   1.0000   1.0000   1.0000
   1.0000   1.0000   1.0000
   1.0000   1.0000   1.0000
   1.0000   1.0000   1.0000
   1.0000   1.0000   1.0000
   1.0000   1.0000   1.0000
   1.0000   1.0000   1.0000
   1.0000   1.0000   1.0000
   1.0000   1.0000   1.0000
   1.0000   1.0000   1.0000
   1.0000   1.0000   1.0000
   1.0000   1.0000   1.0000
   1.0000   1.0000   1.0000
   1.0000   1.0000   1.0000
   1.0000   1.0000   1.0000
   1.0000   1.0000   1.0000
   1.0000   1.0000   1.0000
   1.0000   1.0000   1.0000
   1.0000   1.0000   1.0000

applying weight : 1
applying weight : 1
applying weight : 1
Here are the weights in c++ : 
   1.0000   1.0000   1.0000
   1.0000   1.0000   1.0000
   1.0000   1.0000   1.0000
   1.0000   1.0000   1.0000
   1.0000   1.0000   1.0000
   1.0000   1.0000   1.0000
   1.0000   1.0000   1.0000
   1.0000   1.0000   1.0000
   1.0000   1.0000   1.0000
   1.0000   1.0000   1.0000
   1.0000   1.0000   1.0000
   1.0000   1.0000   1.0000
   1.0000   1.0000   1.0000
   1.0000   1.0000   1.0000
   1.0000   1.0000   1.0000
   1.0000   1.0000   1.0000
   1.0000   1.0000   1.0000
   1.0000   1.0000   1.0000
   1.0000   1.0000   1.0000
   1.0000   1.0000   1.0000
   1.0000   1.0000   1.0000
   1.0000   1.0000   1.0000
   1.0000   1.0000   1.0000
   1.0000   1.0000   1.0000
   1.0000   1.0000   1.0000
   1.0000   1.0000   1.0000
   1.0000   1.0000   1.0000
   1.0000   1.0000   1.0000
   1.0000   1.0000   1.0000
   1.0000   1.0000   1.0000
   1.0000   1.0000   1.0000
   1.0000   1.0000   1.0000
   1.0000   1.0000   1.0000
   1.0000   1.0000   1.0000
   1.0000   1.0000   1.0000
   1.0000   1.0000   1.0000
   1.0000   1.0000   1.0000
   1.0000   1.0000   1.0000

applying weight : 1
applying weight : 1
applying weight : 1
Here are the weights in c++ : 
   1.0000   1.0000   1.0000
   1.0000   1.0000   1.0000
   1.0000   1.0000   1.0000
   1.0000   1.0000   1.0000
   1.0000   1.0000   1.0000
   1.0000   1.0000   1.0000
   1.0000   1.0000   1.0000
   1.0000   1.0000   1.0000
   1.0000   1.0000   1.0000
   1.0000   1.0000   1.0000
   1.0000   1.0000   1.0000
   1.0000   1.0000   1.0000
   1.0000   1.0000   1.0000
   1.0000   1.0000   1.0000
   1.0000   1.0000   1.0000
   1.0000   1.0000   1.0000
   1.0000   1.0000   1.0000
   1.0000   1.0000   1.0000
   1.0000   1.0000   1.0000
   1.0000   1.0000   1.0000
   1.0000   1.0000   1.0000
   1.0000   1.0000   1.0000
   1.0000   1.0000   1.0000
   1.0000   1.0000   1.0000
   1.0000   1.0000   1.0000
   1.0000   1.0000   1.0000
   1.0000   1.0000   1.0000
   1.0000   1.0000   1.0000
   1.0000   1.0000   1.0000
   1.0000   1.0000   1.0000
   1.0000   1.0000   1.0000
   1.0000   1.0000   1.0000
   1.0000   1.0000   1.0000
   1.0000   1.0000   1.0000
   1.0000   1.0000   1.0000
   1.0000   1.0000   1.0000
   1.0000   1.0000   1.0000
   1.0000   1.0000   1.0000

applying weight : 1
applying weight : 1
applying weight : 1
Here are the weights in c++ : 
   1.0000   1.0000   1.0000
   1.0000   1.0000   1.0000
   1.0000   1.0000   1.0000
   1.0000   1.0000   1.0000
   1.0000   1.0000   1.0000
   1.0000   1.0000   1.0000
   1.0000   1.0000   1.0000
   1.0000   1.0000   1.0000
   1.0000   1.0000   1.0000
   1.0000   1.0000   1.0000
   1.0000   1.0000   1.0000
   1.0000   1.0000   1.0000
   1.0000   1.0000   1.0000
   1.0000   1.0000   1.0000
   1.0000   1.0000   1.0000
   1.0000   1.0000   1.0000
   1.0000   1.0000   1.0000
   1.0000   1.0000   1.0000
   1.0000   1.0000   1.0000
   1.0000   1.0000   1.0000
   1.0000   1.0000   1.0000
   1.0000   1.0000   1.0000
   1.0000   1.0000   1.0000
   1.0000   1.0000   1.0000
   1.0000   1.0000   1.0000
   1.0000   1.0000   1.0000
   1.0000   1.0000   1.0000
   1.0000   1.0000   1.0000
   1.0000   1.0000   1.0000
   1.0000   1.0000   1.0000
   1.0000   1.0000   1.0000
   1.0000   1.0000   1.0000
   1.0000   1.0000   1.0000
   1.0000   1.0000   1.0000
   1.0000   1.0000   1.0000
   1.0000   1.0000   1.0000
   1.0000   1.0000   1.0000
   1.0000   1.0000   1.0000
   1.0000   1.0000   1.0000
   1.0000   1.0000   1.0000
   1.0000   1.0000   1.0000
   1.0000   1.0000   1.0000
   1.0000   1.0000   1.0000
   1.0000   1.0000   1.0000
   1.0000   1.0000   1.0000

applying weight : 1
applying weight : 1
applying weight : 1
Here are the weights in c++ : 
   1.0000   1.0000   1.0000
   1.0000   1.0000   1.0000
   1.0000   1.0000   1.0000
   1.0000   1.0000   1.0000
   1.0000   1.0000   1.0000
   1.0000   1.0000   1.0000
   1.0000   1.0000   1.0000
   1.0000   1.0000   1.0000
   1.0000   1.0000   1.0000
   1.0000   1.0000   1.0000
   1.0000   1.0000   1.0000
   1.0000   1.0000   1.0000
   1.0000   1.0000   1.0000
   1.0000   1.0000   1.0000
   1.0000   1.0000   1.0000
   1.0000   1.0000   1.0000
   1.0000   1.0000   1.0000
   1.0000   1.0000   1.0000
   1.0000   1.0000   1.0000
   1.0000   1.0000   1.0000
   1.0000   1.0000   1.0000
   1.0000   1.0000   1.0000
   1.0000   1.0000   1.0000
   1.0000   1.0000   1.0000
   1.0000   1.0000   1.0000
   1.0000   1.0000   1.0000
   1.0000   1.0000   1.0000
   1.0000   1.0000   1.0000
   1.0000   1.0000   1.0000
   1.0000   1.0000   1.0000
   1.0000   1.0000   1.0000
   1.0000   1.0000   1.0000
   1.0000   1.0000   1.0000
   1.0000   1.0000   1.0000
   1.0000   1.0000   1.0000
   1.0000   1.0000   1.0000
   1.0000   1.0000   1.0000
   1.0000   1.0000   1.0000
   1.0000   1.0000   1.0000
   1.0000   1.0000   1.0000
   1.0000   1.0000   1.0000
   1.0000   1.0000   1.0000
   1.0000   1.0000   1.0000
   1.0000   1.0000   1.0000
   1.0000   1.0000   1.0000

applying weight : 1
applying weight : 1
applying weight : 1
Here are the weights in c++ : 
   1.0000   1.0000   1.0000
   1.0000   1.0000   1.0000
   1.0000   1.0000   1.0000
   1.0000   1.0000   1.0000
   1.0000   1.0000   1.0000
   1.0000   1.0000   1.0000
   1.0000   1.0000   1.0000
   1.0000   1.0000   1.0000
   1.0000   1.0000   1.0000
   1.0000   1.0000   1.0000
   1.0000   1.0000   1.0000
   1.0000   1.0000   1.0000
   1.0000   1.0000   1.0000
   1.0000   1.0000   1.0000
   1.0000   1.0000   1.0000
   1.0000   1.0000   1.0000
   1.0000   1.0000   1.0000
   1.0000   1.0000   1.0000
   1.0000   1.0000   1.0000
   1.0000   1.0000   1.0000
   1.0000   1.0000   1.0000
   1.0000   1.0000   1.0000
   1.0000   1.0000   1.0000
   1.0000   1.0000   1.0000
   1.0000   1.0000   1.0000
   1.0000   1.0000   1.0000
   1.0000   1.0000   1.0000
   1.0000   1.0000   1.0000
   1.0000   1.0000   1.0000
   1.0000   1.0000   1.0000
   1.0000   1.0000   1.0000
   1.0000   1.0000   1.0000
   1.0000   1.0000   1.0000
   1.0000   1.0000   1.0000
   1.0000   1.0000   1.0000
   1.0000   1.0000   1.0000
   1.0000   1.0000   1.0000
   1.0000   1.0000   1.0000
   1.0000   1.0000   1.0000
   1.0000   1.0000   1.0000
   1.0000   1.0000   1.0000
   1.0000   1.0000   1.0000
   1.0000   1.0000   1.0000
   1.0000   1.0000   1.0000
   1.0000   1.0000   1.0000

applying weight : 1
applying weight : 1
applying weight : 1
Here are the weights in c++ : 
   1.0000   1.0000   1.0000
   1.0000   1.0000   1.0000
   1.0000   1.0000   1.0000
   1.0000   1.0000   1.0000
   1.0000   1.0000   1.0000
   1.0000   1.0000   1.0000
   1.0000   1.0000   1.0000
   1.0000   1.0000   1.0000
   1.0000   1.0000   1.0000
   1.0000   1.0000   1.0000
   1.0000   1.0000   1.0000
   1.0000   1.0000   1.0000
   1.0000   1.0000   1.0000
   1.0000   1.0000   1.0000
   1.0000   1.0000   1.0000
   1.0000   1.0000   1.0000
   1.0000   1.0000   1.0000
   1.0000   1.0000   1.0000
   1.0000   1.0000   1.0000
   1.0000   1.0000   1.0000
   1.0000   1.0000   1.0000
   1.0000   1.0000   1.0000
   1.0000   1.0000   1.0000
   1.0000   1.0000   1.0000
   1.0000   1.0000   1.0000
   1.0000   1.0000   1.0000
   1.0000   1.0000   1.0000
   1.0000   1.0000   1.0000
   1.0000   1.0000   1.0000
   1.0000   1.0000   1.0000
   1.0000   1.0000   1.0000
   1.0000   1.0000   1.0000
   1.0000   1.0000   1.0000
   1.0000   1.0000   1.0000
   1.0000   1.0000   1.0000
   1.0000   1.0000   1.0000
   1.0000   1.0000   1.0000
   1.0000   1.0000   1.0000
   1.0000   1.0000   1.0000
   1.0000   1.0000   1.0000
   1.0000   1.0000   1.0000
   1.0000   1.0000   1.0000
   1.0000   1.0000   1.0000
   1.0000   1.0000   1.0000
   1.0000   1.0000   1.0000

applying weight : 1
applying weight : 1
applying weight : 1
Here are the weights in c++ : 
   1.0000   1.0000   1.0000
   1.0000   1.0000   1.0000
   1.0000   1.0000   1.0000
   1.0000   1.0000   1.0000
   1.0000   1.0000   1.0000
   1.0000   1.0000   1.0000
   1.0000   1.0000   1.0000
   1.0000   1.0000   1.0000
   1.0000   1.0000   1.0000
   1.0000   1.0000   1.0000
   1.0000   1.0000   1.0000
   1.0000   1.0000   1.0000
   1.0000   1.0000   1.0000
   1.0000   1.0000   1.0000
   1.0000   1.0000   1.0000
   1.0000   1.0000   1.0000
   1.0000   1.0000   1.0000
   1.0000   1.0000   1.0000
   1.0000   1.0000   1.0000
   1.0000   1.0000   1.0000
   1.0000   1.0000   1.0000
   1.0000   1.0000   1.0000
   1.0000   1.0000   1.0000
   1.0000   1.0000   1.0000
   1.0000   1.0000   1.0000
   1.0000   1.0000   1.0000
   1.0000   1.0000   1.0000
   1.0000   1.0000   1.0000
   1.0000   1.0000   1.0000
   1.0000   1.0000   1.0000
   1.0000   1.0000   1.0000
   1.0000   1.0000   1.0000
   1.0000   1.0000   1.0000
   1.0000   1.0000   1.0000
   1.0000   1.0000   1.0000
   1.0000   1.0000   1.0000
   1.0000   1.0000   1.0000
   1.0000   1.0000   1.0000
   1.0000   1.0000   1.0000
   1.0000   1.0000   1.0000
   1.0000   1.0000   1.0000
   1.0000   1.0000   1.0000
   1.0000   1.0000   1.0000
   1.0000   1.0000   1.0000
   1.0000   1.0000   1.0000

applying weight : 1
applying weight : 1
applying weight : 1
Here are the weights in c++ : 
   1.0000   1.0000   1.0000
   1.0000   1.0000   1.0000
   1.0000   1.0000   1.0000
   1.0000   1.0000   1.0000
   1.0000   1.0000   1.0000
   1.0000   1.0000   1.0000
   1.0000   1.0000   1.0000
   1.0000   1.0000   1.0000
   1.0000   1.0000   1.0000
   1.0000   1.0000   1.0000
   1.0000   1.0000   1.0000
   1.0000   1.0000   1.0000
   1.0000   1.0000   1.0000
   1.0000   1.0000   1.0000
   1.0000   1.0000   1.0000
   1.0000   1.0000   1.0000
   1.0000   1.0000   1.0000
   1.0000   1.0000   1.0000
   1.0000   1.0000   1.0000
   1.0000   1.0000   1.0000
   1.0000   1.0000   1.0000
   1.0000   1.0000   1.0000
   1.0000   1.0000   1.0000
   1.0000   1.0000   1.0000
   1.0000   1.0000   1.0000
   1.0000   1.0000   1.0000
   1.0000   1.0000   1.0000
   1.0000   1.0000   1.0000
   1.0000   1.0000   1.0000
   1.0000   1.0000   1.0000
   1.0000   1.0000   1.0000
   1.0000   1.0000   1.0000
   1.0000   1.0000   1.0000
   1.0000   1.0000   1.0000
   1.0000   1.0000   1.0000
   1.0000   1.0000   1.0000
   1.0000   1.0000   1.0000
   1.0000   1.0000   1.0000
   1.0000   1.0000   1.0000
   1.0000   1.0000   1.0000
   1.0000   1.0000   1.0000
   1.0000   1.0000   1.0000
   1.0000   1.0000   1.0000
   1.0000   1.0000   1.0000
   1.0000   1.0000   1.0000

applying weight : 1
applying weight : 1
applying weight : 1
Here are the weights in c++ : 
   1.0000   1.0000   1.0000
   1.0000   1.0000   1.0000
   1.0000   1.0000   1.0000
   1.0000   1.0000   1.0000
   1.0000   1.0000   1.0000
   1.0000   1.0000   1.0000
   1.0000   1.0000   1.0000
   1.0000   1.0000   1.0000
   1.0000   1.0000   1.0000
   1.0000   1.0000   1.0000
   1.0000   1.0000   1.0000
   1.0000   1.0000   1.0000
   1.0000   1.0000   1.0000
   1.0000   1.0000   1.0000
   1.0000   1.0000   1.0000
   1.0000   1.0000   1.0000
   1.0000   1.0000   1.0000
   1.0000   1.0000   1.0000
   1.0000   1.0000   1.0000
   1.0000   1.0000   1.0000
   1.0000   1.0000   1.0000
   1.0000   1.0000   1.0000
   1.0000   1.0000   1.0000
   1.0000   1.0000   1.0000
   1.0000   1.0000   1.0000
   1.0000   1.0000   1.0000
   1.0000   1.0000   1.0000
   1.0000   1.0000   1.0000
   1.0000   1.0000   1.0000
   1.0000   1.0000   1.0000
   1.0000   1.0000   1.0000
   1.0000   1.0000   1.0000
   1.0000   1.0000   1.0000
   1.0000   1.0000   1.0000
   1.0000   1.0000   1.0000
   1.0000   1.0000   1.0000
   1.0000   1.0000   1.0000
   1.0000   1.0000   1.0000
   1.0000   1.0000   1.0000
   1.0000   1.0000   1.0000
   1.0000   1.0000   1.0000
   1.0000   1.0000   1.0000
   1.0000   1.0000   1.0000
   1.0000   1.0000   1.0000
   1.0000   1.0000   1.0000

applying weight : 1
applying weight : 1
applying weight : 1
Here are the weights in c++ : 
   1.0000   1.0000   1.0000
   1.0000   1.0000   1.0000
   1.0000   1.0000   1.0000
   1.0000   1.0000   1.0000
   1.0000   1.0000   1.0000
   1.0000   1.0000   1.0000
   1.0000   1.0000   1.0000
   1.0000   1.0000   1.0000
   1.0000   1.0000   1.0000
   1.0000   1.0000   1.0000
   1.0000   1.0000   1.0000
   1.0000   1.0000   1.0000
   1.0000   1.0000   1.0000
   1.0000   1.0000   1.0000
   1.0000   1.0000   1.0000
   1.0000   1.0000   1.0000
   1.0000   1.0000   1.0000
   1.0000   1.0000   1.0000
   1.0000   1.0000   1.0000
   1.0000   1.0000   1.0000
   1.0000   1.0000   1.0000
   1.0000   1.0000   1.0000
   1.0000   1.0000   1.0000
   1.0000   1.0000   1.0000
   1.0000   1.0000   1.0000
   1.0000   1.0000   1.0000
   1.0000   1.0000   1.0000
   1.0000   1.0000   1.0000
   1.0000   1.0000   1.0000
   1.0000   1.0000   1.0000
   1.0000   1.0000   1.0000
   1.0000   1.0000   1.0000
   1.0000   1.0000   1.0000
   1.0000   1.0000   1.0000
   1.0000   1.0000   1.0000
   1.0000   1.0000   1.0000
   1.0000   1.0000   1.0000
   1.0000   1.0000   1.0000
   1.0000   1.0000   1.0000
   1.0000   1.0000   1.0000
   1.0000   1.0000   1.0000
   1.0000   1.0000   1.0000
   1.0000   1.0000   1.0000
   1.0000   1.0000   1.0000
   1.0000   1.0000   1.0000

applying weight : 1
applying weight : 1
applying weight : 1
Here are the weights in c++ : 
   1.0000   1.0000   1.0000
   1.0000   1.0000   1.0000
   1.0000   1.0000   1.0000
   1.0000   1.0000   1.0000
   1.0000   1.0000   1.0000
   1.0000   1.0000   1.0000
   1.0000   1.0000   1.0000
   1.0000   1.0000   1.0000
   1.0000   1.0000   1.0000
   1.0000   1.0000   1.0000
   1.0000   1.0000   1.0000
   1.0000   1.0000   1.0000
   1.0000   1.0000   1.0000
   1.0000   1.0000   1.0000
   1.0000   1.0000   1.0000
   1.0000   1.0000   1.0000
   1.0000   1.0000   1.0000
   1.0000   1.0000   1.0000
   1.0000   1.0000   1.0000
   1.0000   1.0000   1.0000
   1.0000   1.0000   1.0000
   1.0000   1.0000   1.0000
   1.0000   1.0000   1.0000
   1.0000   1.0000   1.0000
   1.0000   1.0000   1.0000
   1.0000   1.0000   1.0000
   1.0000   1.0000   1.0000
   1.0000   1.0000   1.0000
   1.0000   1.0000   1.0000
   1.0000   1.0000   1.0000
   1.0000   1.0000   1.0000
   1.0000   1.0000   1.0000
   1.0000   1.0000   1.0000
   1.0000   1.0000   1.0000
   1.0000   1.0000   1.0000
   1.0000   1.0000   1.0000
   1.0000   1.0000   1.0000
   1.0000   1.0000   1.0000
   1.0000   1.0000   1.0000
   1.0000   1.0000   1.0000
   1.0000   1.0000   1.0000
   1.0000   1.0000   1.0000
   1.0000   1.0000   1.0000
   1.0000   1.0000   1.0000
   1.0000   1.0000   1.0000

applying weight : 1
applying weight : 1
applying weight : 1
Here are the weights in c++ : 
   1.0000   1.0000   1.0000
   1.0000   1.0000   1.0000
   1.0000   1.0000   1.0000
   1.0000   1.0000   1.0000
   1.0000   1.0000   1.0000
   1.0000   1.0000   1.0000
   1.0000   1.0000   1.0000
   1.0000   1.0000   1.0000
   1.0000   1.0000   1.0000
   1.0000   1.0000   1.0000
   1.0000   1.0000   1.0000
   1.0000   1.0000   1.0000
   1.0000   1.0000   1.0000
   1.0000   1.0000   1.0000
   1.0000   1.0000   1.0000
   1.0000   1.0000   1.0000
   1.0000   1.0000   1.0000
   1.0000   1.0000   1.0000
   1.0000   1.0000   1.0000
   1.0000   1.0000   1.0000
   1.0000   1.0000   1.0000
   1.0000   1.0000   1.0000
   1.0000   1.0000   1.0000
   1.0000   1.0000   1.0000
   1.0000   1.0000   1.0000
   1.0000   1.0000   1.0000
   1.0000   1.0000   1.0000
   1.0000   1.0000   1.0000
   1.0000   1.0000   1.0000
   1.0000   1.0000   1.0000
   1.0000   1.0000   1.0000
   1.0000   1.0000   1.0000
   1.0000   1.0000   1.0000
   1.0000   1.0000   1.0000
   1.0000   1.0000   1.0000
   1.0000   1.0000   1.0000
   1.0000   1.0000   1.0000
   1.0000   1.0000   1.0000
   1.0000   1.0000   1.0000
   1.0000   1.0000   1.0000
   1.0000   1.0000   1.0000
   1.0000   1.0000   1.0000
   1.0000   1.0000   1.0000
   1.0000   1.0000   1.0000
   1.0000   1.0000   1.0000

applying weight : 1
applying weight : 1
applying weight : 1
Here are the weights in c++ : 
   1.0000   1.0000   1.0000
   1.0000   1.0000   1.0000
   1.0000   1.0000   1.0000
   1.0000   1.0000   1.0000
   1.0000   1.0000   1.0000
   1.0000   1.0000   1.0000
   1.0000   1.0000   1.0000
   1.0000   1.0000   1.0000
   1.0000   1.0000   1.0000
   1.0000   1.0000   1.0000
   1.0000   1.0000   1.0000
   1.0000   1.0000   1.0000
   1.0000   1.0000   1.0000
   1.0000   1.0000   1.0000
   1.0000   1.0000   1.0000
   1.0000   1.0000   1.0000
   1.0000   1.0000   1.0000
   1.0000   1.0000   1.0000
   1.0000   1.0000   1.0000
   1.0000   1.0000   1.0000
   1.0000   1.0000   1.0000
   1.0000   1.0000   1.0000
   1.0000   1.0000   1.0000
   1.0000   1.0000   1.0000
   1.0000   1.0000   1.0000
   1.0000   1.0000   1.0000
   1.0000   1.0000   1.0000
   1.0000   1.0000   1.0000
   1.0000   1.0000   1.0000
   1.0000   1.0000   1.0000
   1.0000   1.0000   1.0000
   1.0000   1.0000   1.0000
   1.0000   1.0000   1.0000
   1.0000   1.0000   1.0000
   1.0000   1.0000   1.0000
   1.0000   1.0000   1.0000
   1.0000   1.0000   1.0000
   1.0000   1.0000   1.0000
   1.0000   1.0000   1.0000
   1.0000   1.0000   1.0000
   1.0000   1.0000   1.0000
   1.0000   1.0000   1.0000
   1.0000   1.0000   1.0000
   1.0000   1.0000   1.0000
   1.0000   1.0000   1.0000

applying weight : 1
applying weight : 1
applying weight : 1
Here are the weights in c++ : 
   1.0000   1.0000   1.0000
   1.0000   1.0000   1.0000
   1.0000   1.0000   1.0000
   1.0000   1.0000   1.0000
   1.0000   1.0000   1.0000
   1.0000   1.0000   1.0000
   1.0000   1.0000   1.0000
   1.0000   1.0000   1.0000
   1.0000   1.0000   1.0000
   1.0000   1.0000   1.0000
   1.0000   1.0000   1.0000
   1.0000   1.0000   1.0000
   1.0000   1.0000   1.0000
   1.0000   1.0000   1.0000
   1.0000   1.0000   1.0000
   1.0000   1.0000   1.0000
   1.0000   1.0000   1.0000
   1.0000   1.0000   1.0000
   1.0000   1.0000   1.0000
   1.0000   1.0000   1.0000
   1.0000   1.0000   1.0000
   1.0000   1.0000   1.0000
   1.0000   1.0000   1.0000
   1.0000   1.0000   1.0000
   1.0000   1.0000   1.0000
   1.0000   1.0000   1.0000
   1.0000   1.0000   1.0000
   1.0000   1.0000   1.0000
   1.0000   1.0000   1.0000
   1.0000   1.0000   1.0000
   1.0000   1.0000   1.0000
   1.0000   1.0000   1.0000
   1.0000   1.0000   1.0000
   1.0000   1.0000   1.0000
   1.0000   1.0000   1.0000
   1.0000   1.0000   1.0000
   1.0000   1.0000   1.0000
   1.0000   1.0000   1.0000
   1.0000   1.0000   1.0000
   1.0000   1.0000   1.0000
   1.0000   1.0000   1.0000
   1.0000   1.0000   1.0000
   1.0000   1.0000   1.0000
   1.0000   1.0000   1.0000
   1.0000   1.0000   1.0000

applying weight : 1
applying weight : 1
applying weight : 1
Here are the weights in c++ : 
   1.0000   1.0000   1.0000
   1.0000   1.0000   1.0000
   1.0000   1.0000   1.0000
   1.0000   1.0000   1.0000
   1.0000   1.0000   1.0000
   1.0000   1.0000   1.0000
   1.0000   1.0000   1.0000
   1.0000   1.0000   1.0000
   1.0000   1.0000   1.0000
   1.0000   1.0000   1.0000
   1.0000   1.0000   1.0000
   1.0000   1.0000   1.0000
   1.0000   1.0000   1.0000
   1.0000   1.0000   1.0000
   1.0000   1.0000   1.0000
   1.0000   1.0000   1.0000
   1.0000   1.0000   1.0000
   1.0000   1.0000   1.0000
   1.0000   1.0000   1.0000
   1.0000   1.0000   1.0000
   1.0000   1.0000   1.0000
   1.0000   1.0000   1.0000
   1.0000   1.0000   1.0000
   1.0000   1.0000   1.0000
   1.0000   1.0000   1.0000
   1.0000   1.0000   1.0000
   1.0000   1.0000   1.0000
   1.0000   1.0000   1.0000
   1.0000   1.0000   1.0000
   1.0000   1.0000   1.0000
   1.0000   1.0000   1.0000
   1.0000   1.0000   1.0000
   1.0000   1.0000   1.0000
   1.0000   1.0000   1.0000
   1.0000   1.0000   1.0000
   1.0000   1.0000   1.0000
   1.0000   1.0000   1.0000
   1.0000   1.0000   1.0000
   1.0000   1.0000   1.0000
   1.0000   1.0000   1.0000
   1.0000   1.0000   1.0000
   1.0000   1.0000   1.0000
   1.0000   1.0000   1.0000
   1.0000   1.0000   1.0000
   1.0000   1.0000   1.0000

applying weight : 1
applying weight : 1
applying weight : 1
Here are the weights in c++ : 
   1.0000   1.0000   1.0000
   1.0000   1.0000   1.0000
   1.0000   1.0000   1.0000
   1.0000   1.0000   1.0000
   1.0000   1.0000   1.0000
   1.0000   1.0000   1.0000
   1.0000   1.0000   1.0000
   1.0000   1.0000   1.0000
   1.0000   1.0000   1.0000
   1.0000   1.0000   1.0000
   1.0000   1.0000   1.0000
   1.0000   1.0000   1.0000
   1.0000   1.0000   1.0000
   1.0000   1.0000   1.0000
   1.0000   1.0000   1.0000
   1.0000   1.0000   1.0000
   1.0000   1.0000   1.0000
   1.0000   1.0000   1.0000
   1.0000   1.0000   1.0000
   1.0000   1.0000   1.0000
   1.0000   1.0000   1.0000
   1.0000   1.0000   1.0000
   1.0000   1.0000   1.0000
   1.0000   1.0000   1.0000
   1.0000   1.0000   1.0000
   1.0000   1.0000   1.0000
   1.0000   1.0000   1.0000
   1.0000   1.0000   1.0000
   1.0000   1.0000   1.0000
   1.0000   1.0000   1.0000
   1.0000   1.0000   1.0000
   1.0000   1.0000   1.0000
   1.0000   1.0000   1.0000
   1.0000   1.0000   1.0000
   1.0000   1.0000   1.0000
   1.0000   1.0000   1.0000
   1.0000   1.0000   1.0000
   1.0000   1.0000   1.0000
   1.0000   1.0000   1.0000
   1.0000   1.0000   1.0000
   1.0000   1.0000   1.0000
   1.0000   1.0000   1.0000
   1.0000   1.0000   1.0000
   1.0000   1.0000   1.0000
   1.0000   1.0000   1.0000

applying weight : 1
applying weight : 1
applying weight : 1
Here are the weights in c++ : 
   1.0000   1.0000   1.0000
   1.0000   1.0000   1.0000
   1.0000   1.0000   1.0000
   1.0000   1.0000   1.0000
   1.0000   1.0000   1.0000
   1.0000   1.0000   1.0000
   1.0000   1.0000   1.0000
   1.0000   1.0000   1.0000
   1.0000   1.0000   1.0000
   1.0000   1.0000   1.0000
   1.0000   1.0000   1.0000
   1.0000   1.0000   1.0000
   1.0000   1.0000   1.0000
   1.0000   1.0000   1.0000
   1.0000   1.0000   1.0000
   1.0000   1.0000   1.0000
   1.0000   1.0000   1.0000
   1.0000   1.0000   1.0000
   1.0000   1.0000   1.0000
   1.0000   1.0000   1.0000
   1.0000   1.0000   1.0000
   1.0000   1.0000   1.0000
   1.0000   1.0000   1.0000
   1.0000   1.0000   1.0000
   1.0000   1.0000   1.0000
   1.0000   1.0000   1.0000
   1.0000   1.0000   1.0000
   1.0000   1.0000   1.0000
   1.0000   1.0000   1.0000
   1.0000   1.0000   1.0000
   1.0000   1.0000   1.0000
   1.0000   1.0000   1.0000
   1.0000   1.0000   1.0000
   1.0000   1.0000   1.0000
   1.0000   1.0000   1.0000
   1.0000   1.0000   1.0000
   1.0000   1.0000   1.0000
   1.0000   1.0000   1.0000
   1.0000   1.0000   1.0000
   1.0000   1.0000   1.0000
   1.0000   1.0000   1.0000
   1.0000   1.0000   1.0000
   1.0000   1.0000   1.0000
   1.0000   1.0000   1.0000
   1.0000   1.0000   1.0000

applying weight : 1
applying weight : 1
applying weight : 1
Here are the weights in c++ : 
   1.0000   1.0000   1.0000
   1.0000   1.0000   1.0000
   1.0000   1.0000   1.0000
   1.0000   1.0000   1.0000
   1.0000   1.0000   1.0000
   1.0000   1.0000   1.0000
   1.0000   1.0000   1.0000
   1.0000   1.0000   1.0000
   1.0000   1.0000   1.0000
   1.0000   1.0000   1.0000
   1.0000   1.0000   1.0000
   1.0000   1.0000   1.0000
   1.0000   1.0000   1.0000
   1.0000   1.0000   1.0000
   1.0000   1.0000   1.0000
   1.0000   1.0000   1.0000
   1.0000   1.0000   1.0000
   1.0000   1.0000   1.0000
   1.0000   1.0000   1.0000
   1.0000   1.0000   1.0000
   1.0000   1.0000   1.0000
   1.0000   1.0000   1.0000
   1.0000   1.0000   1.0000
   1.0000   1.0000   1.0000
   1.0000   1.0000   1.0000
   1.0000   1.0000   1.0000
   1.0000   1.0000   1.0000
   1.0000   1.0000   1.0000
   1.0000   1.0000   1.0000
   1.0000   1.0000   1.0000
   1.0000   1.0000   1.0000
   1.0000   1.0000   1.0000
   1.0000   1.0000   1.0000
   1.0000   1.0000   1.0000
   1.0000   1.0000   1.0000
   1.0000   1.0000   1.0000
   1.0000   1.0000   1.0000
   1.0000   1.0000   1.0000
   1.0000   1.0000   1.0000
   1.0000   1.0000   1.0000
   1.0000   1.0000   1.0000
   1.0000   1.0000   1.0000
   1.0000   1.0000   1.0000
   1.0000   1.0000   1.0000
   1.0000   1.0000   1.0000

applying weight : 1
applying weight : 1
applying weight : 1
Here are the weights in c++ : 
   1.0000   1.0000   1.0000
   1.0000   1.0000   1.0000
   1.0000   1.0000   1.0000
   1.0000   1.0000   1.0000
   1.0000   1.0000   1.0000
   1.0000   1.0000   1.0000
   1.0000   1.0000   1.0000
   1.0000   1.0000   1.0000
   1.0000   1.0000   1.0000
   1.0000   1.0000   1.0000
   1.0000   1.0000   1.0000
   1.0000   1.0000   1.0000
   1.0000   1.0000   1.0000
   1.0000   1.0000   1.0000
   1.0000   1.0000   1.0000
   1.0000   1.0000   1.0000
   1.0000   1.0000   1.0000
   1.0000   1.0000   1.0000
   1.0000   1.0000   1.0000
   1.0000   1.0000   1.0000
   1.0000   1.0000   1.0000
   1.0000   1.0000   1.0000
   1.0000   1.0000   1.0000
   1.0000   1.0000   1.0000
   1.0000   1.0000   1.0000
   1.0000   1.0000   1.0000
   1.0000   1.0000   1.0000
   1.0000   1.0000   1.0000
   1.0000   1.0000   1.0000
   1.0000   1.0000   1.0000
   1.0000   1.0000   1.0000
   1.0000   1.0000   1.0000
   1.0000   1.0000   1.0000
   1.0000   1.0000   1.0000
   1.0000   1.0000   1.0000
   1.0000   1.0000   1.0000
   1.0000   1.0000   1.0000
   1.0000   1.0000   1.0000
   1.0000   1.0000   1.0000
   1.0000   1.0000   1.0000
   1.0000   1.0000   1.0000
   1.0000   1.0000   1.0000
   1.0000   1.0000   1.0000
   1.0000   1.0000   1.0000
   1.0000   1.0000   1.0000

applying weight : 1
applying weight : 1
applying weight : 1
Here are the weights in c++ : 
   1.0000   1.0000   1.0000
   1.0000   1.0000   1.0000
   1.0000   1.0000   1.0000
   1.0000   1.0000   1.0000
   1.0000   1.0000   1.0000
   1.0000   1.0000   1.0000
   1.0000   1.0000   1.0000
   1.0000   1.0000   1.0000
   1.0000   1.0000   1.0000
   1.0000   1.0000   1.0000
   1.0000   1.0000   1.0000
   1.0000   1.0000   1.0000
   1.0000   1.0000   1.0000
   1.0000   1.0000   1.0000
   1.0000   1.0000   1.0000
   1.0000   1.0000   1.0000
   1.0000   1.0000   1.0000
   1.0000   1.0000   1.0000
   1.0000   1.0000   1.0000
   1.0000   1.0000   1.0000
   1.0000   1.0000   1.0000
   1.0000   1.0000   1.0000
   1.0000   1.0000   1.0000
   1.0000   1.0000   1.0000
   1.0000   1.0000   1.0000
   1.0000   1.0000   1.0000
   1.0000   1.0000   1.0000
   1.0000   1.0000   1.0000
   1.0000   1.0000   1.0000
   1.0000   1.0000   1.0000
   1.0000   1.0000   1.0000
   1.0000   1.0000   1.0000
   1.0000   1.0000   1.0000
   1.0000   1.0000   1.0000
   1.0000   1.0000   1.0000
   1.0000   1.0000   1.0000
   1.0000   1.0000   1.0000
   1.0000   1.0000   1.0000
   1.0000   1.0000   1.0000
   1.0000   1.0000   1.0000
   1.0000   1.0000   1.0000
   1.0000   1.0000   1.0000
   1.0000   1.0000   1.0000
   1.0000   1.0000   1.0000
   1.0000   1.0000   1.0000

applying weight : 1
applying weight : 1
applying weight : 1
Here are the weights in c++ : 
   1.0000   1.0000   1.0000
   1.0000   1.0000   1.0000
   1.0000   1.0000   1.0000
   1.0000   1.0000   1.0000
   1.0000   1.0000   1.0000
   1.0000   1.0000   1.0000
   1.0000   1.0000   1.0000
   1.0000   1.0000   1.0000
   1.0000   1.0000   1.0000
   1.0000   1.0000   1.0000
   1.0000   1.0000   1.0000
   1.0000   1.0000   1.0000
   1.0000   1.0000   1.0000
   1.0000   1.0000   1.0000
   1.0000   1.0000   1.0000
   1.0000   1.0000   1.0000
   1.0000   1.0000   1.0000
   1.0000   1.0000   1.0000
   1.0000   1.0000   1.0000
   1.0000   1.0000   1.0000
   1.0000   1.0000   1.0000
   1.0000   1.0000   1.0000
   1.0000   1.0000   1.0000
   1.0000   1.0000   1.0000
   1.0000   1.0000   1.0000
   1.0000   1.0000   1.0000
   1.0000   1.0000   1.0000
   1.0000   1.0000   1.0000
   1.0000   1.0000   1.0000
   1.0000   1.0000   1.0000
   1.0000   1.0000   1.0000
   1.0000   1.0000   1.0000
   1.0000   1.0000   1.0000
   1.0000   1.0000   1.0000
   1.0000   1.0000   1.0000
   1.0000   1.0000   1.0000
   1.0000   1.0000   1.0000
   1.0000   1.0000   1.0000
   1.0000   1.0000   1.0000
   1.0000   1.0000   1.0000
   1.0000   1.0000   1.0000
   1.0000   1.0000   1.0000
   1.0000   1.0000   1.0000
   1.0000   1.0000   1.0000
   1.0000   1.0000   1.0000

applying weight : 1
applying weight : 1
applying weight : 1
Here are the weights in c++ : 
   1.0000   1.0000   1.0000
   1.0000   1.0000   1.0000
   1.0000   1.0000   1.0000
   1.0000   1.0000   1.0000
   1.0000   1.0000   1.0000
   1.0000   1.0000   1.0000
   1.0000   1.0000   1.0000
   1.0000   1.0000   1.0000
   1.0000   1.0000   1.0000
   1.0000   1.0000   1.0000
   1.0000   1.0000   1.0000
   1.0000   1.0000   1.0000
   1.0000   1.0000   1.0000
   1.0000   1.0000   1.0000
   1.0000   1.0000   1.0000
   1.0000   1.0000   1.0000
   1.0000   1.0000   1.0000
   1.0000   1.0000   1.0000
   1.0000   1.0000   1.0000
   1.0000   1.0000   1.0000
   1.0000   1.0000   1.0000
   1.0000   1.0000   1.0000
   1.0000   1.0000   1.0000
   1.0000   1.0000   1.0000
   1.0000   1.0000   1.0000
   1.0000   1.0000   1.0000
   1.0000   1.0000   1.0000
   1.0000   1.0000   1.0000
   1.0000   1.0000   1.0000
   1.0000   1.0000   1.0000
   1.0000   1.0000   1.0000
   1.0000   1.0000   1.0000
   1.0000   1.0000   1.0000
   1.0000   1.0000   1.0000
   1.0000   1.0000   1.0000
   1.0000   1.0000   1.0000
   1.0000   1.0000   1.0000
   1.0000   1.0000   1.0000
   1.0000   1.0000   1.0000
   1.0000   1.0000   1.0000
   1.0000   1.0000   1.0000
   1.0000   1.0000   1.0000
   1.0000   1.0000   1.0000
   1.0000   1.0000   1.0000
   1.0000   1.0000   1.0000

applying weight : 1
applying weight : 1
applying weight : 1
Here are the weights in c++ : 
   1.0000   1.0000   1.0000
   1.0000   1.0000   1.0000
   1.0000   1.0000   1.0000
   1.0000   1.0000   1.0000
   1.0000   1.0000   1.0000
   1.0000   1.0000   1.0000
   1.0000   1.0000   1.0000
   1.0000   1.0000   1.0000
   1.0000   1.0000   1.0000
   1.0000   1.0000   1.0000
   1.0000   1.0000   1.0000
   1.0000   1.0000   1.0000
   1.0000   1.0000   1.0000
   1.0000   1.0000   1.0000
   1.0000   1.0000   1.0000
   1.0000   1.0000   1.0000
   1.0000   1.0000   1.0000
   1.0000   1.0000   1.0000
   1.0000   1.0000   1.0000
   1.0000   1.0000   1.0000
   1.0000   1.0000   1.0000
   1.0000   1.0000   1.0000
   1.0000   1.0000   1.0000
   1.0000   1.0000   1.0000
   1.0000   1.0000   1.0000
   1.0000   1.0000   1.0000
   1.0000   1.0000   1.0000
   1.0000   1.0000   1.0000
   1.0000   1.0000   1.0000
   1.0000   1.0000   1.0000
   1.0000   1.0000   1.0000
   1.0000   1.0000   1.0000
   1.0000   1.0000   1.0000
   1.0000   1.0000   1.0000
   1.0000   1.0000   1.0000
   1.0000   1.0000   1.0000
   1.0000   1.0000   1.0000
   1.0000   1.0000   1.0000
   1.0000   1.0000   1.0000
   1.0000   1.0000   1.0000
   1.0000   1.0000   1.0000
   1.0000   1.0000   1.0000
   1.0000   1.0000   1.0000
   1.0000   1.0000   1.0000
   1.0000   1.0000   1.0000

applying weight : 1
applying weight : 1
applying weight : 1
Here are the weights in c++ : 
   1.0000   1.0000   1.0000
   1.0000   1.0000   1.0000
   1.0000   1.0000   1.0000
   1.0000   1.0000   1.0000
   1.0000   1.0000   1.0000
   1.0000   1.0000   1.0000
   1.0000   1.0000   1.0000
   1.0000   1.0000   1.0000
   1.0000   1.0000   1.0000
   1.0000   1.0000   1.0000
   1.0000   1.0000   1.0000
   1.0000   1.0000   1.0000
   1.0000   1.0000   1.0000
   1.0000   1.0000   1.0000
   1.0000   1.0000   1.0000
   1.0000   1.0000   1.0000
   1.0000   1.0000   1.0000
   1.0000   1.0000   1.0000
   1.0000   1.0000   1.0000
   1.0000   1.0000   1.0000
   1.0000   1.0000   1.0000
   1.0000   1.0000   1.0000
   1.0000   1.0000   1.0000
   1.0000   1.0000   1.0000
   1.0000   1.0000   1.0000
   1.0000   1.0000   1.0000
   1.0000   1.0000   1.0000
   1.0000   1.0000   1.0000
   1.0000   1.0000   1.0000
   1.0000   1.0000   1.0000
   1.0000   1.0000   1.0000
   1.0000   1.0000   1.0000
   1.0000   1.0000   1.0000
   1.0000   1.0000   1.0000
   1.0000   1.0000   1.0000
   1.0000   1.0000   1.0000
   1.0000   1.0000   1.0000
   1.0000   1.0000   1.0000
   1.0000   1.0000   1.0000
   1.0000   1.0000   1.0000
   1.0000   1.0000   1.0000
   1.0000   1.0000   1.0000
   1.0000   1.0000   1.0000
   1.0000   1.0000   1.0000
   1.0000   1.0000   1.0000

applying weight : 1
applying weight : 1
applying weight : 1
Here are the weights in c++ : 
   1.0000   1.0000   1.0000
   1.0000   1.0000   1.0000
   1.0000   1.0000   1.0000
   1.0000   1.0000   1.0000
   1.0000   1.0000   1.0000
   1.0000   1.0000   1.0000
   1.0000   1.0000   1.0000
   1.0000   1.0000   1.0000
   1.0000   1.0000   1.0000
   1.0000   1.0000   1.0000
   1.0000   1.0000   1.0000
   1.0000   1.0000   1.0000
   1.0000   1.0000   1.0000
   1.0000   1.0000   1.0000
   1.0000   1.0000   1.0000
   1.0000   1.0000   1.0000
   1.0000   1.0000   1.0000
   1.0000   1.0000   1.0000
   1.0000   1.0000   1.0000
   1.0000   1.0000   1.0000
   1.0000   1.0000   1.0000
   1.0000   1.0000   1.0000
   1.0000   1.0000   1.0000
   1.0000   1.0000   1.0000
   1.0000   1.0000   1.0000
   1.0000   1.0000   1.0000
   1.0000   1.0000   1.0000
   1.0000   1.0000   1.0000
   1.0000   1.0000   1.0000
   1.0000   1.0000   1.0000
   1.0000   1.0000   1.0000
   1.0000   1.0000   1.0000
   1.0000   1.0000   1.0000
   1.0000   1.0000   1.0000
   1.0000   1.0000   1.0000
   1.0000   1.0000   1.0000
   1.0000   1.0000   1.0000
   1.0000   1.0000   1.0000
   1.0000   1.0000   1.0000
   1.0000   1.0000   1.0000
   1.0000   1.0000   1.0000
   1.0000   1.0000   1.0000
   1.0000   1.0000   1.0000
   1.0000   1.0000   1.0000
   1.0000   1.0000   1.0000

applying weight : 1
applying weight : 1
applying weight : 1
Here are the weights in c++ : 
   1.0000   1.0000   1.0000
   1.0000   1.0000   1.0000
   1.0000   1.0000   1.0000
   1.0000   1.0000   1.0000
   1.0000   1.0000   1.0000
   1.0000   1.0000   1.0000
   1.0000   1.0000   1.0000
   1.0000   1.0000   1.0000
   1.0000   1.0000   1.0000
   1.0000   1.0000   1.0000
   1.0000   1.0000   1.0000
   1.0000   1.0000   1.0000
   1.0000   1.0000   1.0000
   1.0000   1.0000   1.0000
   1.0000   1.0000   1.0000
   1.0000   1.0000   1.0000
   1.0000   1.0000   1.0000
   1.0000   1.0000   1.0000
   1.0000   1.0000   1.0000
   1.0000   1.0000   1.0000
   1.0000   1.0000   1.0000
   1.0000   1.0000   1.0000
   1.0000   1.0000   1.0000
   1.0000   1.0000   1.0000
   1.0000   1.0000   1.0000
   1.0000   1.0000   1.0000
   1.0000   1.0000   1.0000
   1.0000   1.0000   1.0000
   1.0000   1.0000   1.0000
   1.0000   1.0000   1.0000
   1.0000   1.0000   1.0000
   1.0000   1.0000   1.0000
   1.0000   1.0000   1.0000
   1.0000   1.0000   1.0000
   1.0000   1.0000   1.0000
   1.0000   1.0000   1.0000
   1.0000   1.0000   1.0000
   1.0000   1.0000   1.0000
   1.0000   1.0000   1.0000
   1.0000   1.0000   1.0000
   1.0000   1.0000   1.0000
   1.0000   1.0000   1.0000
   1.0000   1.0000   1.0000
   1.0000   1.0000   1.0000
   1.0000   1.0000   1.0000

applying weight : 1
applying weight : 1
applying weight : 1
Here are the weights in c++ : 
   1.0000   1.0000   1.0000
   1.0000   1.0000   1.0000
   1.0000   1.0000   1.0000
   1.0000   1.0000   1.0000
   1.0000   1.0000   1.0000
   1.0000   1.0000   1.0000
   1.0000   1.0000   1.0000
   1.0000   1.0000   1.0000
   1.0000   1.0000   1.0000
   1.0000   1.0000   1.0000
   1.0000   1.0000   1.0000
   1.0000   1.0000   1.0000
   1.0000   1.0000   1.0000
   1.0000   1.0000   1.0000
   1.0000   1.0000   1.0000
   1.0000   1.0000   1.0000
   1.0000   1.0000   1.0000
   1.0000   1.0000   1.0000
   1.0000   1.0000   1.0000
   1.0000   1.0000   1.0000
   1.0000   1.0000   1.0000
   1.0000   1.0000   1.0000
   1.0000   1.0000   1.0000
   1.0000   1.0000   1.0000
   1.0000   1.0000   1.0000
   1.0000   1.0000   1.0000
   1.0000   1.0000   1.0000
   1.0000   1.0000   1.0000
   1.0000   1.0000   1.0000
   1.0000   1.0000   1.0000
   1.0000   1.0000   1.0000
   1.0000   1.0000   1.0000
   1.0000   1.0000   1.0000
   1.0000   1.0000   1.0000
   1.0000   1.0000   1.0000
   1.0000   1.0000   1.0000
   1.0000   1.0000   1.0000
   1.0000   1.0000   1.0000
   1.0000   1.0000   1.0000
   1.0000   1.0000   1.0000
   1.0000   1.0000   1.0000
   1.0000   1.0000   1.0000
   1.0000   1.0000   1.0000
   1.0000   1.0000   1.0000
   1.0000   1.0000   1.0000

applying weight : 1
applying weight : 1
applying weight : 1
Here are the weights in c++ : 
   1.0000   1.0000   1.0000
   1.0000   1.0000   1.0000
   1.0000   1.0000   1.0000
   1.0000   1.0000   1.0000
   1.0000   1.0000   1.0000
   1.0000   1.0000   1.0000
   1.0000   1.0000   1.0000
   1.0000   1.0000   1.0000
   1.0000   1.0000   1.0000
   1.0000   1.0000   1.0000
   1.0000   1.0000   1.0000
   1.0000   1.0000   1.0000
   1.0000   1.0000   1.0000
   1.0000   1.0000   1.0000
   1.0000   1.0000   1.0000
   1.0000   1.0000   1.0000
   1.0000   1.0000   1.0000
   1.0000   1.0000   1.0000
   1.0000   1.0000   1.0000
   1.0000   1.0000   1.0000
   1.0000   1.0000   1.0000
   1.0000   1.0000   1.0000
   1.0000   1.0000   1.0000
   1.0000   1.0000   1.0000
   1.0000   1.0000   1.0000
   1.0000   1.0000   1.0000
   1.0000   1.0000   1.0000
   1.0000   1.0000   1.0000
   1.0000   1.0000   1.0000
   1.0000   1.0000   1.0000
   1.0000   1.0000   1.0000
   1.0000   1.0000   1.0000
   1.0000   1.0000   1.0000
   1.0000   1.0000   1.0000
   1.0000   1.0000   1.0000
   1.0000   1.0000   1.0000
   1.0000   1.0000   1.0000
   1.0000   1.0000   1.0000
   1.0000   1.0000   1.0000
   1.0000   1.0000   1.0000
   1.0000   1.0000   1.0000
   1.0000   1.0000   1.0000
   1.0000   1.0000   1.0000
   1.0000   1.0000   1.0000
   1.0000   1.0000   1.0000

applying weight : 1
applying weight : 1
applying weight : 1
Here are the weights in c++ : 
   1.0000   1.0000   1.0000
   1.0000   1.0000   1.0000
   1.0000   1.0000   1.0000
   1.0000   1.0000   1.0000
   1.0000   1.0000   1.0000
   1.0000   1.0000   1.0000
   1.0000   1.0000   1.0000
   1.0000   1.0000   1.0000
   1.0000   1.0000   1.0000
   1.0000   1.0000   1.0000
   1.0000   1.0000   1.0000
   1.0000   1.0000   1.0000
   1.0000   1.0000   1.0000
   1.0000   1.0000   1.0000
   1.0000   1.0000   1.0000
   1.0000   1.0000   1.0000
   1.0000   1.0000   1.0000
   1.0000   1.0000   1.0000
   1.0000   1.0000   1.0000
   1.0000   1.0000   1.0000
   1.0000   1.0000   1.0000
   1.0000   1.0000   1.0000
   1.0000   1.0000   1.0000
   1.0000   1.0000   1.0000
   1.0000   1.0000   1.0000
   1.0000   1.0000   1.0000
   1.0000   1.0000   1.0000
   1.0000   1.0000   1.0000
   1.0000   1.0000   1.0000
   1.0000   1.0000   1.0000
   1.0000   1.0000   1.0000
   1.0000   1.0000   1.0000
   1.0000   1.0000   1.0000
   1.0000   1.0000   1.0000
   1.0000   1.0000   1.0000
   1.0000   1.0000   1.0000
   1.0000   1.0000   1.0000
   1.0000   1.0000   1.0000
   1.0000   1.0000   1.0000
   1.0000   1.0000   1.0000
   1.0000   1.0000   1.0000
   1.0000   1.0000   1.0000
   1.0000   1.0000   1.0000
   1.0000   1.0000   1.0000
   1.0000   1.0000   1.0000

applying weight : 1
applying weight : 1
applying weight : 1
Here are the weights in c++ : 
   1.0000   1.0000   1.0000
   1.0000   1.0000   1.0000
   1.0000   1.0000   1.0000
   1.0000   1.0000   1.0000
   1.0000   1.0000   1.0000
   1.0000   1.0000   1.0000
   1.0000   1.0000   1.0000
   1.0000   1.0000   1.0000
   1.0000   1.0000   1.0000
   1.0000   1.0000   1.0000
   1.0000   1.0000   1.0000
   1.0000   1.0000   1.0000
   1.0000   1.0000   1.0000
   1.0000   1.0000   1.0000
   1.0000   1.0000   1.0000
   1.0000   1.0000   1.0000
   1.0000   1.0000   1.0000
   1.0000   1.0000   1.0000
   1.0000   1.0000   1.0000
   1.0000   1.0000   1.0000
   1.0000   1.0000   1.0000
   1.0000   1.0000   1.0000
   1.0000   1.0000   1.0000
   1.0000   1.0000   1.0000
   1.0000   1.0000   1.0000
   1.0000   1.0000   1.0000
   1.0000   1.0000   1.0000
   1.0000   1.0000   1.0000
   1.0000   1.0000   1.0000
   1.0000   1.0000   1.0000
   1.0000   1.0000   1.0000
   1.0000   1.0000   1.0000
   1.0000   1.0000   1.0000
   1.0000   1.0000   1.0000
   1.0000   1.0000   1.0000
   1.0000   1.0000   1.0000
   1.0000   1.0000   1.0000
   1.0000   1.0000   1.0000
   1.0000   1.0000   1.0000
   1.0000   1.0000   1.0000
   1.0000   1.0000   1.0000
   1.0000   1.0000   1.0000
   1.0000   1.0000   1.0000
   1.0000   1.0000   1.0000
   1.0000   1.0000   1.0000

applying weight : 1
applying weight : 1
applying weight : 1
Here are the weights in c++ : 
   1.0000   1.0000   1.0000
   1.0000   1.0000   1.0000
   1.0000   1.0000   1.0000
   1.0000   1.0000   1.0000
   1.0000   1.0000   1.0000
   1.0000   1.0000   1.0000
   1.0000   1.0000   1.0000
   1.0000   1.0000   1.0000
   1.0000   1.0000   1.0000
   1.0000   1.0000   1.0000
   1.0000   1.0000   1.0000
   1.0000   1.0000   1.0000
   1.0000   1.0000   1.0000
   1.0000   1.0000   1.0000
   1.0000   1.0000   1.0000
   1.0000   1.0000   1.0000
   1.0000   1.0000   1.0000
   1.0000   1.0000   1.0000
   1.0000   1.0000   1.0000
   1.0000   1.0000   1.0000
   1.0000   1.0000   1.0000
   1.0000   1.0000   1.0000
   1.0000   1.0000   1.0000
   1.0000   1.0000   1.0000
   1.0000   1.0000   1.0000
   1.0000   1.0000   1.0000
   1.0000   1.0000   1.0000
   1.0000   1.0000   1.0000
   1.0000   1.0000   1.0000
   1.0000   1.0000   1.0000
   1.0000   1.0000   1.0000
   1.0000   1.0000   1.0000
   1.0000   1.0000   1.0000
   1.0000   1.0000   1.0000
   1.0000   1.0000   1.0000
   1.0000   1.0000   1.0000
   1.0000   1.0000   1.0000
   1.0000   1.0000   1.0000
   1.0000   1.0000   1.0000
   1.0000   1.0000   1.0000
   1.0000   1.0000   1.0000
   1.0000   1.0000   1.0000
   1.0000   1.0000   1.0000
   1.0000   1.0000   1.0000
   1.0000   1.0000   1.0000

applying weight : 1
applying weight : 1
applying weight : 1
Here are the weights in c++ : 
   1.0000   1.0000   1.0000
   1.0000   1.0000   1.0000
   1.0000   1.0000   1.0000
   1.0000   1.0000   1.0000
   1.0000   1.0000   1.0000
   1.0000   1.0000   1.0000
   1.0000   1.0000   1.0000
   1.0000   1.0000   1.0000
   1.0000   1.0000   1.0000
   1.0000   1.0000   1.0000
   1.0000   1.0000   1.0000
   1.0000   1.0000   1.0000
   1.0000   1.0000   1.0000
   1.0000   1.0000   1.0000
   1.0000   1.0000   1.0000
   1.0000   1.0000   1.0000
   1.0000   1.0000   1.0000
   1.0000   1.0000   1.0000
   1.0000   1.0000   1.0000
   1.0000   1.0000   1.0000
   1.0000   1.0000   1.0000
   1.0000   1.0000   1.0000
   1.0000   1.0000   1.0000
   1.0000   1.0000   1.0000
   1.0000   1.0000   1.0000
   1.0000   1.0000   1.0000
   1.0000   1.0000   1.0000
   1.0000   1.0000   1.0000
   1.0000   1.0000   1.0000
   1.0000   1.0000   1.0000
   1.0000   1.0000   1.0000
   1.0000   1.0000   1.0000
   1.0000   1.0000   1.0000
   1.0000   1.0000   1.0000
   1.0000   1.0000   1.0000
   1.0000   1.0000   1.0000
   1.0000   1.0000   1.0000
   1.0000   1.0000   1.0000
   1.0000   1.0000   1.0000
   1.0000   1.0000   1.0000
   1.0000   1.0000   1.0000
   1.0000   1.0000   1.0000
   1.0000   1.0000   1.0000
   1.0000   1.0000   1.0000
   1.0000   1.0000   1.0000

applying weight : 1
applying weight : 1
applying weight : 1
Here are the weights in c++ : 
   1.0000   1.0000   1.0000
   1.0000   1.0000   1.0000
   1.0000   1.0000   1.0000
   1.0000   1.0000   1.0000
   1.0000   1.0000   1.0000
   1.0000   1.0000   1.0000
   1.0000   1.0000   1.0000
   1.0000   1.0000   1.0000
   1.0000   1.0000   1.0000
   1.0000   1.0000   1.0000
   1.0000   1.0000   1.0000
   1.0000   1.0000   1.0000
   1.0000   1.0000   1.0000
   1.0000   1.0000   1.0000
   1.0000   1.0000   1.0000
   1.0000   1.0000   1.0000
   1.0000   1.0000   1.0000
   1.0000   1.0000   1.0000
   1.0000   1.0000   1.0000
   1.0000   1.0000   1.0000
   1.0000   1.0000   1.0000
   1.0000   1.0000   1.0000
   1.0000   1.0000   1.0000
   1.0000   1.0000   1.0000
   1.0000   1.0000   1.0000
   1.0000   1.0000   1.0000
   1.0000   1.0000   1.0000
   1.0000   1.0000   1.0000
   1.0000   1.0000   1.0000
   1.0000   1.0000   1.0000
   1.0000   1.0000   1.0000
   1.0000   1.0000   1.0000
   1.0000   1.0000   1.0000
   1.0000   1.0000   1.0000
   1.0000   1.0000   1.0000
   1.0000   1.0000   1.0000
   1.0000   1.0000   1.0000
   1.0000   1.0000   1.0000
   1.0000   1.0000   1.0000
   1.0000   1.0000   1.0000
   1.0000   1.0000   1.0000
   1.0000   1.0000   1.0000
   1.0000   1.0000   1.0000
   1.0000   1.0000   1.0000
   1.0000   1.0000   1.0000

applying weight : 1
applying weight : 1
applying weight : 1
Here are the weights in c++ : 
   1.0000   1.0000   1.0000
   1.0000   1.0000   1.0000
   1.0000   1.0000   1.0000
   1.0000   1.0000   1.0000
   1.0000   1.0000   1.0000
   1.0000   1.0000   1.0000
   1.0000   1.0000   1.0000
   1.0000   1.0000   1.0000
   1.0000   1.0000   1.0000
   1.0000   1.0000   1.0000
   1.0000   1.0000   1.0000
   1.0000   1.0000   1.0000
   1.0000   1.0000   1.0000
   1.0000   1.0000   1.0000
   1.0000   1.0000   1.0000
   1.0000   1.0000   1.0000
   1.0000   1.0000   1.0000
   1.0000   1.0000   1.0000
   1.0000   1.0000   1.0000
   1.0000   1.0000   1.0000
   1.0000   1.0000   1.0000
   1.0000   1.0000   1.0000
   1.0000   1.0000   1.0000
   1.0000   1.0000   1.0000
   1.0000   1.0000   1.0000
   1.0000   1.0000   1.0000
   1.0000   1.0000   1.0000
   1.0000   1.0000   1.0000
   1.0000   1.0000   1.0000
   1.0000   1.0000   1.0000
   1.0000   1.0000   1.0000
   1.0000   1.0000   1.0000
   1.0000   1.0000   1.0000
   1.0000   1.0000   1.0000
   1.0000   1.0000   1.0000
   1.0000   1.0000   1.0000
   1.0000   1.0000   1.0000
   1.0000   1.0000   1.0000
   1.0000   1.0000   1.0000
   1.0000   1.0000   1.0000
   1.0000   1.0000   1.0000
   1.0000   1.0000   1.0000
   1.0000   1.0000   1.0000
   1.0000   1.0000   1.0000
   1.0000   1.0000   1.0000

applying weight : 1
applying weight : 1
applying weight : 1
Here are the weights in c++ : 
   1.0000   1.0000   1.0000
   1.0000   1.0000   1.0000
   1.0000   1.0000   1.0000
   1.0000   1.0000   1.0000
   1.0000   1.0000   1.0000
   1.0000   1.0000   1.0000
   1.0000   1.0000   1.0000
   1.0000   1.0000   1.0000
   1.0000   1.0000   1.0000
   1.0000   1.0000   1.0000
   1.0000   1.0000   1.0000
   1.0000   1.0000   1.0000
   1.0000   1.0000   1.0000
   1.0000   1.0000   1.0000
   1.0000   1.0000   1.0000
   1.0000   1.0000   1.0000
   1.0000   1.0000   1.0000
   1.0000   1.0000   1.0000
   1.0000   1.0000   1.0000
   1.0000   1.0000   1.0000
   1.0000   1.0000   1.0000
   1.0000   1.0000   1.0000
   1.0000   1.0000   1.0000
   1.0000   1.0000   1.0000
   1.0000   1.0000   1.0000
   1.0000   1.0000   1.0000
   1.0000   1.0000   1.0000
   1.0000   1.0000   1.0000
   1.0000   1.0000   1.0000
   1.0000   1.0000   1.0000
   1.0000   1.0000   1.0000
   1.0000   1.0000   1.0000
   1.0000   1.0000   1.0000
   1.0000   1.0000   1.0000
   1.0000   1.0000   1.0000
   1.0000   1.0000   1.0000
   1.0000   1.0000   1.0000
   1.0000   1.0000   1.0000
   1.0000   1.0000   1.0000
   1.0000   1.0000   1.0000
   1.0000   1.0000   1.0000
   1.0000   1.0000   1.0000
   1.0000   1.0000   1.0000
   1.0000   1.0000   1.0000
   1.0000   1.0000   1.0000

applying weight : 1
applying weight : 1
applying weight : 1
Here are the weights in c++ : 
   1.0000   1.0000   1.0000
   1.0000   1.0000   1.0000
   1.0000   1.0000   1.0000
   1.0000   1.0000   1.0000
   1.0000   1.0000   1.0000
   1.0000   1.0000   1.0000
   1.0000   1.0000   1.0000
   1.0000   1.0000   1.0000
   1.0000   1.0000   1.0000
   1.0000   1.0000   1.0000
   1.0000   1.0000   1.0000
   1.0000   1.0000   1.0000
   1.0000   1.0000   1.0000
   1.0000   1.0000   1.0000
   1.0000   1.0000   1.0000
   1.0000   1.0000   1.0000
   1.0000   1.0000   1.0000
   1.0000   1.0000   1.0000
   1.0000   1.0000   1.0000
   1.0000   1.0000   1.0000
   1.0000   1.0000   1.0000
   1.0000   1.0000   1.0000
   1.0000   1.0000   1.0000
   1.0000   1.0000   1.0000
   1.0000   1.0000   1.0000
   1.0000   1.0000   1.0000
   1.0000   1.0000   1.0000
   1.0000   1.0000   1.0000
   1.0000   1.0000   1.0000
   1.0000   1.0000   1.0000
   1.0000   1.0000   1.0000
   1.0000   1.0000   1.0000
   1.0000   1.0000   1.0000
   1.0000   1.0000   1.0000
   1.0000   1.0000   1.0000
   1.0000   1.0000   1.0000
   1.0000   1.0000   1.0000
   1.0000   1.0000   1.0000
   1.0000   1.0000   1.0000
   1.0000   1.0000   1.0000
   1.0000   1.0000   1.0000
   1.0000   1.0000   1.0000
   1.0000   1.0000   1.0000
   1.0000   1.0000   1.0000
   1.0000   1.0000   1.0000

applying weight : 1
applying weight : 1
applying weight : 1
Here are the weights in c++ : 
   1.0000   1.0000   1.0000
   1.0000   1.0000   1.0000
   1.0000   1.0000   1.0000
   1.0000   1.0000   1.0000
   1.0000   1.0000   1.0000
   1.0000   1.0000   1.0000
   1.0000   1.0000   1.0000
   1.0000   1.0000   1.0000
   1.0000   1.0000   1.0000
   1.0000   1.0000   1.0000
   1.0000   1.0000   1.0000
   1.0000   1.0000   1.0000
   1.0000   1.0000   1.0000
   1.0000   1.0000   1.0000
   1.0000   1.0000   1.0000
   1.0000   1.0000   1.0000
   1.0000   1.0000   1.0000
   1.0000   1.0000   1.0000
   1.0000   1.0000   1.0000
   1.0000   1.0000   1.0000
   1.0000   1.0000   1.0000
   1.0000   1.0000   1.0000
   1.0000   1.0000   1.0000
   1.0000   1.0000   1.0000
   1.0000   1.0000   1.0000
   1.0000   1.0000   1.0000
   1.0000   1.0000   1.0000
   1.0000   1.0000   1.0000
   1.0000   1.0000   1.0000
   1.0000   1.0000   1.0000
   1.0000   1.0000   1.0000
   1.0000   1.0000   1.0000
   1.0000   1.0000   1.0000
   1.0000   1.0000   1.0000
   1.0000   1.0000   1.0000
   1.0000   1.0000   1.0000
   1.0000   1.0000   1.0000
   1.0000   1.0000   1.0000
   1.0000   1.0000   1.0000
   1.0000   1.0000   1.0000
   1.0000   1.0000   1.0000
   1.0000   1.0000   1.0000
   1.0000   1.0000   1.0000
   1.0000   1.0000   1.0000
   1.0000   1.0000   1.0000

applying weight : 1
applying weight : 1
applying weight : 1
Here are the weights in c++ : 
   1.0000   1.0000   1.0000
   1.0000   1.0000   1.0000
   1.0000   1.0000   1.0000
   1.0000   1.0000   1.0000
   1.0000   1.0000   1.0000
   1.0000   1.0000   1.0000
   1.0000   1.0000   1.0000
   1.0000   1.0000   1.0000
   1.0000   1.0000   1.0000
   1.0000   1.0000   1.0000
   1.0000   1.0000   1.0000
   1.0000   1.0000   1.0000
   1.0000   1.0000   1.0000
   1.0000   1.0000   1.0000
   1.0000   1.0000   1.0000
   1.0000   1.0000   1.0000
   1.0000   1.0000   1.0000
   1.0000   1.0000   1.0000
   1.0000   1.0000   1.0000
   1.0000   1.0000   1.0000
   1.0000   1.0000   1.0000
   1.0000   1.0000   1.0000
   1.0000   1.0000   1.0000
   1.0000   1.0000   1.0000
   1.0000   1.0000   1.0000
   1.0000   1.0000   1.0000
   1.0000   1.0000   1.0000
   1.0000   1.0000   1.0000
   1.0000   1.0000   1.0000
   1.0000   1.0000   1.0000
   1.0000   1.0000   1.0000
   1.0000   1.0000   1.0000
   1.0000   1.0000   1.0000
   1.0000   1.0000   1.0000
   1.0000   1.0000   1.0000
   1.0000   1.0000   1.0000
   1.0000   1.0000   1.0000
   1.0000   1.0000   1.0000
   1.0000   1.0000   1.0000
   1.0000   1.0000   1.0000
   1.0000   1.0000   1.0000
   1.0000   1.0000   1.0000
   1.0000   1.0000   1.0000
   1.0000   1.0000   1.0000
   1.0000   1.0000   1.0000

applying weight : 1
applying weight : 1
applying weight : 1
Here are the weights in c++ : 
   1.0000   1.0000   1.0000
   1.0000   1.0000   1.0000
   1.0000   1.0000   1.0000
   1.0000   1.0000   1.0000
   1.0000   1.0000   1.0000
   1.0000   1.0000   1.0000
   1.0000   1.0000   1.0000
   1.0000   1.0000   1.0000
   1.0000   1.0000   1.0000
   1.0000   1.0000   1.0000
   1.0000   1.0000   1.0000
   1.0000   1.0000   1.0000
   1.0000   1.0000   1.0000
   1.0000   1.0000   1.0000
   1.0000   1.0000   1.0000
   1.0000   1.0000   1.0000
   1.0000   1.0000   1.0000
   1.0000   1.0000   1.0000
   1.0000   1.0000   1.0000
   1.0000   1.0000   1.0000
   1.0000   1.0000   1.0000
   1.0000   1.0000   1.0000
   1.0000   1.0000   1.0000
   1.0000   1.0000   1.0000
   1.0000   1.0000   1.0000
   1.0000   1.0000   1.0000
   1.0000   1.0000   1.0000
   1.0000   1.0000   1.0000
   1.0000   1.0000   1.0000
   1.0000   1.0000   1.0000
   1.0000   1.0000   1.0000
   1.0000   1.0000   1.0000
   1.0000   1.0000   1.0000
   1.0000   1.0000   1.0000
   1.0000   1.0000   1.0000
   1.0000   1.0000   1.0000
   1.0000   1.0000   1.0000
   1.0000   1.0000   1.0000
   1.0000   1.0000   1.0000
   1.0000   1.0000   1.0000
   1.0000   1.0000   1.0000
   1.0000   1.0000   1.0000
   1.0000   1.0000   1.0000
   1.0000   1.0000   1.0000
   1.0000   1.0000   1.0000

applying weight : 1
applying weight : 1
applying weight : 1
Here are the weights in c++ : 
   1.0000   1.0000   1.0000
   1.0000   1.0000   1.0000
   1.0000   1.0000   1.0000
   1.0000   1.0000   1.0000
   1.0000   1.0000   1.0000
   1.0000   1.0000   1.0000
   1.0000   1.0000   1.0000
   1.0000   1.0000   1.0000
   1.0000   1.0000   1.0000
   1.0000   1.0000   1.0000
   1.0000   1.0000   1.0000
   1.0000   1.0000   1.0000
   1.0000   1.0000   1.0000
   1.0000   1.0000   1.0000
   1.0000   1.0000   1.0000
   1.0000   1.0000   1.0000
   1.0000   1.0000   1.0000
   1.0000   1.0000   1.0000
   1.0000   1.0000   1.0000
   1.0000   1.0000   1.0000
   1.0000   1.0000   1.0000
   1.0000   1.0000   1.0000
   1.0000   1.0000   1.0000
   1.0000   1.0000   1.0000
   1.0000   1.0000   1.0000
   1.0000   1.0000   1.0000
   1.0000   1.0000   1.0000
   1.0000   1.0000   1.0000
   1.0000   1.0000   1.0000
   1.0000   1.0000   1.0000
   1.0000   1.0000   1.0000
   1.0000   1.0000   1.0000
   1.0000   1.0000   1.0000
   1.0000   1.0000   1.0000
   1.0000   1.0000   1.0000
   1.0000   1.0000   1.0000
   1.0000   1.0000   1.0000
   1.0000   1.0000   1.0000
   1.0000   1.0000   1.0000
   1.0000   1.0000   1.0000
   1.0000   1.0000   1.0000
   1.0000   1.0000   1.0000
   1.0000   1.0000   1.0000
   1.0000   1.0000   1.0000
   1.0000   1.0000   1.0000

applying weight : 1
applying weight : 1
applying weight : 1
Here are the weights in c++ : 
   1.0000   1.0000   1.0000
   1.0000   1.0000   1.0000
   1.0000   1.0000   1.0000
   1.0000   1.0000   1.0000
   1.0000   1.0000   1.0000
   1.0000   1.0000   1.0000
   1.0000   1.0000   1.0000
   1.0000   1.0000   1.0000
   1.0000   1.0000   1.0000
   1.0000   1.0000   1.0000
   1.0000   1.0000   1.0000
   1.0000   1.0000   1.0000
   1.0000   1.0000   1.0000
   1.0000   1.0000   1.0000
   1.0000   1.0000   1.0000
   1.0000   1.0000   1.0000
   1.0000   1.0000   1.0000
   1.0000   1.0000   1.0000
   1.0000   1.0000   1.0000
   1.0000   1.0000   1.0000
   1.0000   1.0000   1.0000
   1.0000   1.0000   1.0000
   1.0000   1.0000   1.0000
   1.0000   1.0000   1.0000
   1.0000   1.0000   1.0000
   1.0000   1.0000   1.0000
   1.0000   1.0000   1.0000
   1.0000   1.0000   1.0000
   1.0000   1.0000   1.0000
   1.0000   1.0000   1.0000
   1.0000   1.0000   1.0000
   1.0000   1.0000   1.0000
   1.0000   1.0000   1.0000
   1.0000   1.0000   1.0000
   1.0000   1.0000   1.0000
   1.0000   1.0000   1.0000
   1.0000   1.0000   1.0000
   1.0000   1.0000   1.0000
   1.0000   1.0000   1.0000
   1.0000   1.0000   1.0000
   1.0000   1.0000   1.0000
   1.0000   1.0000   1.0000
   1.0000   1.0000   1.0000
   1.0000   1.0000   1.0000
   1.0000   1.0000   1.0000

applying weight : 1
applying weight : 1
applying weight : 1
Here are the weights in c++ : 
   1.0000   1.0000   1.0000
   1.0000   1.0000   1.0000
   1.0000   1.0000   1.0000
   1.0000   1.0000   1.0000
   1.0000   1.0000   1.0000
   1.0000   1.0000   1.0000
   1.0000   1.0000   1.0000
   1.0000   1.0000   1.0000
   1.0000   1.0000   1.0000
   1.0000   1.0000   1.0000
   1.0000   1.0000   1.0000
   1.0000   1.0000   1.0000
   1.0000   1.0000   1.0000
   1.0000   1.0000   1.0000
   1.0000   1.0000   1.0000
   1.0000   1.0000   1.0000
   1.0000   1.0000   1.0000
   1.0000   1.0000   1.0000
   1.0000   1.0000   1.0000
   1.0000   1.0000   1.0000
   1.0000   1.0000   1.0000
   1.0000   1.0000   1.0000
   1.0000   1.0000   1.0000
   1.0000   1.0000   1.0000
   1.0000   1.0000   1.0000
   1.0000   1.0000   1.0000
   1.0000   1.0000   1.0000
   1.0000   1.0000   1.0000
   1.0000   1.0000   1.0000
   1.0000   1.0000   1.0000
   1.0000   1.0000   1.0000
   1.0000   1.0000   1.0000
   1.0000   1.0000   1.0000
   1.0000   1.0000   1.0000
   1.0000   1.0000   1.0000
   1.0000   1.0000   1.0000
   1.0000   1.0000   1.0000
   1.0000   1.0000   1.0000
   1.0000   1.0000   1.0000
   1.0000   1.0000   1.0000
   1.0000   1.0000   1.0000
   1.0000   1.0000   1.0000
   1.0000   1.0000   1.0000
   1.0000   1.0000   1.0000
   1.0000   1.0000   1.0000

applying weight : 1
applying weight : 1
applying weight : 1
Here are the weights in c++ : 
   1.0000   1.0000   1.0000
   1.0000   1.0000   1.0000
   1.0000   1.0000   1.0000
   1.0000   1.0000   1.0000
   1.0000   1.0000   1.0000
   1.0000   1.0000   1.0000
   1.0000   1.0000   1.0000
   1.0000   1.0000   1.0000
   1.0000   1.0000   1.0000
   1.0000   1.0000   1.0000
   1.0000   1.0000   1.0000
   1.0000   1.0000   1.0000
   1.0000   1.0000   1.0000
   1.0000   1.0000   1.0000
   1.0000   1.0000   1.0000
   1.0000   1.0000   1.0000
   1.0000   1.0000   1.0000
   1.0000   1.0000   1.0000
   1.0000   1.0000   1.0000
   1.0000   1.0000   1.0000
   1.0000   1.0000   1.0000
   1.0000   1.0000   1.0000
   1.0000   1.0000   1.0000
   1.0000   1.0000   1.0000
   1.0000   1.0000   1.0000
   1.0000   1.0000   1.0000
   1.0000   1.0000   1.0000
   1.0000   1.0000   1.0000
   1.0000   1.0000   1.0000
   1.0000   1.0000   1.0000
   1.0000   1.0000   1.0000
   1.0000   1.0000   1.0000
   1.0000   1.0000   1.0000
   1.0000   1.0000   1.0000
   1.0000   1.0000   1.0000
   1.0000   1.0000   1.0000
   1.0000   1.0000   1.0000
   1.0000   1.0000   1.0000
   1.0000   1.0000   1.0000
   1.0000   1.0000   1.0000
   1.0000   1.0000   1.0000
   1.0000   1.0000   1.0000
   1.0000   1.0000   1.0000
   1.0000   1.0000   1.0000
   1.0000   1.0000   1.0000

applying weight : 1
applying weight : 1
applying weight : 1
Here are the weights in c++ : 
   1.0000   1.0000   1.0000
   1.0000   1.0000   1.0000
   1.0000   1.0000   1.0000
   1.0000   1.0000   1.0000
   1.0000   1.0000   1.0000
   1.0000   1.0000   1.0000
   1.0000   1.0000   1.0000
   1.0000   1.0000   1.0000
   1.0000   1.0000   1.0000
   1.0000   1.0000   1.0000
   1.0000   1.0000   1.0000
   1.0000   1.0000   1.0000
   1.0000   1.0000   1.0000
   1.0000   1.0000   1.0000
   1.0000   1.0000   1.0000
   1.0000   1.0000   1.0000
   1.0000   1.0000   1.0000
   1.0000   1.0000   1.0000
   1.0000   1.0000   1.0000
   1.0000   1.0000   1.0000
   1.0000   1.0000   1.0000
   1.0000   1.0000   1.0000
   1.0000   1.0000   1.0000
   1.0000   1.0000   1.0000
   1.0000   1.0000   1.0000
   1.0000   1.0000   1.0000
   1.0000   1.0000   1.0000
   1.0000   1.0000   1.0000
   1.0000   1.0000   1.0000
   1.0000   1.0000   1.0000
   1.0000   1.0000   1.0000
   1.0000   1.0000   1.0000
   1.0000   1.0000   1.0000
   1.0000   1.0000   1.0000
   1.0000   1.0000   1.0000
   1.0000   1.0000   1.0000
   1.0000   1.0000   1.0000
   1.0000   1.0000   1.0000
   1.0000   1.0000   1.0000
   1.0000   1.0000   1.0000
   1.0000   1.0000   1.0000
   1.0000   1.0000   1.0000
   1.0000   1.0000   1.0000
   1.0000   1.0000   1.0000
   1.0000   1.0000   1.0000

applying weight : 1
applying weight : 1
applying weight : 1
Here are the weights in c++ : 
   1.0000   1.0000   1.0000
   1.0000   1.0000   1.0000
   1.0000   1.0000   1.0000
   1.0000   1.0000   1.0000
   1.0000   1.0000   1.0000
   1.0000   1.0000   1.0000
   1.0000   1.0000   1.0000
   1.0000   1.0000   1.0000
   1.0000   1.0000   1.0000
   1.0000   1.0000   1.0000
   1.0000   1.0000   1.0000
   1.0000   1.0000   1.0000
   1.0000   1.0000   1.0000
   1.0000   1.0000   1.0000
   1.0000   1.0000   1.0000
   1.0000   1.0000   1.0000
   1.0000   1.0000   1.0000
   1.0000   1.0000   1.0000
   1.0000   1.0000   1.0000
   1.0000   1.0000   1.0000
   1.0000   1.0000   1.0000
   1.0000   1.0000   1.0000
   1.0000   1.0000   1.0000
   1.0000   1.0000   1.0000
   1.0000   1.0000   1.0000
   1.0000   1.0000   1.0000
   1.0000   1.0000   1.0000
   1.0000   1.0000   1.0000
   1.0000   1.0000   1.0000
   1.0000   1.0000   1.0000
   1.0000   1.0000   1.0000
   1.0000   1.0000   1.0000
   1.0000   1.0000   1.0000
   1.0000   1.0000   1.0000
   1.0000   1.0000   1.0000
   1.0000   1.0000   1.0000
   1.0000   1.0000   1.0000
   1.0000   1.0000   1.0000
   1.0000   1.0000   1.0000
   1.0000   1.0000   1.0000
   1.0000   1.0000   1.0000
   1.0000   1.0000   1.0000
   1.0000   1.0000   1.0000
   1.0000   1.0000   1.0000
   1.0000   1.0000   1.0000

applying weight : 1
applying weight : 1
applying weight : 1
Here are the weights in c++ : 
   1.0000   1.0000   1.0000
   1.0000   1.0000   1.0000
   1.0000   1.0000   1.0000
   1.0000   1.0000   1.0000
   1.0000   1.0000   1.0000
   1.0000   1.0000   1.0000
   1.0000   1.0000   1.0000
   1.0000   1.0000   1.0000
   1.0000   1.0000   1.0000
   1.0000   1.0000   1.0000
   1.0000   1.0000   1.0000
   1.0000   1.0000   1.0000
   1.0000   1.0000   1.0000
   1.0000   1.0000   1.0000
   1.0000   1.0000   1.0000
   1.0000   1.0000   1.0000
   1.0000   1.0000   1.0000
   1.0000   1.0000   1.0000
   1.0000   1.0000   1.0000
   1.0000   1.0000   1.0000
   1.0000   1.0000   1.0000
   1.0000   1.0000   1.0000
   1.0000   1.0000   1.0000
   1.0000   1.0000   1.0000
   1.0000   1.0000   1.0000
   1.0000   1.0000   1.0000
   1.0000   1.0000   1.0000
   1.0000   1.0000   1.0000
   1.0000   1.0000   1.0000
   1.0000   1.0000   1.0000
   1.0000   1.0000   1.0000
   1.0000   1.0000   1.0000
   1.0000   1.0000   1.0000
   1.0000   1.0000   1.0000
   1.0000   1.0000   1.0000
   1.0000   1.0000   1.0000
   1.0000   1.0000   1.0000
   1.0000   1.0000   1.0000
   1.0000   1.0000   1.0000
   1.0000   1.0000   1.0000
   1.0000   1.0000   1.0000
   1.0000   1.0000   1.0000
   1.0000   1.0000   1.0000
   1.0000   1.0000   1.0000
   1.0000   1.0000   1.0000

applying weight : 1
applying weight : 1
applying weight : 1
Here are the weights in c++ : 
   1.0000   1.0000   1.0000
   1.0000   1.0000   1.0000
   1.0000   1.0000   1.0000
   1.0000   1.0000   1.0000
   1.0000   1.0000   1.0000
   1.0000   1.0000   1.0000
   1.0000   1.0000   1.0000
   1.0000   1.0000   1.0000
   1.0000   1.0000   1.0000
   1.0000   1.0000   1.0000
   1.0000   1.0000   1.0000
   1.0000   1.0000   1.0000
   1.0000   1.0000   1.0000
   1.0000   1.0000   1.0000
   1.0000   1.0000   1.0000
   1.0000   1.0000   1.0000
   1.0000   1.0000   1.0000
   1.0000   1.0000   1.0000
   1.0000   1.0000   1.0000
   1.0000   1.0000   1.0000
   1.0000   1.0000   1.0000
   1.0000   1.0000   1.0000
   1.0000   1.0000   1.0000
   1.0000   1.0000   1.0000
   1.0000   1.0000   1.0000
   1.0000   1.0000   1.0000
   1.0000   1.0000   1.0000
   1.0000   1.0000   1.0000
   1.0000   1.0000   1.0000
   1.0000   1.0000   1.0000
   1.0000   1.0000   1.0000
   1.0000   1.0000   1.0000
   1.0000   1.0000   1.0000
   1.0000   1.0000   1.0000
   1.0000   1.0000   1.0000
   1.0000   1.0000   1.0000
   1.0000   1.0000   1.0000
   1.0000   1.0000   1.0000
   1.0000   1.0000   1.0000
   1.0000   1.0000   1.0000
   1.0000   1.0000   1.0000
   1.0000   1.0000   1.0000
   1.0000   1.0000   1.0000
   1.0000   1.0000   1.0000
   1.0000   1.0000   1.0000

applying weight : 1
applying weight : 1
applying weight : 1
Here are the weights in c++ : 
   1.0000   1.0000   1.0000
   1.0000   1.0000   1.0000
   1.0000   1.0000   1.0000
   1.0000   1.0000   1.0000
   1.0000   1.0000   1.0000
   1.0000   1.0000   1.0000
   1.0000   1.0000   1.0000
   1.0000   1.0000   1.0000
   1.0000   1.0000   1.0000
   1.0000   1.0000   1.0000
   1.0000   1.0000   1.0000
   1.0000   1.0000   1.0000
   1.0000   1.0000   1.0000
   1.0000   1.0000   1.0000
   1.0000   1.0000   1.0000
   1.0000   1.0000   1.0000
   1.0000   1.0000   1.0000
   1.0000   1.0000   1.0000
   1.0000   1.0000   1.0000
   1.0000   1.0000   1.0000
   1.0000   1.0000   1.0000
   1.0000   1.0000   1.0000
   1.0000   1.0000   1.0000
   1.0000   1.0000   1.0000
   1.0000   1.0000   1.0000
   1.0000   1.0000   1.0000
   1.0000   1.0000   1.0000
   1.0000   1.0000   1.0000
   1.0000   1.0000   1.0000
   1.0000   1.0000   1.0000
   1.0000   1.0000   1.0000
   1.0000   1.0000   1.0000
   1.0000   1.0000   1.0000
   1.0000   1.0000   1.0000
   1.0000   1.0000   1.0000
   1.0000   1.0000   1.0000
   1.0000   1.0000   1.0000
   1.0000   1.0000   1.0000
   1.0000   1.0000   1.0000
   1.0000   1.0000   1.0000
   1.0000   1.0000   1.0000
   1.0000   1.0000   1.0000
   1.0000   1.0000   1.0000
   1.0000   1.0000   1.0000
   1.0000   1.0000   1.0000
   1.0000   1.0000   1.0000
   1.0000   1.0000   1.0000
   1.0000   1.0000   1.0000
   1.0000   1.0000   1.0000

applying weight : 1
applying weight : 1
applying weight : 1
Here are the weights in c++ : 
   1.0000   1.0000   1.0000
   1.0000   1.0000   1.0000
   1.0000   1.0000   1.0000
   1.0000   1.0000   1.0000
   1.0000   1.0000   1.0000
   1.0000   1.0000   1.0000
   1.0000   1.0000   1.0000
   1.0000   1.0000   1.0000
   1.0000   1.0000   1.0000
   1.0000   1.0000   1.0000
   1.0000   1.0000   1.0000
   1.0000   1.0000   1.0000
   1.0000   1.0000   1.0000
   1.0000   1.0000   1.0000
   1.0000   1.0000   1.0000
   1.0000   1.0000   1.0000
   1.0000   1.0000   1.0000
   1.0000   1.0000   1.0000
   1.0000   1.0000   1.0000
   1.0000   1.0000   1.0000
   1.0000   1.0000   1.0000
   1.0000   1.0000   1.0000
   1.0000   1.0000   1.0000
   1.0000   1.0000   1.0000
   1.0000   1.0000   1.0000
   1.0000   1.0000   1.0000
   1.0000   1.0000   1.0000
   1.0000   1.0000   1.0000
   1.0000   1.0000   1.0000
   1.0000   1.0000   1.0000
   1.0000   1.0000   1.0000
   1.0000   1.0000   1.0000
   1.0000   1.0000   1.0000
   1.0000   1.0000   1.0000
   1.0000   1.0000   1.0000
   1.0000   1.0000   1.0000
   1.0000   1.0000   1.0000
   1.0000   1.0000   1.0000
   1.0000   1.0000   1.0000
   1.0000   1.0000   1.0000
   1.0000   1.0000   1.0000
   1.0000   1.0000   1.0000
   1.0000   1.0000   1.0000
   1.0000   1.0000   1.0000
   1.0000   1.0000   1.0000
   1.0000   1.0000   1.0000
   1.0000   1.0000   1.0000
   1.0000   1.0000   1.0000
   1.0000   1.0000   1.0000

applying weight : 1
applying weight : 1
applying weight : 1
Here are the weights in c++ : 
   1.0000   1.0000   1.0000
   1.0000   1.0000   1.0000
   1.0000   1.0000   1.0000
   1.0000   1.0000   1.0000
   1.0000   1.0000   1.0000
   1.0000   1.0000   1.0000
   1.0000   1.0000   1.0000
   1.0000   1.0000   1.0000
   1.0000   1.0000   1.0000
   1.0000   1.0000   1.0000
   1.0000   1.0000   1.0000
   1.0000   1.0000   1.0000
   1.0000   1.0000   1.0000
   1.0000   1.0000   1.0000
   1.0000   1.0000   1.0000
   1.0000   1.0000   1.0000
   1.0000   1.0000   1.0000
   1.0000   1.0000   1.0000
   1.0000   1.0000   1.0000
   1.0000   1.0000   1.0000
   1.0000   1.0000   1.0000
   1.0000   1.0000   1.0000
   1.0000   1.0000   1.0000
   1.0000   1.0000   1.0000
   1.0000   1.0000   1.0000
   1.0000   1.0000   1.0000
   1.0000   1.0000   1.0000
   1.0000   1.0000   1.0000
   1.0000   1.0000   1.0000
   1.0000   1.0000   1.0000
   1.0000   1.0000   1.0000
   1.0000   1.0000   1.0000
   1.0000   1.0000   1.0000
   1.0000   1.0000   1.0000
   1.0000   1.0000   1.0000
   1.0000   1.0000   1.0000
   1.0000   1.0000   1.0000
   1.0000   1.0000   1.0000
   1.0000   1.0000   1.0000
   1.0000   1.0000   1.0000
   1.0000   1.0000   1.0000
   1.0000   1.0000   1.0000
   1.0000   1.0000   1.0000
   1.0000   1.0000   1.0000
   1.0000   1.0000   1.0000
   1.0000   1.0000   1.0000
   1.0000   1.0000   1.0000
   1.0000   1.0000   1.0000
   1.0000   1.0000   1.0000

applying weight : 1
applying weight : 1
applying weight : 1
Here are the weights in c++ : 
   1.0000   1.0000   1.0000
   1.0000   1.0000   1.0000
   1.0000   1.0000   1.0000
   1.0000   1.0000   1.0000
   1.0000   1.0000   1.0000
   1.0000   1.0000   1.0000
   1.0000   1.0000   1.0000
   1.0000   1.0000   1.0000
   1.0000   1.0000   1.0000
   1.0000   1.0000   1.0000
   1.0000   1.0000   1.0000
   1.0000   1.0000   1.0000
   1.0000   1.0000   1.0000
   1.0000   1.0000   1.0000
   1.0000   1.0000   1.0000
   1.0000   1.0000   1.0000
   1.0000   1.0000   1.0000
   1.0000   1.0000   1.0000
   1.0000   1.0000   1.0000
   1.0000   1.0000   1.0000
   1.0000   1.0000   1.0000
   1.0000   1.0000   1.0000
   1.0000   1.0000   1.0000
   1.0000   1.0000   1.0000
   1.0000   1.0000   1.0000
   1.0000   1.0000   1.0000
   1.0000   1.0000   1.0000
   1.0000   1.0000   1.0000
   1.0000   1.0000   1.0000
   1.0000   1.0000   1.0000
   1.0000   1.0000   1.0000
   1.0000   1.0000   1.0000
   1.0000   1.0000   1.0000
   1.0000   1.0000   1.0000
   1.0000   1.0000   1.0000
   1.0000   1.0000   1.0000
   1.0000   1.0000   1.0000
   1.0000   1.0000   1.0000
   1.0000   1.0000   1.0000
   1.0000   1.0000   1.0000
   1.0000   1.0000   1.0000
   1.0000   1.0000   1.0000
   1.0000   1.0000   1.0000
   1.0000   1.0000   1.0000
   1.0000   1.0000   1.0000
   1.0000   1.0000   1.0000
   1.0000   1.0000   1.0000
   1.0000   1.0000   1.0000
   1.0000   1.0000   1.0000

applying weight : 1
applying weight : 1
applying weight : 1
Here are the weights in c++ : 
   1.0000   1.0000   1.0000
   1.0000   1.0000   1.0000
   1.0000   1.0000   1.0000
   1.0000   1.0000   1.0000
   1.0000   1.0000   1.0000
   1.0000   1.0000   1.0000
   1.0000   1.0000   1.0000
   1.0000   1.0000   1.0000
   1.0000   1.0000   1.0000
   1.0000   1.0000   1.0000
   1.0000   1.0000   1.0000
   1.0000   1.0000   1.0000
   1.0000   1.0000   1.0000
   1.0000   1.0000   1.0000
   1.0000   1.0000   1.0000
   1.0000   1.0000   1.0000
   1.0000   1.0000   1.0000
   1.0000   1.0000   1.0000
   1.0000   1.0000   1.0000
   1.0000   1.0000   1.0000
   1.0000   1.0000   1.0000
   1.0000   1.0000   1.0000
   1.0000   1.0000   1.0000
   1.0000   1.0000   1.0000
   1.0000   1.0000   1.0000
   1.0000   1.0000   1.0000
   1.0000   1.0000   1.0000
   1.0000   1.0000   1.0000
   1.0000   1.0000   1.0000
   1.0000   1.0000   1.0000
   1.0000   1.0000   1.0000
   1.0000   1.0000   1.0000
   1.0000   1.0000   1.0000
   1.0000   1.0000   1.0000
   1.0000   1.0000   1.0000
   1.0000   1.0000   1.0000
   1.0000   1.0000   1.0000
   1.0000   1.0000   1.0000
   1.0000   1.0000   1.0000
   1.0000   1.0000   1.0000
   1.0000   1.0000   1.0000
   1.0000   1.0000   1.0000
   1.0000   1.0000   1.0000
   1.0000   1.0000   1.0000
   1.0000   1.0000   1.0000
   1.0000   1.0000   1.0000
   1.0000   1.0000   1.0000
   1.0000   1.0000   1.0000
   1.0000   1.0000   1.0000

applying weight : 1
applying weight : 1
applying weight : 1
Here are the weights in c++ : 
   1.0000   1.0000   1.0000
   1.0000   1.0000   1.0000
   1.0000   1.0000   1.0000
   1.0000   1.0000   1.0000
   1.0000   1.0000   1.0000
   1.0000   1.0000   1.0000
   1.0000   1.0000   1.0000
   1.0000   1.0000   1.0000
   1.0000   1.0000   1.0000
   1.0000   1.0000   1.0000
   1.0000   1.0000   1.0000
   1.0000   1.0000   1.0000
   1.0000   1.0000   1.0000
   1.0000   1.0000   1.0000
   1.0000   1.0000   1.0000
   1.0000   1.0000   1.0000
   1.0000   1.0000   1.0000
   1.0000   1.0000   1.0000
   1.0000   1.0000   1.0000
   1.0000   1.0000   1.0000
   1.0000   1.0000   1.0000
   1.0000   1.0000   1.0000
   1.0000   1.0000   1.0000
   1.0000   1.0000   1.0000
   1.0000   1.0000   1.0000
   1.0000   1.0000   1.0000
   1.0000   1.0000   1.0000
   1.0000   1.0000   1.0000
   1.0000   1.0000   1.0000
   1.0000   1.0000   1.0000
   1.0000   1.0000   1.0000
   1.0000   1.0000   1.0000
   1.0000   1.0000   1.0000
   1.0000   1.0000   1.0000
   1.0000   1.0000   1.0000
   1.0000   1.0000   1.0000
   1.0000   1.0000   1.0000
   1.0000   1.0000   1.0000
   1.0000   1.0000   1.0000
   1.0000   1.0000   1.0000
   1.0000   1.0000   1.0000
   1.0000   1.0000   1.0000
   1.0000   1.0000   1.0000
   1.0000   1.0000   1.0000
   1.0000   1.0000   1.0000
   1.0000   1.0000   1.0000
   1.0000   1.0000   1.0000
   1.0000   1.0000   1.0000
   1.0000   1.0000   1.0000

applying weight : 1
applying weight : 1
applying weight : 1
Here are the weights in c++ : 
   1.0000   1.0000   1.0000
   1.0000   1.0000   1.0000
   1.0000   1.0000   1.0000
   1.0000   1.0000   1.0000
   1.0000   1.0000   1.0000
   1.0000   1.0000   1.0000
   1.0000   1.0000   1.0000
   1.0000   1.0000   1.0000
   1.0000   1.0000   1.0000
   1.0000   1.0000   1.0000
   1.0000   1.0000   1.0000
   1.0000   1.0000   1.0000
   1.0000   1.0000   1.0000
   1.0000   1.0000   1.0000
   1.0000   1.0000   1.0000
   1.0000   1.0000   1.0000
   1.0000   1.0000   1.0000
   1.0000   1.0000   1.0000
   1.0000   1.0000   1.0000
   1.0000   1.0000   1.0000
   1.0000   1.0000   1.0000
   1.0000   1.0000   1.0000
   1.0000   1.0000   1.0000
   1.0000   1.0000   1.0000
   1.0000   1.0000   1.0000
   1.0000   1.0000   1.0000
   1.0000   1.0000   1.0000
   1.0000   1.0000   1.0000
   1.0000   1.0000   1.0000
   1.0000   1.0000   1.0000
   1.0000   1.0000   1.0000
   1.0000   1.0000   1.0000
   1.0000   1.0000   1.0000
   1.0000   1.0000   1.0000
   1.0000   1.0000   1.0000
   1.0000   1.0000   1.0000
   1.0000   1.0000   1.0000
   1.0000   1.0000   1.0000
   1.0000   1.0000   1.0000
   1.0000   1.0000   1.0000
   1.0000   1.0000   1.0000
   1.0000   1.0000   1.0000
   1.0000   1.0000   1.0000
   1.0000   1.0000   1.0000
   1.0000   1.0000   1.0000
   1.0000   1.0000   1.0000
   1.0000   1.0000   1.0000
   1.0000   1.0000   1.0000
   1.0000   1.0000   1.0000

applying weight : 1
applying weight : 1
applying weight : 1
Here are the weights in c++ : 
   1.0000   1.0000   1.0000
   1.0000   1.0000   1.0000
   1.0000   1.0000   1.0000
   1.0000   1.0000   1.0000
   1.0000   1.0000   1.0000
   1.0000   1.0000   1.0000
   1.0000   1.0000   1.0000
   1.0000   1.0000   1.0000
   1.0000   1.0000   1.0000
   1.0000   1.0000   1.0000
   1.0000   1.0000   1.0000
   1.0000   1.0000   1.0000
   1.0000   1.0000   1.0000
   1.0000   1.0000   1.0000
   1.0000   1.0000   1.0000
   1.0000   1.0000   1.0000
   1.0000   1.0000   1.0000
   1.0000   1.0000   1.0000
   1.0000   1.0000   1.0000
   1.0000   1.0000   1.0000
   1.0000   1.0000   1.0000
   1.0000   1.0000   1.0000
   1.0000   1.0000   1.0000
   1.0000   1.0000   1.0000
   1.0000   1.0000   1.0000
   1.0000   1.0000   1.0000
   1.0000   1.0000   1.0000
   1.0000   1.0000   1.0000
   1.0000   1.0000   1.0000
   1.0000   1.0000   1.0000
   1.0000   1.0000   1.0000
   1.0000   1.0000   1.0000
   1.0000   1.0000   1.0000
   1.0000   1.0000   1.0000
   1.0000   1.0000   1.0000
   1.0000   1.0000   1.0000
   1.0000   1.0000   1.0000
   1.0000   1.0000   1.0000
   1.0000   1.0000   1.0000
   1.0000   1.0000   1.0000
   1.0000   1.0000   1.0000
   1.0000   1.0000   1.0000
   1.0000   1.0000   1.0000
   1.0000   1.0000   1.0000
   1.0000   1.0000   1.0000
   1.0000   1.0000   1.0000
   1.0000   1.0000   1.0000
   1.0000   1.0000   1.0000
   1.0000   1.0000   1.0000

applying weight : 1
applying weight : 1
applying weight : 1
Here are the weights in c++ : 
   1.0000   1.0000   1.0000
   1.0000   1.0000   1.0000
   1.0000   1.0000   1.0000
   1.0000   1.0000   1.0000
   1.0000   1.0000   1.0000
   1.0000   1.0000   1.0000
   1.0000   1.0000   1.0000
   1.0000   1.0000   1.0000
   1.0000   1.0000   1.0000
   1.0000   1.0000   1.0000
   1.0000   1.0000   1.0000
   1.0000   1.0000   1.0000
   1.0000   1.0000   1.0000
   1.0000   1.0000   1.0000
   1.0000   1.0000   1.0000
   1.0000   1.0000   1.0000
   1.0000   1.0000   1.0000
   1.0000   1.0000   1.0000
   1.0000   1.0000   1.0000
   1.0000   1.0000   1.0000
   1.0000   1.0000   1.0000
   1.0000   1.0000   1.0000
   1.0000   1.0000   1.0000
   1.0000   1.0000   1.0000
   1.0000   1.0000   1.0000
   1.0000   1.0000   1.0000
   1.0000   1.0000   1.0000
   1.0000   1.0000   1.0000
   1.0000   1.0000   1.0000
   1.0000   1.0000   1.0000
   1.0000   1.0000   1.0000
   1.0000   1.0000   1.0000
   1.0000   1.0000   1.0000
   1.0000   1.0000   1.0000
   1.0000   1.0000   1.0000
   1.0000   1.0000   1.0000
   1.0000   1.0000   1.0000
   1.0000   1.0000   1.0000
   1.0000   1.0000   1.0000
   1.0000   1.0000   1.0000
   1.0000   1.0000   1.0000
   1.0000   1.0000   1.0000
   1.0000   1.0000   1.0000
   1.0000   1.0000   1.0000
   1.0000   1.0000   1.0000
   1.0000   1.0000   1.0000
   1.0000   1.0000   1.0000
   1.0000   1.0000   1.0000
   1.0000   1.0000   1.0000

applying weight : 1
applying weight : 1
applying weight : 1
Here are the weights in c++ : 
   1.0000   1.0000   1.0000
   1.0000   1.0000   1.0000
   1.0000   1.0000   1.0000
   1.0000   1.0000   1.0000
   1.0000   1.0000   1.0000
   1.0000   1.0000   1.0000
   1.0000   1.0000   1.0000
   1.0000   1.0000   1.0000
   1.0000   1.0000   1.0000
   1.0000   1.0000   1.0000
   1.0000   1.0000   1.0000
   1.0000   1.0000   1.0000
   1.0000   1.0000   1.0000
   1.0000   1.0000   1.0000
   1.0000   1.0000   1.0000
   1.0000   1.0000   1.0000
   1.0000   1.0000   1.0000
   1.0000   1.0000   1.0000
   1.0000   1.0000   1.0000
   1.0000   1.0000   1.0000
   1.0000   1.0000   1.0000
   1.0000   1.0000   1.0000
   1.0000   1.0000   1.0000
   1.0000   1.0000   1.0000
   1.0000   1.0000   1.0000
   1.0000   1.0000   1.0000
   1.0000   1.0000   1.0000
   1.0000   1.0000   1.0000
   1.0000   1.0000   1.0000
   1.0000   1.0000   1.0000
   1.0000   1.0000   1.0000
   1.0000   1.0000   1.0000
   1.0000   1.0000   1.0000
   1.0000   1.0000   1.0000
   1.0000   1.0000   1.0000
   1.0000   1.0000   1.0000
   1.0000   1.0000   1.0000
   1.0000   1.0000   1.0000
   1.0000   1.0000   1.0000
   1.0000   1.0000   1.0000
   1.0000   1.0000   1.0000
   1.0000   1.0000   1.0000
   1.0000   1.0000   1.0000
   1.0000   1.0000   1.0000
   1.0000   1.0000   1.0000
   1.0000   1.0000   1.0000
   1.0000   1.0000   1.0000
   1.0000   1.0000   1.0000
   1.0000   1.0000   1.0000

applying weight : 1
applying weight : 1
applying weight : 1
Here are the weights in c++ : 
   1.0000   1.0000   1.0000
   1.0000   1.0000   1.0000
   1.0000   1.0000   1.0000
   1.0000   1.0000   1.0000
   1.0000   1.0000   1.0000
   1.0000   1.0000   1.0000
   1.0000   1.0000   1.0000
   1.0000   1.0000   1.0000
   1.0000   1.0000   1.0000
   1.0000   1.0000   1.0000
   1.0000   1.0000   1.0000
   1.0000   1.0000   1.0000
   1.0000   1.0000   1.0000
   1.0000   1.0000   1.0000
   1.0000   1.0000   1.0000
   1.0000   1.0000   1.0000
   1.0000   1.0000   1.0000
   1.0000   1.0000   1.0000
   1.0000   1.0000   1.0000
   1.0000   1.0000   1.0000
   1.0000   1.0000   1.0000
   1.0000   1.0000   1.0000
   1.0000   1.0000   1.0000
   1.0000   1.0000   1.0000
   1.0000   1.0000   1.0000
   1.0000   1.0000   1.0000
   1.0000   1.0000   1.0000
   1.0000   1.0000   1.0000
   1.0000   1.0000   1.0000
   1.0000   1.0000   1.0000
   1.0000   1.0000   1.0000
   1.0000   1.0000   1.0000
   1.0000   1.0000   1.0000
   1.0000   1.0000   1.0000
   1.0000   1.0000   1.0000
   1.0000   1.0000   1.0000
   1.0000   1.0000   1.0000
   1.0000   1.0000   1.0000
   1.0000   1.0000   1.0000
   1.0000   1.0000   1.0000
   1.0000   1.0000   1.0000
   1.0000   1.0000   1.0000
   1.0000   1.0000   1.0000
   1.0000   1.0000   1.0000
   1.0000   1.0000   1.0000
   1.0000   1.0000   1.0000
   1.0000   1.0000   1.0000
   1.0000   1.0000   1.0000
   1.0000   1.0000   1.0000

applying weight : 1
applying weight : 1
applying weight : 1
Here are the weights in c++ : 
   1.0000   1.0000   1.0000
   1.0000   1.0000   1.0000
   1.0000   1.0000   1.0000
   1.0000   1.0000   1.0000
   1.0000   1.0000   1.0000
   1.0000   1.0000   1.0000
   1.0000   1.0000   1.0000
   1.0000   1.0000   1.0000
   1.0000   1.0000   1.0000
   1.0000   1.0000   1.0000
   1.0000   1.0000   1.0000
   1.0000   1.0000   1.0000
   1.0000   1.0000   1.0000
   1.0000   1.0000   1.0000
   1.0000   1.0000   1.0000
   1.0000   1.0000   1.0000
   1.0000   1.0000   1.0000
   1.0000   1.0000   1.0000
   1.0000   1.0000   1.0000
   1.0000   1.0000   1.0000
   1.0000   1.0000   1.0000
   1.0000   1.0000   1.0000
   1.0000   1.0000   1.0000
   1.0000   1.0000   1.0000
   1.0000   1.0000   1.0000
   1.0000   1.0000   1.0000
   1.0000   1.0000   1.0000
   1.0000   1.0000   1.0000
   1.0000   1.0000   1.0000
   1.0000   1.0000   1.0000
   1.0000   1.0000   1.0000
   1.0000   1.0000   1.0000
   1.0000   1.0000   1.0000
   1.0000   1.0000   1.0000
   1.0000   1.0000   1.0000
   1.0000   1.0000   1.0000
   1.0000   1.0000   1.0000
   1.0000   1.0000   1.0000
   1.0000   1.0000   1.0000
   1.0000   1.0000   1.0000
   1.0000   1.0000   1.0000
   1.0000   1.0000   1.0000
   1.0000   1.0000   1.0000
   1.0000   1.0000   1.0000
   1.0000   1.0000   1.0000
   1.0000   1.0000   1.0000
   1.0000   1.0000   1.0000
   1.0000   1.0000   1.0000
   1.0000   1.0000   1.0000

applying weight : 1
applying weight : 1
applying weight : 1
Here are the weights in c++ : 
   1.0000   1.0000   1.0000
   1.0000   1.0000   1.0000
   1.0000   1.0000   1.0000
   1.0000   1.0000   1.0000
   1.0000   1.0000   1.0000
   1.0000   1.0000   1.0000
   1.0000   1.0000   1.0000
   1.0000   1.0000   1.0000
   1.0000   1.0000   1.0000
   1.0000   1.0000   1.0000
   1.0000   1.0000   1.0000
   1.0000   1.0000   1.0000
   1.0000   1.0000   1.0000
   1.0000   1.0000   1.0000
   1.0000   1.0000   1.0000
   1.0000   1.0000   1.0000
   1.0000   1.0000   1.0000
   1.0000   1.0000   1.0000
   1.0000   1.0000   1.0000
   1.0000   1.0000   1.0000
   1.0000   1.0000   1.0000
   1.0000   1.0000   1.0000
   1.0000   1.0000   1.0000
   1.0000   1.0000   1.0000
   1.0000   1.0000   1.0000
   1.0000   1.0000   1.0000
   1.0000   1.0000   1.0000
   1.0000   1.0000   1.0000
   1.0000   1.0000   1.0000
   1.0000   1.0000   1.0000
   1.0000   1.0000   1.0000
   1.0000   1.0000   1.0000
   1.0000   1.0000   1.0000
   1.0000   1.0000   1.0000
   1.0000   1.0000   1.0000
   1.0000   1.0000   1.0000
   1.0000   1.0000   1.0000
   1.0000   1.0000   1.0000
   1.0000   1.0000   1.0000
   1.0000   1.0000   1.0000
   1.0000   1.0000   1.0000
   1.0000   1.0000   1.0000
   1.0000   1.0000   1.0000
   1.0000   1.0000   1.0000
   1.0000   1.0000   1.0000
   1.0000   1.0000   1.0000
   1.0000   1.0000   1.0000
   1.0000   1.0000   1.0000
   1.0000   1.0000   1.0000

applying weight : 1
applying weight : 1
applying weight : 1
Here are the weights in c++ : 
   1.0000   1.0000   1.0000
   1.0000   1.0000   1.0000
   1.0000   1.0000   1.0000
   1.0000   1.0000   1.0000
   1.0000   1.0000   1.0000
   1.0000   1.0000   1.0000
   1.0000   1.0000   1.0000
   1.0000   1.0000   1.0000
   1.0000   1.0000   1.0000
   1.0000   1.0000   1.0000
   1.0000   1.0000   1.0000
   1.0000   1.0000   1.0000
   1.0000   1.0000   1.0000
   1.0000   1.0000   1.0000
   1.0000   1.0000   1.0000
   1.0000   1.0000   1.0000
   1.0000   1.0000   1.0000
   1.0000   1.0000   1.0000
   1.0000   1.0000   1.0000
   1.0000   1.0000   1.0000
   1.0000   1.0000   1.0000
   1.0000   1.0000   1.0000
   1.0000   1.0000   1.0000
   1.0000   1.0000   1.0000
   1.0000   1.0000   1.0000
   1.0000   1.0000   1.0000
   1.0000   1.0000   1.0000
   1.0000   1.0000   1.0000
   1.0000   1.0000   1.0000
   1.0000   1.0000   1.0000
   1.0000   1.0000   1.0000
   1.0000   1.0000   1.0000
   1.0000   1.0000   1.0000
   1.0000   1.0000   1.0000
   1.0000   1.0000   1.0000
   1.0000   1.0000   1.0000
   1.0000   1.0000   1.0000
   1.0000   1.0000   1.0000
   1.0000   1.0000   1.0000
   1.0000   1.0000   1.0000
   1.0000   1.0000   1.0000
   1.0000   1.0000   1.0000
   1.0000   1.0000   1.0000
   1.0000   1.0000   1.0000
   1.0000   1.0000   1.0000
   1.0000   1.0000   1.0000
   1.0000   1.0000   1.0000
   1.0000   1.0000   1.0000
   1.0000   1.0000   1.0000

applying weight : 1
applying weight : 1
applying weight : 1
Here are the weights in c++ : 
   1.0000   1.0000   1.0000
   1.0000   1.0000   1.0000
   1.0000   1.0000   1.0000
   1.0000   1.0000   1.0000
   1.0000   1.0000   1.0000
   1.0000   1.0000   1.0000
   1.0000   1.0000   1.0000
   1.0000   1.0000   1.0000
   1.0000   1.0000   1.0000
   1.0000   1.0000   1.0000
   1.0000   1.0000   1.0000
   1.0000   1.0000   1.0000
   1.0000   1.0000   1.0000
   1.0000   1.0000   1.0000
   1.0000   1.0000   1.0000
   1.0000   1.0000   1.0000
   1.0000   1.0000   1.0000
   1.0000   1.0000   1.0000
   1.0000   1.0000   1.0000
   1.0000   1.0000   1.0000
   1.0000   1.0000   1.0000
   1.0000   1.0000   1.0000
   1.0000   1.0000   1.0000
   1.0000   1.0000   1.0000
   1.0000   1.0000   1.0000
   1.0000   1.0000   1.0000
   1.0000   1.0000   1.0000
   1.0000   1.0000   1.0000
   1.0000   1.0000   1.0000
   1.0000   1.0000   1.0000
   1.0000   1.0000   1.0000
   1.0000   1.0000   1.0000
   1.0000   1.0000   1.0000
   1.0000   1.0000   1.0000
   1.0000   1.0000   1.0000
   1.0000   1.0000   1.0000
   1.0000   1.0000   1.0000
   1.0000   1.0000   1.0000
   1.0000   1.0000   1.0000
   1.0000   1.0000   1.0000
   1.0000   1.0000   1.0000
   1.0000   1.0000   1.0000
   1.0000   1.0000   1.0000
   1.0000   1.0000   1.0000
   1.0000   1.0000   1.0000
   1.0000   1.0000   1.0000
   1.0000   1.0000   1.0000
   1.0000   1.0000   1.0000
   1.0000   1.0000   1.0000

applying weight : 1
applying weight : 1
applying weight : 1
Here are the weights in c++ : 
   1.0000   1.0000   1.0000
   1.0000   1.0000   1.0000
   1.0000   1.0000   1.0000
   1.0000   1.0000   1.0000
   1.0000   1.0000   1.0000
   1.0000   1.0000   1.0000
   1.0000   1.0000   1.0000
   1.0000   1.0000   1.0000
   1.0000   1.0000   1.0000
   1.0000   1.0000   1.0000
   1.0000   1.0000   1.0000
   1.0000   1.0000   1.0000
   1.0000   1.0000   1.0000
   1.0000   1.0000   1.0000
   1.0000   1.0000   1.0000
   1.0000   1.0000   1.0000
   1.0000   1.0000   1.0000
   1.0000   1.0000   1.0000
   1.0000   1.0000   1.0000
   1.0000   1.0000   1.0000
   1.0000   1.0000   1.0000
   1.0000   1.0000   1.0000
   1.0000   1.0000   1.0000
   1.0000   1.0000   1.0000
   1.0000   1.0000   1.0000
   1.0000   1.0000   1.0000
   1.0000   1.0000   1.0000
   1.0000   1.0000   1.0000
   1.0000   1.0000   1.0000
   1.0000   1.0000   1.0000
   1.0000   1.0000   1.0000
   1.0000   1.0000   1.0000
   1.0000   1.0000   1.0000
   1.0000   1.0000   1.0000
   1.0000   1.0000   1.0000
   1.0000   1.0000   1.0000
   1.0000   1.0000   1.0000
   1.0000   1.0000   1.0000
   1.0000   1.0000   1.0000
   1.0000   1.0000   1.0000
   1.0000   1.0000   1.0000
   1.0000   1.0000   1.0000
   1.0000   1.0000   1.0000
   1.0000   1.0000   1.0000
   1.0000   1.0000   1.0000
   1.0000   1.0000   1.0000
   1.0000   1.0000   1.0000
   1.0000   1.0000   1.0000
   1.0000   1.0000   1.0000

applying weight : 1
applying weight : 1
applying weight : 1
Here are the weights in c++ : 
   1.0000   1.0000   1.0000
   1.0000   1.0000   1.0000
   1.0000   1.0000   1.0000
   1.0000   1.0000   1.0000
   1.0000   1.0000   1.0000
   1.0000   1.0000   1.0000
   1.0000   1.0000   1.0000
   1.0000   1.0000   1.0000
   1.0000   1.0000   1.0000
   1.0000   1.0000   1.0000
   1.0000   1.0000   1.0000
   1.0000   1.0000   1.0000
   1.0000   1.0000   1.0000
   1.0000   1.0000   1.0000
   1.0000   1.0000   1.0000
   1.0000   1.0000   1.0000
   1.0000   1.0000   1.0000
   1.0000   1.0000   1.0000
   1.0000   1.0000   1.0000
   1.0000   1.0000   1.0000
   1.0000   1.0000   1.0000
   1.0000   1.0000   1.0000
   1.0000   1.0000   1.0000
   1.0000   1.0000   1.0000
   1.0000   1.0000   1.0000
   1.0000   1.0000   1.0000
   1.0000   1.0000   1.0000
   1.0000   1.0000   1.0000
   1.0000   1.0000   1.0000
   1.0000   1.0000   1.0000
   1.0000   1.0000   1.0000
   1.0000   1.0000   1.0000
   1.0000   1.0000   1.0000
   1.0000   1.0000   1.0000
   1.0000   1.0000   1.0000
   1.0000   1.0000   1.0000
   1.0000   1.0000   1.0000
   1.0000   1.0000   1.0000
   1.0000   1.0000   1.0000
   1.0000   1.0000   1.0000
   1.0000   1.0000   1.0000
   1.0000   1.0000   1.0000
   1.0000   1.0000   1.0000
   1.0000   1.0000   1.0000
   1.0000   1.0000   1.0000
   1.0000   1.0000   1.0000
   1.0000   1.0000   1.0000
   1.0000   1.0000   1.0000
   1.0000   1.0000   1.0000

applying weight : 1
applying weight : 1
applying weight : 1
Here are the weights in c++ : 
   1.0000   1.0000   1.0000
   1.0000   1.0000   1.0000
   1.0000   1.0000   1.0000
   1.0000   1.0000   1.0000
   1.0000   1.0000   1.0000
   1.0000   1.0000   1.0000
   1.0000   1.0000   1.0000
   1.0000   1.0000   1.0000
   1.0000   1.0000   1.0000
   1.0000   1.0000   1.0000
   1.0000   1.0000   1.0000
   1.0000   1.0000   1.0000
   1.0000   1.0000   1.0000
   1.0000   1.0000   1.0000
   1.0000   1.0000   1.0000
   1.0000   1.0000   1.0000
   1.0000   1.0000   1.0000
   1.0000   1.0000   1.0000
   1.0000   1.0000   1.0000
   1.0000   1.0000   1.0000
   1.0000   1.0000   1.0000
   1.0000   1.0000   1.0000
   1.0000   1.0000   1.0000
   1.0000   1.0000   1.0000
   1.0000   1.0000   1.0000
   1.0000   1.0000   1.0000
   1.0000   1.0000   1.0000
   1.0000   1.0000   1.0000
   1.0000   1.0000   1.0000
   1.0000   1.0000   1.0000
   1.0000   1.0000   1.0000
   1.0000   1.0000   1.0000
   1.0000   1.0000   1.0000
   1.0000   1.0000   1.0000
   1.0000   1.0000   1.0000
   1.0000   1.0000   1.0000
   1.0000   1.0000   1.0000
   1.0000   1.0000   1.0000
   1.0000   1.0000   1.0000
   1.0000   1.0000   1.0000
   1.0000   1.0000   1.0000
   1.0000   1.0000   1.0000
   1.0000   1.0000   1.0000
   1.0000   1.0000   1.0000
   1.0000   1.0000   1.0000
   1.0000   1.0000   1.0000
   1.0000   1.0000   1.0000
   1.0000   1.0000   1.0000
   1.0000   1.0000   1.0000

applying weight : 1
applying weight : 1
applying weight : 1
Here are the weights in c++ : 
   1.0000   1.0000   1.0000
   1.0000   1.0000   1.0000
   1.0000   1.0000   1.0000
   1.0000   1.0000   1.0000
   1.0000   1.0000   1.0000
   1.0000   1.0000   1.0000
   1.0000   1.0000   1.0000
   1.0000   1.0000   1.0000
   1.0000   1.0000   1.0000
   1.0000   1.0000   1.0000
   1.0000   1.0000   1.0000
   1.0000   1.0000   1.0000
   1.0000   1.0000   1.0000
   1.0000   1.0000   1.0000
   1.0000   1.0000   1.0000
   1.0000   1.0000   1.0000
   1.0000   1.0000   1.0000
   1.0000   1.0000   1.0000
   1.0000   1.0000   1.0000
   1.0000   1.0000   1.0000
   1.0000   1.0000   1.0000
   1.0000   1.0000   1.0000
   1.0000   1.0000   1.0000
   1.0000   1.0000   1.0000
   1.0000   1.0000   1.0000
   1.0000   1.0000   1.0000
   1.0000   1.0000   1.0000
   1.0000   1.0000   1.0000
   1.0000   1.0000   1.0000
   1.0000   1.0000   1.0000
   1.0000   1.0000   1.0000
   1.0000   1.0000   1.0000
   1.0000   1.0000   1.0000
   1.0000   1.0000   1.0000
   1.0000   1.0000   1.0000
   1.0000   1.0000   1.0000
   1.0000   1.0000   1.0000
   1.0000   1.0000   1.0000
   1.0000   1.0000   1.0000
   1.0000   1.0000   1.0000
   1.0000   1.0000   1.0000
   1.0000   1.0000   1.0000
   1.0000   1.0000   1.0000
   1.0000   1.0000   1.0000
   1.0000   1.0000   1.0000
   1.0000   1.0000   1.0000
   1.0000   1.0000   1.0000
   1.0000   1.0000   1.0000
   1.0000   1.0000   1.0000

applying weight : 1
applying weight : 1
applying weight : 1
Here are the weights in c++ : 
   1.0000   1.0000   1.0000
   1.0000   1.0000   1.0000
   1.0000   1.0000   1.0000
   1.0000   1.0000   1.0000
   1.0000   1.0000   1.0000
   1.0000   1.0000   1.0000
   1.0000   1.0000   1.0000
   1.0000   1.0000   1.0000
   1.0000   1.0000   1.0000
   1.0000   1.0000   1.0000
   1.0000   1.0000   1.0000
   1.0000   1.0000   1.0000
   1.0000   1.0000   1.0000
   1.0000   1.0000   1.0000
   1.0000   1.0000   1.0000
   1.0000   1.0000   1.0000
   1.0000   1.0000   1.0000
   1.0000   1.0000   1.0000
   1.0000   1.0000   1.0000
   1.0000   1.0000   1.0000
   1.0000   1.0000   1.0000
   1.0000   1.0000   1.0000
   1.0000   1.0000   1.0000
   1.0000   1.0000   1.0000
   1.0000   1.0000   1.0000
   1.0000   1.0000   1.0000
   1.0000   1.0000   1.0000
   1.0000   1.0000   1.0000
   1.0000   1.0000   1.0000
   1.0000   1.0000   1.0000
   1.0000   1.0000   1.0000
   1.0000   1.0000   1.0000
   1.0000   1.0000   1.0000
   1.0000   1.0000   1.0000
   1.0000   1.0000   1.0000
   1.0000   1.0000   1.0000
   1.0000   1.0000   1.0000
   1.0000   1.0000   1.0000
   1.0000   1.0000   1.0000
   1.0000   1.0000   1.0000
   1.0000   1.0000   1.0000
   1.0000   1.0000   1.0000
   1.0000   1.0000   1.0000
   1.0000   1.0000   1.0000
   1.0000   1.0000   1.0000
   1.0000   1.0000   1.0000
   1.0000   1.0000   1.0000
   1.0000   1.0000   1.0000
   1.0000   1.0000   1.0000

applying weight : 1
applying weight : 1
applying weight : 1
Here are the weights in c++ : 
   1.0000   1.0000   1.0000
   1.0000   1.0000   1.0000
   1.0000   1.0000   1.0000
   1.0000   1.0000   1.0000
   1.0000   1.0000   1.0000
   1.0000   1.0000   1.0000
   1.0000   1.0000   1.0000
   1.0000   1.0000   1.0000
   1.0000   1.0000   1.0000
   1.0000   1.0000   1.0000
   1.0000   1.0000   1.0000
   1.0000   1.0000   1.0000
   1.0000   1.0000   1.0000
   1.0000   1.0000   1.0000
   1.0000   1.0000   1.0000
   1.0000   1.0000   1.0000
   1.0000   1.0000   1.0000
   1.0000   1.0000   1.0000
   1.0000   1.0000   1.0000
   1.0000   1.0000   1.0000
   1.0000   1.0000   1.0000
   1.0000   1.0000   1.0000
   1.0000   1.0000   1.0000
   1.0000   1.0000   1.0000
   1.0000   1.0000   1.0000
   1.0000   1.0000   1.0000
   1.0000   1.0000   1.0000
   1.0000   1.0000   1.0000
   1.0000   1.0000   1.0000
   1.0000   1.0000   1.0000
   1.0000   1.0000   1.0000
   1.0000   1.0000   1.0000
   1.0000   1.0000   1.0000
   1.0000   1.0000   1.0000
   1.0000   1.0000   1.0000
   1.0000   1.0000   1.0000
   1.0000   1.0000   1.0000
   1.0000   1.0000   1.0000
   1.0000   1.0000   1.0000
   1.0000   1.0000   1.0000
   1.0000   1.0000   1.0000
   1.0000   1.0000   1.0000
   1.0000   1.0000   1.0000
   1.0000   1.0000   1.0000
   1.0000   1.0000   1.0000
   1.0000   1.0000   1.0000
   1.0000   1.0000   1.0000
   1.0000   1.0000   1.0000
   1.0000   1.0000   1.0000

applying weight : 1
applying weight : 1
applying weight : 1
Here are the weights in c++ : 
   1.0000   1.0000   1.0000
   1.0000   1.0000   1.0000
   1.0000   1.0000   1.0000
   1.0000   1.0000   1.0000
   1.0000   1.0000   1.0000
   1.0000   1.0000   1.0000
   1.0000   1.0000   1.0000
   1.0000   1.0000   1.0000
   1.0000   1.0000   1.0000
   1.0000   1.0000   1.0000
   1.0000   1.0000   1.0000
   1.0000   1.0000   1.0000
   1.0000   1.0000   1.0000
   1.0000   1.0000   1.0000
   1.0000   1.0000   1.0000
   1.0000   1.0000   1.0000
   1.0000   1.0000   1.0000
   1.0000   1.0000   1.0000
   1.0000   1.0000   1.0000
   1.0000   1.0000   1.0000
   1.0000   1.0000   1.0000
   1.0000   1.0000   1.0000
   1.0000   1.0000   1.0000
   1.0000   1.0000   1.0000
   1.0000   1.0000   1.0000
   1.0000   1.0000   1.0000
   1.0000   1.0000   1.0000
   1.0000   1.0000   1.0000
   1.0000   1.0000   1.0000
   1.0000   1.0000   1.0000
   1.0000   1.0000   1.0000
   1.0000   1.0000   1.0000
   1.0000   1.0000   1.0000
   1.0000   1.0000   1.0000
   1.0000   1.0000   1.0000
   1.0000   1.0000   1.0000
   1.0000   1.0000   1.0000
   1.0000   1.0000   1.0000
   1.0000   1.0000   1.0000
   1.0000   1.0000   1.0000
   1.0000   1.0000   1.0000
   1.0000   1.0000   1.0000
   1.0000   1.0000   1.0000
   1.0000   1.0000   1.0000
   1.0000   1.0000   1.0000
   1.0000   1.0000   1.0000
   1.0000   1.0000   1.0000
   1.0000   1.0000   1.0000
   1.0000   1.0000   1.0000

applying weight : 1
applying weight : 1
applying weight : 1
Here are the weights in c++ : 
   1.0000   1.0000   1.0000
   1.0000   1.0000   1.0000
   1.0000   1.0000   1.0000
   1.0000   1.0000   1.0000
   1.0000   1.0000   1.0000
   1.0000   1.0000   1.0000
   1.0000   1.0000   1.0000
   1.0000   1.0000   1.0000
   1.0000   1.0000   1.0000
   1.0000   1.0000   1.0000
   1.0000   1.0000   1.0000
   1.0000   1.0000   1.0000
   1.0000   1.0000   1.0000
   1.0000   1.0000   1.0000
   1.0000   1.0000   1.0000
   1.0000   1.0000   1.0000
   1.0000   1.0000   1.0000
   1.0000   1.0000   1.0000
   1.0000   1.0000   1.0000
   1.0000   1.0000   1.0000
   1.0000   1.0000   1.0000
   1.0000   1.0000   1.0000
   1.0000   1.0000   1.0000
   1.0000   1.0000   1.0000
   1.0000   1.0000   1.0000
   1.0000   1.0000   1.0000
   1.0000   1.0000   1.0000
   1.0000   1.0000   1.0000
   1.0000   1.0000   1.0000
   1.0000   1.0000   1.0000
   1.0000   1.0000   1.0000
   1.0000   1.0000   1.0000
   1.0000   1.0000   1.0000
   1.0000   1.0000   1.0000
   1.0000   1.0000   1.0000
   1.0000   1.0000   1.0000
   1.0000   1.0000   1.0000
   1.0000   1.0000   1.0000
   1.0000   1.0000   1.0000
   1.0000   1.0000   1.0000
   1.0000   1.0000   1.0000
   1.0000   1.0000   1.0000
   1.0000   1.0000   1.0000
   1.0000   1.0000   1.0000
   1.0000   1.0000   1.0000
   1.0000   1.0000   1.0000
   1.0000   1.0000   1.0000
   1.0000   1.0000   1.0000
   1.0000   1.0000   1.0000

applying weight : 1
applying weight : 1
applying weight : 1
Here are the weights in c++ : 
   1.0000   1.0000   1.0000
   1.0000   1.0000   1.0000
   1.0000   1.0000   1.0000
   1.0000   1.0000   1.0000
   1.0000   1.0000   1.0000
   1.0000   1.0000   1.0000
   1.0000   1.0000   1.0000
   1.0000   1.0000   1.0000
   1.0000   1.0000   1.0000
   1.0000   1.0000   1.0000
   1.0000   1.0000   1.0000
   1.0000   1.0000   1.0000
   1.0000   1.0000   1.0000
   1.0000   1.0000   1.0000
   1.0000   1.0000   1.0000
   1.0000   1.0000   1.0000
   1.0000   1.0000   1.0000
   1.0000   1.0000   1.0000
   1.0000   1.0000   1.0000
   1.0000   1.0000   1.0000
   1.0000   1.0000   1.0000
   1.0000   1.0000   1.0000
   1.0000   1.0000   1.0000
   1.0000   1.0000   1.0000
   1.0000   1.0000   1.0000
   1.0000   1.0000   1.0000
   1.0000   1.0000   1.0000
   1.0000   1.0000   1.0000
   1.0000   1.0000   1.0000
   1.0000   1.0000   1.0000
   1.0000   1.0000   1.0000
   1.0000   1.0000   1.0000
   1.0000   1.0000   1.0000
   1.0000   1.0000   1.0000
   1.0000   1.0000   1.0000
   1.0000   1.0000   1.0000
   1.0000   1.0000   1.0000
   1.0000   1.0000   1.0000
   1.0000   1.0000   1.0000
   1.0000   1.0000   1.0000
   1.0000   1.0000   1.0000
   1.0000   1.0000   1.0000
   1.0000   1.0000   1.0000
   1.0000   1.0000   1.0000
   1.0000   1.0000   1.0000
   1.0000   1.0000   1.0000
   1.0000   1.0000   1.0000
   1.0000   1.0000   1.0000
   1.0000   1.0000   1.0000

applying weight : 1
applying weight : 1
applying weight : 1
Here are the weights in c++ : 
   1.0000   1.0000   1.0000
   1.0000   1.0000   1.0000
   1.0000   1.0000   1.0000
   1.0000   1.0000   1.0000
   1.0000   1.0000   1.0000
   1.0000   1.0000   1.0000
   1.0000   1.0000   1.0000
   1.0000   1.0000   1.0000
   1.0000   1.0000   1.0000
   1.0000   1.0000   1.0000
   1.0000   1.0000   1.0000
   1.0000   1.0000   1.0000
   1.0000   1.0000   1.0000
   1.0000   1.0000   1.0000
   1.0000   1.0000   1.0000
   1.0000   1.0000   1.0000
   1.0000   1.0000   1.0000
   1.0000   1.0000   1.0000
   1.0000   1.0000   1.0000
   1.0000   1.0000   1.0000
   1.0000   1.0000   1.0000
   1.0000   1.0000   1.0000
   1.0000   1.0000   1.0000
   1.0000   1.0000   1.0000
   1.0000   1.0000   1.0000
   1.0000   1.0000   1.0000
   1.0000   1.0000   1.0000
   1.0000   1.0000   1.0000
   1.0000   1.0000   1.0000
   1.0000   1.0000   1.0000
   1.0000   1.0000   1.0000
   1.0000   1.0000   1.0000
   1.0000   1.0000   1.0000
   1.0000   1.0000   1.0000
   1.0000   1.0000   1.0000
   1.0000   1.0000   1.0000
   1.0000   1.0000   1.0000
   1.0000   1.0000   1.0000
   1.0000   1.0000   1.0000
   1.0000   1.0000   1.0000
   1.0000   1.0000   1.0000
   1.0000   1.0000   1.0000
   1.0000   1.0000   1.0000
   1.0000   1.0000   1.0000
   1.0000   1.0000   1.0000
   1.0000   1.0000   1.0000
   1.0000   1.0000   1.0000
   1.0000   1.0000   1.0000
   1.0000   1.0000   1.0000

applying weight : 1
applying weight : 1
applying weight : 1
Here are the weights in c++ : 
   1.0000   1.0000   1.0000
   1.0000   1.0000   1.0000
   1.0000   1.0000   1.0000
   1.0000   1.0000   1.0000
   1.0000   1.0000   1.0000
   1.0000   1.0000   1.0000
   1.0000   1.0000   1.0000
   1.0000   1.0000   1.0000
   1.0000   1.0000   1.0000
   1.0000   1.0000   1.0000
   1.0000   1.0000   1.0000
   1.0000   1.0000   1.0000
   1.0000   1.0000   1.0000
   1.0000   1.0000   1.0000
   1.0000   1.0000   1.0000
   1.0000   1.0000   1.0000
   1.0000   1.0000   1.0000
   1.0000   1.0000   1.0000
   1.0000   1.0000   1.0000
   1.0000   1.0000   1.0000
   1.0000   1.0000   1.0000
   1.0000   1.0000   1.0000
   1.0000   1.0000   1.0000
   1.0000   1.0000   1.0000
   1.0000   1.0000   1.0000
   1.0000   1.0000   1.0000
   1.0000   1.0000   1.0000
   1.0000   1.0000   1.0000
   1.0000   1.0000   1.0000
   1.0000   1.0000   1.0000
   1.0000   1.0000   1.0000
   1.0000   1.0000   1.0000
   1.0000   1.0000   1.0000
   1.0000   1.0000   1.0000
   1.0000   1.0000   1.0000
   1.0000   1.0000   1.0000
   1.0000   1.0000   1.0000
   1.0000   1.0000   1.0000
   1.0000   1.0000   1.0000
   1.0000   1.0000   1.0000
   1.0000   1.0000   1.0000
   1.0000   1.0000   1.0000
   1.0000   1.0000   1.0000
   1.0000   1.0000   1.0000
   1.0000   1.0000   1.0000
   1.0000   1.0000   1.0000
   1.0000   1.0000   1.0000
   1.0000   1.0000   1.0000
   1.0000   1.0000   1.0000

applying weight : 1
applying weight : 1
applying weight : 1
Here are the weights in c++ : 
   1.0000   1.0000   1.0000
   1.0000   1.0000   1.0000
   1.0000   1.0000   1.0000
   1.0000   1.0000   1.0000
   1.0000   1.0000   1.0000
   1.0000   1.0000   1.0000
   1.0000   1.0000   1.0000
   1.0000   1.0000   1.0000
   1.0000   1.0000   1.0000
   1.0000   1.0000   1.0000
   1.0000   1.0000   1.0000
   1.0000   1.0000   1.0000
   1.0000   1.0000   1.0000
   1.0000   1.0000   1.0000
   1.0000   1.0000   1.0000
   1.0000   1.0000   1.0000
   1.0000   1.0000   1.0000
   1.0000   1.0000   1.0000
   1.0000   1.0000   1.0000
   1.0000   1.0000   1.0000
   1.0000   1.0000   1.0000
   1.0000   1.0000   1.0000
   1.0000   1.0000   1.0000
   1.0000   1.0000   1.0000
   1.0000   1.0000   1.0000
   1.0000   1.0000   1.0000
   1.0000   1.0000   1.0000
   1.0000   1.0000   1.0000
   1.0000   1.0000   1.0000
   1.0000   1.0000   1.0000
   1.0000   1.0000   1.0000
   1.0000   1.0000   1.0000
   1.0000   1.0000   1.0000
   1.0000   1.0000   1.0000
   1.0000   1.0000   1.0000
   1.0000   1.0000   1.0000
   1.0000   1.0000   1.0000
   1.0000   1.0000   1.0000
   1.0000   1.0000   1.0000
   1.0000   1.0000   1.0000
   1.0000   1.0000   1.0000
   1.0000   1.0000   1.0000
   1.0000   1.0000   1.0000
   1.0000   1.0000   1.0000
   1.0000   1.0000   1.0000
   1.0000   1.0000   1.0000
   1.0000   1.0000   1.0000
   1.0000   1.0000   1.0000
   1.0000   1.0000   1.0000

applying weight : 1
applying weight : 1
applying weight : 1
Here are the weights in c++ : 
   1.0000   1.0000   1.0000
   1.0000   1.0000   1.0000
   1.0000   1.0000   1.0000
   1.0000   1.0000   1.0000
   1.0000   1.0000   1.0000
   1.0000   1.0000   1.0000
   1.0000   1.0000   1.0000
   1.0000   1.0000   1.0000
   1.0000   1.0000   1.0000
   1.0000   1.0000   1.0000
   1.0000   1.0000   1.0000
   1.0000   1.0000   1.0000
   1.0000   1.0000   1.0000
   1.0000   1.0000   1.0000
   1.0000   1.0000   1.0000
   1.0000   1.0000   1.0000
   1.0000   1.0000   1.0000
   1.0000   1.0000   1.0000
   1.0000   1.0000   1.0000
   1.0000   1.0000   1.0000
   1.0000   1.0000   1.0000
   1.0000   1.0000   1.0000
   1.0000   1.0000   1.0000
   1.0000   1.0000   1.0000
   1.0000   1.0000   1.0000
   1.0000   1.0000   1.0000
   1.0000   1.0000   1.0000
   1.0000   1.0000   1.0000
   1.0000   1.0000   1.0000
   1.0000   1.0000   1.0000
   1.0000   1.0000   1.0000
   1.0000   1.0000   1.0000
   1.0000   1.0000   1.0000
   1.0000   1.0000   1.0000
   1.0000   1.0000   1.0000
   1.0000   1.0000   1.0000
   1.0000   1.0000   1.0000
   1.0000   1.0000   1.0000
   1.0000   1.0000   1.0000
   1.0000   1.0000   1.0000
   1.0000   1.0000   1.0000
   1.0000   1.0000   1.0000
   1.0000   1.0000   1.0000
   1.0000   1.0000   1.0000
   1.0000   1.0000   1.0000
   1.0000   1.0000   1.0000
   1.0000   1.0000   1.0000
   1.0000   1.0000   1.0000
   1.0000   1.0000   1.0000

applying weight : 1
applying weight : 1
applying weight : 1
Here are the weights in c++ : 
   1.0000   1.0000   1.0000
   1.0000   1.0000   1.0000
   1.0000   1.0000   1.0000
   1.0000   1.0000   1.0000
   1.0000   1.0000   1.0000
   1.0000   1.0000   1.0000
   1.0000   1.0000   1.0000
   1.0000   1.0000   1.0000
   1.0000   1.0000   1.0000
   1.0000   1.0000   1.0000
   1.0000   1.0000   1.0000
   1.0000   1.0000   1.0000
   1.0000   1.0000   1.0000
   1.0000   1.0000   1.0000
   1.0000   1.0000   1.0000
   1.0000   1.0000   1.0000
   1.0000   1.0000   1.0000
   1.0000   1.0000   1.0000
   1.0000   1.0000   1.0000
   1.0000   1.0000   1.0000
   1.0000   1.0000   1.0000
   1.0000   1.0000   1.0000
   1.0000   1.0000   1.0000
   1.0000   1.0000   1.0000
   1.0000   1.0000   1.0000
   1.0000   1.0000   1.0000
   1.0000   1.0000   1.0000
   1.0000   1.0000   1.0000
   1.0000   1.0000   1.0000
   1.0000   1.0000   1.0000
   1.0000   1.0000   1.0000
   1.0000   1.0000   1.0000
   1.0000   1.0000   1.0000
   1.0000   1.0000   1.0000
   1.0000   1.0000   1.0000
   1.0000   1.0000   1.0000
   1.0000   1.0000   1.0000
   1.0000   1.0000   1.0000
   1.0000   1.0000   1.0000
   1.0000   1.0000   1.0000
   1.0000   1.0000   1.0000
   1.0000   1.0000   1.0000
   1.0000   1.0000   1.0000
   1.0000   1.0000   1.0000
   1.0000   1.0000   1.0000
   1.0000   1.0000   1.0000
   1.0000   1.0000   1.0000
   1.0000   1.0000   1.0000
   1.0000   1.0000   1.0000

applying weight : 1
applying weight : 1
applying weight : 1
Here are the weights in c++ : 
   1.0000   1.0000   1.0000
   1.0000   1.0000   1.0000
   1.0000   1.0000   1.0000
   1.0000   1.0000   1.0000
   1.0000   1.0000   1.0000
   1.0000   1.0000   1.0000
   1.0000   1.0000   1.0000
   1.0000   1.0000   1.0000
   1.0000   1.0000   1.0000
   1.0000   1.0000   1.0000
   1.0000   1.0000   1.0000
   1.0000   1.0000   1.0000
   1.0000   1.0000   1.0000
   1.0000   1.0000   1.0000
   1.0000   1.0000   1.0000
   1.0000   1.0000   1.0000
   1.0000   1.0000   1.0000
   1.0000   1.0000   1.0000
   1.0000   1.0000   1.0000
   1.0000   1.0000   1.0000
   1.0000   1.0000   1.0000
   1.0000   1.0000   1.0000
   1.0000   1.0000   1.0000
   1.0000   1.0000   1.0000
   1.0000   1.0000   1.0000
   1.0000   1.0000   1.0000
   1.0000   1.0000   1.0000
   1.0000   1.0000   1.0000
   1.0000   1.0000   1.0000
   1.0000   1.0000   1.0000
   1.0000   1.0000   1.0000
   1.0000   1.0000   1.0000
   1.0000   1.0000   1.0000
   1.0000   1.0000   1.0000
   1.0000   1.0000   1.0000
   1.0000   1.0000   1.0000
   1.0000   1.0000   1.0000
   1.0000   1.0000   1.0000
   1.0000   1.0000   1.0000
   1.0000   1.0000   1.0000
   1.0000   1.0000   1.0000
   1.0000   1.0000   1.0000
   1.0000   1.0000   1.0000
   1.0000   1.0000   1.0000
   1.0000   1.0000   1.0000
   1.0000   1.0000   1.0000
   1.0000   1.0000   1.0000
   1.0000   1.0000   1.0000
   1.0000   1.0000   1.0000

applying weight : 1
applying weight : 1
applying weight : 1
Here are the weights in c++ : 
   1.0000   1.0000   1.0000
   1.0000   1.0000   1.0000
   1.0000   1.0000   1.0000
   1.0000   1.0000   1.0000
   1.0000   1.0000   1.0000
   1.0000   1.0000   1.0000
   1.0000   1.0000   1.0000
   1.0000   1.0000   1.0000
   1.0000   1.0000   1.0000
   1.0000   1.0000   1.0000
   1.0000   1.0000   1.0000
   1.0000   1.0000   1.0000
   1.0000   1.0000   1.0000
   1.0000   1.0000   1.0000
   1.0000   1.0000   1.0000
   1.0000   1.0000   1.0000
   1.0000   1.0000   1.0000
   1.0000   1.0000   1.0000
   1.0000   1.0000   1.0000
   1.0000   1.0000   1.0000
   1.0000   1.0000   1.0000
   1.0000   1.0000   1.0000
   1.0000   1.0000   1.0000
   1.0000   1.0000   1.0000
   1.0000   1.0000   1.0000
   1.0000   1.0000   1.0000
   1.0000   1.0000   1.0000
   1.0000   1.0000   1.0000
   1.0000   1.0000   1.0000
   1.0000   1.0000   1.0000
   1.0000   1.0000   1.0000
   1.0000   1.0000   1.0000
   1.0000   1.0000   1.0000
   1.0000   1.0000   1.0000
   1.0000   1.0000   1.0000
   1.0000   1.0000   1.0000
   1.0000   1.0000   1.0000
   1.0000   1.0000   1.0000
   1.0000   1.0000   1.0000
   1.0000   1.0000   1.0000
   1.0000   1.0000   1.0000
   1.0000   1.0000   1.0000
   1.0000   1.0000   1.0000
   1.0000   1.0000   1.0000
   1.0000   1.0000   1.0000
   1.0000   1.0000   1.0000
   1.0000   1.0000   1.0000
   1.0000   1.0000   1.0000
   1.0000   1.0000   1.0000

applying weight : 1
applying weight : 1
applying weight : 1
Here are the weights in c++ : 
   1.0000   1.0000   1.0000
   1.0000   1.0000   1.0000
   1.0000   1.0000   1.0000
   1.0000   1.0000   1.0000
   1.0000   1.0000   1.0000
   1.0000   1.0000   1.0000
   1.0000   1.0000   1.0000
   1.0000   1.0000   1.0000
   1.0000   1.0000   1.0000
   1.0000   1.0000   1.0000
   1.0000   1.0000   1.0000
   1.0000   1.0000   1.0000
   1.0000   1.0000   1.0000
   1.0000   1.0000   1.0000
   1.0000   1.0000   1.0000
   1.0000   1.0000   1.0000
   1.0000   1.0000   1.0000
   1.0000   1.0000   1.0000
   1.0000   1.0000   1.0000
   1.0000   1.0000   1.0000
   1.0000   1.0000   1.0000
   1.0000   1.0000   1.0000
   1.0000   1.0000   1.0000
   1.0000   1.0000   1.0000
   1.0000   1.0000   1.0000
   1.0000   1.0000   1.0000
   1.0000   1.0000   1.0000
   1.0000   1.0000   1.0000
   1.0000   1.0000   1.0000
   1.0000   1.0000   1.0000
   1.0000   1.0000   1.0000
   1.0000   1.0000   1.0000
   1.0000   1.0000   1.0000
   1.0000   1.0000   1.0000
   1.0000   1.0000   1.0000
   1.0000   1.0000   1.0000
   1.0000   1.0000   1.0000
   1.0000   1.0000   1.0000
   1.0000   1.0000   1.0000
   1.0000   1.0000   1.0000
   1.0000   1.0000   1.0000
   1.0000   1.0000   1.0000
   1.0000   1.0000   1.0000
   1.0000   1.0000   1.0000
   1.0000   1.0000   1.0000
   1.0000   1.0000   1.0000
   1.0000   1.0000   1.0000
   1.0000   1.0000   1.0000
   1.0000   1.0000   1.0000

applying weight : 1
applying weight : 1
applying weight : 1
Here are the weights in c++ : 
   1.0000   1.0000   1.0000
   1.0000   1.0000   1.0000
   1.0000   1.0000   1.0000
   1.0000   1.0000   1.0000
   1.0000   1.0000   1.0000
   1.0000   1.0000   1.0000
   1.0000   1.0000   1.0000
   1.0000   1.0000   1.0000
   1.0000   1.0000   1.0000
   1.0000   1.0000   1.0000
   1.0000   1.0000   1.0000
   1.0000   1.0000   1.0000
   1.0000   1.0000   1.0000
   1.0000   1.0000   1.0000
   1.0000   1.0000   1.0000
   1.0000   1.0000   1.0000
   1.0000   1.0000   1.0000
   1.0000   1.0000   1.0000
   1.0000   1.0000   1.0000
   1.0000   1.0000   1.0000
   1.0000   1.0000   1.0000
   1.0000   1.0000   1.0000
   1.0000   1.0000   1.0000
   1.0000   1.0000   1.0000
   1.0000   1.0000   1.0000
   1.0000   1.0000   1.0000
   1.0000   1.0000   1.0000
   1.0000   1.0000   1.0000
   1.0000   1.0000   1.0000
   1.0000   1.0000   1.0000
   1.0000   1.0000   1.0000
   1.0000   1.0000   1.0000
   1.0000   1.0000   1.0000
   1.0000   1.0000   1.0000
   1.0000   1.0000   1.0000
   1.0000   1.0000   1.0000
   1.0000   1.0000   1.0000
   1.0000   1.0000   1.0000
   1.0000   1.0000   1.0000
   1.0000   1.0000   1.0000
   1.0000   1.0000   1.0000
   1.0000   1.0000   1.0000
   1.0000   1.0000   1.0000
   1.0000   1.0000   1.0000
   1.0000   1.0000   1.0000
   1.0000   1.0000   1.0000
   1.0000   1.0000   1.0000
   1.0000   1.0000   1.0000
   1.0000   1.0000   1.0000

applying weight : 1
applying weight : 1
applying weight : 1
Here are the weights in c++ : 
   1.0000   1.0000   1.0000
   1.0000   1.0000   1.0000
   1.0000   1.0000   1.0000
   1.0000   1.0000   1.0000
   1.0000   1.0000   1.0000
   1.0000   1.0000   1.0000
   1.0000   1.0000   1.0000
   1.0000   1.0000   1.0000
   1.0000   1.0000   1.0000
   1.0000   1.0000   1.0000
   1.0000   1.0000   1.0000
   1.0000   1.0000   1.0000
   1.0000   1.0000   1.0000
   1.0000   1.0000   1.0000
   1.0000   1.0000   1.0000
   1.0000   1.0000   1.0000
   1.0000   1.0000   1.0000
   1.0000   1.0000   1.0000
   1.0000   1.0000   1.0000
   1.0000   1.0000   1.0000
   1.0000   1.0000   1.0000
   1.0000   1.0000   1.0000
   1.0000   1.0000   1.0000
   1.0000   1.0000   1.0000
   1.0000   1.0000   1.0000
   1.0000   1.0000   1.0000
   1.0000   1.0000   1.0000
   1.0000   1.0000   1.0000
   1.0000   1.0000   1.0000
   1.0000   1.0000   1.0000
   1.0000   1.0000   1.0000
   1.0000   1.0000   1.0000
   1.0000   1.0000   1.0000
   1.0000   1.0000   1.0000
   1.0000   1.0000   1.0000
   1.0000   1.0000   1.0000
   1.0000   1.0000   1.0000
   1.0000   1.0000   1.0000
   1.0000   1.0000   1.0000
   1.0000   1.0000   1.0000
   1.0000   1.0000   1.0000
   1.0000   1.0000   1.0000
   1.0000   1.0000   1.0000
   1.0000   1.0000   1.0000
   1.0000   1.0000   1.0000
   1.0000   1.0000   1.0000
   1.0000   1.0000   1.0000
   1.0000   1.0000   1.0000
   1.0000   1.0000   1.0000

applying weight : 1
applying weight : 1
applying weight : 1
Here are the weights in c++ : 
   1.0000   1.0000   1.0000
   1.0000   1.0000   1.0000
   1.0000   1.0000   1.0000
   1.0000   1.0000   1.0000
   1.0000   1.0000   1.0000
   1.0000   1.0000   1.0000
   1.0000   1.0000   1.0000
   1.0000   1.0000   1.0000
   1.0000   1.0000   1.0000
   1.0000   1.0000   1.0000
   1.0000   1.0000   1.0000
   1.0000   1.0000   1.0000
   1.0000   1.0000   1.0000
   1.0000   1.0000   1.0000
   1.0000   1.0000   1.0000
   1.0000   1.0000   1.0000
   1.0000   1.0000   1.0000
   1.0000   1.0000   1.0000
   1.0000   1.0000   1.0000
   1.0000   1.0000   1.0000
   1.0000   1.0000   1.0000
   1.0000   1.0000   1.0000
   1.0000   1.0000   1.0000
   1.0000   1.0000   1.0000
   1.0000   1.0000   1.0000
   1.0000   1.0000   1.0000
   1.0000   1.0000   1.0000
   1.0000   1.0000   1.0000
   1.0000   1.0000   1.0000
   1.0000   1.0000   1.0000
   1.0000   1.0000   1.0000
   1.0000   1.0000   1.0000
   1.0000   1.0000   1.0000
   1.0000   1.0000   1.0000
   1.0000   1.0000   1.0000
   1.0000   1.0000   1.0000
   1.0000   1.0000   1.0000
   1.0000   1.0000   1.0000
   1.0000   1.0000   1.0000
   1.0000   1.0000   1.0000
   1.0000   1.0000   1.0000
   1.0000   1.0000   1.0000
   1.0000   1.0000   1.0000
   1.0000   1.0000   1.0000
   1.0000   1.0000   1.0000
   1.0000   1.0000   1.0000
   1.0000   1.0000   1.0000
   1.0000   1.0000   1.0000
   1.0000   1.0000   1.0000

applying weight : 1
applying weight : 1
applying weight : 1
Here are the weights in c++ : 
   1.0000   1.0000   1.0000
   1.0000   1.0000   1.0000
   1.0000   1.0000   1.0000
   1.0000   1.0000   1.0000
   1.0000   1.0000   1.0000
   1.0000   1.0000   1.0000
   1.0000   1.0000   1.0000
   1.0000   1.0000   1.0000
   1.0000   1.0000   1.0000
   1.0000   1.0000   1.0000
   1.0000   1.0000   1.0000
   1.0000   1.0000   1.0000
   1.0000   1.0000   1.0000
   1.0000   1.0000   1.0000
   1.0000   1.0000   1.0000
   1.0000   1.0000   1.0000
   1.0000   1.0000   1.0000
   1.0000   1.0000   1.0000
   1.0000   1.0000   1.0000
   1.0000   1.0000   1.0000
   1.0000   1.0000   1.0000
   1.0000   1.0000   1.0000
   1.0000   1.0000   1.0000
   1.0000   1.0000   1.0000
   1.0000   1.0000   1.0000
   1.0000   1.0000   1.0000
   1.0000   1.0000   1.0000
   1.0000   1.0000   1.0000
   1.0000   1.0000   1.0000
   1.0000   1.0000   1.0000
   1.0000   1.0000   1.0000
   1.0000   1.0000   1.0000
   1.0000   1.0000   1.0000
   1.0000   1.0000   1.0000
   1.0000   1.0000   1.0000
   1.0000   1.0000   1.0000
   1.0000   1.0000   1.0000
   1.0000   1.0000   1.0000
   1.0000   1.0000   1.0000
   1.0000   1.0000   1.0000
   1.0000   1.0000   1.0000
   1.0000   1.0000   1.0000
   1.0000   1.0000   1.0000
   1.0000   1.0000   1.0000
   1.0000   1.0000   1.0000
   1.0000   1.0000   1.0000
   1.0000   1.0000   1.0000
   1.0000   1.0000   1.0000
   1.0000   1.0000   1.0000

applying weight : 1
applying weight : 1
applying weight : 1
Here are the weights in c++ : 
   1.0000   1.0000   1.0000
   1.0000   1.0000   1.0000
   1.0000   1.0000   1.0000
   1.0000   1.0000   1.0000
   1.0000   1.0000   1.0000
   1.0000   1.0000   1.0000
   1.0000   1.0000   1.0000
   1.0000   1.0000   1.0000
   1.0000   1.0000   1.0000
   1.0000   1.0000   1.0000
   1.0000   1.0000   1.0000
   1.0000   1.0000   1.0000
   1.0000   1.0000   1.0000
   1.0000   1.0000   1.0000
   1.0000   1.0000   1.0000
   1.0000   1.0000   1.0000
   1.0000   1.0000   1.0000
   1.0000   1.0000   1.0000
   1.0000   1.0000   1.0000
   1.0000   1.0000   1.0000
   1.0000   1.0000   1.0000
   1.0000   1.0000   1.0000
   1.0000   1.0000   1.0000
   1.0000   1.0000   1.0000
   1.0000   1.0000   1.0000
   1.0000   1.0000   1.0000
   1.0000   1.0000   1.0000
   1.0000   1.0000   1.0000
   1.0000   1.0000   1.0000
   1.0000   1.0000   1.0000
   1.0000   1.0000   1.0000
   1.0000   1.0000   1.0000
   1.0000   1.0000   1.0000
   1.0000   1.0000   1.0000
   1.0000   1.0000   1.0000
   1.0000   1.0000   1.0000
   1.0000   1.0000   1.0000
   1.0000   1.0000   1.0000
   1.0000   1.0000   1.0000
   1.0000   1.0000   1.0000
   1.0000   1.0000   1.0000
   1.0000   1.0000   1.0000
   1.0000   1.0000   1.0000
   1.0000   1.0000   1.0000
   1.0000   1.0000   1.0000
   1.0000   1.0000   1.0000
   1.0000   1.0000   1.0000
   1.0000   1.0000   1.0000
   1.0000   1.0000   1.0000

applying weight : 1
applying weight : 1
applying weight : 1
Here are the weights in c++ : 
   1.0000   1.0000   1.0000
   1.0000   1.0000   1.0000
   1.0000   1.0000   1.0000
   1.0000   1.0000   1.0000
   1.0000   1.0000   1.0000
   1.0000   1.0000   1.0000
   1.0000   1.0000   1.0000
   1.0000   1.0000   1.0000
   1.0000   1.0000   1.0000
   1.0000   1.0000   1.0000
   1.0000   1.0000   1.0000
   1.0000   1.0000   1.0000
   1.0000   1.0000   1.0000
   1.0000   1.0000   1.0000
   1.0000   1.0000   1.0000
   1.0000   1.0000   1.0000
   1.0000   1.0000   1.0000
   1.0000   1.0000   1.0000
   1.0000   1.0000   1.0000
   1.0000   1.0000   1.0000
   1.0000   1.0000   1.0000
   1.0000   1.0000   1.0000
   1.0000   1.0000   1.0000
   1.0000   1.0000   1.0000
   1.0000   1.0000   1.0000
   1.0000   1.0000   1.0000
   1.0000   1.0000   1.0000
   1.0000   1.0000   1.0000
   1.0000   1.0000   1.0000
   1.0000   1.0000   1.0000
   1.0000   1.0000   1.0000
   1.0000   1.0000   1.0000
   1.0000   1.0000   1.0000
   1.0000   1.0000   1.0000
   1.0000   1.0000   1.0000
   1.0000   1.0000   1.0000
   1.0000   1.0000   1.0000
   1.0000   1.0000   1.0000
   1.0000   1.0000   1.0000
   1.0000   1.0000   1.0000
   1.0000   1.0000   1.0000
   1.0000   1.0000   1.0000
   1.0000   1.0000   1.0000
   1.0000   1.0000   1.0000
   1.0000   1.0000   1.0000
   1.0000   1.0000   1.0000
   1.0000   1.0000   1.0000
   1.0000   1.0000   1.0000
   1.0000   1.0000   1.0000

applying weight : 1
applying weight : 1
applying weight : 1
Here are the weights in c++ : 
   1.0000   1.0000   1.0000
   1.0000   1.0000   1.0000
   1.0000   1.0000   1.0000
   1.0000   1.0000   1.0000
   1.0000   1.0000   1.0000
   1.0000   1.0000   1.0000
   1.0000   1.0000   1.0000
   1.0000   1.0000   1.0000
   1.0000   1.0000   1.0000
   1.0000   1.0000   1.0000
   1.0000   1.0000   1.0000
   1.0000   1.0000   1.0000
   1.0000   1.0000   1.0000
   1.0000   1.0000   1.0000
   1.0000   1.0000   1.0000
   1.0000   1.0000   1.0000
   1.0000   1.0000   1.0000
   1.0000   1.0000   1.0000
   1.0000   1.0000   1.0000
   1.0000   1.0000   1.0000
   1.0000   1.0000   1.0000
   1.0000   1.0000   1.0000
   1.0000   1.0000   1.0000
   1.0000   1.0000   1.0000
   1.0000   1.0000   1.0000
   1.0000   1.0000   1.0000
   1.0000   1.0000   1.0000
   1.0000   1.0000   1.0000
   1.0000   1.0000   1.0000
   1.0000   1.0000   1.0000
   1.0000   1.0000   1.0000
   1.0000   1.0000   1.0000
   1.0000   1.0000   1.0000
   1.0000   1.0000   1.0000
   1.0000   1.0000   1.0000
   1.0000   1.0000   1.0000
   1.0000   1.0000   1.0000
   1.0000   1.0000   1.0000
   1.0000   1.0000   1.0000
   1.0000   1.0000   1.0000
   1.0000   1.0000   1.0000
   1.0000   1.0000   1.0000
   1.0000   1.0000   1.0000
   1.0000   1.0000   1.0000
   1.0000   1.0000   1.0000
   1.0000   1.0000   1.0000
   1.0000   1.0000   1.0000
   1.0000   1.0000   1.0000
   1.0000   1.0000   1.0000

applying weight : 1
applying weight : 1
applying weight : 1
Here are the weights in c++ : 
   1.0000   1.0000   1.0000
   1.0000   1.0000   1.0000
   1.0000   1.0000   1.0000
   1.0000   1.0000   1.0000
   1.0000   1.0000   1.0000
   1.0000   1.0000   1.0000
   1.0000   1.0000   1.0000
   1.0000   1.0000   1.0000
   1.0000   1.0000   1.0000
   1.0000   1.0000   1.0000
   1.0000   1.0000   1.0000
   1.0000   1.0000   1.0000
   1.0000   1.0000   1.0000
   1.0000   1.0000   1.0000
   1.0000   1.0000   1.0000
   1.0000   1.0000   1.0000
   1.0000   1.0000   1.0000
   1.0000   1.0000   1.0000
   1.0000   1.0000   1.0000
   1.0000   1.0000   1.0000
   1.0000   1.0000   1.0000
   1.0000   1.0000   1.0000
   1.0000   1.0000   1.0000
   1.0000   1.0000   1.0000
   1.0000   1.0000   1.0000
   1.0000   1.0000   1.0000
   1.0000   1.0000   1.0000
   1.0000   1.0000   1.0000
   1.0000   1.0000   1.0000
   1.0000   1.0000   1.0000
   1.0000   1.0000   1.0000
   1.0000   1.0000   1.0000
   1.0000   1.0000   1.0000
   1.0000   1.0000   1.0000
   1.0000   1.0000   1.0000
   1.0000   1.0000   1.0000
   1.0000   1.0000   1.0000
   1.0000   1.0000   1.0000
   1.0000   1.0000   1.0000
   1.0000   1.0000   1.0000
   1.0000   1.0000   1.0000
   1.0000   1.0000   1.0000
   1.0000   1.0000   1.0000
   1.0000   1.0000   1.0000
   1.0000   1.0000   1.0000
   1.0000   1.0000   1.0000
   1.0000   1.0000   1.0000
   1.0000   1.0000   1.0000
   1.0000   1.0000   1.0000

applying weight : 1
applying weight : 1
applying weight : 1
Here are the weights in c++ : 
   1.0000   1.0000   1.0000
   1.0000   1.0000   1.0000
   1.0000   1.0000   1.0000
   1.0000   1.0000   1.0000
   1.0000   1.0000   1.0000
   1.0000   1.0000   1.0000
   1.0000   1.0000   1.0000
   1.0000   1.0000   1.0000
   1.0000   1.0000   1.0000
   1.0000   1.0000   1.0000
   1.0000   1.0000   1.0000
   1.0000   1.0000   1.0000
   1.0000   1.0000   1.0000
   1.0000   1.0000   1.0000
   1.0000   1.0000   1.0000
   1.0000   1.0000   1.0000
   1.0000   1.0000   1.0000
   1.0000   1.0000   1.0000
   1.0000   1.0000   1.0000
   1.0000   1.0000   1.0000
   1.0000   1.0000   1.0000
   1.0000   1.0000   1.0000
   1.0000   1.0000   1.0000
   1.0000   1.0000   1.0000
   1.0000   1.0000   1.0000
   1.0000   1.0000   1.0000
   1.0000   1.0000   1.0000
   1.0000   1.0000   1.0000
   1.0000   1.0000   1.0000
   1.0000   1.0000   1.0000
   1.0000   1.0000   1.0000
   1.0000   1.0000   1.0000
   1.0000   1.0000   1.0000
   1.0000   1.0000   1.0000
   1.0000   1.0000   1.0000
   1.0000   1.0000   1.0000
   1.0000   1.0000   1.0000
   1.0000   1.0000   1.0000
   1.0000   1.0000   1.0000
   1.0000   1.0000   1.0000
   1.0000   1.0000   1.0000
   1.0000   1.0000   1.0000
   1.0000   1.0000   1.0000
   1.0000   1.0000   1.0000
   1.0000   1.0000   1.0000
   1.0000   1.0000   1.0000
   1.0000   1.0000   1.0000
   1.0000   1.0000   1.0000
   1.0000   1.0000   1.0000

applying weight : 1
applying weight : 1
applying weight : 1
Here are the weights in c++ : 
   1.0000   1.0000   1.0000
   1.0000   1.0000   1.0000
   1.0000   1.0000   1.0000
   1.0000   1.0000   1.0000
   1.0000   1.0000   1.0000
   1.0000   1.0000   1.0000
   1.0000   1.0000   1.0000
   1.0000   1.0000   1.0000
   1.0000   1.0000   1.0000
   1.0000   1.0000   1.0000
   1.0000   1.0000   1.0000
   1.0000   1.0000   1.0000
   1.0000   1.0000   1.0000
   1.0000   1.0000   1.0000
   1.0000   1.0000   1.0000
   1.0000   1.0000   1.0000
   1.0000   1.0000   1.0000
   1.0000   1.0000   1.0000
   1.0000   1.0000   1.0000
   1.0000   1.0000   1.0000
   1.0000   1.0000   1.0000
   1.0000   1.0000   1.0000
   1.0000   1.0000   1.0000
   1.0000   1.0000   1.0000
   1.0000   1.0000   1.0000
   1.0000   1.0000   1.0000
   1.0000   1.0000   1.0000
   1.0000   1.0000   1.0000
   1.0000   1.0000   1.0000
   1.0000   1.0000   1.0000
   1.0000   1.0000   1.0000
   1.0000   1.0000   1.0000
   1.0000   1.0000   1.0000
   1.0000   1.0000   1.0000
   1.0000   1.0000   1.0000
   1.0000   1.0000   1.0000
   1.0000   1.0000   1.0000
   1.0000   1.0000   1.0000
   1.0000   1.0000   1.0000
   1.0000   1.0000   1.0000
   1.0000   1.0000   1.0000
   1.0000   1.0000   1.0000
   1.0000   1.0000   1.0000
   1.0000   1.0000   1.0000
   1.0000   1.0000   1.0000
   1.0000   1.0000   1.0000
   1.0000   1.0000   1.0000
   1.0000   1.0000   1.0000
   1.0000   1.0000   1.0000

applying weight : 1
applying weight : 1
applying weight : 1
Here are the weights in c++ : 
   1.0000   1.0000   1.0000
   1.0000   1.0000   1.0000
   1.0000   1.0000   1.0000
   1.0000   1.0000   1.0000
   1.0000   1.0000   1.0000
   1.0000   1.0000   1.0000
   1.0000   1.0000   1.0000
   1.0000   1.0000   1.0000
   1.0000   1.0000   1.0000
   1.0000   1.0000   1.0000
   1.0000   1.0000   1.0000
   1.0000   1.0000   1.0000
   1.0000   1.0000   1.0000
   1.0000   1.0000   1.0000
   1.0000   1.0000   1.0000
   1.0000   1.0000   1.0000
   1.0000   1.0000   1.0000
   1.0000   1.0000   1.0000
   1.0000   1.0000   1.0000
   1.0000   1.0000   1.0000
   1.0000   1.0000   1.0000
   1.0000   1.0000   1.0000
   1.0000   1.0000   1.0000
   1.0000   1.0000   1.0000
   1.0000   1.0000   1.0000
   1.0000   1.0000   1.0000
   1.0000   1.0000   1.0000
   1.0000   1.0000   1.0000
   1.0000   1.0000   1.0000
   1.0000   1.0000   1.0000
   1.0000   1.0000   1.0000
   1.0000   1.0000   1.0000
   1.0000   1.0000   1.0000
   1.0000   1.0000   1.0000
   1.0000   1.0000   1.0000
   1.0000   1.0000   1.0000
   1.0000   1.0000   1.0000
   1.0000   1.0000   1.0000
   1.0000   1.0000   1.0000
   1.0000   1.0000   1.0000
   1.0000   1.0000   1.0000
   1.0000   1.0000   1.0000
   1.0000   1.0000   1.0000
   1.0000   1.0000   1.0000
   1.0000   1.0000   1.0000
   1.0000   1.0000   1.0000
   1.0000   1.0000   1.0000
   1.0000   1.0000   1.0000
   1.0000   1.0000   1.0000

applying weight : 1
applying weight : 1
applying weight : 1
Here are the weights in c++ : 
   1.0000   1.0000   1.0000
   1.0000   1.0000   1.0000
   1.0000   1.0000   1.0000
   1.0000   1.0000   1.0000
   1.0000   1.0000   1.0000
   1.0000   1.0000   1.0000
   1.0000   1.0000   1.0000
   1.0000   1.0000   1.0000
   1.0000   1.0000   1.0000
   1.0000   1.0000   1.0000
   1.0000   1.0000   1.0000
   1.0000   1.0000   1.0000
   1.0000   1.0000   1.0000
   1.0000   1.0000   1.0000
   1.0000   1.0000   1.0000
   1.0000   1.0000   1.0000
   1.0000   1.0000   1.0000
   1.0000   1.0000   1.0000
   1.0000   1.0000   1.0000
   1.0000   1.0000   1.0000
   1.0000   1.0000   1.0000
   1.0000   1.0000   1.0000
   1.0000   1.0000   1.0000
   1.0000   1.0000   1.0000
   1.0000   1.0000   1.0000
   1.0000   1.0000   1.0000
   1.0000   1.0000   1.0000
   1.0000   1.0000   1.0000
   1.0000   1.0000   1.0000
   1.0000   1.0000   1.0000
   1.0000   1.0000   1.0000
   1.0000   1.0000   1.0000
   1.0000   1.0000   1.0000
   1.0000   1.0000   1.0000
   1.0000   1.0000   1.0000
   1.0000   1.0000   1.0000
   1.0000   1.0000   1.0000
   1.0000   1.0000   1.0000
   1.0000   1.0000   1.0000
   1.0000   1.0000   1.0000
   1.0000   1.0000   1.0000
   1.0000   1.0000   1.0000
   1.0000   1.0000   1.0000
   1.0000   1.0000   1.0000
   1.0000   1.0000   1.0000
   1.0000   1.0000   1.0000
   1.0000   1.0000   1.0000
   1.0000   1.0000   1.0000
   1.0000   1.0000   1.0000

applying weight : 1
applying weight : 1
applying weight : 1
Here are the weights in c++ : 
   1.0000   1.0000   1.0000
   1.0000   1.0000   1.0000
   1.0000   1.0000   1.0000
   1.0000   1.0000   1.0000
   1.0000   1.0000   1.0000
   1.0000   1.0000   1.0000
   1.0000   1.0000   1.0000
   1.0000   1.0000   1.0000
   1.0000   1.0000   1.0000
   1.0000   1.0000   1.0000
   1.0000   1.0000   1.0000
   1.0000   1.0000   1.0000
   1.0000   1.0000   1.0000
   1.0000   1.0000   1.0000
   1.0000   1.0000   1.0000
   1.0000   1.0000   1.0000
   1.0000   1.0000   1.0000
   1.0000   1.0000   1.0000
   1.0000   1.0000   1.0000
   1.0000   1.0000   1.0000
   1.0000   1.0000   1.0000
   1.0000   1.0000   1.0000
   1.0000   1.0000   1.0000
   1.0000   1.0000   1.0000
   1.0000   1.0000   1.0000
   1.0000   1.0000   1.0000
   1.0000   1.0000   1.0000
   1.0000   1.0000   1.0000
   1.0000   1.0000   1.0000
   1.0000   1.0000   1.0000
   1.0000   1.0000   1.0000
   1.0000   1.0000   1.0000
   1.0000   1.0000   1.0000
   1.0000   1.0000   1.0000
   1.0000   1.0000   1.0000
   1.0000   1.0000   1.0000
   1.0000   1.0000   1.0000
   1.0000   1.0000   1.0000
   1.0000   1.0000   1.0000
   1.0000   1.0000   1.0000
   1.0000   1.0000   1.0000
   1.0000   1.0000   1.0000
   1.0000   1.0000   1.0000
   1.0000   1.0000   1.0000
   1.0000   1.0000   1.0000
   1.0000   1.0000   1.0000
   1.0000   1.0000   1.0000
   1.0000   1.0000   1.0000
   1.0000   1.0000   1.0000

applying weight : 1
applying weight : 1
applying weight : 1
Here are the weights in c++ : 
   1.0000   1.0000   1.0000
   1.0000   1.0000   1.0000
   1.0000   1.0000   1.0000
   1.0000   1.0000   1.0000
   1.0000   1.0000   1.0000
   1.0000   1.0000   1.0000
   1.0000   1.0000   1.0000
   1.0000   1.0000   1.0000
   1.0000   1.0000   1.0000
   1.0000   1.0000   1.0000
   1.0000   1.0000   1.0000
   1.0000   1.0000   1.0000
   1.0000   1.0000   1.0000
   1.0000   1.0000   1.0000
   1.0000   1.0000   1.0000
   1.0000   1.0000   1.0000
   1.0000   1.0000   1.0000
   1.0000   1.0000   1.0000
   1.0000   1.0000   1.0000
   1.0000   1.0000   1.0000
   1.0000   1.0000   1.0000
   1.0000   1.0000   1.0000
   1.0000   1.0000   1.0000
   1.0000   1.0000   1.0000
   1.0000   1.0000   1.0000
   1.0000   1.0000   1.0000
   1.0000   1.0000   1.0000
   1.0000   1.0000   1.0000
   1.0000   1.0000   1.0000
   1.0000   1.0000   1.0000
   1.0000   1.0000   1.0000
   1.0000   1.0000   1.0000
   1.0000   1.0000   1.0000
   1.0000   1.0000   1.0000
   1.0000   1.0000   1.0000
   1.0000   1.0000   1.0000
   1.0000   1.0000   1.0000
   1.0000   1.0000   1.0000
   1.0000   1.0000   1.0000
   1.0000   1.0000   1.0000
   1.0000   1.0000   1.0000
   1.0000   1.0000   1.0000
   1.0000   1.0000   1.0000
   1.0000   1.0000   1.0000
   1.0000   1.0000   1.0000
   1.0000   1.0000   1.0000
   1.0000   1.0000   1.0000
   1.0000   1.0000   1.0000
   1.0000   1.0000   1.0000

applying weight : 1
applying weight : 1
applying weight : 1
Here are the weights in c++ : 
   1.0000   1.0000   1.0000
   1.0000   1.0000   1.0000
   1.0000   1.0000   1.0000
   1.0000   1.0000   1.0000
   1.0000   1.0000   1.0000
   1.0000   1.0000   1.0000
   1.0000   1.0000   1.0000
   1.0000   1.0000   1.0000
   1.0000   1.0000   1.0000
   1.0000   1.0000   1.0000
   1.0000   1.0000   1.0000
   1.0000   1.0000   1.0000
   1.0000   1.0000   1.0000
   1.0000   1.0000   1.0000
   1.0000   1.0000   1.0000
   1.0000   1.0000   1.0000
   1.0000   1.0000   1.0000
   1.0000   1.0000   1.0000
   1.0000   1.0000   1.0000
   1.0000   1.0000   1.0000
   1.0000   1.0000   1.0000
   1.0000   1.0000   1.0000
   1.0000   1.0000   1.0000
   1.0000   1.0000   1.0000
   1.0000   1.0000   1.0000
   1.0000   1.0000   1.0000
   1.0000   1.0000   1.0000
   1.0000   1.0000   1.0000
   1.0000   1.0000   1.0000
   1.0000   1.0000   1.0000
   1.0000   1.0000   1.0000
   1.0000   1.0000   1.0000
   1.0000   1.0000   1.0000
   1.0000   1.0000   1.0000
   1.0000   1.0000   1.0000
   1.0000   1.0000   1.0000
   1.0000   1.0000   1.0000
   1.0000   1.0000   1.0000
   1.0000   1.0000   1.0000
   1.0000   1.0000   1.0000
   1.0000   1.0000   1.0000
   1.0000   1.0000   1.0000
   1.0000   1.0000   1.0000
   1.0000   1.0000   1.0000
   1.0000   1.0000   1.0000
   1.0000   1.0000   1.0000
   1.0000   1.0000   1.0000
   1.0000   1.0000   1.0000
   1.0000   1.0000   1.0000

applying weight : 1
applying weight : 1
applying weight : 1
Here are the weights in c++ : 
   1.0000   1.0000   1.0000
   1.0000   1.0000   1.0000
   1.0000   1.0000   1.0000
   1.0000   1.0000   1.0000
   1.0000   1.0000   1.0000
   1.0000   1.0000   1.0000
   1.0000   1.0000   1.0000
   1.0000   1.0000   1.0000
   1.0000   1.0000   1.0000
   1.0000   1.0000   1.0000
   1.0000   1.0000   1.0000
   1.0000   1.0000   1.0000
   1.0000   1.0000   1.0000
   1.0000   1.0000   1.0000
   1.0000   1.0000   1.0000
   1.0000   1.0000   1.0000
   1.0000   1.0000   1.0000
   1.0000   1.0000   1.0000
   1.0000   1.0000   1.0000
   1.0000   1.0000   1.0000
   1.0000   1.0000   1.0000
   1.0000   1.0000   1.0000
   1.0000   1.0000   1.0000
   1.0000   1.0000   1.0000
   1.0000   1.0000   1.0000
   1.0000   1.0000   1.0000
   1.0000   1.0000   1.0000
   1.0000   1.0000   1.0000
   1.0000   1.0000   1.0000
   1.0000   1.0000   1.0000
   1.0000   1.0000   1.0000
   1.0000   1.0000   1.0000
   1.0000   1.0000   1.0000
   1.0000   1.0000   1.0000
   1.0000   1.0000   1.0000
   1.0000   1.0000   1.0000
   1.0000   1.0000   1.0000
   1.0000   1.0000   1.0000
   1.0000   1.0000   1.0000
   1.0000   1.0000   1.0000
   1.0000   1.0000   1.0000
   1.0000   1.0000   1.0000
   1.0000   1.0000   1.0000
   1.0000   1.0000   1.0000
   1.0000   1.0000   1.0000
   1.0000   1.0000   1.0000
   1.0000   1.0000   1.0000
   1.0000   1.0000   1.0000
   1.0000   1.0000   1.0000

applying weight : 1
applying weight : 1
applying weight : 1
Here are the weights in c++ : 
   1.0000   1.0000   1.0000
   1.0000   1.0000   1.0000
   1.0000   1.0000   1.0000
   1.0000   1.0000   1.0000
   1.0000   1.0000   1.0000
   1.0000   1.0000   1.0000
   1.0000   1.0000   1.0000
   1.0000   1.0000   1.0000
   1.0000   1.0000   1.0000
   1.0000   1.0000   1.0000
   1.0000   1.0000   1.0000
   1.0000   1.0000   1.0000
   1.0000   1.0000   1.0000
   1.0000   1.0000   1.0000
   1.0000   1.0000   1.0000
   1.0000   1.0000   1.0000
   1.0000   1.0000   1.0000
   1.0000   1.0000   1.0000
   1.0000   1.0000   1.0000
   1.0000   1.0000   1.0000
   1.0000   1.0000   1.0000
   1.0000   1.0000   1.0000
   1.0000   1.0000   1.0000
   1.0000   1.0000   1.0000
   1.0000   1.0000   1.0000
   1.0000   1.0000   1.0000
   1.0000   1.0000   1.0000
   1.0000   1.0000   1.0000
   1.0000   1.0000   1.0000
   1.0000   1.0000   1.0000
   1.0000   1.0000   1.0000
   1.0000   1.0000   1.0000
   1.0000   1.0000   1.0000
   1.0000   1.0000   1.0000
   1.0000   1.0000   1.0000
   1.0000   1.0000   1.0000
   1.0000   1.0000   1.0000
   1.0000   1.0000   1.0000
   1.0000   1.0000   1.0000
   1.0000   1.0000   1.0000
   1.0000   1.0000   1.0000
   1.0000   1.0000   1.0000
   1.0000   1.0000   1.0000
   1.0000   1.0000   1.0000
   1.0000   1.0000   1.0000
   1.0000   1.0000   1.0000
   1.0000   1.0000   1.0000
   1.0000   1.0000   1.0000
   1.0000   1.0000   1.0000

applying weight : 1
applying weight : 1
applying weight : 1
Here are the weights in c++ : 
   1.0000   1.0000   1.0000
   1.0000   1.0000   1.0000
   1.0000   1.0000   1.0000
   1.0000   1.0000   1.0000
   1.0000   1.0000   1.0000
   1.0000   1.0000   1.0000
   1.0000   1.0000   1.0000
   1.0000   1.0000   1.0000
   1.0000   1.0000   1.0000
   1.0000   1.0000   1.0000
   1.0000   1.0000   1.0000
   1.0000   1.0000   1.0000
   1.0000   1.0000   1.0000
   1.0000   1.0000   1.0000
   1.0000   1.0000   1.0000
   1.0000   1.0000   1.0000
   1.0000   1.0000   1.0000
   1.0000   1.0000   1.0000
   1.0000   1.0000   1.0000
   1.0000   1.0000   1.0000
   1.0000   1.0000   1.0000
   1.0000   1.0000   1.0000
   1.0000   1.0000   1.0000
   1.0000   1.0000   1.0000
   1.0000   1.0000   1.0000
   1.0000   1.0000   1.0000
   1.0000   1.0000   1.0000
   1.0000   1.0000   1.0000
   1.0000   1.0000   1.0000
   1.0000   1.0000   1.0000
   1.0000   1.0000   1.0000
   1.0000   1.0000   1.0000
   1.0000   1.0000   1.0000
   1.0000   1.0000   1.0000
   1.0000   1.0000   1.0000
   1.0000   1.0000   1.0000
   1.0000   1.0000   1.0000
   1.0000   1.0000   1.0000
   1.0000   1.0000   1.0000
   1.0000   1.0000   1.0000
   1.0000   1.0000   1.0000
   1.0000   1.0000   1.0000
   1.0000   1.0000   1.0000
   1.0000   1.0000   1.0000
   1.0000   1.0000   1.0000
   1.0000   1.0000   1.0000
   1.0000   1.0000   1.0000
   1.0000   1.0000   1.0000
   1.0000   1.0000   1.0000
   1.0000   1.0000   1.0000
   1.0000   1.0000   1.0000
   1.0000   1.0000   1.0000
   1.0000   1.0000   1.0000
   1.0000   1.0000   1.0000
   1.0000   1.0000   1.0000
   1.0000   1.0000   1.0000
   1.0000   1.0000   1.0000

applying weight : 1
applying weight : 1
applying weight : 1
Here are the weights in c++ : 
   1.0000   1.0000   1.0000
   1.0000   1.0000   1.0000
   1.0000   1.0000   1.0000
   1.0000   1.0000   1.0000
   1.0000   1.0000   1.0000
   1.0000   1.0000   1.0000
   1.0000   1.0000   1.0000
   1.0000   1.0000   1.0000
   1.0000   1.0000   1.0000
   1.0000   1.0000   1.0000
   1.0000   1.0000   1.0000
   1.0000   1.0000   1.0000
   1.0000   1.0000   1.0000
   1.0000   1.0000   1.0000
   1.0000   1.0000   1.0000
   1.0000   1.0000   1.0000
   1.0000   1.0000   1.0000
   1.0000   1.0000   1.0000
   1.0000   1.0000   1.0000
   1.0000   1.0000   1.0000
   1.0000   1.0000   1.0000
   1.0000   1.0000   1.0000
   1.0000   1.0000   1.0000
   1.0000   1.0000   1.0000
   1.0000   1.0000   1.0000
   1.0000   1.0000   1.0000
   1.0000   1.0000   1.0000
   1.0000   1.0000   1.0000
   1.0000   1.0000   1.0000
   1.0000   1.0000   1.0000
   1.0000   1.0000   1.0000
   1.0000   1.0000   1.0000
   1.0000   1.0000   1.0000
   1.0000   1.0000   1.0000
   1.0000   1.0000   1.0000
   1.0000   1.0000   1.0000
   1.0000   1.0000   1.0000
   1.0000   1.0000   1.0000
   1.0000   1.0000   1.0000
   1.0000   1.0000   1.0000
   1.0000   1.0000   1.0000
   1.0000   1.0000   1.0000
   1.0000   1.0000   1.0000
   1.0000   1.0000   1.0000
   1.0000   1.0000   1.0000
   1.0000   1.0000   1.0000
   1.0000   1.0000   1.0000
   1.0000   1.0000   1.0000
   1.0000   1.0000   1.0000
   1.0000   1.0000   1.0000
   1.0000   1.0000   1.0000
   1.0000   1.0000   1.0000
   1.0000   1.0000   1.0000
   1.0000   1.0000   1.0000
   1.0000   1.0000   1.0000
   1.0000   1.0000   1.0000
   1.0000   1.0000   1.0000

applying weight : 1
applying weight : 1
applying weight : 1
Here are the weights in c++ : 
   1.0000   1.0000   1.0000
   1.0000   1.0000   1.0000
   1.0000   1.0000   1.0000
   1.0000   1.0000   1.0000
   1.0000   1.0000   1.0000
   1.0000   1.0000   1.0000
   1.0000   1.0000   1.0000
   1.0000   1.0000   1.0000
   1.0000   1.0000   1.0000
   1.0000   1.0000   1.0000
   1.0000   1.0000   1.0000
   1.0000   1.0000   1.0000
   1.0000   1.0000   1.0000
   1.0000   1.0000   1.0000
   1.0000   1.0000   1.0000
   1.0000   1.0000   1.0000
   1.0000   1.0000   1.0000
   1.0000   1.0000   1.0000
   1.0000   1.0000   1.0000
   1.0000   1.0000   1.0000
   1.0000   1.0000   1.0000
   1.0000   1.0000   1.0000
   1.0000   1.0000   1.0000
   1.0000   1.0000   1.0000
   1.0000   1.0000   1.0000
   1.0000   1.0000   1.0000
   1.0000   1.0000   1.0000
   1.0000   1.0000   1.0000
   1.0000   1.0000   1.0000
   1.0000   1.0000   1.0000
   1.0000   1.0000   1.0000
   1.0000   1.0000   1.0000
   1.0000   1.0000   1.0000
   1.0000   1.0000   1.0000
   1.0000   1.0000   1.0000
   1.0000   1.0000   1.0000
   1.0000   1.0000   1.0000
   1.0000   1.0000   1.0000
   1.0000   1.0000   1.0000
   1.0000   1.0000   1.0000
   1.0000   1.0000   1.0000
   1.0000   1.0000   1.0000
   1.0000   1.0000   1.0000
   1.0000   1.0000   1.0000
   1.0000   1.0000   1.0000
   1.0000   1.0000   1.0000
   1.0000   1.0000   1.0000
   1.0000   1.0000   1.0000
   1.0000   1.0000   1.0000
   1.0000   1.0000   1.0000
   1.0000   1.0000   1.0000
   1.0000   1.0000   1.0000
   1.0000   1.0000   1.0000
   1.0000   1.0000   1.0000
   1.0000   1.0000   1.0000
   1.0000   1.0000   1.0000
   1.0000   1.0000   1.0000

applying weight : 1
applying weight : 1
applying weight : 1
Here are the weights in c++ : 
   1.0000   1.0000   1.0000
   1.0000   1.0000   1.0000
   1.0000   1.0000   1.0000
   1.0000   1.0000   1.0000
   1.0000   1.0000   1.0000
   1.0000   1.0000   1.0000
   1.0000   1.0000   1.0000
   1.0000   1.0000   1.0000
   1.0000   1.0000   1.0000
   1.0000   1.0000   1.0000
   1.0000   1.0000   1.0000
   1.0000   1.0000   1.0000
   1.0000   1.0000   1.0000
   1.0000   1.0000   1.0000
   1.0000   1.0000   1.0000
   1.0000   1.0000   1.0000
   1.0000   1.0000   1.0000
   1.0000   1.0000   1.0000
   1.0000   1.0000   1.0000
   1.0000   1.0000   1.0000
   1.0000   1.0000   1.0000
   1.0000   1.0000   1.0000
   1.0000   1.0000   1.0000
   1.0000   1.0000   1.0000
   1.0000   1.0000   1.0000
   1.0000   1.0000   1.0000
   1.0000   1.0000   1.0000
   1.0000   1.0000   1.0000
   1.0000   1.0000   1.0000
   1.0000   1.0000   1.0000
   1.0000   1.0000   1.0000
   1.0000   1.0000   1.0000
   1.0000   1.0000   1.0000
   1.0000   1.0000   1.0000
   1.0000   1.0000   1.0000
   1.0000   1.0000   1.0000
   1.0000   1.0000   1.0000
   1.0000   1.0000   1.0000
   1.0000   1.0000   1.0000
   1.0000   1.0000   1.0000
   1.0000   1.0000   1.0000
   1.0000   1.0000   1.0000
   1.0000   1.0000   1.0000
   1.0000   1.0000   1.0000
   1.0000   1.0000   1.0000
   1.0000   1.0000   1.0000
   1.0000   1.0000   1.0000
   1.0000   1.0000   1.0000
   1.0000   1.0000   1.0000
   1.0000   1.0000   1.0000
   1.0000   1.0000   1.0000
   1.0000   1.0000   1.0000
   1.0000   1.0000   1.0000
   1.0000   1.0000   1.0000
   1.0000   1.0000   1.0000
   1.0000   1.0000   1.0000
   1.0000   1.0000   1.0000

applying weight : 1
applying weight : 1
applying weight : 1
Here are the weights in c++ : 
   1.0000   1.0000   1.0000
   1.0000   1.0000   1.0000
   1.0000   1.0000   1.0000
   1.0000   1.0000   1.0000
   1.0000   1.0000   1.0000
   1.0000   1.0000   1.0000
   1.0000   1.0000   1.0000
   1.0000   1.0000   1.0000
   1.0000   1.0000   1.0000
   1.0000   1.0000   1.0000
   1.0000   1.0000   1.0000
   1.0000   1.0000   1.0000
   1.0000   1.0000   1.0000
   1.0000   1.0000   1.0000
   1.0000   1.0000   1.0000
   1.0000   1.0000   1.0000
   1.0000   1.0000   1.0000
   1.0000   1.0000   1.0000
   1.0000   1.0000   1.0000
   1.0000   1.0000   1.0000
   1.0000   1.0000   1.0000
   1.0000   1.0000   1.0000
   1.0000   1.0000   1.0000
   1.0000   1.0000   1.0000
   1.0000   1.0000   1.0000
   1.0000   1.0000   1.0000
   1.0000   1.0000   1.0000
   1.0000   1.0000   1.0000
   1.0000   1.0000   1.0000
   1.0000   1.0000   1.0000
   1.0000   1.0000   1.0000
   1.0000   1.0000   1.0000
   1.0000   1.0000   1.0000
   1.0000   1.0000   1.0000
   1.0000   1.0000   1.0000
   1.0000   1.0000   1.0000
   1.0000   1.0000   1.0000
   1.0000   1.0000   1.0000
   1.0000   1.0000   1.0000
   1.0000   1.0000   1.0000
   1.0000   1.0000   1.0000
   1.0000   1.0000   1.0000
   1.0000   1.0000   1.0000
   1.0000   1.0000   1.0000
   1.0000   1.0000   1.0000
   1.0000   1.0000   1.0000
   1.0000   1.0000   1.0000
   1.0000   1.0000   1.0000
   1.0000   1.0000   1.0000
   1.0000   1.0000   1.0000
   1.0000   1.0000   1.0000
   1.0000   1.0000   1.0000
   1.0000   1.0000   1.0000
   1.0000   1.0000   1.0000
   1.0000   1.0000   1.0000
   1.0000   1.0000   1.0000
   1.0000   1.0000   1.0000

applying weight : 1
applying weight : 1
applying weight : 1
Here are the weights in c++ : 
   1.0000   1.0000   1.0000
   1.0000   1.0000   1.0000
   1.0000   1.0000   1.0000
   1.0000   1.0000   1.0000
   1.0000   1.0000   1.0000
   1.0000   1.0000   1.0000
   1.0000   1.0000   1.0000
   1.0000   1.0000   1.0000
   1.0000   1.0000   1.0000
   1.0000   1.0000   1.0000
   1.0000   1.0000   1.0000
   1.0000   1.0000   1.0000
   1.0000   1.0000   1.0000
   1.0000   1.0000   1.0000
   1.0000   1.0000   1.0000
   1.0000   1.0000   1.0000
   1.0000   1.0000   1.0000
   1.0000   1.0000   1.0000
   1.0000   1.0000   1.0000
   1.0000   1.0000   1.0000
   1.0000   1.0000   1.0000
   1.0000   1.0000   1.0000
   1.0000   1.0000   1.0000
   1.0000   1.0000   1.0000
   1.0000   1.0000   1.0000
   1.0000   1.0000   1.0000
   1.0000   1.0000   1.0000
   1.0000   1.0000   1.0000
   1.0000   1.0000   1.0000
   1.0000   1.0000   1.0000
   1.0000   1.0000   1.0000
   1.0000   1.0000   1.0000
   1.0000   1.0000   1.0000
   1.0000   1.0000   1.0000
   1.0000   1.0000   1.0000
   1.0000   1.0000   1.0000
   1.0000   1.0000   1.0000
   1.0000   1.0000   1.0000
   1.0000   1.0000   1.0000
   1.0000   1.0000   1.0000
   1.0000   1.0000   1.0000
   1.0000   1.0000   1.0000
   1.0000   1.0000   1.0000
   1.0000   1.0000   1.0000
   1.0000   1.0000   1.0000
   1.0000   1.0000   1.0000
   1.0000   1.0000   1.0000
   1.0000   1.0000   1.0000
   1.0000   1.0000   1.0000
   1.0000   1.0000   1.0000
   1.0000   1.0000   1.0000
   1.0000   1.0000   1.0000
   1.0000   1.0000   1.0000
   1.0000   1.0000   1.0000
   1.0000   1.0000   1.0000
   1.0000   1.0000   1.0000
   1.0000   1.0000   1.0000

applying weight : 1
applying weight : 1
applying weight : 1
Here are the weights in c++ : 
   1.0000   1.0000   1.0000
   1.0000   1.0000   1.0000
   1.0000   1.0000   1.0000
   1.0000   1.0000   1.0000
   1.0000   1.0000   1.0000
   1.0000   1.0000   1.0000
   1.0000   1.0000   1.0000
   1.0000   1.0000   1.0000
   1.0000   1.0000   1.0000
   1.0000   1.0000   1.0000
   1.0000   1.0000   1.0000
   1.0000   1.0000   1.0000
   1.0000   1.0000   1.0000
   1.0000   1.0000   1.0000
   1.0000   1.0000   1.0000
   1.0000   1.0000   1.0000
   1.0000   1.0000   1.0000
   1.0000   1.0000   1.0000
   1.0000   1.0000   1.0000
   1.0000   1.0000   1.0000
   1.0000   1.0000   1.0000
   1.0000   1.0000   1.0000
   1.0000   1.0000   1.0000
   1.0000   1.0000   1.0000
   1.0000   1.0000   1.0000
   1.0000   1.0000   1.0000
   1.0000   1.0000   1.0000
   1.0000   1.0000   1.0000
   1.0000   1.0000   1.0000
   1.0000   1.0000   1.0000
   1.0000   1.0000   1.0000
   1.0000   1.0000   1.0000
   1.0000   1.0000   1.0000
   1.0000   1.0000   1.0000
   1.0000   1.0000   1.0000
   1.0000   1.0000   1.0000
   1.0000   1.0000   1.0000
   1.0000   1.0000   1.0000
   1.0000   1.0000   1.0000
   1.0000   1.0000   1.0000
   1.0000   1.0000   1.0000
   1.0000   1.0000   1.0000
   1.0000   1.0000   1.0000
   1.0000   1.0000   1.0000
   1.0000   1.0000   1.0000
   1.0000   1.0000   1.0000
   1.0000   1.0000   1.0000
   1.0000   1.0000   1.0000
   1.0000   1.0000   1.0000
   1.0000   1.0000   1.0000
   1.0000   1.0000   1.0000
   1.0000   1.0000   1.0000
   1.0000   1.0000   1.0000
   1.0000   1.0000   1.0000
   1.0000   1.0000   1.0000
   1.0000   1.0000   1.0000
   1.0000   1.0000   1.0000

applying weight : 1
applying weight : 1
applying weight : 1
Here are the weights in c++ : 
   1.0000   1.0000   1.0000
   1.0000   1.0000   1.0000
   1.0000   1.0000   1.0000
   1.0000   1.0000   1.0000
   1.0000   1.0000   1.0000
   1.0000   1.0000   1.0000
   1.0000   1.0000   1.0000
   1.0000   1.0000   1.0000
   1.0000   1.0000   1.0000
   1.0000   1.0000   1.0000
   1.0000   1.0000   1.0000
   1.0000   1.0000   1.0000
   1.0000   1.0000   1.0000
   1.0000   1.0000   1.0000
   1.0000   1.0000   1.0000
   1.0000   1.0000   1.0000
   1.0000   1.0000   1.0000
   1.0000   1.0000   1.0000
   1.0000   1.0000   1.0000
   1.0000   1.0000   1.0000
   1.0000   1.0000   1.0000
   1.0000   1.0000   1.0000
   1.0000   1.0000   1.0000
   1.0000   1.0000   1.0000
   1.0000   1.0000   1.0000
   1.0000   1.0000   1.0000
   1.0000   1.0000   1.0000
   1.0000   1.0000   1.0000
   1.0000   1.0000   1.0000
   1.0000   1.0000   1.0000
   1.0000   1.0000   1.0000
   1.0000   1.0000   1.0000
   1.0000   1.0000   1.0000
   1.0000   1.0000   1.0000
   1.0000   1.0000   1.0000
   1.0000   1.0000   1.0000
   1.0000   1.0000   1.0000
   1.0000   1.0000   1.0000
   1.0000   1.0000   1.0000
   1.0000   1.0000   1.0000
   1.0000   1.0000   1.0000
   1.0000   1.0000   1.0000
   1.0000   1.0000   1.0000
   1.0000   1.0000   1.0000
   1.0000   1.0000   1.0000
   1.0000   1.0000   1.0000
   1.0000   1.0000   1.0000
   1.0000   1.0000   1.0000
   1.0000   1.0000   1.0000
   1.0000   1.0000   1.0000
   1.0000   1.0000   1.0000
   1.0000   1.0000   1.0000
   1.0000   1.0000   1.0000
   1.0000   1.0000   1.0000
   1.0000   1.0000   1.0000
   1.0000   1.0000   1.0000
   1.0000   1.0000   1.0000

applying weight : 1
applying weight : 1
applying weight : 1
Here are the weights in c++ : 
   1.0000   1.0000   1.0000
   1.0000   1.0000   1.0000
   1.0000   1.0000   1.0000
   1.0000   1.0000   1.0000
   1.0000   1.0000   1.0000
   1.0000   1.0000   1.0000
   1.0000   1.0000   1.0000
   1.0000   1.0000   1.0000
   1.0000   1.0000   1.0000
   1.0000   1.0000   1.0000
   1.0000   1.0000   1.0000
   1.0000   1.0000   1.0000
   1.0000   1.0000   1.0000
   1.0000   1.0000   1.0000
   1.0000   1.0000   1.0000
   1.0000   1.0000   1.0000
   1.0000   1.0000   1.0000
   1.0000   1.0000   1.0000
   1.0000   1.0000   1.0000
   1.0000   1.0000   1.0000
   1.0000   1.0000   1.0000
   1.0000   1.0000   1.0000
   1.0000   1.0000   1.0000
   1.0000   1.0000   1.0000
   1.0000   1.0000   1.0000
   1.0000   1.0000   1.0000
   1.0000   1.0000   1.0000
   1.0000   1.0000   1.0000
   1.0000   1.0000   1.0000
   1.0000   1.0000   1.0000
   1.0000   1.0000   1.0000
   1.0000   1.0000   1.0000
   1.0000   1.0000   1.0000
   1.0000   1.0000   1.0000
   1.0000   1.0000   1.0000
   1.0000   1.0000   1.0000
   1.0000   1.0000   1.0000
   1.0000   1.0000   1.0000
   1.0000   1.0000   1.0000
   1.0000   1.0000   1.0000
   1.0000   1.0000   1.0000
   1.0000   1.0000   1.0000
   1.0000   1.0000   1.0000
   1.0000   1.0000   1.0000
   1.0000   1.0000   1.0000
   1.0000   1.0000   1.0000
   1.0000   1.0000   1.0000
   1.0000   1.0000   1.0000
   1.0000   1.0000   1.0000
   1.0000   1.0000   1.0000
   1.0000   1.0000   1.0000
   1.0000   1.0000   1.0000
   1.0000   1.0000   1.0000
   1.0000   1.0000   1.0000
   1.0000   1.0000   1.0000
   1.0000   1.0000   1.0000
   1.0000   1.0000   1.0000

applying weight : 1
applying weight : 1
applying weight : 1
Here are the weights in c++ : 
   1.0000   1.0000   1.0000
   1.0000   1.0000   1.0000
   1.0000   1.0000   1.0000
   1.0000   1.0000   1.0000
   1.0000   1.0000   1.0000
   1.0000   1.0000   1.0000
   1.0000   1.0000   1.0000
   1.0000   1.0000   1.0000
   1.0000   1.0000   1.0000
   1.0000   1.0000   1.0000
   1.0000   1.0000   1.0000
   1.0000   1.0000   1.0000
   1.0000   1.0000   1.0000
   1.0000   1.0000   1.0000
   1.0000   1.0000   1.0000
   1.0000   1.0000   1.0000
   1.0000   1.0000   1.0000
   1.0000   1.0000   1.0000
   1.0000   1.0000   1.0000
   1.0000   1.0000   1.0000
   1.0000   1.0000   1.0000
   1.0000   1.0000   1.0000
   1.0000   1.0000   1.0000
   1.0000   1.0000   1.0000
   1.0000   1.0000   1.0000
   1.0000   1.0000   1.0000
   1.0000   1.0000   1.0000
   1.0000   1.0000   1.0000
   1.0000   1.0000   1.0000
   1.0000   1.0000   1.0000
   1.0000   1.0000   1.0000
   1.0000   1.0000   1.0000
   1.0000   1.0000   1.0000
   1.0000   1.0000   1.0000
   1.0000   1.0000   1.0000
   1.0000   1.0000   1.0000
   1.0000   1.0000   1.0000
   1.0000   1.0000   1.0000
   1.0000   1.0000   1.0000
   1.0000   1.0000   1.0000
   1.0000   1.0000   1.0000
   1.0000   1.0000   1.0000
   1.0000   1.0000   1.0000
   1.0000   1.0000   1.0000
   1.0000   1.0000   1.0000
   1.0000   1.0000   1.0000
   1.0000   1.0000   1.0000
   1.0000   1.0000   1.0000
   1.0000   1.0000   1.0000
   1.0000   1.0000   1.0000
   1.0000   1.0000   1.0000
   1.0000   1.0000   1.0000
   1.0000   1.0000   1.0000
   1.0000   1.0000   1.0000
   1.0000   1.0000   1.0000
   1.0000   1.0000   1.0000
   1.0000   1.0000   1.0000

applying weight : 1
applying weight : 1
applying weight : 1
Here are the weights in c++ : 
   1.0000   1.0000   1.0000
   1.0000   1.0000   1.0000
   1.0000   1.0000   1.0000
   1.0000   1.0000   1.0000
   1.0000   1.0000   1.0000
   1.0000   1.0000   1.0000
   1.0000   1.0000   1.0000
   1.0000   1.0000   1.0000
   1.0000   1.0000   1.0000
   1.0000   1.0000   1.0000
   1.0000   1.0000   1.0000
   1.0000   1.0000   1.0000
   1.0000   1.0000   1.0000
   1.0000   1.0000   1.0000
   1.0000   1.0000   1.0000
   1.0000   1.0000   1.0000
   1.0000   1.0000   1.0000
   1.0000   1.0000   1.0000
   1.0000   1.0000   1.0000
   1.0000   1.0000   1.0000
   1.0000   1.0000   1.0000
   1.0000   1.0000   1.0000
   1.0000   1.0000   1.0000
   1.0000   1.0000   1.0000
   1.0000   1.0000   1.0000
   1.0000   1.0000   1.0000
   1.0000   1.0000   1.0000
   1.0000   1.0000   1.0000
   1.0000   1.0000   1.0000
   1.0000   1.0000   1.0000
   1.0000   1.0000   1.0000
   1.0000   1.0000   1.0000
   1.0000   1.0000   1.0000
   1.0000   1.0000   1.0000
   1.0000   1.0000   1.0000
   1.0000   1.0000   1.0000
   1.0000   1.0000   1.0000
   1.0000   1.0000   1.0000
   1.0000   1.0000   1.0000
   1.0000   1.0000   1.0000
   1.0000   1.0000   1.0000
   1.0000   1.0000   1.0000
   1.0000   1.0000   1.0000
   1.0000   1.0000   1.0000
   1.0000   1.0000   1.0000
   1.0000   1.0000   1.0000
   1.0000   1.0000   1.0000
   1.0000   1.0000   1.0000
   1.0000   1.0000   1.0000
   1.0000   1.0000   1.0000
   1.0000   1.0000   1.0000
   1.0000   1.0000   1.0000
   1.0000   1.0000   1.0000
   1.0000   1.0000   1.0000
   1.0000   1.0000   1.0000
   1.0000   1.0000   1.0000
   1.0000   1.0000   1.0000

applying weight : 1
applying weight : 1
applying weight : 1
Here are the weights in c++ : 
   1.0000   1.0000   1.0000
   1.0000   1.0000   1.0000
   1.0000   1.0000   1.0000
   1.0000   1.0000   1.0000
   1.0000   1.0000   1.0000
   1.0000   1.0000   1.0000
   1.0000   1.0000   1.0000
   1.0000   1.0000   1.0000
   1.0000   1.0000   1.0000
   1.0000   1.0000   1.0000
   1.0000   1.0000   1.0000
   1.0000   1.0000   1.0000
   1.0000   1.0000   1.0000
   1.0000   1.0000   1.0000
   1.0000   1.0000   1.0000
   1.0000   1.0000   1.0000
   1.0000   1.0000   1.0000
   1.0000   1.0000   1.0000
   1.0000   1.0000   1.0000
   1.0000   1.0000   1.0000
   1.0000   1.0000   1.0000
   1.0000   1.0000   1.0000
   1.0000   1.0000   1.0000
   1.0000   1.0000   1.0000
   1.0000   1.0000   1.0000
   1.0000   1.0000   1.0000
   1.0000   1.0000   1.0000
   1.0000   1.0000   1.0000
   1.0000   1.0000   1.0000
   1.0000   1.0000   1.0000
   1.0000   1.0000   1.0000
   1.0000   1.0000   1.0000
   1.0000   1.0000   1.0000
   1.0000   1.0000   1.0000
   1.0000   1.0000   1.0000
   1.0000   1.0000   1.0000
   1.0000   1.0000   1.0000
   1.0000   1.0000   1.0000
   1.0000   1.0000   1.0000
   1.0000   1.0000   1.0000
   1.0000   1.0000   1.0000
   1.0000   1.0000   1.0000
   1.0000   1.0000   1.0000
   1.0000   1.0000   1.0000
   1.0000   1.0000   1.0000
   1.0000   1.0000   1.0000
   1.0000   1.0000   1.0000
   1.0000   1.0000   1.0000
   1.0000   1.0000   1.0000
   1.0000   1.0000   1.0000
   1.0000   1.0000   1.0000
   1.0000   1.0000   1.0000
   1.0000   1.0000   1.0000
   1.0000   1.0000   1.0000
   1.0000   1.0000   1.0000
   1.0000   1.0000   1.0000
   1.0000   1.0000   1.0000

applying weight : 1
applying weight : 1
applying weight : 1
Here are the weights in c++ : 
   1.0000   1.0000   1.0000
   1.0000   1.0000   1.0000
   1.0000   1.0000   1.0000
   1.0000   1.0000   1.0000
   1.0000   1.0000   1.0000
   1.0000   1.0000   1.0000
   1.0000   1.0000   1.0000
   1.0000   1.0000   1.0000
   1.0000   1.0000   1.0000
   1.0000   1.0000   1.0000
   1.0000   1.0000   1.0000
   1.0000   1.0000   1.0000
   1.0000   1.0000   1.0000
   1.0000   1.0000   1.0000
   1.0000   1.0000   1.0000
   1.0000   1.0000   1.0000
   1.0000   1.0000   1.0000
   1.0000   1.0000   1.0000
   1.0000   1.0000   1.0000
   1.0000   1.0000   1.0000
   1.0000   1.0000   1.0000
   1.0000   1.0000   1.0000
   1.0000   1.0000   1.0000
   1.0000   1.0000   1.0000
   1.0000   1.0000   1.0000
   1.0000   1.0000   1.0000
   1.0000   1.0000   1.0000
   1.0000   1.0000   1.0000
   1.0000   1.0000   1.0000
   1.0000   1.0000   1.0000
   1.0000   1.0000   1.0000
   1.0000   1.0000   1.0000
   1.0000   1.0000   1.0000
   1.0000   1.0000   1.0000
   1.0000   1.0000   1.0000
   1.0000   1.0000   1.0000
   1.0000   1.0000   1.0000
   1.0000   1.0000   1.0000
   1.0000   1.0000   1.0000
   1.0000   1.0000   1.0000
   1.0000   1.0000   1.0000
   1.0000   1.0000   1.0000
   1.0000   1.0000   1.0000
   1.0000   1.0000   1.0000
   1.0000   1.0000   1.0000
   1.0000   1.0000   1.0000
   1.0000   1.0000   1.0000
   1.0000   1.0000   1.0000
   1.0000   1.0000   1.0000
   1.0000   1.0000   1.0000
   1.0000   1.0000   1.0000
   1.0000   1.0000   1.0000
   1.0000   1.0000   1.0000
   1.0000   1.0000   1.0000
   1.0000   1.0000   1.0000
   1.0000   1.0000   1.0000
   1.0000   1.0000   1.0000

applying weight : 1
applying weight : 1
applying weight : 1
Here are the weights in c++ : 
   1.0000   1.0000   1.0000
   1.0000   1.0000   1.0000
   1.0000   1.0000   1.0000
   1.0000   1.0000   1.0000
   1.0000   1.0000   1.0000
   1.0000   1.0000   1.0000
   1.0000   1.0000   1.0000
   1.0000   1.0000   1.0000
   1.0000   1.0000   1.0000
   1.0000   1.0000   1.0000
   1.0000   1.0000   1.0000
   1.0000   1.0000   1.0000
   1.0000   1.0000   1.0000
   1.0000   1.0000   1.0000
   1.0000   1.0000   1.0000
   1.0000   1.0000   1.0000
   1.0000   1.0000   1.0000
   1.0000   1.0000   1.0000
   1.0000   1.0000   1.0000
   1.0000   1.0000   1.0000
   1.0000   1.0000   1.0000
   1.0000   1.0000   1.0000
   1.0000   1.0000   1.0000
   1.0000   1.0000   1.0000
   1.0000   1.0000   1.0000
   1.0000   1.0000   1.0000
   1.0000   1.0000   1.0000
   1.0000   1.0000   1.0000
   1.0000   1.0000   1.0000
   1.0000   1.0000   1.0000
   1.0000   1.0000   1.0000
   1.0000   1.0000   1.0000
   1.0000   1.0000   1.0000
   1.0000   1.0000   1.0000
   1.0000   1.0000   1.0000
   1.0000   1.0000   1.0000
   1.0000   1.0000   1.0000
   1.0000   1.0000   1.0000
   1.0000   1.0000   1.0000
   1.0000   1.0000   1.0000
   1.0000   1.0000   1.0000
   1.0000   1.0000   1.0000
   1.0000   1.0000   1.0000
   1.0000   1.0000   1.0000
   1.0000   1.0000   1.0000
   1.0000   1.0000   1.0000
   1.0000   1.0000   1.0000
   1.0000   1.0000   1.0000
   1.0000   1.0000   1.0000
   1.0000   1.0000   1.0000
   1.0000   1.0000   1.0000
   1.0000   1.0000   1.0000
   1.0000   1.0000   1.0000
   1.0000   1.0000   1.0000
   1.0000   1.0000   1.0000
   1.0000   1.0000   1.0000
   1.0000   1.0000   1.0000

applying weight : 1
applying weight : 1
applying weight : 1
Here are the weights in c++ : 
   1.0000   1.0000   1.0000
   1.0000   1.0000   1.0000
   1.0000   1.0000   1.0000
   1.0000   1.0000   1.0000
   1.0000   1.0000   1.0000
   1.0000   1.0000   1.0000
   1.0000   1.0000   1.0000
   1.0000   1.0000   1.0000
   1.0000   1.0000   1.0000
   1.0000   1.0000   1.0000
   1.0000   1.0000   1.0000
   1.0000   1.0000   1.0000
   1.0000   1.0000   1.0000
   1.0000   1.0000   1.0000
   1.0000   1.0000   1.0000
   1.0000   1.0000   1.0000
   1.0000   1.0000   1.0000
   1.0000   1.0000   1.0000
   1.0000   1.0000   1.0000
   1.0000   1.0000   1.0000
   1.0000   1.0000   1.0000
   1.0000   1.0000   1.0000
   1.0000   1.0000   1.0000
   1.0000   1.0000   1.0000
   1.0000   1.0000   1.0000
   1.0000   1.0000   1.0000
   1.0000   1.0000   1.0000
   1.0000   1.0000   1.0000
   1.0000   1.0000   1.0000
   1.0000   1.0000   1.0000
   1.0000   1.0000   1.0000
   1.0000   1.0000   1.0000
   1.0000   1.0000   1.0000
   1.0000   1.0000   1.0000
   1.0000   1.0000   1.0000
   1.0000   1.0000   1.0000
   1.0000   1.0000   1.0000
   1.0000   1.0000   1.0000
   1.0000   1.0000   1.0000
   1.0000   1.0000   1.0000
   1.0000   1.0000   1.0000
   1.0000   1.0000   1.0000
   1.0000   1.0000   1.0000
   1.0000   1.0000   1.0000
   1.0000   1.0000   1.0000
   1.0000   1.0000   1.0000
   1.0000   1.0000   1.0000
   1.0000   1.0000   1.0000
   1.0000   1.0000   1.0000
   1.0000   1.0000   1.0000
   1.0000   1.0000   1.0000
   1.0000   1.0000   1.0000
   1.0000   1.0000   1.0000
   1.0000   1.0000   1.0000
   1.0000   1.0000   1.0000
   1.0000   1.0000   1.0000
   1.0000   1.0000   1.0000

applying weight : 1
applying weight : 1
applying weight : 1
Here are the weights in c++ : 
   1.0000   1.0000   1.0000
   1.0000   1.0000   1.0000
   1.0000   1.0000   1.0000
   1.0000   1.0000   1.0000
   1.0000   1.0000   1.0000
   1.0000   1.0000   1.0000
   1.0000   1.0000   1.0000
   1.0000   1.0000   1.0000
   1.0000   1.0000   1.0000
   1.0000   1.0000   1.0000
   1.0000   1.0000   1.0000
   1.0000   1.0000   1.0000
   1.0000   1.0000   1.0000
   1.0000   1.0000   1.0000
   1.0000   1.0000   1.0000
   1.0000   1.0000   1.0000
   1.0000   1.0000   1.0000
   1.0000   1.0000   1.0000
   1.0000   1.0000   1.0000
   1.0000   1.0000   1.0000
   1.0000   1.0000   1.0000
   1.0000   1.0000   1.0000
   1.0000   1.0000   1.0000
   1.0000   1.0000   1.0000
   1.0000   1.0000   1.0000
   1.0000   1.0000   1.0000
   1.0000   1.0000   1.0000
   1.0000   1.0000   1.0000
   1.0000   1.0000   1.0000
   1.0000   1.0000   1.0000
   1.0000   1.0000   1.0000
   1.0000   1.0000   1.0000
   1.0000   1.0000   1.0000
   1.0000   1.0000   1.0000
   1.0000   1.0000   1.0000
   1.0000   1.0000   1.0000
   1.0000   1.0000   1.0000
   1.0000   1.0000   1.0000
   1.0000   1.0000   1.0000
   1.0000   1.0000   1.0000
   1.0000   1.0000   1.0000
   1.0000   1.0000   1.0000
   1.0000   1.0000   1.0000
   1.0000   1.0000   1.0000
   1.0000   1.0000   1.0000
   1.0000   1.0000   1.0000
   1.0000   1.0000   1.0000
   1.0000   1.0000   1.0000
   1.0000   1.0000   1.0000
   1.0000   1.0000   1.0000
   1.0000   1.0000   1.0000
   1.0000   1.0000   1.0000
   1.0000   1.0000   1.0000
   1.0000   1.0000   1.0000
   1.0000   1.0000   1.0000
   1.0000   1.0000   1.0000
   1.0000   1.0000   1.0000

applying weight : 1
applying weight : 1
applying weight : 1
Here are the weights in c++ : 
   1.0000   1.0000   1.0000
   1.0000   1.0000   1.0000
   1.0000   1.0000   1.0000
   1.0000   1.0000   1.0000
   1.0000   1.0000   1.0000
   1.0000   1.0000   1.0000
   1.0000   1.0000   1.0000
   1.0000   1.0000   1.0000
   1.0000   1.0000   1.0000
   1.0000   1.0000   1.0000
   1.0000   1.0000   1.0000
   1.0000   1.0000   1.0000
   1.0000   1.0000   1.0000
   1.0000   1.0000   1.0000
   1.0000   1.0000   1.0000
   1.0000   1.0000   1.0000
   1.0000   1.0000   1.0000
   1.0000   1.0000   1.0000
   1.0000   1.0000   1.0000
   1.0000   1.0000   1.0000
   1.0000   1.0000   1.0000
   1.0000   1.0000   1.0000
   1.0000   1.0000   1.0000
   1.0000   1.0000   1.0000
   1.0000   1.0000   1.0000
   1.0000   1.0000   1.0000
   1.0000   1.0000   1.0000
   1.0000   1.0000   1.0000
   1.0000   1.0000   1.0000
   1.0000   1.0000   1.0000
   1.0000   1.0000   1.0000
   1.0000   1.0000   1.0000
   1.0000   1.0000   1.0000
   1.0000   1.0000   1.0000
   1.0000   1.0000   1.0000
   1.0000   1.0000   1.0000
   1.0000   1.0000   1.0000
   1.0000   1.0000   1.0000
   1.0000   1.0000   1.0000
   1.0000   1.0000   1.0000
   1.0000   1.0000   1.0000
   1.0000   1.0000   1.0000
   1.0000   1.0000   1.0000
   1.0000   1.0000   1.0000
   1.0000   1.0000   1.0000
   1.0000   1.0000   1.0000
   1.0000   1.0000   1.0000
   1.0000   1.0000   1.0000
   1.0000   1.0000   1.0000
   1.0000   1.0000   1.0000
   1.0000   1.0000   1.0000
   1.0000   1.0000   1.0000
   1.0000   1.0000   1.0000
   1.0000   1.0000   1.0000
   1.0000   1.0000   1.0000
   1.0000   1.0000   1.0000
   1.0000   1.0000   1.0000

applying weight : 1
applying weight : 1
applying weight : 1
Here are the weights in c++ : 
   1.0000   1.0000   1.0000
   1.0000   1.0000   1.0000
   1.0000   1.0000   1.0000
   1.0000   1.0000   1.0000
   1.0000   1.0000   1.0000
   1.0000   1.0000   1.0000
   1.0000   1.0000   1.0000
   1.0000   1.0000   1.0000
   1.0000   1.0000   1.0000
   1.0000   1.0000   1.0000
   1.0000   1.0000   1.0000
   1.0000   1.0000   1.0000
   1.0000   1.0000   1.0000
   1.0000   1.0000   1.0000
   1.0000   1.0000   1.0000
   1.0000   1.0000   1.0000
   1.0000   1.0000   1.0000
   1.0000   1.0000   1.0000
   1.0000   1.0000   1.0000
   1.0000   1.0000   1.0000
   1.0000   1.0000   1.0000
   1.0000   1.0000   1.0000
   1.0000   1.0000   1.0000
   1.0000   1.0000   1.0000
   1.0000   1.0000   1.0000
   1.0000   1.0000   1.0000
   1.0000   1.0000   1.0000
   1.0000   1.0000   1.0000
   1.0000   1.0000   1.0000
   1.0000   1.0000   1.0000
   1.0000   1.0000   1.0000
   1.0000   1.0000   1.0000
   1.0000   1.0000   1.0000
   1.0000   1.0000   1.0000
   1.0000   1.0000   1.0000
   1.0000   1.0000   1.0000
   1.0000   1.0000   1.0000
   1.0000   1.0000   1.0000
   1.0000   1.0000   1.0000
   1.0000   1.0000   1.0000
   1.0000   1.0000   1.0000
   1.0000   1.0000   1.0000
   1.0000   1.0000   1.0000
   1.0000   1.0000   1.0000
   1.0000   1.0000   1.0000
   1.0000   1.0000   1.0000
   1.0000   1.0000   1.0000
   1.0000   1.0000   1.0000
   1.0000   1.0000   1.0000
   1.0000   1.0000   1.0000
   1.0000   1.0000   1.0000
   1.0000   1.0000   1.0000
   1.0000   1.0000   1.0000
   1.0000   1.0000   1.0000
   1.0000   1.0000   1.0000
   1.0000   1.0000   1.0000
   1.0000   1.0000   1.0000

applying weight : 1
applying weight : 1
applying weight : 1
Here are the weights in c++ : 
   1.0000   1.0000   1.0000
   1.0000   1.0000   1.0000
   1.0000   1.0000   1.0000
   1.0000   1.0000   1.0000
   1.0000   1.0000   1.0000
   1.0000   1.0000   1.0000
   1.0000   1.0000   1.0000
   1.0000   1.0000   1.0000
   1.0000   1.0000   1.0000
   1.0000   1.0000   1.0000
   1.0000   1.0000   1.0000
   1.0000   1.0000   1.0000
   1.0000   1.0000   1.0000
   1.0000   1.0000   1.0000
   1.0000   1.0000   1.0000
   1.0000   1.0000   1.0000
   1.0000   1.0000   1.0000
   1.0000   1.0000   1.0000
   1.0000   1.0000   1.0000
   1.0000   1.0000   1.0000
   1.0000   1.0000   1.0000
   1.0000   1.0000   1.0000
   1.0000   1.0000   1.0000
   1.0000   1.0000   1.0000
   1.0000   1.0000   1.0000
   1.0000   1.0000   1.0000
   1.0000   1.0000   1.0000
   1.0000   1.0000   1.0000
   1.0000   1.0000   1.0000
   1.0000   1.0000   1.0000
   1.0000   1.0000   1.0000
   1.0000   1.0000   1.0000
   1.0000   1.0000   1.0000
   1.0000   1.0000   1.0000
   1.0000   1.0000   1.0000
   1.0000   1.0000   1.0000
   1.0000   1.0000   1.0000
   1.0000   1.0000   1.0000
   1.0000   1.0000   1.0000
   1.0000   1.0000   1.0000
   1.0000   1.0000   1.0000
   1.0000   1.0000   1.0000
   1.0000   1.0000   1.0000
   1.0000   1.0000   1.0000
   1.0000   1.0000   1.0000
   1.0000   1.0000   1.0000
   1.0000   1.0000   1.0000
   1.0000   1.0000   1.0000
   1.0000   1.0000   1.0000
   1.0000   1.0000   1.0000
   1.0000   1.0000   1.0000
   1.0000   1.0000   1.0000
   1.0000   1.0000   1.0000
   1.0000   1.0000   1.0000
   1.0000   1.0000   1.0000
   1.0000   1.0000   1.0000
   1.0000   1.0000   1.0000

applying weight : 1
applying weight : 1
applying weight : 1
Here are the weights in c++ : 
   1.0000   1.0000   1.0000
   1.0000   1.0000   1.0000
   1.0000   1.0000   1.0000
   1.0000   1.0000   1.0000
   1.0000   1.0000   1.0000
   1.0000   1.0000   1.0000
   1.0000   1.0000   1.0000
   1.0000   1.0000   1.0000
   1.0000   1.0000   1.0000
   1.0000   1.0000   1.0000
   1.0000   1.0000   1.0000
   1.0000   1.0000   1.0000
   1.0000   1.0000   1.0000
   1.0000   1.0000   1.0000
   1.0000   1.0000   1.0000
   1.0000   1.0000   1.0000
   1.0000   1.0000   1.0000
   1.0000   1.0000   1.0000
   1.0000   1.0000   1.0000
   1.0000   1.0000   1.0000
   1.0000   1.0000   1.0000
   1.0000   1.0000   1.0000
   1.0000   1.0000   1.0000
   1.0000   1.0000   1.0000
   1.0000   1.0000   1.0000
   1.0000   1.0000   1.0000
   1.0000   1.0000   1.0000
   1.0000   1.0000   1.0000
   1.0000   1.0000   1.0000
   1.0000   1.0000   1.0000
   1.0000   1.0000   1.0000
   1.0000   1.0000   1.0000
   1.0000   1.0000   1.0000
   1.0000   1.0000   1.0000
   1.0000   1.0000   1.0000
   1.0000   1.0000   1.0000
   1.0000   1.0000   1.0000
   1.0000   1.0000   1.0000
   1.0000   1.0000   1.0000
   1.0000   1.0000   1.0000
   1.0000   1.0000   1.0000
   1.0000   1.0000   1.0000
   1.0000   1.0000   1.0000
   1.0000   1.0000   1.0000
   1.0000   1.0000   1.0000
   1.0000   1.0000   1.0000
   1.0000   1.0000   1.0000
   1.0000   1.0000   1.0000
   1.0000   1.0000   1.0000
   1.0000   1.0000   1.0000
   1.0000   1.0000   1.0000
   1.0000   1.0000   1.0000
   1.0000   1.0000   1.0000
   1.0000   1.0000   1.0000
   1.0000   1.0000   1.0000
   1.0000   1.0000   1.0000
   1.0000   1.0000   1.0000

applying weight : 1
applying weight : 1
applying weight : 1
Here are the weights in c++ : 
   1.0000   1.0000   1.0000
   1.0000   1.0000   1.0000
   1.0000   1.0000   1.0000
   1.0000   1.0000   1.0000
   1.0000   1.0000   1.0000
   1.0000   1.0000   1.0000
   1.0000   1.0000   1.0000
   1.0000   1.0000   1.0000
   1.0000   1.0000   1.0000
   1.0000   1.0000   1.0000
   1.0000   1.0000   1.0000
   1.0000   1.0000   1.0000
   1.0000   1.0000   1.0000
   1.0000   1.0000   1.0000
   1.0000   1.0000   1.0000
   1.0000   1.0000   1.0000
   1.0000   1.0000   1.0000
   1.0000   1.0000   1.0000
   1.0000   1.0000   1.0000
   1.0000   1.0000   1.0000
   1.0000   1.0000   1.0000
   1.0000   1.0000   1.0000
   1.0000   1.0000   1.0000
   1.0000   1.0000   1.0000
   1.0000   1.0000   1.0000
   1.0000   1.0000   1.0000
   1.0000   1.0000   1.0000
   1.0000   1.0000   1.0000
   1.0000   1.0000   1.0000
   1.0000   1.0000   1.0000
   1.0000   1.0000   1.0000
   1.0000   1.0000   1.0000
   1.0000   1.0000   1.0000
   1.0000   1.0000   1.0000
   1.0000   1.0000   1.0000
   1.0000   1.0000   1.0000
   1.0000   1.0000   1.0000
   1.0000   1.0000   1.0000
   1.0000   1.0000   1.0000
   1.0000   1.0000   1.0000
   1.0000   1.0000   1.0000
   1.0000   1.0000   1.0000
   1.0000   1.0000   1.0000
   1.0000   1.0000   1.0000
   1.0000   1.0000   1.0000
   1.0000   1.0000   1.0000
   1.0000   1.0000   1.0000
   1.0000   1.0000   1.0000
   1.0000   1.0000   1.0000
   1.0000   1.0000   1.0000
   1.0000   1.0000   1.0000
   1.0000   1.0000   1.0000
   1.0000   1.0000   1.0000
   1.0000   1.0000   1.0000
   1.0000   1.0000   1.0000
   1.0000   1.0000   1.0000
   1.0000   1.0000   1.0000

applying weight : 1
applying weight : 1
applying weight : 1
Here are the weights in c++ : 
   1.0000   1.0000   1.0000
   1.0000   1.0000   1.0000
   1.0000   1.0000   1.0000
   1.0000   1.0000   1.0000
   1.0000   1.0000   1.0000
   1.0000   1.0000   1.0000
   1.0000   1.0000   1.0000
   1.0000   1.0000   1.0000
   1.0000   1.0000   1.0000
   1.0000   1.0000   1.0000
   1.0000   1.0000   1.0000
   1.0000   1.0000   1.0000
   1.0000   1.0000   1.0000
   1.0000   1.0000   1.0000
   1.0000   1.0000   1.0000
   1.0000   1.0000   1.0000
   1.0000   1.0000   1.0000
   1.0000   1.0000   1.0000
   1.0000   1.0000   1.0000
   1.0000   1.0000   1.0000
   1.0000   1.0000   1.0000
   1.0000   1.0000   1.0000
   1.0000   1.0000   1.0000
   1.0000   1.0000   1.0000
   1.0000   1.0000   1.0000
   1.0000   1.0000   1.0000
   1.0000   1.0000   1.0000
   1.0000   1.0000   1.0000
   1.0000   1.0000   1.0000
   1.0000   1.0000   1.0000
   1.0000   1.0000   1.0000
   1.0000   1.0000   1.0000
   1.0000   1.0000   1.0000
   1.0000   1.0000   1.0000
   1.0000   1.0000   1.0000
   1.0000   1.0000   1.0000
   1.0000   1.0000   1.0000
   1.0000   1.0000   1.0000
   1.0000   1.0000   1.0000
   1.0000   1.0000   1.0000
   1.0000   1.0000   1.0000
   1.0000   1.0000   1.0000
   1.0000   1.0000   1.0000
   1.0000   1.0000   1.0000
   1.0000   1.0000   1.0000
   1.0000   1.0000   1.0000
   1.0000   1.0000   1.0000
   1.0000   1.0000   1.0000
   1.0000   1.0000   1.0000
   1.0000   1.0000   1.0000
   1.0000   1.0000   1.0000
   1.0000   1.0000   1.0000
   1.0000   1.0000   1.0000
   1.0000   1.0000   1.0000
   1.0000   1.0000   1.0000
   1.0000   1.0000   1.0000
   1.0000   1.0000   1.0000

applying weight : 1
applying weight : 1
applying weight : 1
Here are the weights in c++ : 
   1.0000   1.0000   1.0000
   1.0000   1.0000   1.0000
   1.0000   1.0000   1.0000
   1.0000   1.0000   1.0000
   1.0000   1.0000   1.0000
   1.0000   1.0000   1.0000
   1.0000   1.0000   1.0000
   1.0000   1.0000   1.0000
   1.0000   1.0000   1.0000
   1.0000   1.0000   1.0000
   1.0000   1.0000   1.0000
   1.0000   1.0000   1.0000
   1.0000   1.0000   1.0000
   1.0000   1.0000   1.0000
   1.0000   1.0000   1.0000
   1.0000   1.0000   1.0000
   1.0000   1.0000   1.0000
   1.0000   1.0000   1.0000
   1.0000   1.0000   1.0000
   1.0000   1.0000   1.0000
   1.0000   1.0000   1.0000
   1.0000   1.0000   1.0000
   1.0000   1.0000   1.0000
   1.0000   1.0000   1.0000
   1.0000   1.0000   1.0000
   1.0000   1.0000   1.0000
   1.0000   1.0000   1.0000
   1.0000   1.0000   1.0000
   1.0000   1.0000   1.0000
   1.0000   1.0000   1.0000
   1.0000   1.0000   1.0000
   1.0000   1.0000   1.0000
   1.0000   1.0000   1.0000
   1.0000   1.0000   1.0000
   1.0000   1.0000   1.0000
   1.0000   1.0000   1.0000
   1.0000   1.0000   1.0000
   1.0000   1.0000   1.0000
   1.0000   1.0000   1.0000
   1.0000   1.0000   1.0000
   1.0000   1.0000   1.0000
   1.0000   1.0000   1.0000
   1.0000   1.0000   1.0000
   1.0000   1.0000   1.0000
   1.0000   1.0000   1.0000
   1.0000   1.0000   1.0000
   1.0000   1.0000   1.0000
   1.0000   1.0000   1.0000
   1.0000   1.0000   1.0000
   1.0000   1.0000   1.0000
   1.0000   1.0000   1.0000
   1.0000   1.0000   1.0000
   1.0000   1.0000   1.0000
   1.0000   1.0000   1.0000
   1.0000   1.0000   1.0000
   1.0000   1.0000   1.0000
   1.0000   1.0000   1.0000

applying weight : 1
applying weight : 1
applying weight : 1
Here are the weights in c++ : 
   1.0000   1.0000   1.0000
   1.0000   1.0000   1.0000
   1.0000   1.0000   1.0000
   1.0000   1.0000   1.0000
   1.0000   1.0000   1.0000
   1.0000   1.0000   1.0000
   1.0000   1.0000   1.0000
   1.0000   1.0000   1.0000
   1.0000   1.0000   1.0000
   1.0000   1.0000   1.0000
   1.0000   1.0000   1.0000
   1.0000   1.0000   1.0000
   1.0000   1.0000   1.0000
   1.0000   1.0000   1.0000
   1.0000   1.0000   1.0000
   1.0000   1.0000   1.0000
   1.0000   1.0000   1.0000
   1.0000   1.0000   1.0000
   1.0000   1.0000   1.0000
   1.0000   1.0000   1.0000
   1.0000   1.0000   1.0000
   1.0000   1.0000   1.0000
   1.0000   1.0000   1.0000
   1.0000   1.0000   1.0000
   1.0000   1.0000   1.0000
   1.0000   1.0000   1.0000
   1.0000   1.0000   1.0000
   1.0000   1.0000   1.0000
   1.0000   1.0000   1.0000
   1.0000   1.0000   1.0000
   1.0000   1.0000   1.0000
   1.0000   1.0000   1.0000
   1.0000   1.0000   1.0000
   1.0000   1.0000   1.0000
   1.0000   1.0000   1.0000
   1.0000   1.0000   1.0000
   1.0000   1.0000   1.0000
   1.0000   1.0000   1.0000
   1.0000   1.0000   1.0000
   1.0000   1.0000   1.0000
   1.0000   1.0000   1.0000
   1.0000   1.0000   1.0000
   1.0000   1.0000   1.0000
   1.0000   1.0000   1.0000
   1.0000   1.0000   1.0000
   1.0000   1.0000   1.0000
   1.0000   1.0000   1.0000
   1.0000   1.0000   1.0000
   1.0000   1.0000   1.0000
   1.0000   1.0000   1.0000
   1.0000   1.0000   1.0000
   1.0000   1.0000   1.0000
   1.0000   1.0000   1.0000
   1.0000   1.0000   1.0000
   1.0000   1.0000   1.0000
   1.0000   1.0000   1.0000
   1.0000   1.0000   1.0000

applying weight : 1
applying weight : 1
applying weight : 1
Here are the weights in c++ : 
   1.0000   1.0000   1.0000
   1.0000   1.0000   1.0000
   1.0000   1.0000   1.0000
   1.0000   1.0000   1.0000
   1.0000   1.0000   1.0000
   1.0000   1.0000   1.0000
   1.0000   1.0000   1.0000
   1.0000   1.0000   1.0000
   1.0000   1.0000   1.0000
   1.0000   1.0000   1.0000
   1.0000   1.0000   1.0000
   1.0000   1.0000   1.0000
   1.0000   1.0000   1.0000
   1.0000   1.0000   1.0000
   1.0000   1.0000   1.0000
   1.0000   1.0000   1.0000
   1.0000   1.0000   1.0000
   1.0000   1.0000   1.0000
   1.0000   1.0000   1.0000
   1.0000   1.0000   1.0000
   1.0000   1.0000   1.0000
   1.0000   1.0000   1.0000
   1.0000   1.0000   1.0000
   1.0000   1.0000   1.0000
   1.0000   1.0000   1.0000
   1.0000   1.0000   1.0000
   1.0000   1.0000   1.0000
   1.0000   1.0000   1.0000
   1.0000   1.0000   1.0000
   1.0000   1.0000   1.0000
   1.0000   1.0000   1.0000
   1.0000   1.0000   1.0000
   1.0000   1.0000   1.0000
   1.0000   1.0000   1.0000
   1.0000   1.0000   1.0000
   1.0000   1.0000   1.0000
   1.0000   1.0000   1.0000
   1.0000   1.0000   1.0000
   1.0000   1.0000   1.0000
   1.0000   1.0000   1.0000
   1.0000   1.0000   1.0000
   1.0000   1.0000   1.0000
   1.0000   1.0000   1.0000
   1.0000   1.0000   1.0000
   1.0000   1.0000   1.0000
   1.0000   1.0000   1.0000
   1.0000   1.0000   1.0000
   1.0000   1.0000   1.0000
   1.0000   1.0000   1.0000
   1.0000   1.0000   1.0000
   1.0000   1.0000   1.0000
   1.0000   1.0000   1.0000
   1.0000   1.0000   1.0000
   1.0000   1.0000   1.0000
   1.0000   1.0000   1.0000
   1.0000   1.0000   1.0000
   1.0000   1.0000   1.0000

applying weight : 1
applying weight : 1
applying weight : 1
Here are the weights in c++ : 
   1.0000   1.0000   1.0000
   1.0000   1.0000   1.0000
   1.0000   1.0000   1.0000
   1.0000   1.0000   1.0000
   1.0000   1.0000   1.0000
   1.0000   1.0000   1.0000
   1.0000   1.0000   1.0000
   1.0000   1.0000   1.0000
   1.0000   1.0000   1.0000
   1.0000   1.0000   1.0000
   1.0000   1.0000   1.0000
   1.0000   1.0000   1.0000
   1.0000   1.0000   1.0000
   1.0000   1.0000   1.0000
   1.0000   1.0000   1.0000
   1.0000   1.0000   1.0000
   1.0000   1.0000   1.0000
   1.0000   1.0000   1.0000
   1.0000   1.0000   1.0000
   1.0000   1.0000   1.0000
   1.0000   1.0000   1.0000
   1.0000   1.0000   1.0000
   1.0000   1.0000   1.0000
   1.0000   1.0000   1.0000
   1.0000   1.0000   1.0000
   1.0000   1.0000   1.0000
   1.0000   1.0000   1.0000
   1.0000   1.0000   1.0000
   1.0000   1.0000   1.0000
   1.0000   1.0000   1.0000
   1.0000   1.0000   1.0000
   1.0000   1.0000   1.0000
   1.0000   1.0000   1.0000
   1.0000   1.0000   1.0000
   1.0000   1.0000   1.0000
   1.0000   1.0000   1.0000
   1.0000   1.0000   1.0000
   1.0000   1.0000   1.0000
   1.0000   1.0000   1.0000
   1.0000   1.0000   1.0000
   1.0000   1.0000   1.0000
   1.0000   1.0000   1.0000
   1.0000   1.0000   1.0000
   1.0000   1.0000   1.0000
   1.0000   1.0000   1.0000
   1.0000   1.0000   1.0000
   1.0000   1.0000   1.0000
   1.0000   1.0000   1.0000
   1.0000   1.0000   1.0000
   1.0000   1.0000   1.0000
   1.0000   1.0000   1.0000
   1.0000   1.0000   1.0000
   1.0000   1.0000   1.0000
   1.0000   1.0000   1.0000
   1.0000   1.0000   1.0000
   1.0000   1.0000   1.0000
   1.0000   1.0000   1.0000

applying weight : 1
applying weight : 1
applying weight : 1
Here are the weights in c++ : 
   1.0000   1.0000   1.0000
   1.0000   1.0000   1.0000
   1.0000   1.0000   1.0000
   1.0000   1.0000   1.0000
   1.0000   1.0000   1.0000
   1.0000   1.0000   1.0000
   1.0000   1.0000   1.0000
   1.0000   1.0000   1.0000
   1.0000   1.0000   1.0000
   1.0000   1.0000   1.0000
   1.0000   1.0000   1.0000
   1.0000   1.0000   1.0000
   1.0000   1.0000   1.0000
   1.0000   1.0000   1.0000
   1.0000   1.0000   1.0000
   1.0000   1.0000   1.0000
   1.0000   1.0000   1.0000
   1.0000   1.0000   1.0000
   1.0000   1.0000   1.0000
   1.0000   1.0000   1.0000
   1.0000   1.0000   1.0000
   1.0000   1.0000   1.0000
   1.0000   1.0000   1.0000
   1.0000   1.0000   1.0000
   1.0000   1.0000   1.0000
   1.0000   1.0000   1.0000
   1.0000   1.0000   1.0000
   1.0000   1.0000   1.0000
   1.0000   1.0000   1.0000
   1.0000   1.0000   1.0000
   1.0000   1.0000   1.0000
   1.0000   1.0000   1.0000
   1.0000   1.0000   1.0000
   1.0000   1.0000   1.0000
   1.0000   1.0000   1.0000
   1.0000   1.0000   1.0000
   1.0000   1.0000   1.0000
   1.0000   1.0000   1.0000
   1.0000   1.0000   1.0000
   1.0000   1.0000   1.0000
   1.0000   1.0000   1.0000
   1.0000   1.0000   1.0000
   1.0000   1.0000   1.0000
   1.0000   1.0000   1.0000
   1.0000   1.0000   1.0000
   1.0000   1.0000   1.0000
   1.0000   1.0000   1.0000
   1.0000   1.0000   1.0000
   1.0000   1.0000   1.0000
   1.0000   1.0000   1.0000
   1.0000   1.0000   1.0000
   1.0000   1.0000   1.0000
   1.0000   1.0000   1.0000
   1.0000   1.0000   1.0000
   1.0000   1.0000   1.0000
   1.0000   1.0000   1.0000
   1.0000   1.0000   1.0000

applying weight : 1
applying weight : 1
applying weight : 1
Here are the weights in c++ : 
   1.0000   1.0000   1.0000
   1.0000   1.0000   1.0000
   1.0000   1.0000   1.0000
   1.0000   1.0000   1.0000
   1.0000   1.0000   1.0000
   1.0000   1.0000   1.0000
   1.0000   1.0000   1.0000
   1.0000   1.0000   1.0000
   1.0000   1.0000   1.0000
   1.0000   1.0000   1.0000
   1.0000   1.0000   1.0000
   1.0000   1.0000   1.0000
   1.0000   1.0000   1.0000
   1.0000   1.0000   1.0000
   1.0000   1.0000   1.0000
   1.0000   1.0000   1.0000
   1.0000   1.0000   1.0000
   1.0000   1.0000   1.0000
   1.0000   1.0000   1.0000
   1.0000   1.0000   1.0000
   1.0000   1.0000   1.0000
   1.0000   1.0000   1.0000
   1.0000   1.0000   1.0000
   1.0000   1.0000   1.0000
   1.0000   1.0000   1.0000
   1.0000   1.0000   1.0000
   1.0000   1.0000   1.0000
   1.0000   1.0000   1.0000
   1.0000   1.0000   1.0000
   1.0000   1.0000   1.0000
   1.0000   1.0000   1.0000
   1.0000   1.0000   1.0000
   1.0000   1.0000   1.0000
   1.0000   1.0000   1.0000
   1.0000   1.0000   1.0000
   1.0000   1.0000   1.0000
   1.0000   1.0000   1.0000
   1.0000   1.0000   1.0000
   1.0000   1.0000   1.0000
   1.0000   1.0000   1.0000
   1.0000   1.0000   1.0000
   1.0000   1.0000   1.0000
   1.0000   1.0000   1.0000
   1.0000   1.0000   1.0000
   1.0000   1.0000   1.0000
   1.0000   1.0000   1.0000
   1.0000   1.0000   1.0000
   1.0000   1.0000   1.0000
   1.0000   1.0000   1.0000
   1.0000   1.0000   1.0000
   1.0000   1.0000   1.0000
   1.0000   1.0000   1.0000
   1.0000   1.0000   1.0000
   1.0000   1.0000   1.0000
   1.0000   1.0000   1.0000
   1.0000   1.0000   1.0000
   1.0000   1.0000   1.0000

applying weight : 1
applying weight : 1
applying weight : 1
Here are the weights in c++ : 
   1.0000   1.0000   1.0000
   1.0000   1.0000   1.0000
   1.0000   1.0000   1.0000
   1.0000   1.0000   1.0000
   1.0000   1.0000   1.0000
   1.0000   1.0000   1.0000
   1.0000   1.0000   1.0000
   1.0000   1.0000   1.0000
   1.0000   1.0000   1.0000
   1.0000   1.0000   1.0000
   1.0000   1.0000   1.0000
   1.0000   1.0000   1.0000
   1.0000   1.0000   1.0000
   1.0000   1.0000   1.0000
   1.0000   1.0000   1.0000
   1.0000   1.0000   1.0000
   1.0000   1.0000   1.0000
   1.0000   1.0000   1.0000
   1.0000   1.0000   1.0000
   1.0000   1.0000   1.0000
   1.0000   1.0000   1.0000
   1.0000   1.0000   1.0000
   1.0000   1.0000   1.0000
   1.0000   1.0000   1.0000
   1.0000   1.0000   1.0000
   1.0000   1.0000   1.0000
   1.0000   1.0000   1.0000
   1.0000   1.0000   1.0000
   1.0000   1.0000   1.0000
   1.0000   1.0000   1.0000
   1.0000   1.0000   1.0000
   1.0000   1.0000   1.0000
   1.0000   1.0000   1.0000
   1.0000   1.0000   1.0000
   1.0000   1.0000   1.0000
   1.0000   1.0000   1.0000
   1.0000   1.0000   1.0000
   1.0000   1.0000   1.0000
   1.0000   1.0000   1.0000
   1.0000   1.0000   1.0000
   1.0000   1.0000   1.0000
   1.0000   1.0000   1.0000
   1.0000   1.0000   1.0000
   1.0000   1.0000   1.0000
   1.0000   1.0000   1.0000
   1.0000   1.0000   1.0000
   1.0000   1.0000   1.0000
   1.0000   1.0000   1.0000
   1.0000   1.0000   1.0000
   1.0000   1.0000   1.0000
   1.0000   1.0000   1.0000
   1.0000   1.0000   1.0000
   1.0000   1.0000   1.0000
   1.0000   1.0000   1.0000
   1.0000   1.0000   1.0000
   1.0000   1.0000   1.0000
   1.0000   1.0000   1.0000

applying weight : 1
applying weight : 1
applying weight : 1
Here are the weights in c++ : 
   1.0000   1.0000   1.0000
   1.0000   1.0000   1.0000
   1.0000   1.0000   1.0000
   1.0000   1.0000   1.0000
   1.0000   1.0000   1.0000
   1.0000   1.0000   1.0000
   1.0000   1.0000   1.0000
   1.0000   1.0000   1.0000
   1.0000   1.0000   1.0000
   1.0000   1.0000   1.0000
   1.0000   1.0000   1.0000
   1.0000   1.0000   1.0000
   1.0000   1.0000   1.0000
   1.0000   1.0000   1.0000
   1.0000   1.0000   1.0000
   1.0000   1.0000   1.0000
   1.0000   1.0000   1.0000
   1.0000   1.0000   1.0000
   1.0000   1.0000   1.0000
   1.0000   1.0000   1.0000
   1.0000   1.0000   1.0000
   1.0000   1.0000   1.0000
   1.0000   1.0000   1.0000
   1.0000   1.0000   1.0000
   1.0000   1.0000   1.0000
   1.0000   1.0000   1.0000
   1.0000   1.0000   1.0000
   1.0000   1.0000   1.0000
   1.0000   1.0000   1.0000
   1.0000   1.0000   1.0000
   1.0000   1.0000   1.0000
   1.0000   1.0000   1.0000
   1.0000   1.0000   1.0000
   1.0000   1.0000   1.0000
   1.0000   1.0000   1.0000
   1.0000   1.0000   1.0000
   1.0000   1.0000   1.0000
   1.0000   1.0000   1.0000
   1.0000   1.0000   1.0000
   1.0000   1.0000   1.0000
   1.0000   1.0000   1.0000
   1.0000   1.0000   1.0000
   1.0000   1.0000   1.0000
   1.0000   1.0000   1.0000
   1.0000   1.0000   1.0000
   1.0000   1.0000   1.0000
   1.0000   1.0000   1.0000
   1.0000   1.0000   1.0000
   1.0000   1.0000   1.0000
   1.0000   1.0000   1.0000
   1.0000   1.0000   1.0000
   1.0000   1.0000   1.0000
   1.0000   1.0000   1.0000
   1.0000   1.0000   1.0000
   1.0000   1.0000   1.0000
   1.0000   1.0000   1.0000
   1.0000   1.0000   1.0000

applying weight : 1
applying weight : 1
applying weight : 1
Here are the weights in c++ : 
   1.0000   1.0000   1.0000
   1.0000   1.0000   1.0000
   1.0000   1.0000   1.0000
   1.0000   1.0000   1.0000
   1.0000   1.0000   1.0000
   1.0000   1.0000   1.0000
   1.0000   1.0000   1.0000
   1.0000   1.0000   1.0000
   1.0000   1.0000   1.0000
   1.0000   1.0000   1.0000
   1.0000   1.0000   1.0000
   1.0000   1.0000   1.0000
   1.0000   1.0000   1.0000
   1.0000   1.0000   1.0000
   1.0000   1.0000   1.0000
   1.0000   1.0000   1.0000
   1.0000   1.0000   1.0000
   1.0000   1.0000   1.0000
   1.0000   1.0000   1.0000
   1.0000   1.0000   1.0000
   1.0000   1.0000   1.0000
   1.0000   1.0000   1.0000
   1.0000   1.0000   1.0000
   1.0000   1.0000   1.0000
   1.0000   1.0000   1.0000
   1.0000   1.0000   1.0000
   1.0000   1.0000   1.0000
   1.0000   1.0000   1.0000
   1.0000   1.0000   1.0000
   1.0000   1.0000   1.0000
   1.0000   1.0000   1.0000
   1.0000   1.0000   1.0000
   1.0000   1.0000   1.0000
   1.0000   1.0000   1.0000
   1.0000   1.0000   1.0000
   1.0000   1.0000   1.0000
   1.0000   1.0000   1.0000
   1.0000   1.0000   1.0000
   1.0000   1.0000   1.0000
   1.0000   1.0000   1.0000
   1.0000   1.0000   1.0000
   1.0000   1.0000   1.0000
   1.0000   1.0000   1.0000
   1.0000   1.0000   1.0000
   1.0000   1.0000   1.0000
   1.0000   1.0000   1.0000
   1.0000   1.0000   1.0000
   1.0000   1.0000   1.0000
   1.0000   1.0000   1.0000
   1.0000   1.0000   1.0000
   1.0000   1.0000   1.0000
   1.0000   1.0000   1.0000
   1.0000   1.0000   1.0000
   1.0000   1.0000   1.0000
   1.0000   1.0000   1.0000
   1.0000   1.0000   1.0000
   1.0000   1.0000   1.0000

applying weight : 1
applying weight : 1
applying weight : 1
Here are the weights in c++ : 
   1.0000   1.0000   1.0000
   1.0000   1.0000   1.0000
   1.0000   1.0000   1.0000
   1.0000   1.0000   1.0000
   1.0000   1.0000   1.0000
   1.0000   1.0000   1.0000
   1.0000   1.0000   1.0000
   1.0000   1.0000   1.0000
   1.0000   1.0000   1.0000
   1.0000   1.0000   1.0000
   1.0000   1.0000   1.0000
   1.0000   1.0000   1.0000
   1.0000   1.0000   1.0000
   1.0000   1.0000   1.0000
   1.0000   1.0000   1.0000
   1.0000   1.0000   1.0000
   1.0000   1.0000   1.0000
   1.0000   1.0000   1.0000
   1.0000   1.0000   1.0000
   1.0000   1.0000   1.0000
   1.0000   1.0000   1.0000
   1.0000   1.0000   1.0000
   1.0000   1.0000   1.0000
   1.0000   1.0000   1.0000
   1.0000   1.0000   1.0000
   1.0000   1.0000   1.0000
   1.0000   1.0000   1.0000
   1.0000   1.0000   1.0000
   1.0000   1.0000   1.0000
   1.0000   1.0000   1.0000
   1.0000   1.0000   1.0000
   1.0000   1.0000   1.0000
   1.0000   1.0000   1.0000
   1.0000   1.0000   1.0000
   1.0000   1.0000   1.0000
   1.0000   1.0000   1.0000
   1.0000   1.0000   1.0000
   1.0000   1.0000   1.0000
   1.0000   1.0000   1.0000
   1.0000   1.0000   1.0000
   1.0000   1.0000   1.0000
   1.0000   1.0000   1.0000
   1.0000   1.0000   1.0000
   1.0000   1.0000   1.0000
   1.0000   1.0000   1.0000
   1.0000   1.0000   1.0000
   1.0000   1.0000   1.0000
   1.0000   1.0000   1.0000
   1.0000   1.0000   1.0000
   1.0000   1.0000   1.0000
   1.0000   1.0000   1.0000
   1.0000   1.0000   1.0000
   1.0000   1.0000   1.0000
   1.0000   1.0000   1.0000
   1.0000   1.0000   1.0000
   1.0000   1.0000   1.0000
   1.0000   1.0000   1.0000

applying weight : 1
applying weight : 1
applying weight : 1
Here are the weights in c++ : 
   1.0000   1.0000   1.0000
   1.0000   1.0000   1.0000
   1.0000   1.0000   1.0000
   1.0000   1.0000   1.0000
   1.0000   1.0000   1.0000
   1.0000   1.0000   1.0000
   1.0000   1.0000   1.0000
   1.0000   1.0000   1.0000
   1.0000   1.0000   1.0000
   1.0000   1.0000   1.0000
   1.0000   1.0000   1.0000
   1.0000   1.0000   1.0000
   1.0000   1.0000   1.0000
   1.0000   1.0000   1.0000
   1.0000   1.0000   1.0000
   1.0000   1.0000   1.0000
   1.0000   1.0000   1.0000
   1.0000   1.0000   1.0000
   1.0000   1.0000   1.0000
   1.0000   1.0000   1.0000
   1.0000   1.0000   1.0000
   1.0000   1.0000   1.0000
   1.0000   1.0000   1.0000
   1.0000   1.0000   1.0000
   1.0000   1.0000   1.0000
   1.0000   1.0000   1.0000
   1.0000   1.0000   1.0000
   1.0000   1.0000   1.0000
   1.0000   1.0000   1.0000
   1.0000   1.0000   1.0000
   1.0000   1.0000   1.0000
   1.0000   1.0000   1.0000
   1.0000   1.0000   1.0000
   1.0000   1.0000   1.0000
   1.0000   1.0000   1.0000
   1.0000   1.0000   1.0000
   1.0000   1.0000   1.0000
   1.0000   1.0000   1.0000
   1.0000   1.0000   1.0000
   1.0000   1.0000   1.0000
   1.0000   1.0000   1.0000
   1.0000   1.0000   1.0000
   1.0000   1.0000   1.0000
   1.0000   1.0000   1.0000
   1.0000   1.0000   1.0000
   1.0000   1.0000   1.0000
   1.0000   1.0000   1.0000
   1.0000   1.0000   1.0000
   1.0000   1.0000   1.0000
   1.0000   1.0000   1.0000
   1.0000   1.0000   1.0000
   1.0000   1.0000   1.0000
   1.0000   1.0000   1.0000
   1.0000   1.0000   1.0000
   1.0000   1.0000   1.0000
   1.0000   1.0000   1.0000
   1.0000   1.0000   1.0000

applying weight : 1
applying weight : 1
applying weight : 1
Here are the weights in c++ : 
   1.0000   1.0000   1.0000
   1.0000   1.0000   1.0000
   1.0000   1.0000   1.0000
   1.0000   1.0000   1.0000
   1.0000   1.0000   1.0000
   1.0000   1.0000   1.0000
   1.0000   1.0000   1.0000
   1.0000   1.0000   1.0000
   1.0000   1.0000   1.0000
   1.0000   1.0000   1.0000
   1.0000   1.0000   1.0000
   1.0000   1.0000   1.0000
   1.0000   1.0000   1.0000
   1.0000   1.0000   1.0000
   1.0000   1.0000   1.0000
   1.0000   1.0000   1.0000
   1.0000   1.0000   1.0000
   1.0000   1.0000   1.0000
   1.0000   1.0000   1.0000
   1.0000   1.0000   1.0000
   1.0000   1.0000   1.0000
   1.0000   1.0000   1.0000
   1.0000   1.0000   1.0000
   1.0000   1.0000   1.0000
   1.0000   1.0000   1.0000
   1.0000   1.0000   1.0000
   1.0000   1.0000   1.0000
   1.0000   1.0000   1.0000
   1.0000   1.0000   1.0000
   1.0000   1.0000   1.0000
   1.0000   1.0000   1.0000
   1.0000   1.0000   1.0000
   1.0000   1.0000   1.0000
   1.0000   1.0000   1.0000
   1.0000   1.0000   1.0000
   1.0000   1.0000   1.0000
   1.0000   1.0000   1.0000
   1.0000   1.0000   1.0000
   1.0000   1.0000   1.0000
   1.0000   1.0000   1.0000
   1.0000   1.0000   1.0000
   1.0000   1.0000   1.0000
   1.0000   1.0000   1.0000
   1.0000   1.0000   1.0000
   1.0000   1.0000   1.0000
   1.0000   1.0000   1.0000
   1.0000   1.0000   1.0000
   1.0000   1.0000   1.0000
   1.0000   1.0000   1.0000
   1.0000   1.0000   1.0000
   1.0000   1.0000   1.0000
   1.0000   1.0000   1.0000
   1.0000   1.0000   1.0000
   1.0000   1.0000   1.0000
   1.0000   1.0000   1.0000
   1.0000   1.0000   1.0000
   1.0000   1.0000   1.0000

applying weight : 1
applying weight : 1
applying weight : 1
Here are the weights in c++ : 
   1.0000   1.0000   1.0000
   1.0000   1.0000   1.0000
   1.0000   1.0000   1.0000
   1.0000   1.0000   1.0000
   1.0000   1.0000   1.0000
   1.0000   1.0000   1.0000
   1.0000   1.0000   1.0000
   1.0000   1.0000   1.0000
   1.0000   1.0000   1.0000
   1.0000   1.0000   1.0000
   1.0000   1.0000   1.0000
   1.0000   1.0000   1.0000
   1.0000   1.0000   1.0000
   1.0000   1.0000   1.0000
   1.0000   1.0000   1.0000
   1.0000   1.0000   1.0000
   1.0000   1.0000   1.0000
   1.0000   1.0000   1.0000
   1.0000   1.0000   1.0000
   1.0000   1.0000   1.0000
   1.0000   1.0000   1.0000
   1.0000   1.0000   1.0000
   1.0000   1.0000   1.0000
   1.0000   1.0000   1.0000
   1.0000   1.0000   1.0000
   1.0000   1.0000   1.0000
   1.0000   1.0000   1.0000
   1.0000   1.0000   1.0000
   1.0000   1.0000   1.0000
   1.0000   1.0000   1.0000
   1.0000   1.0000   1.0000
   1.0000   1.0000   1.0000
   1.0000   1.0000   1.0000
   1.0000   1.0000   1.0000
   1.0000   1.0000   1.0000
   1.0000   1.0000   1.0000
   1.0000   1.0000   1.0000
   1.0000   1.0000   1.0000
   1.0000   1.0000   1.0000
   1.0000   1.0000   1.0000
   1.0000   1.0000   1.0000
   1.0000   1.0000   1.0000
   1.0000   1.0000   1.0000
   1.0000   1.0000   1.0000
   1.0000   1.0000   1.0000
   1.0000   1.0000   1.0000
   1.0000   1.0000   1.0000
   1.0000   1.0000   1.0000
   1.0000   1.0000   1.0000
   1.0000   1.0000   1.0000
   1.0000   1.0000   1.0000
   1.0000   1.0000   1.0000
   1.0000   1.0000   1.0000
   1.0000   1.0000   1.0000
   1.0000   1.0000   1.0000
   1.0000   1.0000   1.0000
   1.0000   1.0000   1.0000

applying weight : 1
applying weight : 1
applying weight : 1
Here are the weights in c++ : 
   1.0000   1.0000   1.0000
   1.0000   1.0000   1.0000
   1.0000   1.0000   1.0000
   1.0000   1.0000   1.0000
   1.0000   1.0000   1.0000
   1.0000   1.0000   1.0000
   1.0000   1.0000   1.0000
   1.0000   1.0000   1.0000
   1.0000   1.0000   1.0000
   1.0000   1.0000   1.0000
   1.0000   1.0000   1.0000
   1.0000   1.0000   1.0000
   1.0000   1.0000   1.0000
   1.0000   1.0000   1.0000
   1.0000   1.0000   1.0000
   1.0000   1.0000   1.0000
   1.0000   1.0000   1.0000
   1.0000   1.0000   1.0000
   1.0000   1.0000   1.0000
   1.0000   1.0000   1.0000
   1.0000   1.0000   1.0000
   1.0000   1.0000   1.0000
   1.0000   1.0000   1.0000
   1.0000   1.0000   1.0000
   1.0000   1.0000   1.0000
   1.0000   1.0000   1.0000
   1.0000   1.0000   1.0000
   1.0000   1.0000   1.0000
   1.0000   1.0000   1.0000
   1.0000   1.0000   1.0000
   1.0000   1.0000   1.0000
   1.0000   1.0000   1.0000
   1.0000   1.0000   1.0000
   1.0000   1.0000   1.0000
   1.0000   1.0000   1.0000
   1.0000   1.0000   1.0000
   1.0000   1.0000   1.0000
   1.0000   1.0000   1.0000
   1.0000   1.0000   1.0000
   1.0000   1.0000   1.0000
   1.0000   1.0000   1.0000
   1.0000   1.0000   1.0000
   1.0000   1.0000   1.0000
   1.0000   1.0000   1.0000
   1.0000   1.0000   1.0000
   1.0000   1.0000   1.0000
   1.0000   1.0000   1.0000
   1.0000   1.0000   1.0000
   1.0000   1.0000   1.0000
   1.0000   1.0000   1.0000
   1.0000   1.0000   1.0000
   1.0000   1.0000   1.0000
   1.0000   1.0000   1.0000
   1.0000   1.0000   1.0000
   1.0000   1.0000   1.0000
   1.0000   1.0000   1.0000
   1.0000   1.0000   1.0000

applying weight : 1
applying weight : 1
applying weight : 1
Here are the weights in c++ : 
   1.0000   1.0000   1.0000
   1.0000   1.0000   1.0000
   1.0000   1.0000   1.0000
   1.0000   1.0000   1.0000
   1.0000   1.0000   1.0000
   1.0000   1.0000   1.0000
   1.0000   1.0000   1.0000
   1.0000   1.0000   1.0000
   1.0000   1.0000   1.0000
   1.0000   1.0000   1.0000
   1.0000   1.0000   1.0000
   1.0000   1.0000   1.0000
   1.0000   1.0000   1.0000
   1.0000   1.0000   1.0000
   1.0000   1.0000   1.0000
   1.0000   1.0000   1.0000
   1.0000   1.0000   1.0000
   1.0000   1.0000   1.0000
   1.0000   1.0000   1.0000
   1.0000   1.0000   1.0000
   1.0000   1.0000   1.0000
   1.0000   1.0000   1.0000
   1.0000   1.0000   1.0000
   1.0000   1.0000   1.0000
   1.0000   1.0000   1.0000
   1.0000   1.0000   1.0000
   1.0000   1.0000   1.0000
   1.0000   1.0000   1.0000
   1.0000   1.0000   1.0000
   1.0000   1.0000   1.0000
   1.0000   1.0000   1.0000
   1.0000   1.0000   1.0000
   1.0000   1.0000   1.0000
   1.0000   1.0000   1.0000
   1.0000   1.0000   1.0000
   1.0000   1.0000   1.0000
   1.0000   1.0000   1.0000
   1.0000   1.0000   1.0000
   1.0000   1.0000   1.0000
   1.0000   1.0000   1.0000
   1.0000   1.0000   1.0000
   1.0000   1.0000   1.0000
   1.0000   1.0000   1.0000
   1.0000   1.0000   1.0000
   1.0000   1.0000   1.0000
   1.0000   1.0000   1.0000
   1.0000   1.0000   1.0000
   1.0000   1.0000   1.0000
   1.0000   1.0000   1.0000
   1.0000   1.0000   1.0000
   1.0000   1.0000   1.0000
   1.0000   1.0000   1.0000
   1.0000   1.0000   1.0000
   1.0000   1.0000   1.0000
   1.0000   1.0000   1.0000
   1.0000   1.0000   1.0000
   1.0000   1.0000   1.0000

applying weight : 1
applying weight : 1
applying weight : 1
Here are the weights in c++ : 
   1.0000   1.0000   1.0000
   1.0000   1.0000   1.0000
   1.0000   1.0000   1.0000
   1.0000   1.0000   1.0000
   1.0000   1.0000   1.0000
   1.0000   1.0000   1.0000
   1.0000   1.0000   1.0000
   1.0000   1.0000   1.0000
   1.0000   1.0000   1.0000
   1.0000   1.0000   1.0000
   1.0000   1.0000   1.0000
   1.0000   1.0000   1.0000
   1.0000   1.0000   1.0000
   1.0000   1.0000   1.0000
   1.0000   1.0000   1.0000
   1.0000   1.0000   1.0000
   1.0000   1.0000   1.0000
   1.0000   1.0000   1.0000
   1.0000   1.0000   1.0000
   1.0000   1.0000   1.0000
   1.0000   1.0000   1.0000
   1.0000   1.0000   1.0000
   1.0000   1.0000   1.0000
   1.0000   1.0000   1.0000
   1.0000   1.0000   1.0000
   1.0000   1.0000   1.0000
   1.0000   1.0000   1.0000
   1.0000   1.0000   1.0000
   1.0000   1.0000   1.0000
   1.0000   1.0000   1.0000
   1.0000   1.0000   1.0000
   1.0000   1.0000   1.0000
   1.0000   1.0000   1.0000
   1.0000   1.0000   1.0000
   1.0000   1.0000   1.0000
   1.0000   1.0000   1.0000
   1.0000   1.0000   1.0000
   1.0000   1.0000   1.0000
   1.0000   1.0000   1.0000
   1.0000   1.0000   1.0000
   1.0000   1.0000   1.0000
   1.0000   1.0000   1.0000
   1.0000   1.0000   1.0000
   1.0000   1.0000   1.0000
   1.0000   1.0000   1.0000
   1.0000   1.0000   1.0000
   1.0000   1.0000   1.0000
   1.0000   1.0000   1.0000
   1.0000   1.0000   1.0000
   1.0000   1.0000   1.0000
   1.0000   1.0000   1.0000
   1.0000   1.0000   1.0000
   1.0000   1.0000   1.0000
   1.0000   1.0000   1.0000
   1.0000   1.0000   1.0000
   1.0000   1.0000   1.0000
   1.0000   1.0000   1.0000

applying weight : 1
applying weight : 1
applying weight : 1
Here are the weights in c++ : 
   1.0000   1.0000   1.0000
   1.0000   1.0000   1.0000
   1.0000   1.0000   1.0000
   1.0000   1.0000   1.0000
   1.0000   1.0000   1.0000
   1.0000   1.0000   1.0000
   1.0000   1.0000   1.0000
   1.0000   1.0000   1.0000
   1.0000   1.0000   1.0000
   1.0000   1.0000   1.0000
   1.0000   1.0000   1.0000
   1.0000   1.0000   1.0000
   1.0000   1.0000   1.0000
   1.0000   1.0000   1.0000
   1.0000   1.0000   1.0000
   1.0000   1.0000   1.0000
   1.0000   1.0000   1.0000
   1.0000   1.0000   1.0000
   1.0000   1.0000   1.0000
   1.0000   1.0000   1.0000
   1.0000   1.0000   1.0000
   1.0000   1.0000   1.0000
   1.0000   1.0000   1.0000
   1.0000   1.0000   1.0000
   1.0000   1.0000   1.0000
   1.0000   1.0000   1.0000
   1.0000   1.0000   1.0000
   1.0000   1.0000   1.0000
   1.0000   1.0000   1.0000
   1.0000   1.0000   1.0000
   1.0000   1.0000   1.0000
   1.0000   1.0000   1.0000
   1.0000   1.0000   1.0000
   1.0000   1.0000   1.0000
   1.0000   1.0000   1.0000
   1.0000   1.0000   1.0000
   1.0000   1.0000   1.0000
   1.0000   1.0000   1.0000
   1.0000   1.0000   1.0000
   1.0000   1.0000   1.0000
   1.0000   1.0000   1.0000
   1.0000   1.0000   1.0000
   1.0000   1.0000   1.0000
   1.0000   1.0000   1.0000
   1.0000   1.0000   1.0000
   1.0000   1.0000   1.0000
   1.0000   1.0000   1.0000
   1.0000   1.0000   1.0000
   1.0000   1.0000   1.0000
   1.0000   1.0000   1.0000
   1.0000   1.0000   1.0000
   1.0000   1.0000   1.0000
   1.0000   1.0000   1.0000
   1.0000   1.0000   1.0000
   1.0000   1.0000   1.0000
   1.0000   1.0000   1.0000
   1.0000   1.0000   1.0000

applying weight : 1
applying weight : 1
applying weight : 1
Here are the weights in c++ : 
   1.0000   1.0000   1.0000
   1.0000   1.0000   1.0000
   1.0000   1.0000   1.0000
   1.0000   1.0000   1.0000
   1.0000   1.0000   1.0000
   1.0000   1.0000   1.0000
   1.0000   1.0000   1.0000
   1.0000   1.0000   1.0000
   1.0000   1.0000   1.0000
   1.0000   1.0000   1.0000
   1.0000   1.0000   1.0000
   1.0000   1.0000   1.0000
   1.0000   1.0000   1.0000
   1.0000   1.0000   1.0000
   1.0000   1.0000   1.0000
   1.0000   1.0000   1.0000
   1.0000   1.0000   1.0000
   1.0000   1.0000   1.0000
   1.0000   1.0000   1.0000
   1.0000   1.0000   1.0000
   1.0000   1.0000   1.0000
   1.0000   1.0000   1.0000
   1.0000   1.0000   1.0000
   1.0000   1.0000   1.0000
   1.0000   1.0000   1.0000
   1.0000   1.0000   1.0000
   1.0000   1.0000   1.0000
   1.0000   1.0000   1.0000
   1.0000   1.0000   1.0000
   1.0000   1.0000   1.0000
   1.0000   1.0000   1.0000
   1.0000   1.0000   1.0000
   1.0000   1.0000   1.0000
   1.0000   1.0000   1.0000
   1.0000   1.0000   1.0000
   1.0000   1.0000   1.0000
   1.0000   1.0000   1.0000
   1.0000   1.0000   1.0000
   1.0000   1.0000   1.0000
   1.0000   1.0000   1.0000
   1.0000   1.0000   1.0000
   1.0000   1.0000   1.0000
   1.0000   1.0000   1.0000
   1.0000   1.0000   1.0000
   1.0000   1.0000   1.0000
   1.0000   1.0000   1.0000
   1.0000   1.0000   1.0000
   1.0000   1.0000   1.0000
   1.0000   1.0000   1.0000
   1.0000   1.0000   1.0000
   1.0000   1.0000   1.0000
   1.0000   1.0000   1.0000
   1.0000   1.0000   1.0000
   1.0000   1.0000   1.0000
   1.0000   1.0000   1.0000
   1.0000   1.0000   1.0000
   1.0000   1.0000   1.0000

applying weight : 1
applying weight : 1
applying weight : 1
Here are the weights in c++ : 
   1.0000   1.0000   1.0000
   1.0000   1.0000   1.0000
   1.0000   1.0000   1.0000
   1.0000   1.0000   1.0000
   1.0000   1.0000   1.0000
   1.0000   1.0000   1.0000
   1.0000   1.0000   1.0000
   1.0000   1.0000   1.0000
   1.0000   1.0000   1.0000
   1.0000   1.0000   1.0000
   1.0000   1.0000   1.0000
   1.0000   1.0000   1.0000
   1.0000   1.0000   1.0000
   1.0000   1.0000   1.0000
   1.0000   1.0000   1.0000
   1.0000   1.0000   1.0000
   1.0000   1.0000   1.0000
   1.0000   1.0000   1.0000
   1.0000   1.0000   1.0000
   1.0000   1.0000   1.0000
   1.0000   1.0000   1.0000
   1.0000   1.0000   1.0000
   1.0000   1.0000   1.0000
   1.0000   1.0000   1.0000
   1.0000   1.0000   1.0000
   1.0000   1.0000   1.0000
   1.0000   1.0000   1.0000
   1.0000   1.0000   1.0000
   1.0000   1.0000   1.0000
   1.0000   1.0000   1.0000
   1.0000   1.0000   1.0000
   1.0000   1.0000   1.0000
   1.0000   1.0000   1.0000
   1.0000   1.0000   1.0000
   1.0000   1.0000   1.0000
   1.0000   1.0000   1.0000
   1.0000   1.0000   1.0000
   1.0000   1.0000   1.0000
   1.0000   1.0000   1.0000
   1.0000   1.0000   1.0000
   1.0000   1.0000   1.0000
   1.0000   1.0000   1.0000
   1.0000   1.0000   1.0000
   1.0000   1.0000   1.0000
   1.0000   1.0000   1.0000
   1.0000   1.0000   1.0000
   1.0000   1.0000   1.0000
   1.0000   1.0000   1.0000
   1.0000   1.0000   1.0000
   1.0000   1.0000   1.0000
   1.0000   1.0000   1.0000
   1.0000   1.0000   1.0000
   1.0000   1.0000   1.0000
   1.0000   1.0000   1.0000
   1.0000   1.0000   1.0000
   1.0000   1.0000   1.0000
   1.0000   1.0000   1.0000

applying weight : 1
applying weight : 1
applying weight : 1
Here are the weights in c++ : 
   1.0000   1.0000   1.0000
   1.0000   1.0000   1.0000
   1.0000   1.0000   1.0000
   1.0000   1.0000   1.0000
   1.0000   1.0000   1.0000
   1.0000   1.0000   1.0000
   1.0000   1.0000   1.0000
   1.0000   1.0000   1.0000
   1.0000   1.0000   1.0000
   1.0000   1.0000   1.0000
   1.0000   1.0000   1.0000
   1.0000   1.0000   1.0000
   1.0000   1.0000   1.0000
   1.0000   1.0000   1.0000
   1.0000   1.0000   1.0000
   1.0000   1.0000   1.0000
   1.0000   1.0000   1.0000
   1.0000   1.0000   1.0000
   1.0000   1.0000   1.0000
   1.0000   1.0000   1.0000
   1.0000   1.0000   1.0000
   1.0000   1.0000   1.0000
   1.0000   1.0000   1.0000
   1.0000   1.0000   1.0000
   1.0000   1.0000   1.0000
   1.0000   1.0000   1.0000
   1.0000   1.0000   1.0000
   1.0000   1.0000   1.0000
   1.0000   1.0000   1.0000
   1.0000   1.0000   1.0000
   1.0000   1.0000   1.0000
   1.0000   1.0000   1.0000
   1.0000   1.0000   1.0000
   1.0000   1.0000   1.0000
   1.0000   1.0000   1.0000
   1.0000   1.0000   1.0000
   1.0000   1.0000   1.0000
   1.0000   1.0000   1.0000
   1.0000   1.0000   1.0000
   1.0000   1.0000   1.0000
   1.0000   1.0000   1.0000
   1.0000   1.0000   1.0000
   1.0000   1.0000   1.0000
   1.0000   1.0000   1.0000
   1.0000   1.0000   1.0000
   1.0000   1.0000   1.0000
   1.0000   1.0000   1.0000
   1.0000   1.0000   1.0000
   1.0000   1.0000   1.0000
   1.0000   1.0000   1.0000
   1.0000   1.0000   1.0000
   1.0000   1.0000   1.0000
   1.0000   1.0000   1.0000
   1.0000   1.0000   1.0000
   1.0000   1.0000   1.0000
   1.0000   1.0000   1.0000
   1.0000   1.0000   1.0000

applying weight : 1
applying weight : 1
applying weight : 1
Here are the weights in c++ : 
   1.0000   1.0000   1.0000
   1.0000   1.0000   1.0000
   1.0000   1.0000   1.0000
   1.0000   1.0000   1.0000
   1.0000   1.0000   1.0000
   1.0000   1.0000   1.0000
   1.0000   1.0000   1.0000
   1.0000   1.0000   1.0000
   1.0000   1.0000   1.0000
   1.0000   1.0000   1.0000
   1.0000   1.0000   1.0000
   1.0000   1.0000   1.0000
   1.0000   1.0000   1.0000
   1.0000   1.0000   1.0000
   1.0000   1.0000   1.0000
   1.0000   1.0000   1.0000
   1.0000   1.0000   1.0000
   1.0000   1.0000   1.0000
   1.0000   1.0000   1.0000
   1.0000   1.0000   1.0000
   1.0000   1.0000   1.0000
   1.0000   1.0000   1.0000
   1.0000   1.0000   1.0000
   1.0000   1.0000   1.0000
   1.0000   1.0000   1.0000
   1.0000   1.0000   1.0000
   1.0000   1.0000   1.0000
   1.0000   1.0000   1.0000
   1.0000   1.0000   1.0000
   1.0000   1.0000   1.0000
   1.0000   1.0000   1.0000
   1.0000   1.0000   1.0000
   1.0000   1.0000   1.0000
   1.0000   1.0000   1.0000
   1.0000   1.0000   1.0000
   1.0000   1.0000   1.0000
   1.0000   1.0000   1.0000
   1.0000   1.0000   1.0000
   1.0000   1.0000   1.0000
   1.0000   1.0000   1.0000
   1.0000   1.0000   1.0000
   1.0000   1.0000   1.0000
   1.0000   1.0000   1.0000
   1.0000   1.0000   1.0000
   1.0000   1.0000   1.0000
   1.0000   1.0000   1.0000
   1.0000   1.0000   1.0000
   1.0000   1.0000   1.0000
   1.0000   1.0000   1.0000
   1.0000   1.0000   1.0000
   1.0000   1.0000   1.0000
   1.0000   1.0000   1.0000
   1.0000   1.0000   1.0000
   1.0000   1.0000   1.0000
   1.0000   1.0000   1.0000
   1.0000   1.0000   1.0000
   1.0000   1.0000   1.0000

applying weight : 1
applying weight : 1
applying weight : 1
Here are the weights in c++ : 
   1.0000   1.0000   1.0000
   1.0000   1.0000   1.0000
   1.0000   1.0000   1.0000
   1.0000   1.0000   1.0000
   1.0000   1.0000   1.0000
   1.0000   1.0000   1.0000
   1.0000   1.0000   1.0000
   1.0000   1.0000   1.0000
   1.0000   1.0000   1.0000
   1.0000   1.0000   1.0000
   1.0000   1.0000   1.0000
   1.0000   1.0000   1.0000
   1.0000   1.0000   1.0000
   1.0000   1.0000   1.0000
   1.0000   1.0000   1.0000
   1.0000   1.0000   1.0000
   1.0000   1.0000   1.0000
   1.0000   1.0000   1.0000
   1.0000   1.0000   1.0000
   1.0000   1.0000   1.0000
   1.0000   1.0000   1.0000
   1.0000   1.0000   1.0000
   1.0000   1.0000   1.0000
   1.0000   1.0000   1.0000
   1.0000   1.0000   1.0000
   1.0000   1.0000   1.0000
   1.0000   1.0000   1.0000
   1.0000   1.0000   1.0000
   1.0000   1.0000   1.0000
   1.0000   1.0000   1.0000
   1.0000   1.0000   1.0000
   1.0000   1.0000   1.0000
   1.0000   1.0000   1.0000
   1.0000   1.0000   1.0000
   1.0000   1.0000   1.0000
   1.0000   1.0000   1.0000
   1.0000   1.0000   1.0000
   1.0000   1.0000   1.0000
   1.0000   1.0000   1.0000
   1.0000   1.0000   1.0000
   1.0000   1.0000   1.0000
   1.0000   1.0000   1.0000
   1.0000   1.0000   1.0000
   1.0000   1.0000   1.0000
   1.0000   1.0000   1.0000
   1.0000   1.0000   1.0000
   1.0000   1.0000   1.0000
   1.0000   1.0000   1.0000
   1.0000   1.0000   1.0000
   1.0000   1.0000   1.0000
   1.0000   1.0000   1.0000
   1.0000   1.0000   1.0000
   1.0000   1.0000   1.0000
   1.0000   1.0000   1.0000
   1.0000   1.0000   1.0000
   1.0000   1.0000   1.0000
   1.0000   1.0000   1.0000

applying weight : 1
applying weight : 1
applying weight : 1
Here are the weights in c++ : 
   1.0000   1.0000   1.0000
   1.0000   1.0000   1.0000
   1.0000   1.0000   1.0000
   1.0000   1.0000   1.0000
   1.0000   1.0000   1.0000
   1.0000   1.0000   1.0000
   1.0000   1.0000   1.0000
   1.0000   1.0000   1.0000
   1.0000   1.0000   1.0000
   1.0000   1.0000   1.0000
   1.0000   1.0000   1.0000
   1.0000   1.0000   1.0000
   1.0000   1.0000   1.0000
   1.0000   1.0000   1.0000
   1.0000   1.0000   1.0000
   1.0000   1.0000   1.0000
   1.0000   1.0000   1.0000
   1.0000   1.0000   1.0000
   1.0000   1.0000   1.0000
   1.0000   1.0000   1.0000
   1.0000   1.0000   1.0000
   1.0000   1.0000   1.0000
   1.0000   1.0000   1.0000
   1.0000   1.0000   1.0000
   1.0000   1.0000   1.0000
   1.0000   1.0000   1.0000
   1.0000   1.0000   1.0000
   1.0000   1.0000   1.0000
   1.0000   1.0000   1.0000
   1.0000   1.0000   1.0000
   1.0000   1.0000   1.0000
   1.0000   1.0000   1.0000
   1.0000   1.0000   1.0000
   1.0000   1.0000   1.0000
   1.0000   1.0000   1.0000
   1.0000   1.0000   1.0000
   1.0000   1.0000   1.0000
   1.0000   1.0000   1.0000
   1.0000   1.0000   1.0000
   1.0000   1.0000   1.0000
   1.0000   1.0000   1.0000
   1.0000   1.0000   1.0000
   1.0000   1.0000   1.0000
   1.0000   1.0000   1.0000
   1.0000   1.0000   1.0000
   1.0000   1.0000   1.0000
   1.0000   1.0000   1.0000
   1.0000   1.0000   1.0000
   1.0000   1.0000   1.0000
   1.0000   1.0000   1.0000
   1.0000   1.0000   1.0000
   1.0000   1.0000   1.0000
   1.0000   1.0000   1.0000
   1.0000   1.0000   1.0000
   1.0000   1.0000   1.0000
   1.0000   1.0000   1.0000
   1.0000   1.0000   1.0000

applying weight : 1
applying weight : 1
applying weight : 1
Here are the weights in c++ : 
   1.0000   1.0000   1.0000
   1.0000   1.0000   1.0000
   1.0000   1.0000   1.0000
   1.0000   1.0000   1.0000
   1.0000   1.0000   1.0000
   1.0000   1.0000   1.0000
   1.0000   1.0000   1.0000
   1.0000   1.0000   1.0000
   1.0000   1.0000   1.0000
   1.0000   1.0000   1.0000
   1.0000   1.0000   1.0000
   1.0000   1.0000   1.0000
   1.0000   1.0000   1.0000
   1.0000   1.0000   1.0000
   1.0000   1.0000   1.0000
   1.0000   1.0000   1.0000
   1.0000   1.0000   1.0000
   1.0000   1.0000   1.0000
   1.0000   1.0000   1.0000
   1.0000   1.0000   1.0000
   1.0000   1.0000   1.0000
   1.0000   1.0000   1.0000
   1.0000   1.0000   1.0000
   1.0000   1.0000   1.0000
   1.0000   1.0000   1.0000
   1.0000   1.0000   1.0000
   1.0000   1.0000   1.0000
   1.0000   1.0000   1.0000
   1.0000   1.0000   1.0000
   1.0000   1.0000   1.0000
   1.0000   1.0000   1.0000
   1.0000   1.0000   1.0000
   1.0000   1.0000   1.0000
   1.0000   1.0000   1.0000
   1.0000   1.0000   1.0000
   1.0000   1.0000   1.0000
   1.0000   1.0000   1.0000
   1.0000   1.0000   1.0000
   1.0000   1.0000   1.0000
   1.0000   1.0000   1.0000
   1.0000   1.0000   1.0000
   1.0000   1.0000   1.0000
   1.0000   1.0000   1.0000
   1.0000   1.0000   1.0000
   1.0000   1.0000   1.0000
   1.0000   1.0000   1.0000
   1.0000   1.0000   1.0000
   1.0000   1.0000   1.0000
   1.0000   1.0000   1.0000
   1.0000   1.0000   1.0000
   1.0000   1.0000   1.0000
   1.0000   1.0000   1.0000
   1.0000   1.0000   1.0000
   1.0000   1.0000   1.0000
   1.0000   1.0000   1.0000
   1.0000   1.0000   1.0000
   1.0000   1.0000   1.0000

applying weight : 1
applying weight : 1
applying weight : 1
Here are the weights in c++ : 
   1.0000   1.0000   1.0000
   1.0000   1.0000   1.0000
   1.0000   1.0000   1.0000
   1.0000   1.0000   1.0000
   1.0000   1.0000   1.0000
   1.0000   1.0000   1.0000
   1.0000   1.0000   1.0000
   1.0000   1.0000   1.0000
   1.0000   1.0000   1.0000
   1.0000   1.0000   1.0000
   1.0000   1.0000   1.0000
   1.0000   1.0000   1.0000
   1.0000   1.0000   1.0000
   1.0000   1.0000   1.0000
   1.0000   1.0000   1.0000
   1.0000   1.0000   1.0000
   1.0000   1.0000   1.0000
   1.0000   1.0000   1.0000
   1.0000   1.0000   1.0000
   1.0000   1.0000   1.0000
   1.0000   1.0000   1.0000
   1.0000   1.0000   1.0000
   1.0000   1.0000   1.0000
   1.0000   1.0000   1.0000
   1.0000   1.0000   1.0000
   1.0000   1.0000   1.0000
   1.0000   1.0000   1.0000
   1.0000   1.0000   1.0000
   1.0000   1.0000   1.0000
   1.0000   1.0000   1.0000
   1.0000   1.0000   1.0000
   1.0000   1.0000   1.0000
   1.0000   1.0000   1.0000
   1.0000   1.0000   1.0000
   1.0000   1.0000   1.0000
   1.0000   1.0000   1.0000
   1.0000   1.0000   1.0000
   1.0000   1.0000   1.0000
   1.0000   1.0000   1.0000
   1.0000   1.0000   1.0000
   1.0000   1.0000   1.0000
   1.0000   1.0000   1.0000
   1.0000   1.0000   1.0000
   1.0000   1.0000   1.0000
   1.0000   1.0000   1.0000
   1.0000   1.0000   1.0000
   1.0000   1.0000   1.0000
   1.0000   1.0000   1.0000
   1.0000   1.0000   1.0000
   1.0000   1.0000   1.0000
   1.0000   1.0000   1.0000
   1.0000   1.0000   1.0000
   1.0000   1.0000   1.0000
   1.0000   1.0000   1.0000
   1.0000   1.0000   1.0000
   1.0000   1.0000   1.0000
   1.0000   1.0000   1.0000

applying weight : 1
applying weight : 1
applying weight : 1
Here are the weights in c++ : 
   1.0000   1.0000   1.0000
   1.0000   1.0000   1.0000
   1.0000   1.0000   1.0000
   1.0000   1.0000   1.0000
   1.0000   1.0000   1.0000
   1.0000   1.0000   1.0000
   1.0000   1.0000   1.0000
   1.0000   1.0000   1.0000
   1.0000   1.0000   1.0000
   1.0000   1.0000   1.0000
   1.0000   1.0000   1.0000
   1.0000   1.0000   1.0000
   1.0000   1.0000   1.0000
   1.0000   1.0000   1.0000
   1.0000   1.0000   1.0000
   1.0000   1.0000   1.0000
   1.0000   1.0000   1.0000
   1.0000   1.0000   1.0000
   1.0000   1.0000   1.0000
   1.0000   1.0000   1.0000
   1.0000   1.0000   1.0000
   1.0000   1.0000   1.0000
   1.0000   1.0000   1.0000
   1.0000   1.0000   1.0000
   1.0000   1.0000   1.0000
   1.0000   1.0000   1.0000
   1.0000   1.0000   1.0000
   1.0000   1.0000   1.0000
   1.0000   1.0000   1.0000
   1.0000   1.0000   1.0000
   1.0000   1.0000   1.0000
   1.0000   1.0000   1.0000
   1.0000   1.0000   1.0000
   1.0000   1.0000   1.0000
   1.0000   1.0000   1.0000
   1.0000   1.0000   1.0000
   1.0000   1.0000   1.0000
   1.0000   1.0000   1.0000
   1.0000   1.0000   1.0000
   1.0000   1.0000   1.0000
   1.0000   1.0000   1.0000
   1.0000   1.0000   1.0000
   1.0000   1.0000   1.0000
   1.0000   1.0000   1.0000
   1.0000   1.0000   1.0000
   1.0000   1.0000   1.0000
   1.0000   1.0000   1.0000
   1.0000   1.0000   1.0000
   1.0000   1.0000   1.0000
   1.0000   1.0000   1.0000
   1.0000   1.0000   1.0000
   1.0000   1.0000   1.0000
   1.0000   1.0000   1.0000
   1.0000   1.0000   1.0000
   1.0000   1.0000   1.0000
   1.0000   1.0000   1.0000
   1.0000   1.0000   1.0000

applying weight : 1
applying weight : 1
applying weight : 1
Here are the weights in c++ : 
   1.0000   1.0000   1.0000
   1.0000   1.0000   1.0000
   1.0000   1.0000   1.0000
   1.0000   1.0000   1.0000
   1.0000   1.0000   1.0000
   1.0000   1.0000   1.0000
   1.0000   1.0000   1.0000
   1.0000   1.0000   1.0000
   1.0000   1.0000   1.0000
   1.0000   1.0000   1.0000
   1.0000   1.0000   1.0000
   1.0000   1.0000   1.0000
   1.0000   1.0000   1.0000
   1.0000   1.0000   1.0000
   1.0000   1.0000   1.0000
   1.0000   1.0000   1.0000
   1.0000   1.0000   1.0000
   1.0000   1.0000   1.0000
   1.0000   1.0000   1.0000
   1.0000   1.0000   1.0000
   1.0000   1.0000   1.0000
   1.0000   1.0000   1.0000
   1.0000   1.0000   1.0000
   1.0000   1.0000   1.0000
   1.0000   1.0000   1.0000
   1.0000   1.0000   1.0000
   1.0000   1.0000   1.0000
   1.0000   1.0000   1.0000
   1.0000   1.0000   1.0000
   1.0000   1.0000   1.0000
   1.0000   1.0000   1.0000
   1.0000   1.0000   1.0000
   1.0000   1.0000   1.0000
   1.0000   1.0000   1.0000
   1.0000   1.0000   1.0000
   1.0000   1.0000   1.0000
   1.0000   1.0000   1.0000
   1.0000   1.0000   1.0000
   1.0000   1.0000   1.0000
   1.0000   1.0000   1.0000
   1.0000   1.0000   1.0000
   1.0000   1.0000   1.0000
   1.0000   1.0000   1.0000
   1.0000   1.0000   1.0000
   1.0000   1.0000   1.0000
   1.0000   1.0000   1.0000
   1.0000   1.0000   1.0000
   1.0000   1.0000   1.0000
   1.0000   1.0000   1.0000
   1.0000   1.0000   1.0000
   1.0000   1.0000   1.0000
   1.0000   1.0000   1.0000
   1.0000   1.0000   1.0000
   1.0000   1.0000   1.0000
   1.0000   1.0000   1.0000
   1.0000   1.0000   1.0000
   1.0000   1.0000   1.0000

applying weight : 1
applying weight : 1
applying weight : 1
Here are the weights in c++ : 
   1.0000   1.0000   1.0000
   1.0000   1.0000   1.0000
   1.0000   1.0000   1.0000
   1.0000   1.0000   1.0000
   1.0000   1.0000   1.0000
   1.0000   1.0000   1.0000
   1.0000   1.0000   1.0000
   1.0000   1.0000   1.0000
   1.0000   1.0000   1.0000
   1.0000   1.0000   1.0000
   1.0000   1.0000   1.0000
   1.0000   1.0000   1.0000
   1.0000   1.0000   1.0000
   1.0000   1.0000   1.0000
   1.0000   1.0000   1.0000
   1.0000   1.0000   1.0000
   1.0000   1.0000   1.0000
   1.0000   1.0000   1.0000
   1.0000   1.0000   1.0000
   1.0000   1.0000   1.0000
   1.0000   1.0000   1.0000
   1.0000   1.0000   1.0000
   1.0000   1.0000   1.0000
   1.0000   1.0000   1.0000
   1.0000   1.0000   1.0000
   1.0000   1.0000   1.0000
   1.0000   1.0000   1.0000
   1.0000   1.0000   1.0000
   1.0000   1.0000   1.0000
   1.0000   1.0000   1.0000
   1.0000   1.0000   1.0000
   1.0000   1.0000   1.0000
   1.0000   1.0000   1.0000
   1.0000   1.0000   1.0000
   1.0000   1.0000   1.0000
   1.0000   1.0000   1.0000
   1.0000   1.0000   1.0000
   1.0000   1.0000   1.0000
   1.0000   1.0000   1.0000
   1.0000   1.0000   1.0000
   1.0000   1.0000   1.0000
   1.0000   1.0000   1.0000
   1.0000   1.0000   1.0000
   1.0000   1.0000   1.0000
   1.0000   1.0000   1.0000
   1.0000   1.0000   1.0000
   1.0000   1.0000   1.0000
   1.0000   1.0000   1.0000
   1.0000   1.0000   1.0000
   1.0000   1.0000   1.0000
   1.0000   1.0000   1.0000
   1.0000   1.0000   1.0000
   1.0000   1.0000   1.0000
   1.0000   1.0000   1.0000
   1.0000   1.0000   1.0000
   1.0000   1.0000   1.0000
   1.0000   1.0000   1.0000

applying weight : 1
applying weight : 1
applying weight : 1
Here are the weights in c++ : 
   1.0000   1.0000   1.0000
   1.0000   1.0000   1.0000
   1.0000   1.0000   1.0000
   1.0000   1.0000   1.0000
   1.0000   1.0000   1.0000
   1.0000   1.0000   1.0000
   1.0000   1.0000   1.0000
   1.0000   1.0000   1.0000
   1.0000   1.0000   1.0000
   1.0000   1.0000   1.0000
   1.0000   1.0000   1.0000
   1.0000   1.0000   1.0000
   1.0000   1.0000   1.0000
   1.0000   1.0000   1.0000
   1.0000   1.0000   1.0000
   1.0000   1.0000   1.0000
   1.0000   1.0000   1.0000
   1.0000   1.0000   1.0000
   1.0000   1.0000   1.0000
   1.0000   1.0000   1.0000
   1.0000   1.0000   1.0000
   1.0000   1.0000   1.0000
   1.0000   1.0000   1.0000
   1.0000   1.0000   1.0000
   1.0000   1.0000   1.0000
   1.0000   1.0000   1.0000
   1.0000   1.0000   1.0000
   1.0000   1.0000   1.0000
   1.0000   1.0000   1.0000
   1.0000   1.0000   1.0000
   1.0000   1.0000   1.0000
   1.0000   1.0000   1.0000
   1.0000   1.0000   1.0000
   1.0000   1.0000   1.0000
   1.0000   1.0000   1.0000
   1.0000   1.0000   1.0000
   1.0000   1.0000   1.0000
   1.0000   1.0000   1.0000
   1.0000   1.0000   1.0000
   1.0000   1.0000   1.0000
   1.0000   1.0000   1.0000
   1.0000   1.0000   1.0000
   1.0000   1.0000   1.0000
   1.0000   1.0000   1.0000
   1.0000   1.0000   1.0000
   1.0000   1.0000   1.0000
   1.0000   1.0000   1.0000
   1.0000   1.0000   1.0000
   1.0000   1.0000   1.0000
   1.0000   1.0000   1.0000
   1.0000   1.0000   1.0000
   1.0000   1.0000   1.0000
   1.0000   1.0000   1.0000
   1.0000   1.0000   1.0000
   1.0000   1.0000   1.0000
   1.0000   1.0000   1.0000
   1.0000   1.0000   1.0000

applying weight : 1
applying weight : 1
applying weight : 1
Here are the weights in c++ : 
   1.0000   1.0000   1.0000
   1.0000   1.0000   1.0000
   1.0000   1.0000   1.0000
   1.0000   1.0000   1.0000
   1.0000   1.0000   1.0000
   1.0000   1.0000   1.0000
   1.0000   1.0000   1.0000
   1.0000   1.0000   1.0000
   1.0000   1.0000   1.0000
   1.0000   1.0000   1.0000
   1.0000   1.0000   1.0000
   1.0000   1.0000   1.0000
   1.0000   1.0000   1.0000
   1.0000   1.0000   1.0000
   1.0000   1.0000   1.0000
   1.0000   1.0000   1.0000
   1.0000   1.0000   1.0000
   1.0000   1.0000   1.0000
   1.0000   1.0000   1.0000
   1.0000   1.0000   1.0000
   1.0000   1.0000   1.0000
   1.0000   1.0000   1.0000
   1.0000   1.0000   1.0000
   1.0000   1.0000   1.0000
   1.0000   1.0000   1.0000
   1.0000   1.0000   1.0000
   1.0000   1.0000   1.0000
   1.0000   1.0000   1.0000
   1.0000   1.0000   1.0000
   1.0000   1.0000   1.0000
   1.0000   1.0000   1.0000
   1.0000   1.0000   1.0000
   1.0000   1.0000   1.0000
   1.0000   1.0000   1.0000
   1.0000   1.0000   1.0000
   1.0000   1.0000   1.0000
   1.0000   1.0000   1.0000
   1.0000   1.0000   1.0000
   1.0000   1.0000   1.0000
   1.0000   1.0000   1.0000
   1.0000   1.0000   1.0000
   1.0000   1.0000   1.0000
   1.0000   1.0000   1.0000
   1.0000   1.0000   1.0000
   1.0000   1.0000   1.0000
   1.0000   1.0000   1.0000
   1.0000   1.0000   1.0000
   1.0000   1.0000   1.0000
   1.0000   1.0000   1.0000
   1.0000   1.0000   1.0000
   1.0000   1.0000   1.0000
   1.0000   1.0000   1.0000
   1.0000   1.0000   1.0000
   1.0000   1.0000   1.0000
   1.0000   1.0000   1.0000
   1.0000   1.0000   1.0000
   1.0000   1.0000   1.0000

applying weight : 1
applying weight : 1
applying weight : 1
Here are the weights in c++ : 
   1.0000   1.0000   1.0000
   1.0000   1.0000   1.0000
   1.0000   1.0000   1.0000
   1.0000   1.0000   1.0000
   1.0000   1.0000   1.0000
   1.0000   1.0000   1.0000
   1.0000   1.0000   1.0000
   1.0000   1.0000   1.0000
   1.0000   1.0000   1.0000
   1.0000   1.0000   1.0000
   1.0000   1.0000   1.0000
   1.0000   1.0000   1.0000
   1.0000   1.0000   1.0000
   1.0000   1.0000   1.0000
   1.0000   1.0000   1.0000
   1.0000   1.0000   1.0000
   1.0000   1.0000   1.0000
   1.0000   1.0000   1.0000
   1.0000   1.0000   1.0000
   1.0000   1.0000   1.0000
   1.0000   1.0000   1.0000
   1.0000   1.0000   1.0000
   1.0000   1.0000   1.0000
   1.0000   1.0000   1.0000
   1.0000   1.0000   1.0000
   1.0000   1.0000   1.0000
   1.0000   1.0000   1.0000
   1.0000   1.0000   1.0000
   1.0000   1.0000   1.0000
   1.0000   1.0000   1.0000
   1.0000   1.0000   1.0000
   1.0000   1.0000   1.0000
   1.0000   1.0000   1.0000
   1.0000   1.0000   1.0000
   1.0000   1.0000   1.0000
   1.0000   1.0000   1.0000
   1.0000   1.0000   1.0000
   1.0000   1.0000   1.0000
   1.0000   1.0000   1.0000
   1.0000   1.0000   1.0000
   1.0000   1.0000   1.0000
   1.0000   1.0000   1.0000
   1.0000   1.0000   1.0000
   1.0000   1.0000   1.0000
   1.0000   1.0000   1.0000
   1.0000   1.0000   1.0000
   1.0000   1.0000   1.0000
   1.0000   1.0000   1.0000
   1.0000   1.0000   1.0000
   1.0000   1.0000   1.0000
   1.0000   1.0000   1.0000
   1.0000   1.0000   1.0000
   1.0000   1.0000   1.0000
   1.0000   1.0000   1.0000
   1.0000   1.0000   1.0000
   1.0000   1.0000   1.0000
   1.0000   1.0000   1.0000

applying weight : 1
applying weight : 1
applying weight : 1
Here are the weights in c++ : 
   1.0000   1.0000   1.0000
   1.0000   1.0000   1.0000
   1.0000   1.0000   1.0000
   1.0000   1.0000   1.0000
   1.0000   1.0000   1.0000
   1.0000   1.0000   1.0000
   1.0000   1.0000   1.0000
   1.0000   1.0000   1.0000
   1.0000   1.0000   1.0000
   1.0000   1.0000   1.0000
   1.0000   1.0000   1.0000
   1.0000   1.0000   1.0000
   1.0000   1.0000   1.0000
   1.0000   1.0000   1.0000
   1.0000   1.0000   1.0000
   1.0000   1.0000   1.0000
   1.0000   1.0000   1.0000
   1.0000   1.0000   1.0000
   1.0000   1.0000   1.0000
   1.0000   1.0000   1.0000
   1.0000   1.0000   1.0000
   1.0000   1.0000   1.0000
   1.0000   1.0000   1.0000
   1.0000   1.0000   1.0000
   1.0000   1.0000   1.0000
   1.0000   1.0000   1.0000
   1.0000   1.0000   1.0000
   1.0000   1.0000   1.0000
   1.0000   1.0000   1.0000
   1.0000   1.0000   1.0000
   1.0000   1.0000   1.0000
   1.0000   1.0000   1.0000
   1.0000   1.0000   1.0000
   1.0000   1.0000   1.0000
   1.0000   1.0000   1.0000
   1.0000   1.0000   1.0000
   1.0000   1.0000   1.0000
   1.0000   1.0000   1.0000
   1.0000   1.0000   1.0000
   1.0000   1.0000   1.0000
   1.0000   1.0000   1.0000
   1.0000   1.0000   1.0000
   1.0000   1.0000   1.0000
   1.0000   1.0000   1.0000
   1.0000   1.0000   1.0000
   1.0000   1.0000   1.0000
   1.0000   1.0000   1.0000
   1.0000   1.0000   1.0000
   1.0000   1.0000   1.0000
   1.0000   1.0000   1.0000
   1.0000   1.0000   1.0000
   1.0000   1.0000   1.0000
   1.0000   1.0000   1.0000
   1.0000   1.0000   1.0000
   1.0000   1.0000   1.0000
   1.0000   1.0000   1.0000
   1.0000   1.0000   1.0000

applying weight : 1
applying weight : 1
applying weight : 1
Here are the weights in c++ : 
   1.0000   1.0000   1.0000
   1.0000   1.0000   1.0000
   1.0000   1.0000   1.0000
   1.0000   1.0000   1.0000
   1.0000   1.0000   1.0000
   1.0000   1.0000   1.0000
   1.0000   1.0000   1.0000
   1.0000   1.0000   1.0000
   1.0000   1.0000   1.0000
   1.0000   1.0000   1.0000
   1.0000   1.0000   1.0000
   1.0000   1.0000   1.0000
   1.0000   1.0000   1.0000
   1.0000   1.0000   1.0000
   1.0000   1.0000   1.0000
   1.0000   1.0000   1.0000
   1.0000   1.0000   1.0000
   1.0000   1.0000   1.0000
   1.0000   1.0000   1.0000
   1.0000   1.0000   1.0000
   1.0000   1.0000   1.0000
   1.0000   1.0000   1.0000
   1.0000   1.0000   1.0000
   1.0000   1.0000   1.0000
   1.0000   1.0000   1.0000
   1.0000   1.0000   1.0000
   1.0000   1.0000   1.0000
   1.0000   1.0000   1.0000
   1.0000   1.0000   1.0000
   1.0000   1.0000   1.0000
   1.0000   1.0000   1.0000
   1.0000   1.0000   1.0000
   1.0000   1.0000   1.0000
   1.0000   1.0000   1.0000
   1.0000   1.0000   1.0000
   1.0000   1.0000   1.0000
   1.0000   1.0000   1.0000
   1.0000   1.0000   1.0000
   1.0000   1.0000   1.0000
   1.0000   1.0000   1.0000
   1.0000   1.0000   1.0000
   1.0000   1.0000   1.0000
   1.0000   1.0000   1.0000
   1.0000   1.0000   1.0000
   1.0000   1.0000   1.0000
   1.0000   1.0000   1.0000
   1.0000   1.0000   1.0000
   1.0000   1.0000   1.0000
   1.0000   1.0000   1.0000
   1.0000   1.0000   1.0000
   1.0000   1.0000   1.0000
   1.0000   1.0000   1.0000
   1.0000   1.0000   1.0000
   1.0000   1.0000   1.0000
   1.0000   1.0000   1.0000
   1.0000   1.0000   1.0000
   1.0000   1.0000   1.0000

applying weight : 1
applying weight : 1
applying weight : 1
Here are the weights in c++ : 
   1.0000   1.0000   1.0000
   1.0000   1.0000   1.0000
   1.0000   1.0000   1.0000
   1.0000   1.0000   1.0000
   1.0000   1.0000   1.0000
   1.0000   1.0000   1.0000
   1.0000   1.0000   1.0000
   1.0000   1.0000   1.0000
   1.0000   1.0000   1.0000
   1.0000   1.0000   1.0000
   1.0000   1.0000   1.0000
   1.0000   1.0000   1.0000
   1.0000   1.0000   1.0000
   1.0000   1.0000   1.0000
   1.0000   1.0000   1.0000
   1.0000   1.0000   1.0000
   1.0000   1.0000   1.0000
   1.0000   1.0000   1.0000
   1.0000   1.0000   1.0000
   1.0000   1.0000   1.0000
   1.0000   1.0000   1.0000
   1.0000   1.0000   1.0000
   1.0000   1.0000   1.0000
   1.0000   1.0000   1.0000
   1.0000   1.0000   1.0000
   1.0000   1.0000   1.0000
   1.0000   1.0000   1.0000
   1.0000   1.0000   1.0000
   1.0000   1.0000   1.0000
   1.0000   1.0000   1.0000
   1.0000   1.0000   1.0000
   1.0000   1.0000   1.0000
   1.0000   1.0000   1.0000
   1.0000   1.0000   1.0000
   1.0000   1.0000   1.0000
   1.0000   1.0000   1.0000
   1.0000   1.0000   1.0000
   1.0000   1.0000   1.0000
   1.0000   1.0000   1.0000
   1.0000   1.0000   1.0000
   1.0000   1.0000   1.0000
   1.0000   1.0000   1.0000
   1.0000   1.0000   1.0000
   1.0000   1.0000   1.0000
   1.0000   1.0000   1.0000
   1.0000   1.0000   1.0000
   1.0000   1.0000   1.0000
   1.0000   1.0000   1.0000
   1.0000   1.0000   1.0000
   1.0000   1.0000   1.0000
   1.0000   1.0000   1.0000
   1.0000   1.0000   1.0000
   1.0000   1.0000   1.0000
   1.0000   1.0000   1.0000
   1.0000   1.0000   1.0000
   1.0000   1.0000   1.0000
   1.0000   1.0000   1.0000

applying weight : 1
applying weight : 1
applying weight : 1
Here are the weights in c++ : 
   1.0000   1.0000   1.0000
   1.0000   1.0000   1.0000
   1.0000   1.0000   1.0000
   1.0000   1.0000   1.0000
   1.0000   1.0000   1.0000
   1.0000   1.0000   1.0000
   1.0000   1.0000   1.0000
   1.0000   1.0000   1.0000
   1.0000   1.0000   1.0000
   1.0000   1.0000   1.0000
   1.0000   1.0000   1.0000
   1.0000   1.0000   1.0000
   1.0000   1.0000   1.0000
   1.0000   1.0000   1.0000
   1.0000   1.0000   1.0000
   1.0000   1.0000   1.0000
   1.0000   1.0000   1.0000
   1.0000   1.0000   1.0000
   1.0000   1.0000   1.0000
   1.0000   1.0000   1.0000
   1.0000   1.0000   1.0000
   1.0000   1.0000   1.0000
   1.0000   1.0000   1.0000
   1.0000   1.0000   1.0000
   1.0000   1.0000   1.0000
   1.0000   1.0000   1.0000
   1.0000   1.0000   1.0000
   1.0000   1.0000   1.0000
   1.0000   1.0000   1.0000
   1.0000   1.0000   1.0000
   1.0000   1.0000   1.0000
   1.0000   1.0000   1.0000
   1.0000   1.0000   1.0000
   1.0000   1.0000   1.0000
   1.0000   1.0000   1.0000
   1.0000   1.0000   1.0000
   1.0000   1.0000   1.0000
   1.0000   1.0000   1.0000
   1.0000   1.0000   1.0000
   1.0000   1.0000   1.0000
   1.0000   1.0000   1.0000
   1.0000   1.0000   1.0000
   1.0000   1.0000   1.0000
   1.0000   1.0000   1.0000
   1.0000   1.0000   1.0000
   1.0000   1.0000   1.0000
   1.0000   1.0000   1.0000
   1.0000   1.0000   1.0000
   1.0000   1.0000   1.0000
   1.0000   1.0000   1.0000
   1.0000   1.0000   1.0000
   1.0000   1.0000   1.0000
   1.0000   1.0000   1.0000
   1.0000   1.0000   1.0000
   1.0000   1.0000   1.0000
   1.0000   1.0000   1.0000
   1.0000   1.0000   1.0000

applying weight : 1
applying weight : 1
applying weight : 1
[1] "checking inputs ..."
[1] "prior data preparation ..."
[1] "Calculating the correction factor if required"
[1] "start calculating the CV values ..."
Here are the weights in c++ : 
   1.0000   1.0000   1.0000
   1.0000   1.0000   1.0000
   1.0000   1.0000   1.0000
   1.0000   1.0000   1.0000
   1.0000   1.0000   1.0000
   1.0000   1.0000   1.0000
   1.0000   1.0000   1.0000
   1.0000   1.0000   1.0000
   1.0000   1.0000   1.0000
   1.0000   1.0000   1.0000
   1.0000   1.0000   1.0000
   1.0000   1.0000   1.0000
   1.0000   1.0000   1.0000
   1.0000   1.0000   1.0000
   1.0000   1.0000   1.0000
   1.0000   1.0000   1.0000
   1.0000   1.0000   1.0000
   1.0000   1.0000   1.0000
   1.0000   1.0000   1.0000
   1.0000   1.0000   1.0000
   1.0000   1.0000   1.0000
   1.0000   1.0000   1.0000
   1.0000   1.0000   1.0000
   1.0000   1.0000   1.0000
   1.0000   1.0000   1.0000
   1.0000   1.0000   1.0000
   1.0000   1.0000   1.0000
   1.0000   1.0000   1.0000
   1.0000   1.0000   1.0000
   1.0000   1.0000   1.0000
   1.0000   1.0000   1.0000
   1.0000   1.0000   1.0000
   1.0000   1.0000   1.0000
   1.0000   1.0000   1.0000
   1.0000   1.0000   1.0000
   1.0000   1.0000   1.0000
   1.0000   1.0000   1.0000
   1.0000   1.0000   1.0000

applying weight : 1
applying weight : 1
applying weight : 1
Here are the weights in c++ : 
   1.0000   1.0000   1.0000
   1.0000   1.0000   1.0000
   1.0000   1.0000   1.0000
   1.0000   1.0000   1.0000
   1.0000   1.0000   1.0000
   1.0000   1.0000   1.0000
   1.0000   1.0000   1.0000
   1.0000   1.0000   1.0000
   1.0000   1.0000   1.0000
   1.0000   1.0000   1.0000
   1.0000   1.0000   1.0000
   1.0000   1.0000   1.0000
   1.0000   1.0000   1.0000
   1.0000   1.0000   1.0000
   1.0000   1.0000   1.0000
   1.0000   1.0000   1.0000
   1.0000   1.0000   1.0000
   1.0000   1.0000   1.0000
   1.0000   1.0000   1.0000
   1.0000   1.0000   1.0000
   1.0000   1.0000   1.0000
   1.0000   1.0000   1.0000
   1.0000   1.0000   1.0000
   1.0000   1.0000   1.0000
   1.0000   1.0000   1.0000
   1.0000   1.0000   1.0000
   1.0000   1.0000   1.0000
   1.0000   1.0000   1.0000
   1.0000   1.0000   1.0000
   1.0000   1.0000   1.0000
   1.0000   1.0000   1.0000
   1.0000   1.0000   1.0000
   1.0000   1.0000   1.0000
   1.0000   1.0000   1.0000
   1.0000   1.0000   1.0000
   1.0000   1.0000   1.0000
   1.0000   1.0000   1.0000
   1.0000   1.0000   1.0000

applying weight : 1
applying weight : 1
applying weight : 1
Here are the weights in c++ : 
   1.0000   1.0000   1.0000
   1.0000   1.0000   1.0000
   1.0000   1.0000   1.0000
   1.0000   1.0000   1.0000
   1.0000   1.0000   1.0000
   1.0000   1.0000   1.0000
   1.0000   1.0000   1.0000
   1.0000   1.0000   1.0000
   1.0000   1.0000   1.0000
   1.0000   1.0000   1.0000
   1.0000   1.0000   1.0000
   1.0000   1.0000   1.0000
   1.0000   1.0000   1.0000
   1.0000   1.0000   1.0000
   1.0000   1.0000   1.0000
   1.0000   1.0000   1.0000
   1.0000   1.0000   1.0000
   1.0000   1.0000   1.0000
   1.0000   1.0000   1.0000
   1.0000   1.0000   1.0000
   1.0000   1.0000   1.0000
   1.0000   1.0000   1.0000
   1.0000   1.0000   1.0000
   1.0000   1.0000   1.0000
   1.0000   1.0000   1.0000
   1.0000   1.0000   1.0000
   1.0000   1.0000   1.0000
   1.0000   1.0000   1.0000
   1.0000   1.0000   1.0000
   1.0000   1.0000   1.0000
   1.0000   1.0000   1.0000
   1.0000   1.0000   1.0000
   1.0000   1.0000   1.0000
   1.0000   1.0000   1.0000
   1.0000   1.0000   1.0000
   1.0000   1.0000   1.0000
   1.0000   1.0000   1.0000
   1.0000   1.0000   1.0000

applying weight : 1
applying weight : 1
applying weight : 1
Here are the weights in c++ : 
   1.0000   1.0000   1.0000
   1.0000   1.0000   1.0000
   1.0000   1.0000   1.0000
   1.0000   1.0000   1.0000
   1.0000   1.0000   1.0000
   1.0000   1.0000   1.0000
   1.0000   1.0000   1.0000
   1.0000   1.0000   1.0000
   1.0000   1.0000   1.0000
   1.0000   1.0000   1.0000
   1.0000   1.0000   1.0000
   1.0000   1.0000   1.0000
   1.0000   1.0000   1.0000
   1.0000   1.0000   1.0000
   1.0000   1.0000   1.0000
   1.0000   1.0000   1.0000
   1.0000   1.0000   1.0000
   1.0000   1.0000   1.0000
   1.0000   1.0000   1.0000
   1.0000   1.0000   1.0000
   1.0000   1.0000   1.0000
   1.0000   1.0000   1.0000
   1.0000   1.0000   1.0000
   1.0000   1.0000   1.0000
   1.0000   1.0000   1.0000
   1.0000   1.0000   1.0000
   1.0000   1.0000   1.0000
   1.0000   1.0000   1.0000
   1.0000   1.0000   1.0000
   1.0000   1.0000   1.0000
   1.0000   1.0000   1.0000
   1.0000   1.0000   1.0000
   1.0000   1.0000   1.0000
   1.0000   1.0000   1.0000
   1.0000   1.0000   1.0000
   1.0000   1.0000   1.0000
   1.0000   1.0000   1.0000
   1.0000   1.0000   1.0000

applying weight : 1
applying weight : 1
applying weight : 1
Here are the weights in c++ : 
   1.0000   1.0000   1.0000
   1.0000   1.0000   1.0000
   1.0000   1.0000   1.0000
   1.0000   1.0000   1.0000
   1.0000   1.0000   1.0000
   1.0000   1.0000   1.0000
   1.0000   1.0000   1.0000
   1.0000   1.0000   1.0000
   1.0000   1.0000   1.0000
   1.0000   1.0000   1.0000
   1.0000   1.0000   1.0000
   1.0000   1.0000   1.0000
   1.0000   1.0000   1.0000
   1.0000   1.0000   1.0000
   1.0000   1.0000   1.0000
   1.0000   1.0000   1.0000
   1.0000   1.0000   1.0000
   1.0000   1.0000   1.0000
   1.0000   1.0000   1.0000
   1.0000   1.0000   1.0000
   1.0000   1.0000   1.0000
   1.0000   1.0000   1.0000
   1.0000   1.0000   1.0000
   1.0000   1.0000   1.0000
   1.0000   1.0000   1.0000
   1.0000   1.0000   1.0000
   1.0000   1.0000   1.0000
   1.0000   1.0000   1.0000
   1.0000   1.0000   1.0000
   1.0000   1.0000   1.0000
   1.0000   1.0000   1.0000
   1.0000   1.0000   1.0000
   1.0000   1.0000   1.0000
   1.0000   1.0000   1.0000
   1.0000   1.0000   1.0000
   1.0000   1.0000   1.0000
   1.0000   1.0000   1.0000
   1.0000   1.0000   1.0000

applying weight : 1
applying weight : 1
applying weight : 1
Here are the weights in c++ : 
   1.0000   1.0000   1.0000
   1.0000   1.0000   1.0000
   1.0000   1.0000   1.0000
   1.0000   1.0000   1.0000
   1.0000   1.0000   1.0000
   1.0000   1.0000   1.0000
   1.0000   1.0000   1.0000
   1.0000   1.0000   1.0000
   1.0000   1.0000   1.0000
   1.0000   1.0000   1.0000
   1.0000   1.0000   1.0000
   1.0000   1.0000   1.0000
   1.0000   1.0000   1.0000
   1.0000   1.0000   1.0000
   1.0000   1.0000   1.0000
   1.0000   1.0000   1.0000
   1.0000   1.0000   1.0000
   1.0000   1.0000   1.0000
   1.0000   1.0000   1.0000
   1.0000   1.0000   1.0000
   1.0000   1.0000   1.0000
   1.0000   1.0000   1.0000
   1.0000   1.0000   1.0000
   1.0000   1.0000   1.0000
   1.0000   1.0000   1.0000
   1.0000   1.0000   1.0000
   1.0000   1.0000   1.0000
   1.0000   1.0000   1.0000
   1.0000   1.0000   1.0000
   1.0000   1.0000   1.0000
   1.0000   1.0000   1.0000
   1.0000   1.0000   1.0000
   1.0000   1.0000   1.0000
   1.0000   1.0000   1.0000
   1.0000   1.0000   1.0000
   1.0000   1.0000   1.0000
   1.0000   1.0000   1.0000
   1.0000   1.0000   1.0000

applying weight : 1
applying weight : 1
applying weight : 1
Here are the weights in c++ : 
   1.0000   1.0000   1.0000
   1.0000   1.0000   1.0000
   1.0000   1.0000   1.0000
   1.0000   1.0000   1.0000
   1.0000   1.0000   1.0000
   1.0000   1.0000   1.0000
   1.0000   1.0000   1.0000
   1.0000   1.0000   1.0000
   1.0000   1.0000   1.0000
   1.0000   1.0000   1.0000
   1.0000   1.0000   1.0000
   1.0000   1.0000   1.0000
   1.0000   1.0000   1.0000
   1.0000   1.0000   1.0000
   1.0000   1.0000   1.0000
   1.0000   1.0000   1.0000
   1.0000   1.0000   1.0000
   1.0000   1.0000   1.0000
   1.0000   1.0000   1.0000
   1.0000   1.0000   1.0000
   1.0000   1.0000   1.0000
   1.0000   1.0000   1.0000
   1.0000   1.0000   1.0000
   1.0000   1.0000   1.0000
   1.0000   1.0000   1.0000
   1.0000   1.0000   1.0000
   1.0000   1.0000   1.0000
   1.0000   1.0000   1.0000
   1.0000   1.0000   1.0000
   1.0000   1.0000   1.0000
   1.0000   1.0000   1.0000
   1.0000   1.0000   1.0000
   1.0000   1.0000   1.0000
   1.0000   1.0000   1.0000
   1.0000   1.0000   1.0000
   1.0000   1.0000   1.0000
   1.0000   1.0000   1.0000
   1.0000   1.0000   1.0000

applying weight : 1
applying weight : 1
applying weight : 1
Here are the weights in c++ : 
   1.0000   1.0000   1.0000
   1.0000   1.0000   1.0000
   1.0000   1.0000   1.0000
   1.0000   1.0000   1.0000
   1.0000   1.0000   1.0000
   1.0000   1.0000   1.0000
   1.0000   1.0000   1.0000
   1.0000   1.0000   1.0000
   1.0000   1.0000   1.0000
   1.0000   1.0000   1.0000
   1.0000   1.0000   1.0000
   1.0000   1.0000   1.0000
   1.0000   1.0000   1.0000
   1.0000   1.0000   1.0000
   1.0000   1.0000   1.0000
   1.0000   1.0000   1.0000
   1.0000   1.0000   1.0000
   1.0000   1.0000   1.0000
   1.0000   1.0000   1.0000
   1.0000   1.0000   1.0000
   1.0000   1.0000   1.0000
   1.0000   1.0000   1.0000
   1.0000   1.0000   1.0000
   1.0000   1.0000   1.0000
   1.0000   1.0000   1.0000
   1.0000   1.0000   1.0000
   1.0000   1.0000   1.0000
   1.0000   1.0000   1.0000
   1.0000   1.0000   1.0000
   1.0000   1.0000   1.0000
   1.0000   1.0000   1.0000
   1.0000   1.0000   1.0000
   1.0000   1.0000   1.0000
   1.0000   1.0000   1.0000
   1.0000   1.0000   1.0000
   1.0000   1.0000   1.0000
   1.0000   1.0000   1.0000
   1.0000   1.0000   1.0000

applying weight : 1
applying weight : 1
applying weight : 1
Here are the weights in c++ : 
   1.0000   1.0000   1.0000
   1.0000   1.0000   1.0000
   1.0000   1.0000   1.0000
   1.0000   1.0000   1.0000
   1.0000   1.0000   1.0000
   1.0000   1.0000   1.0000
   1.0000   1.0000   1.0000
   1.0000   1.0000   1.0000
   1.0000   1.0000   1.0000
   1.0000   1.0000   1.0000
   1.0000   1.0000   1.0000
   1.0000   1.0000   1.0000
   1.0000   1.0000   1.0000
   1.0000   1.0000   1.0000
   1.0000   1.0000   1.0000
   1.0000   1.0000   1.0000
   1.0000   1.0000   1.0000
   1.0000   1.0000   1.0000
   1.0000   1.0000   1.0000
   1.0000   1.0000   1.0000
   1.0000   1.0000   1.0000
   1.0000   1.0000   1.0000
   1.0000   1.0000   1.0000
   1.0000   1.0000   1.0000
   1.0000   1.0000   1.0000
   1.0000   1.0000   1.0000
   1.0000   1.0000   1.0000
   1.0000   1.0000   1.0000
   1.0000   1.0000   1.0000
   1.0000   1.0000   1.0000
   1.0000   1.0000   1.0000
   1.0000   1.0000   1.0000
   1.0000   1.0000   1.0000
   1.0000   1.0000   1.0000
   1.0000   1.0000   1.0000
   1.0000   1.0000   1.0000
   1.0000   1.0000   1.0000
   1.0000   1.0000   1.0000

applying weight : 1
applying weight : 1
applying weight : 1
Here are the weights in c++ : 
   1.0000   1.0000   1.0000
   1.0000   1.0000   1.0000
   1.0000   1.0000   1.0000
   1.0000   1.0000   1.0000
   1.0000   1.0000   1.0000
   1.0000   1.0000   1.0000
   1.0000   1.0000   1.0000
   1.0000   1.0000   1.0000
   1.0000   1.0000   1.0000
   1.0000   1.0000   1.0000
   1.0000   1.0000   1.0000
   1.0000   1.0000   1.0000
   1.0000   1.0000   1.0000
   1.0000   1.0000   1.0000
   1.0000   1.0000   1.0000
   1.0000   1.0000   1.0000
   1.0000   1.0000   1.0000
   1.0000   1.0000   1.0000
   1.0000   1.0000   1.0000
   1.0000   1.0000   1.0000
   1.0000   1.0000   1.0000
   1.0000   1.0000   1.0000
   1.0000   1.0000   1.0000
   1.0000   1.0000   1.0000
   1.0000   1.0000   1.0000
   1.0000   1.0000   1.0000
   1.0000   1.0000   1.0000
   1.0000   1.0000   1.0000
   1.0000   1.0000   1.0000
   1.0000   1.0000   1.0000
   1.0000   1.0000   1.0000
   1.0000   1.0000   1.0000
   1.0000   1.0000   1.0000
   1.0000   1.0000   1.0000
   1.0000   1.0000   1.0000
   1.0000   1.0000   1.0000
   1.0000   1.0000   1.0000
   1.0000   1.0000   1.0000

applying weight : 1
applying weight : 1
applying weight : 1
Here are the weights in c++ : 
   1.0000   1.0000   1.0000
   1.0000   1.0000   1.0000
   1.0000   1.0000   1.0000
   1.0000   1.0000   1.0000
   1.0000   1.0000   1.0000
   1.0000   1.0000   1.0000
   1.0000   1.0000   1.0000
   1.0000   1.0000   1.0000
   1.0000   1.0000   1.0000
   1.0000   1.0000   1.0000
   1.0000   1.0000   1.0000
   1.0000   1.0000   1.0000
   1.0000   1.0000   1.0000
   1.0000   1.0000   1.0000
   1.0000   1.0000   1.0000
   1.0000   1.0000   1.0000
   1.0000   1.0000   1.0000
   1.0000   1.0000   1.0000
   1.0000   1.0000   1.0000
   1.0000   1.0000   1.0000
   1.0000   1.0000   1.0000
   1.0000   1.0000   1.0000
   1.0000   1.0000   1.0000
   1.0000   1.0000   1.0000
   1.0000   1.0000   1.0000
   1.0000   1.0000   1.0000
   1.0000   1.0000   1.0000
   1.0000   1.0000   1.0000
   1.0000   1.0000   1.0000
   1.0000   1.0000   1.0000
   1.0000   1.0000   1.0000
   1.0000   1.0000   1.0000
   1.0000   1.0000   1.0000
   1.0000   1.0000   1.0000
   1.0000   1.0000   1.0000
   1.0000   1.0000   1.0000
   1.0000   1.0000   1.0000
   1.0000   1.0000   1.0000

applying weight : 1
applying weight : 1
applying weight : 1
Here are the weights in c++ : 
   1.0000   1.0000   1.0000
   1.0000   1.0000   1.0000
   1.0000   1.0000   1.0000
   1.0000   1.0000   1.0000
   1.0000   1.0000   1.0000
   1.0000   1.0000   1.0000
   1.0000   1.0000   1.0000
   1.0000   1.0000   1.0000
   1.0000   1.0000   1.0000
   1.0000   1.0000   1.0000
   1.0000   1.0000   1.0000
   1.0000   1.0000   1.0000
   1.0000   1.0000   1.0000
   1.0000   1.0000   1.0000
   1.0000   1.0000   1.0000
   1.0000   1.0000   1.0000
   1.0000   1.0000   1.0000
   1.0000   1.0000   1.0000
   1.0000   1.0000   1.0000
   1.0000   1.0000   1.0000
   1.0000   1.0000   1.0000
   1.0000   1.0000   1.0000
   1.0000   1.0000   1.0000
   1.0000   1.0000   1.0000
   1.0000   1.0000   1.0000
   1.0000   1.0000   1.0000
   1.0000   1.0000   1.0000
   1.0000   1.0000   1.0000
   1.0000   1.0000   1.0000
   1.0000   1.0000   1.0000
   1.0000   1.0000   1.0000
   1.0000   1.0000   1.0000
   1.0000   1.0000   1.0000
   1.0000   1.0000   1.0000
   1.0000   1.0000   1.0000
   1.0000   1.0000   1.0000
   1.0000   1.0000   1.0000
   1.0000   1.0000   1.0000

applying weight : 1
applying weight : 1
applying weight : 1
Here are the weights in c++ : 
   1.0000   1.0000   1.0000
   1.0000   1.0000   1.0000
   1.0000   1.0000   1.0000
   1.0000   1.0000   1.0000
   1.0000   1.0000   1.0000
   1.0000   1.0000   1.0000
   1.0000   1.0000   1.0000
   1.0000   1.0000   1.0000
   1.0000   1.0000   1.0000
   1.0000   1.0000   1.0000
   1.0000   1.0000   1.0000
   1.0000   1.0000   1.0000
   1.0000   1.0000   1.0000
   1.0000   1.0000   1.0000
   1.0000   1.0000   1.0000
   1.0000   1.0000   1.0000
   1.0000   1.0000   1.0000
   1.0000   1.0000   1.0000
   1.0000   1.0000   1.0000
   1.0000   1.0000   1.0000
   1.0000   1.0000   1.0000
   1.0000   1.0000   1.0000
   1.0000   1.0000   1.0000
   1.0000   1.0000   1.0000
   1.0000   1.0000   1.0000
   1.0000   1.0000   1.0000
   1.0000   1.0000   1.0000
   1.0000   1.0000   1.0000
   1.0000   1.0000   1.0000
   1.0000   1.0000   1.0000
   1.0000   1.0000   1.0000
   1.0000   1.0000   1.0000
   1.0000   1.0000   1.0000
   1.0000   1.0000   1.0000
   1.0000   1.0000   1.0000
   1.0000   1.0000   1.0000
   1.0000   1.0000   1.0000
   1.0000   1.0000   1.0000

applying weight : 1
applying weight : 1
applying weight : 1
Here are the weights in c++ : 
   1.0000   1.0000   1.0000
   1.0000   1.0000   1.0000
   1.0000   1.0000   1.0000
   1.0000   1.0000   1.0000
   1.0000   1.0000   1.0000
   1.0000   1.0000   1.0000
   1.0000   1.0000   1.0000
   1.0000   1.0000   1.0000
   1.0000   1.0000   1.0000
   1.0000   1.0000   1.0000
   1.0000   1.0000   1.0000
   1.0000   1.0000   1.0000
   1.0000   1.0000   1.0000
   1.0000   1.0000   1.0000
   1.0000   1.0000   1.0000
   1.0000   1.0000   1.0000
   1.0000   1.0000   1.0000
   1.0000   1.0000   1.0000
   1.0000   1.0000   1.0000
   1.0000   1.0000   1.0000
   1.0000   1.0000   1.0000
   1.0000   1.0000   1.0000
   1.0000   1.0000   1.0000
   1.0000   1.0000   1.0000
   1.0000   1.0000   1.0000
   1.0000   1.0000   1.0000
   1.0000   1.0000   1.0000
   1.0000   1.0000   1.0000
   1.0000   1.0000   1.0000
   1.0000   1.0000   1.0000
   1.0000   1.0000   1.0000
   1.0000   1.0000   1.0000
   1.0000   1.0000   1.0000
   1.0000   1.0000   1.0000
   1.0000   1.0000   1.0000
   1.0000   1.0000   1.0000
   1.0000   1.0000   1.0000
   1.0000   1.0000   1.0000

applying weight : 1
applying weight : 1
applying weight : 1
Here are the weights in c++ : 
   1.0000   1.0000   1.0000
   1.0000   1.0000   1.0000
   1.0000   1.0000   1.0000
   1.0000   1.0000   1.0000
   1.0000   1.0000   1.0000
   1.0000   1.0000   1.0000
   1.0000   1.0000   1.0000
   1.0000   1.0000   1.0000
   1.0000   1.0000   1.0000
   1.0000   1.0000   1.0000
   1.0000   1.0000   1.0000
   1.0000   1.0000   1.0000
   1.0000   1.0000   1.0000
   1.0000   1.0000   1.0000
   1.0000   1.0000   1.0000
   1.0000   1.0000   1.0000
   1.0000   1.0000   1.0000
   1.0000   1.0000   1.0000
   1.0000   1.0000   1.0000
   1.0000   1.0000   1.0000
   1.0000   1.0000   1.0000
   1.0000   1.0000   1.0000
   1.0000   1.0000   1.0000
   1.0000   1.0000   1.0000
   1.0000   1.0000   1.0000
   1.0000   1.0000   1.0000
   1.0000   1.0000   1.0000
   1.0000   1.0000   1.0000
   1.0000   1.0000   1.0000
   1.0000   1.0000   1.0000
   1.0000   1.0000   1.0000
   1.0000   1.0000   1.0000
   1.0000   1.0000   1.0000
   1.0000   1.0000   1.0000
   1.0000   1.0000   1.0000
   1.0000   1.0000   1.0000
   1.0000   1.0000   1.0000
   1.0000   1.0000   1.0000

applying weight : 1
applying weight : 1
applying weight : 1
Here are the weights in c++ : 
   1.0000   1.0000   1.0000
   1.0000   1.0000   1.0000
   1.0000   1.0000   1.0000
   1.0000   1.0000   1.0000
   1.0000   1.0000   1.0000
   1.0000   1.0000   1.0000
   1.0000   1.0000   1.0000
   1.0000   1.0000   1.0000
   1.0000   1.0000   1.0000
   1.0000   1.0000   1.0000
   1.0000   1.0000   1.0000
   1.0000   1.0000   1.0000
   1.0000   1.0000   1.0000
   1.0000   1.0000   1.0000
   1.0000   1.0000   1.0000
   1.0000   1.0000   1.0000
   1.0000   1.0000   1.0000
   1.0000   1.0000   1.0000
   1.0000   1.0000   1.0000
   1.0000   1.0000   1.0000
   1.0000   1.0000   1.0000
   1.0000   1.0000   1.0000
   1.0000   1.0000   1.0000
   1.0000   1.0000   1.0000
   1.0000   1.0000   1.0000
   1.0000   1.0000   1.0000
   1.0000   1.0000   1.0000
   1.0000   1.0000   1.0000
   1.0000   1.0000   1.0000
   1.0000   1.0000   1.0000
   1.0000   1.0000   1.0000
   1.0000   1.0000   1.0000
   1.0000   1.0000   1.0000
   1.0000   1.0000   1.0000
   1.0000   1.0000   1.0000
   1.0000   1.0000   1.0000
   1.0000   1.0000   1.0000
   1.0000   1.0000   1.0000

applying weight : 1
applying weight : 1
applying weight : 1
Here are the weights in c++ : 
   1.0000   1.0000   1.0000
   1.0000   1.0000   1.0000
   1.0000   1.0000   1.0000
   1.0000   1.0000   1.0000
   1.0000   1.0000   1.0000
   1.0000   1.0000   1.0000
   1.0000   1.0000   1.0000
   1.0000   1.0000   1.0000
   1.0000   1.0000   1.0000
   1.0000   1.0000   1.0000
   1.0000   1.0000   1.0000
   1.0000   1.0000   1.0000
   1.0000   1.0000   1.0000
   1.0000   1.0000   1.0000
   1.0000   1.0000   1.0000
   1.0000   1.0000   1.0000
   1.0000   1.0000   1.0000
   1.0000   1.0000   1.0000
   1.0000   1.0000   1.0000
   1.0000   1.0000   1.0000
   1.0000   1.0000   1.0000
   1.0000   1.0000   1.0000
   1.0000   1.0000   1.0000
   1.0000   1.0000   1.0000
   1.0000   1.0000   1.0000
   1.0000   1.0000   1.0000
   1.0000   1.0000   1.0000
   1.0000   1.0000   1.0000
   1.0000   1.0000   1.0000
   1.0000   1.0000   1.0000
   1.0000   1.0000   1.0000
   1.0000   1.0000   1.0000
   1.0000   1.0000   1.0000
   1.0000   1.0000   1.0000
   1.0000   1.0000   1.0000
   1.0000   1.0000   1.0000
   1.0000   1.0000   1.0000
   1.0000   1.0000   1.0000

applying weight : 1
applying weight : 1
applying weight : 1
Here are the weights in c++ : 
   1.0000   1.0000   1.0000
   1.0000   1.0000   1.0000
   1.0000   1.0000   1.0000
   1.0000   1.0000   1.0000
   1.0000   1.0000   1.0000
   1.0000   1.0000   1.0000
   1.0000   1.0000   1.0000
   1.0000   1.0000   1.0000
   1.0000   1.0000   1.0000
   1.0000   1.0000   1.0000
   1.0000   1.0000   1.0000
   1.0000   1.0000   1.0000
   1.0000   1.0000   1.0000
   1.0000   1.0000   1.0000
   1.0000   1.0000   1.0000
   1.0000   1.0000   1.0000
   1.0000   1.0000   1.0000
   1.0000   1.0000   1.0000
   1.0000   1.0000   1.0000
   1.0000   1.0000   1.0000
   1.0000   1.0000   1.0000
   1.0000   1.0000   1.0000
   1.0000   1.0000   1.0000
   1.0000   1.0000   1.0000
   1.0000   1.0000   1.0000
   1.0000   1.0000   1.0000
   1.0000   1.0000   1.0000
   1.0000   1.0000   1.0000
   1.0000   1.0000   1.0000
   1.0000   1.0000   1.0000
   1.0000   1.0000   1.0000
   1.0000   1.0000   1.0000
   1.0000   1.0000   1.0000
   1.0000   1.0000   1.0000
   1.0000   1.0000   1.0000
   1.0000   1.0000   1.0000
   1.0000   1.0000   1.0000
   1.0000   1.0000   1.0000

applying weight : 1
applying weight : 1
applying weight : 1
Here are the weights in c++ : 
   1.0000   1.0000   1.0000
   1.0000   1.0000   1.0000
   1.0000   1.0000   1.0000
   1.0000   1.0000   1.0000
   1.0000   1.0000   1.0000
   1.0000   1.0000   1.0000
   1.0000   1.0000   1.0000
   1.0000   1.0000   1.0000
   1.0000   1.0000   1.0000
   1.0000   1.0000   1.0000
   1.0000   1.0000   1.0000
   1.0000   1.0000   1.0000
   1.0000   1.0000   1.0000
   1.0000   1.0000   1.0000
   1.0000   1.0000   1.0000
   1.0000   1.0000   1.0000
   1.0000   1.0000   1.0000
   1.0000   1.0000   1.0000
   1.0000   1.0000   1.0000
   1.0000   1.0000   1.0000
   1.0000   1.0000   1.0000
   1.0000   1.0000   1.0000
   1.0000   1.0000   1.0000
   1.0000   1.0000   1.0000
   1.0000   1.0000   1.0000
   1.0000   1.0000   1.0000
   1.0000   1.0000   1.0000
   1.0000   1.0000   1.0000
   1.0000   1.0000   1.0000
   1.0000   1.0000   1.0000
   1.0000   1.0000   1.0000
   1.0000   1.0000   1.0000
   1.0000   1.0000   1.0000
   1.0000   1.0000   1.0000
   1.0000   1.0000   1.0000
   1.0000   1.0000   1.0000
   1.0000   1.0000   1.0000
   1.0000   1.0000   1.0000

applying weight : 1
applying weight : 1
applying weight : 1
Here are the weights in c++ : 
   1.0000   1.0000   1.0000
   1.0000   1.0000   1.0000
   1.0000   1.0000   1.0000
   1.0000   1.0000   1.0000
   1.0000   1.0000   1.0000
   1.0000   1.0000   1.0000
   1.0000   1.0000   1.0000
   1.0000   1.0000   1.0000
   1.0000   1.0000   1.0000
   1.0000   1.0000   1.0000
   1.0000   1.0000   1.0000
   1.0000   1.0000   1.0000
   1.0000   1.0000   1.0000
   1.0000   1.0000   1.0000
   1.0000   1.0000   1.0000
   1.0000   1.0000   1.0000
   1.0000   1.0000   1.0000
   1.0000   1.0000   1.0000
   1.0000   1.0000   1.0000
   1.0000   1.0000   1.0000
   1.0000   1.0000   1.0000
   1.0000   1.0000   1.0000
   1.0000   1.0000   1.0000
   1.0000   1.0000   1.0000
   1.0000   1.0000   1.0000
   1.0000   1.0000   1.0000
   1.0000   1.0000   1.0000
   1.0000   1.0000   1.0000
   1.0000   1.0000   1.0000
   1.0000   1.0000   1.0000
   1.0000   1.0000   1.0000
   1.0000   1.0000   1.0000
   1.0000   1.0000   1.0000
   1.0000   1.0000   1.0000
   1.0000   1.0000   1.0000
   1.0000   1.0000   1.0000
   1.0000   1.0000   1.0000
   1.0000   1.0000   1.0000

applying weight : 1
applying weight : 1
applying weight : 1
Here are the weights in c++ : 
   1.0000   1.0000   1.0000
   1.0000   1.0000   1.0000
   1.0000   1.0000   1.0000
   1.0000   1.0000   1.0000
   1.0000   1.0000   1.0000
   1.0000   1.0000   1.0000
   1.0000   1.0000   1.0000
   1.0000   1.0000   1.0000
   1.0000   1.0000   1.0000
   1.0000   1.0000   1.0000
   1.0000   1.0000   1.0000
   1.0000   1.0000   1.0000
   1.0000   1.0000   1.0000
   1.0000   1.0000   1.0000
   1.0000   1.0000   1.0000
   1.0000   1.0000   1.0000
   1.0000   1.0000   1.0000
   1.0000   1.0000   1.0000
   1.0000   1.0000   1.0000
   1.0000   1.0000   1.0000
   1.0000   1.0000   1.0000
   1.0000   1.0000   1.0000
   1.0000   1.0000   1.0000
   1.0000   1.0000   1.0000
   1.0000   1.0000   1.0000
   1.0000   1.0000   1.0000
   1.0000   1.0000   1.0000
   1.0000   1.0000   1.0000
   1.0000   1.0000   1.0000
   1.0000   1.0000   1.0000
   1.0000   1.0000   1.0000
   1.0000   1.0000   1.0000
   1.0000   1.0000   1.0000
   1.0000   1.0000   1.0000
   1.0000   1.0000   1.0000
   1.0000   1.0000   1.0000
   1.0000   1.0000   1.0000
   1.0000   1.0000   1.0000

applying weight : 1
applying weight : 1
applying weight : 1
Here are the weights in c++ : 
   1.0000   1.0000   1.0000
   1.0000   1.0000   1.0000
   1.0000   1.0000   1.0000
   1.0000   1.0000   1.0000
   1.0000   1.0000   1.0000
   1.0000   1.0000   1.0000
   1.0000   1.0000   1.0000
   1.0000   1.0000   1.0000
   1.0000   1.0000   1.0000
   1.0000   1.0000   1.0000
   1.0000   1.0000   1.0000
   1.0000   1.0000   1.0000
   1.0000   1.0000   1.0000
   1.0000   1.0000   1.0000
   1.0000   1.0000   1.0000
   1.0000   1.0000   1.0000
   1.0000   1.0000   1.0000
   1.0000   1.0000   1.0000
   1.0000   1.0000   1.0000
   1.0000   1.0000   1.0000
   1.0000   1.0000   1.0000
   1.0000   1.0000   1.0000
   1.0000   1.0000   1.0000
   1.0000   1.0000   1.0000
   1.0000   1.0000   1.0000
   1.0000   1.0000   1.0000
   1.0000   1.0000   1.0000
   1.0000   1.0000   1.0000
   1.0000   1.0000   1.0000
   1.0000   1.0000   1.0000
   1.0000   1.0000   1.0000
   1.0000   1.0000   1.0000
   1.0000   1.0000   1.0000
   1.0000   1.0000   1.0000
   1.0000   1.0000   1.0000
   1.0000   1.0000   1.0000
   1.0000   1.0000   1.0000
   1.0000   1.0000   1.0000

applying weight : 1
applying weight : 1
applying weight : 1
Here are the weights in c++ : 
   1.0000   1.0000   1.0000
   1.0000   1.0000   1.0000
   1.0000   1.0000   1.0000
   1.0000   1.0000   1.0000
   1.0000   1.0000   1.0000
   1.0000   1.0000   1.0000
   1.0000   1.0000   1.0000
   1.0000   1.0000   1.0000
   1.0000   1.0000   1.0000
   1.0000   1.0000   1.0000
   1.0000   1.0000   1.0000
   1.0000   1.0000   1.0000
   1.0000   1.0000   1.0000
   1.0000   1.0000   1.0000
   1.0000   1.0000   1.0000
   1.0000   1.0000   1.0000
   1.0000   1.0000   1.0000
   1.0000   1.0000   1.0000
   1.0000   1.0000   1.0000
   1.0000   1.0000   1.0000
   1.0000   1.0000   1.0000
   1.0000   1.0000   1.0000
   1.0000   1.0000   1.0000
   1.0000   1.0000   1.0000
   1.0000   1.0000   1.0000
   1.0000   1.0000   1.0000
   1.0000   1.0000   1.0000
   1.0000   1.0000   1.0000
   1.0000   1.0000   1.0000
   1.0000   1.0000   1.0000
   1.0000   1.0000   1.0000
   1.0000   1.0000   1.0000
   1.0000   1.0000   1.0000
   1.0000   1.0000   1.0000
   1.0000   1.0000   1.0000
   1.0000   1.0000   1.0000
   1.0000   1.0000   1.0000
   1.0000   1.0000   1.0000

applying weight : 1
applying weight : 1
applying weight : 1
Here are the weights in c++ : 
   1.0000   1.0000   1.0000
   1.0000   1.0000   1.0000
   1.0000   1.0000   1.0000
   1.0000   1.0000   1.0000
   1.0000   1.0000   1.0000
   1.0000   1.0000   1.0000
   1.0000   1.0000   1.0000
   1.0000   1.0000   1.0000
   1.0000   1.0000   1.0000
   1.0000   1.0000   1.0000
   1.0000   1.0000   1.0000
   1.0000   1.0000   1.0000
   1.0000   1.0000   1.0000
   1.0000   1.0000   1.0000
   1.0000   1.0000   1.0000
   1.0000   1.0000   1.0000
   1.0000   1.0000   1.0000
   1.0000   1.0000   1.0000
   1.0000   1.0000   1.0000
   1.0000   1.0000   1.0000
   1.0000   1.0000   1.0000
   1.0000   1.0000   1.0000
   1.0000   1.0000   1.0000
   1.0000   1.0000   1.0000
   1.0000   1.0000   1.0000
   1.0000   1.0000   1.0000
   1.0000   1.0000   1.0000
   1.0000   1.0000   1.0000
   1.0000   1.0000   1.0000
   1.0000   1.0000   1.0000
   1.0000   1.0000   1.0000
   1.0000   1.0000   1.0000
   1.0000   1.0000   1.0000
   1.0000   1.0000   1.0000
   1.0000   1.0000   1.0000
   1.0000   1.0000   1.0000
   1.0000   1.0000   1.0000
   1.0000   1.0000   1.0000

applying weight : 1
applying weight : 1
applying weight : 1
Here are the weights in c++ : 
   1.0000   1.0000   1.0000
   1.0000   1.0000   1.0000
   1.0000   1.0000   1.0000
   1.0000   1.0000   1.0000
   1.0000   1.0000   1.0000
   1.0000   1.0000   1.0000
   1.0000   1.0000   1.0000
   1.0000   1.0000   1.0000
   1.0000   1.0000   1.0000
   1.0000   1.0000   1.0000
   1.0000   1.0000   1.0000
   1.0000   1.0000   1.0000
   1.0000   1.0000   1.0000
   1.0000   1.0000   1.0000
   1.0000   1.0000   1.0000
   1.0000   1.0000   1.0000
   1.0000   1.0000   1.0000
   1.0000   1.0000   1.0000
   1.0000   1.0000   1.0000
   1.0000   1.0000   1.0000
   1.0000   1.0000   1.0000
   1.0000   1.0000   1.0000
   1.0000   1.0000   1.0000
   1.0000   1.0000   1.0000
   1.0000   1.0000   1.0000
   1.0000   1.0000   1.0000
   1.0000   1.0000   1.0000
   1.0000   1.0000   1.0000
   1.0000   1.0000   1.0000
   1.0000   1.0000   1.0000
   1.0000   1.0000   1.0000
   1.0000   1.0000   1.0000
   1.0000   1.0000   1.0000
   1.0000   1.0000   1.0000
   1.0000   1.0000   1.0000
   1.0000   1.0000   1.0000
   1.0000   1.0000   1.0000
   1.0000   1.0000   1.0000

applying weight : 1
applying weight : 1
applying weight : 1
Here are the weights in c++ : 
   1.0000   1.0000   1.0000
   1.0000   1.0000   1.0000
   1.0000   1.0000   1.0000
   1.0000   1.0000   1.0000
   1.0000   1.0000   1.0000
   1.0000   1.0000   1.0000
   1.0000   1.0000   1.0000
   1.0000   1.0000   1.0000
   1.0000   1.0000   1.0000
   1.0000   1.0000   1.0000
   1.0000   1.0000   1.0000
   1.0000   1.0000   1.0000
   1.0000   1.0000   1.0000
   1.0000   1.0000   1.0000
   1.0000   1.0000   1.0000
   1.0000   1.0000   1.0000
   1.0000   1.0000   1.0000
   1.0000   1.0000   1.0000
   1.0000   1.0000   1.0000
   1.0000   1.0000   1.0000
   1.0000   1.0000   1.0000
   1.0000   1.0000   1.0000
   1.0000   1.0000   1.0000
   1.0000   1.0000   1.0000
   1.0000   1.0000   1.0000
   1.0000   1.0000   1.0000
   1.0000   1.0000   1.0000
   1.0000   1.0000   1.0000
   1.0000   1.0000   1.0000
   1.0000   1.0000   1.0000
   1.0000   1.0000   1.0000
   1.0000   1.0000   1.0000
   1.0000   1.0000   1.0000
   1.0000   1.0000   1.0000
   1.0000   1.0000   1.0000
   1.0000   1.0000   1.0000
   1.0000   1.0000   1.0000
   1.0000   1.0000   1.0000

applying weight : 1
applying weight : 1
applying weight : 1
Here are the weights in c++ : 
   1.0000   1.0000   1.0000
   1.0000   1.0000   1.0000
   1.0000   1.0000   1.0000
   1.0000   1.0000   1.0000
   1.0000   1.0000   1.0000
   1.0000   1.0000   1.0000
   1.0000   1.0000   1.0000
   1.0000   1.0000   1.0000
   1.0000   1.0000   1.0000
   1.0000   1.0000   1.0000
   1.0000   1.0000   1.0000
   1.0000   1.0000   1.0000
   1.0000   1.0000   1.0000
   1.0000   1.0000   1.0000
   1.0000   1.0000   1.0000
   1.0000   1.0000   1.0000
   1.0000   1.0000   1.0000
   1.0000   1.0000   1.0000
   1.0000   1.0000   1.0000
   1.0000   1.0000   1.0000
   1.0000   1.0000   1.0000
   1.0000   1.0000   1.0000
   1.0000   1.0000   1.0000
   1.0000   1.0000   1.0000
   1.0000   1.0000   1.0000
   1.0000   1.0000   1.0000
   1.0000   1.0000   1.0000
   1.0000   1.0000   1.0000
   1.0000   1.0000   1.0000
   1.0000   1.0000   1.0000
   1.0000   1.0000   1.0000
   1.0000   1.0000   1.0000
   1.0000   1.0000   1.0000
   1.0000   1.0000   1.0000
   1.0000   1.0000   1.0000
   1.0000   1.0000   1.0000
   1.0000   1.0000   1.0000
   1.0000   1.0000   1.0000

applying weight : 1
applying weight : 1
applying weight : 1
Here are the weights in c++ : 
   1.0000   1.0000   1.0000
   1.0000   1.0000   1.0000
   1.0000   1.0000   1.0000
   1.0000   1.0000   1.0000
   1.0000   1.0000   1.0000
   1.0000   1.0000   1.0000
   1.0000   1.0000   1.0000
   1.0000   1.0000   1.0000
   1.0000   1.0000   1.0000
   1.0000   1.0000   1.0000
   1.0000   1.0000   1.0000
   1.0000   1.0000   1.0000
   1.0000   1.0000   1.0000
   1.0000   1.0000   1.0000
   1.0000   1.0000   1.0000
   1.0000   1.0000   1.0000
   1.0000   1.0000   1.0000
   1.0000   1.0000   1.0000
   1.0000   1.0000   1.0000
   1.0000   1.0000   1.0000
   1.0000   1.0000   1.0000
   1.0000   1.0000   1.0000
   1.0000   1.0000   1.0000
   1.0000   1.0000   1.0000
   1.0000   1.0000   1.0000
   1.0000   1.0000   1.0000
   1.0000   1.0000   1.0000
   1.0000   1.0000   1.0000
   1.0000   1.0000   1.0000
   1.0000   1.0000   1.0000
   1.0000   1.0000   1.0000
   1.0000   1.0000   1.0000
   1.0000   1.0000   1.0000
   1.0000   1.0000   1.0000
   1.0000   1.0000   1.0000
   1.0000   1.0000   1.0000
   1.0000   1.0000   1.0000
   1.0000   1.0000   1.0000

applying weight : 1
applying weight : 1
applying weight : 1
Here are the weights in c++ : 
   1.0000   1.0000   1.0000
   1.0000   1.0000   1.0000
   1.0000   1.0000   1.0000
   1.0000   1.0000   1.0000
   1.0000   1.0000   1.0000
   1.0000   1.0000   1.0000
   1.0000   1.0000   1.0000
   1.0000   1.0000   1.0000
   1.0000   1.0000   1.0000
   1.0000   1.0000   1.0000
   1.0000   1.0000   1.0000
   1.0000   1.0000   1.0000
   1.0000   1.0000   1.0000
   1.0000   1.0000   1.0000
   1.0000   1.0000   1.0000
   1.0000   1.0000   1.0000
   1.0000   1.0000   1.0000
   1.0000   1.0000   1.0000
   1.0000   1.0000   1.0000
   1.0000   1.0000   1.0000
   1.0000   1.0000   1.0000
   1.0000   1.0000   1.0000
   1.0000   1.0000   1.0000
   1.0000   1.0000   1.0000
   1.0000   1.0000   1.0000
   1.0000   1.0000   1.0000
   1.0000   1.0000   1.0000
   1.0000   1.0000   1.0000
   1.0000   1.0000   1.0000
   1.0000   1.0000   1.0000
   1.0000   1.0000   1.0000
   1.0000   1.0000   1.0000
   1.0000   1.0000   1.0000
   1.0000   1.0000   1.0000
   1.0000   1.0000   1.0000
   1.0000   1.0000   1.0000
   1.0000   1.0000   1.0000
   1.0000   1.0000   1.0000

applying weight : 1
applying weight : 1
applying weight : 1
Here are the weights in c++ : 
   1.0000   1.0000   1.0000
   1.0000   1.0000   1.0000
   1.0000   1.0000   1.0000
   1.0000   1.0000   1.0000
   1.0000   1.0000   1.0000
   1.0000   1.0000   1.0000
   1.0000   1.0000   1.0000
   1.0000   1.0000   1.0000
   1.0000   1.0000   1.0000
   1.0000   1.0000   1.0000
   1.0000   1.0000   1.0000
   1.0000   1.0000   1.0000
   1.0000   1.0000   1.0000
   1.0000   1.0000   1.0000
   1.0000   1.0000   1.0000
   1.0000   1.0000   1.0000
   1.0000   1.0000   1.0000
   1.0000   1.0000   1.0000
   1.0000   1.0000   1.0000
   1.0000   1.0000   1.0000
   1.0000   1.0000   1.0000
   1.0000   1.0000   1.0000
   1.0000   1.0000   1.0000
   1.0000   1.0000   1.0000
   1.0000   1.0000   1.0000
   1.0000   1.0000   1.0000
   1.0000   1.0000   1.0000
   1.0000   1.0000   1.0000
   1.0000   1.0000   1.0000
   1.0000   1.0000   1.0000
   1.0000   1.0000   1.0000
   1.0000   1.0000   1.0000
   1.0000   1.0000   1.0000
   1.0000   1.0000   1.0000
   1.0000   1.0000   1.0000
   1.0000   1.0000   1.0000
   1.0000   1.0000   1.0000
   1.0000   1.0000   1.0000

applying weight : 1
applying weight : 1
applying weight : 1
Here are the weights in c++ : 
   1.0000   1.0000   1.0000
   1.0000   1.0000   1.0000
   1.0000   1.0000   1.0000
   1.0000   1.0000   1.0000
   1.0000   1.0000   1.0000
   1.0000   1.0000   1.0000
   1.0000   1.0000   1.0000
   1.0000   1.0000   1.0000
   1.0000   1.0000   1.0000
   1.0000   1.0000   1.0000
   1.0000   1.0000   1.0000
   1.0000   1.0000   1.0000
   1.0000   1.0000   1.0000
   1.0000   1.0000   1.0000
   1.0000   1.0000   1.0000
   1.0000   1.0000   1.0000
   1.0000   1.0000   1.0000
   1.0000   1.0000   1.0000
   1.0000   1.0000   1.0000
   1.0000   1.0000   1.0000
   1.0000   1.0000   1.0000
   1.0000   1.0000   1.0000
   1.0000   1.0000   1.0000
   1.0000   1.0000   1.0000
   1.0000   1.0000   1.0000
   1.0000   1.0000   1.0000
   1.0000   1.0000   1.0000
   1.0000   1.0000   1.0000
   1.0000   1.0000   1.0000
   1.0000   1.0000   1.0000
   1.0000   1.0000   1.0000
   1.0000   1.0000   1.0000
   1.0000   1.0000   1.0000
   1.0000   1.0000   1.0000
   1.0000   1.0000   1.0000
   1.0000   1.0000   1.0000
   1.0000   1.0000   1.0000
   1.0000   1.0000   1.0000

applying weight : 1
applying weight : 1
applying weight : 1
Here are the weights in c++ : 
   1.0000   1.0000   1.0000
   1.0000   1.0000   1.0000
   1.0000   1.0000   1.0000
   1.0000   1.0000   1.0000
   1.0000   1.0000   1.0000
   1.0000   1.0000   1.0000
   1.0000   1.0000   1.0000
   1.0000   1.0000   1.0000
   1.0000   1.0000   1.0000
   1.0000   1.0000   1.0000
   1.0000   1.0000   1.0000
   1.0000   1.0000   1.0000
   1.0000   1.0000   1.0000
   1.0000   1.0000   1.0000
   1.0000   1.0000   1.0000
   1.0000   1.0000   1.0000
   1.0000   1.0000   1.0000
   1.0000   1.0000   1.0000
   1.0000   1.0000   1.0000
   1.0000   1.0000   1.0000
   1.0000   1.0000   1.0000
   1.0000   1.0000   1.0000
   1.0000   1.0000   1.0000
   1.0000   1.0000   1.0000
   1.0000   1.0000   1.0000
   1.0000   1.0000   1.0000
   1.0000   1.0000   1.0000
   1.0000   1.0000   1.0000
   1.0000   1.0000   1.0000
   1.0000   1.0000   1.0000
   1.0000   1.0000   1.0000
   1.0000   1.0000   1.0000
   1.0000   1.0000   1.0000
   1.0000   1.0000   1.0000
   1.0000   1.0000   1.0000
   1.0000   1.0000   1.0000
   1.0000   1.0000   1.0000
   1.0000   1.0000   1.0000

applying weight : 1
applying weight : 1
applying weight : 1
Here are the weights in c++ : 
   1.0000   1.0000   1.0000
   1.0000   1.0000   1.0000
   1.0000   1.0000   1.0000
   1.0000   1.0000   1.0000
   1.0000   1.0000   1.0000
   1.0000   1.0000   1.0000
   1.0000   1.0000   1.0000
   1.0000   1.0000   1.0000
   1.0000   1.0000   1.0000
   1.0000   1.0000   1.0000
   1.0000   1.0000   1.0000
   1.0000   1.0000   1.0000
   1.0000   1.0000   1.0000
   1.0000   1.0000   1.0000
   1.0000   1.0000   1.0000
   1.0000   1.0000   1.0000
   1.0000   1.0000   1.0000
   1.0000   1.0000   1.0000
   1.0000   1.0000   1.0000
   1.0000   1.0000   1.0000
   1.0000   1.0000   1.0000
   1.0000   1.0000   1.0000
   1.0000   1.0000   1.0000
   1.0000   1.0000   1.0000
   1.0000   1.0000   1.0000
   1.0000   1.0000   1.0000
   1.0000   1.0000   1.0000
   1.0000   1.0000   1.0000
   1.0000   1.0000   1.0000
   1.0000   1.0000   1.0000
   1.0000   1.0000   1.0000
   1.0000   1.0000   1.0000
   1.0000   1.0000   1.0000
   1.0000   1.0000   1.0000
   1.0000   1.0000   1.0000
   1.0000   1.0000   1.0000
   1.0000   1.0000   1.0000
   1.0000   1.0000   1.0000

applying weight : 1
applying weight : 1
applying weight : 1
Here are the weights in c++ : 
   1.0000   1.0000   1.0000
   1.0000   1.0000   1.0000
   1.0000   1.0000   1.0000
   1.0000   1.0000   1.0000
   1.0000   1.0000   1.0000
   1.0000   1.0000   1.0000
   1.0000   1.0000   1.0000
   1.0000   1.0000   1.0000
   1.0000   1.0000   1.0000
   1.0000   1.0000   1.0000
   1.0000   1.0000   1.0000
   1.0000   1.0000   1.0000
   1.0000   1.0000   1.0000
   1.0000   1.0000   1.0000
   1.0000   1.0000   1.0000
   1.0000   1.0000   1.0000
   1.0000   1.0000   1.0000
   1.0000   1.0000   1.0000
   1.0000   1.0000   1.0000
   1.0000   1.0000   1.0000
   1.0000   1.0000   1.0000
   1.0000   1.0000   1.0000
   1.0000   1.0000   1.0000
   1.0000   1.0000   1.0000
   1.0000   1.0000   1.0000
   1.0000   1.0000   1.0000
   1.0000   1.0000   1.0000
   1.0000   1.0000   1.0000
   1.0000   1.0000   1.0000
   1.0000   1.0000   1.0000
   1.0000   1.0000   1.0000
   1.0000   1.0000   1.0000
   1.0000   1.0000   1.0000
   1.0000   1.0000   1.0000
   1.0000   1.0000   1.0000
   1.0000   1.0000   1.0000
   1.0000   1.0000   1.0000
   1.0000   1.0000   1.0000

applying weight : 1
applying weight : 1
applying weight : 1
Here are the weights in c++ : 
   1.0000   1.0000   1.0000
   1.0000   1.0000   1.0000
   1.0000   1.0000   1.0000
   1.0000   1.0000   1.0000
   1.0000   1.0000   1.0000
   1.0000   1.0000   1.0000
   1.0000   1.0000   1.0000
   1.0000   1.0000   1.0000
   1.0000   1.0000   1.0000
   1.0000   1.0000   1.0000
   1.0000   1.0000   1.0000
   1.0000   1.0000   1.0000
   1.0000   1.0000   1.0000
   1.0000   1.0000   1.0000
   1.0000   1.0000   1.0000
   1.0000   1.0000   1.0000
   1.0000   1.0000   1.0000
   1.0000   1.0000   1.0000
   1.0000   1.0000   1.0000
   1.0000   1.0000   1.0000
   1.0000   1.0000   1.0000
   1.0000   1.0000   1.0000
   1.0000   1.0000   1.0000
   1.0000   1.0000   1.0000
   1.0000   1.0000   1.0000
   1.0000   1.0000   1.0000
   1.0000   1.0000   1.0000
   1.0000   1.0000   1.0000
   1.0000   1.0000   1.0000
   1.0000   1.0000   1.0000
   1.0000   1.0000   1.0000
   1.0000   1.0000   1.0000
   1.0000   1.0000   1.0000
   1.0000   1.0000   1.0000
   1.0000   1.0000   1.0000
   1.0000   1.0000   1.0000
   1.0000   1.0000   1.0000
   1.0000   1.0000   1.0000

applying weight : 1
applying weight : 1
applying weight : 1
Here are the weights in c++ : 
   1.0000   1.0000   1.0000
   1.0000   1.0000   1.0000
   1.0000   1.0000   1.0000
   1.0000   1.0000   1.0000
   1.0000   1.0000   1.0000
   1.0000   1.0000   1.0000
   1.0000   1.0000   1.0000
   1.0000   1.0000   1.0000
   1.0000   1.0000   1.0000
   1.0000   1.0000   1.0000
   1.0000   1.0000   1.0000
   1.0000   1.0000   1.0000
   1.0000   1.0000   1.0000
   1.0000   1.0000   1.0000
   1.0000   1.0000   1.0000
   1.0000   1.0000   1.0000
   1.0000   1.0000   1.0000
   1.0000   1.0000   1.0000
   1.0000   1.0000   1.0000
   1.0000   1.0000   1.0000
   1.0000   1.0000   1.0000
   1.0000   1.0000   1.0000
   1.0000   1.0000   1.0000
   1.0000   1.0000   1.0000
   1.0000   1.0000   1.0000
   1.0000   1.0000   1.0000
   1.0000   1.0000   1.0000
   1.0000   1.0000   1.0000
   1.0000   1.0000   1.0000
   1.0000   1.0000   1.0000
   1.0000   1.0000   1.0000
   1.0000   1.0000   1.0000
   1.0000   1.0000   1.0000
   1.0000   1.0000   1.0000
   1.0000   1.0000   1.0000
   1.0000   1.0000   1.0000
   1.0000   1.0000   1.0000
   1.0000   1.0000   1.0000

applying weight : 1
applying weight : 1
applying weight : 1
Here are the weights in c++ : 
   1.0000   1.0000   1.0000
   1.0000   1.0000   1.0000
   1.0000   1.0000   1.0000
   1.0000   1.0000   1.0000
   1.0000   1.0000   1.0000
   1.0000   1.0000   1.0000
   1.0000   1.0000   1.0000
   1.0000   1.0000   1.0000
   1.0000   1.0000   1.0000
   1.0000   1.0000   1.0000
   1.0000   1.0000   1.0000
   1.0000   1.0000   1.0000
   1.0000   1.0000   1.0000
   1.0000   1.0000   1.0000
   1.0000   1.0000   1.0000
   1.0000   1.0000   1.0000
   1.0000   1.0000   1.0000
   1.0000   1.0000   1.0000
   1.0000   1.0000   1.0000
   1.0000   1.0000   1.0000
   1.0000   1.0000   1.0000
   1.0000   1.0000   1.0000
   1.0000   1.0000   1.0000
   1.0000   1.0000   1.0000
   1.0000   1.0000   1.0000
   1.0000   1.0000   1.0000
   1.0000   1.0000   1.0000
   1.0000   1.0000   1.0000
   1.0000   1.0000   1.0000
   1.0000   1.0000   1.0000
   1.0000   1.0000   1.0000
   1.0000   1.0000   1.0000
   1.0000   1.0000   1.0000
   1.0000   1.0000   1.0000
   1.0000   1.0000   1.0000
   1.0000   1.0000   1.0000
   1.0000   1.0000   1.0000
   1.0000   1.0000   1.0000

applying weight : 1
applying weight : 1
applying weight : 1
Here are the weights in c++ : 
   1.0000   1.0000   1.0000
   1.0000   1.0000   1.0000
   1.0000   1.0000   1.0000
   1.0000   1.0000   1.0000
   1.0000   1.0000   1.0000
   1.0000   1.0000   1.0000
   1.0000   1.0000   1.0000
   1.0000   1.0000   1.0000
   1.0000   1.0000   1.0000
   1.0000   1.0000   1.0000
   1.0000   1.0000   1.0000
   1.0000   1.0000   1.0000
   1.0000   1.0000   1.0000
   1.0000   1.0000   1.0000
   1.0000   1.0000   1.0000
   1.0000   1.0000   1.0000
   1.0000   1.0000   1.0000
   1.0000   1.0000   1.0000
   1.0000   1.0000   1.0000
   1.0000   1.0000   1.0000
   1.0000   1.0000   1.0000
   1.0000   1.0000   1.0000
   1.0000   1.0000   1.0000
   1.0000   1.0000   1.0000
   1.0000   1.0000   1.0000
   1.0000   1.0000   1.0000
   1.0000   1.0000   1.0000
   1.0000   1.0000   1.0000
   1.0000   1.0000   1.0000
   1.0000   1.0000   1.0000
   1.0000   1.0000   1.0000
   1.0000   1.0000   1.0000
   1.0000   1.0000   1.0000
   1.0000   1.0000   1.0000
   1.0000   1.0000   1.0000
   1.0000   1.0000   1.0000
   1.0000   1.0000   1.0000
   1.0000   1.0000   1.0000

applying weight : 1
applying weight : 1
applying weight : 1
Here are the weights in c++ : 
   1.0000   1.0000   1.0000
   1.0000   1.0000   1.0000
   1.0000   1.0000   1.0000
   1.0000   1.0000   1.0000
   1.0000   1.0000   1.0000
   1.0000   1.0000   1.0000
   1.0000   1.0000   1.0000
   1.0000   1.0000   1.0000
   1.0000   1.0000   1.0000
   1.0000   1.0000   1.0000
   1.0000   1.0000   1.0000
   1.0000   1.0000   1.0000
   1.0000   1.0000   1.0000
   1.0000   1.0000   1.0000
   1.0000   1.0000   1.0000
   1.0000   1.0000   1.0000
   1.0000   1.0000   1.0000
   1.0000   1.0000   1.0000
   1.0000   1.0000   1.0000
   1.0000   1.0000   1.0000
   1.0000   1.0000   1.0000
   1.0000   1.0000   1.0000
   1.0000   1.0000   1.0000
   1.0000   1.0000   1.0000
   1.0000   1.0000   1.0000
   1.0000   1.0000   1.0000
   1.0000   1.0000   1.0000
   1.0000   1.0000   1.0000
   1.0000   1.0000   1.0000
   1.0000   1.0000   1.0000
   1.0000   1.0000   1.0000
   1.0000   1.0000   1.0000
   1.0000   1.0000   1.0000
   1.0000   1.0000   1.0000
   1.0000   1.0000   1.0000
   1.0000   1.0000   1.0000
   1.0000   1.0000   1.0000
   1.0000   1.0000   1.0000
   1.0000   1.0000   1.0000
   1.0000   1.0000   1.0000
   1.0000   1.0000   1.0000
   1.0000   1.0000   1.0000
   1.0000   1.0000   1.0000
   1.0000   1.0000   1.0000
   1.0000   1.0000   1.0000

applying weight : 1
applying weight : 1
applying weight : 1
Here are the weights in c++ : 
   1.0000   1.0000   1.0000
   1.0000   1.0000   1.0000
   1.0000   1.0000   1.0000
   1.0000   1.0000   1.0000
   1.0000   1.0000   1.0000
   1.0000   1.0000   1.0000
   1.0000   1.0000   1.0000
   1.0000   1.0000   1.0000
   1.0000   1.0000   1.0000
   1.0000   1.0000   1.0000
   1.0000   1.0000   1.0000
   1.0000   1.0000   1.0000
   1.0000   1.0000   1.0000
   1.0000   1.0000   1.0000
   1.0000   1.0000   1.0000
   1.0000   1.0000   1.0000
   1.0000   1.0000   1.0000
   1.0000   1.0000   1.0000
   1.0000   1.0000   1.0000
   1.0000   1.0000   1.0000
   1.0000   1.0000   1.0000
   1.0000   1.0000   1.0000
   1.0000   1.0000   1.0000
   1.0000   1.0000   1.0000
   1.0000   1.0000   1.0000
   1.0000   1.0000   1.0000
   1.0000   1.0000   1.0000
   1.0000   1.0000   1.0000
   1.0000   1.0000   1.0000
   1.0000   1.0000   1.0000
   1.0000   1.0000   1.0000
   1.0000   1.0000   1.0000
   1.0000   1.0000   1.0000
   1.0000   1.0000   1.0000
   1.0000   1.0000   1.0000
   1.0000   1.0000   1.0000
   1.0000   1.0000   1.0000
   1.0000   1.0000   1.0000
   1.0000   1.0000   1.0000
   1.0000   1.0000   1.0000
   1.0000   1.0000   1.0000
   1.0000   1.0000   1.0000
   1.0000   1.0000   1.0000
   1.0000   1.0000   1.0000
   1.0000   1.0000   1.0000

applying weight : 1
applying weight : 1
applying weight : 1
Here are the weights in c++ : 
   1.0000   1.0000   1.0000
   1.0000   1.0000   1.0000
   1.0000   1.0000   1.0000
   1.0000   1.0000   1.0000
   1.0000   1.0000   1.0000
   1.0000   1.0000   1.0000
   1.0000   1.0000   1.0000
   1.0000   1.0000   1.0000
   1.0000   1.0000   1.0000
   1.0000   1.0000   1.0000
   1.0000   1.0000   1.0000
   1.0000   1.0000   1.0000
   1.0000   1.0000   1.0000
   1.0000   1.0000   1.0000
   1.0000   1.0000   1.0000
   1.0000   1.0000   1.0000
   1.0000   1.0000   1.0000
   1.0000   1.0000   1.0000
   1.0000   1.0000   1.0000
   1.0000   1.0000   1.0000
   1.0000   1.0000   1.0000
   1.0000   1.0000   1.0000
   1.0000   1.0000   1.0000
   1.0000   1.0000   1.0000
   1.0000   1.0000   1.0000
   1.0000   1.0000   1.0000
   1.0000   1.0000   1.0000
   1.0000   1.0000   1.0000
   1.0000   1.0000   1.0000
   1.0000   1.0000   1.0000
   1.0000   1.0000   1.0000
   1.0000   1.0000   1.0000
   1.0000   1.0000   1.0000
   1.0000   1.0000   1.0000
   1.0000   1.0000   1.0000
   1.0000   1.0000   1.0000
   1.0000   1.0000   1.0000
   1.0000   1.0000   1.0000
   1.0000   1.0000   1.0000
   1.0000   1.0000   1.0000
   1.0000   1.0000   1.0000
   1.0000   1.0000   1.0000
   1.0000   1.0000   1.0000
   1.0000   1.0000   1.0000
   1.0000   1.0000   1.0000

applying weight : 1
applying weight : 1
applying weight : 1
Here are the weights in c++ : 
   1.0000   1.0000   1.0000
   1.0000   1.0000   1.0000
   1.0000   1.0000   1.0000
   1.0000   1.0000   1.0000
   1.0000   1.0000   1.0000
   1.0000   1.0000   1.0000
   1.0000   1.0000   1.0000
   1.0000   1.0000   1.0000
   1.0000   1.0000   1.0000
   1.0000   1.0000   1.0000
   1.0000   1.0000   1.0000
   1.0000   1.0000   1.0000
   1.0000   1.0000   1.0000
   1.0000   1.0000   1.0000
   1.0000   1.0000   1.0000
   1.0000   1.0000   1.0000
   1.0000   1.0000   1.0000
   1.0000   1.0000   1.0000
   1.0000   1.0000   1.0000
   1.0000   1.0000   1.0000
   1.0000   1.0000   1.0000
   1.0000   1.0000   1.0000
   1.0000   1.0000   1.0000
   1.0000   1.0000   1.0000
   1.0000   1.0000   1.0000
   1.0000   1.0000   1.0000
   1.0000   1.0000   1.0000
   1.0000   1.0000   1.0000
   1.0000   1.0000   1.0000
   1.0000   1.0000   1.0000
   1.0000   1.0000   1.0000
   1.0000   1.0000   1.0000
   1.0000   1.0000   1.0000
   1.0000   1.0000   1.0000
   1.0000   1.0000   1.0000
   1.0000   1.0000   1.0000
   1.0000   1.0000   1.0000
   1.0000   1.0000   1.0000
   1.0000   1.0000   1.0000
   1.0000   1.0000   1.0000
   1.0000   1.0000   1.0000
   1.0000   1.0000   1.0000
   1.0000   1.0000   1.0000
   1.0000   1.0000   1.0000
   1.0000   1.0000   1.0000

applying weight : 1
applying weight : 1
applying weight : 1
Here are the weights in c++ : 
   1.0000   1.0000   1.0000
   1.0000   1.0000   1.0000
   1.0000   1.0000   1.0000
   1.0000   1.0000   1.0000
   1.0000   1.0000   1.0000
   1.0000   1.0000   1.0000
   1.0000   1.0000   1.0000
   1.0000   1.0000   1.0000
   1.0000   1.0000   1.0000
   1.0000   1.0000   1.0000
   1.0000   1.0000   1.0000
   1.0000   1.0000   1.0000
   1.0000   1.0000   1.0000
   1.0000   1.0000   1.0000
   1.0000   1.0000   1.0000
   1.0000   1.0000   1.0000
   1.0000   1.0000   1.0000
   1.0000   1.0000   1.0000
   1.0000   1.0000   1.0000
   1.0000   1.0000   1.0000
   1.0000   1.0000   1.0000
   1.0000   1.0000   1.0000
   1.0000   1.0000   1.0000
   1.0000   1.0000   1.0000
   1.0000   1.0000   1.0000
   1.0000   1.0000   1.0000
   1.0000   1.0000   1.0000
   1.0000   1.0000   1.0000
   1.0000   1.0000   1.0000
   1.0000   1.0000   1.0000
   1.0000   1.0000   1.0000
   1.0000   1.0000   1.0000
   1.0000   1.0000   1.0000
   1.0000   1.0000   1.0000
   1.0000   1.0000   1.0000
   1.0000   1.0000   1.0000
   1.0000   1.0000   1.0000
   1.0000   1.0000   1.0000
   1.0000   1.0000   1.0000
   1.0000   1.0000   1.0000
   1.0000   1.0000   1.0000
   1.0000   1.0000   1.0000
   1.0000   1.0000   1.0000
   1.0000   1.0000   1.0000
   1.0000   1.0000   1.0000

applying weight : 1
applying weight : 1
applying weight : 1
Here are the weights in c++ : 
   1.0000   1.0000   1.0000
   1.0000   1.0000   1.0000
   1.0000   1.0000   1.0000
   1.0000   1.0000   1.0000
   1.0000   1.0000   1.0000
   1.0000   1.0000   1.0000
   1.0000   1.0000   1.0000
   1.0000   1.0000   1.0000
   1.0000   1.0000   1.0000
   1.0000   1.0000   1.0000
   1.0000   1.0000   1.0000
   1.0000   1.0000   1.0000
   1.0000   1.0000   1.0000
   1.0000   1.0000   1.0000
   1.0000   1.0000   1.0000
   1.0000   1.0000   1.0000
   1.0000   1.0000   1.0000
   1.0000   1.0000   1.0000
   1.0000   1.0000   1.0000
   1.0000   1.0000   1.0000
   1.0000   1.0000   1.0000
   1.0000   1.0000   1.0000
   1.0000   1.0000   1.0000
   1.0000   1.0000   1.0000
   1.0000   1.0000   1.0000
   1.0000   1.0000   1.0000
   1.0000   1.0000   1.0000
   1.0000   1.0000   1.0000
   1.0000   1.0000   1.0000
   1.0000   1.0000   1.0000
   1.0000   1.0000   1.0000
   1.0000   1.0000   1.0000
   1.0000   1.0000   1.0000
   1.0000   1.0000   1.0000
   1.0000   1.0000   1.0000
   1.0000   1.0000   1.0000
   1.0000   1.0000   1.0000
   1.0000   1.0000   1.0000
   1.0000   1.0000   1.0000
   1.0000   1.0000   1.0000
   1.0000   1.0000   1.0000
   1.0000   1.0000   1.0000
   1.0000   1.0000   1.0000
   1.0000   1.0000   1.0000
   1.0000   1.0000   1.0000

applying weight : 1
applying weight : 1
applying weight : 1
Here are the weights in c++ : 
   1.0000   1.0000   1.0000
   1.0000   1.0000   1.0000
   1.0000   1.0000   1.0000
   1.0000   1.0000   1.0000
   1.0000   1.0000   1.0000
   1.0000   1.0000   1.0000
   1.0000   1.0000   1.0000
   1.0000   1.0000   1.0000
   1.0000   1.0000   1.0000
   1.0000   1.0000   1.0000
   1.0000   1.0000   1.0000
   1.0000   1.0000   1.0000
   1.0000   1.0000   1.0000
   1.0000   1.0000   1.0000
   1.0000   1.0000   1.0000
   1.0000   1.0000   1.0000
   1.0000   1.0000   1.0000
   1.0000   1.0000   1.0000
   1.0000   1.0000   1.0000
   1.0000   1.0000   1.0000
   1.0000   1.0000   1.0000
   1.0000   1.0000   1.0000
   1.0000   1.0000   1.0000
   1.0000   1.0000   1.0000
   1.0000   1.0000   1.0000
   1.0000   1.0000   1.0000
   1.0000   1.0000   1.0000
   1.0000   1.0000   1.0000
   1.0000   1.0000   1.0000
   1.0000   1.0000   1.0000
   1.0000   1.0000   1.0000
   1.0000   1.0000   1.0000
   1.0000   1.0000   1.0000
   1.0000   1.0000   1.0000
   1.0000   1.0000   1.0000
   1.0000   1.0000   1.0000
   1.0000   1.0000   1.0000
   1.0000   1.0000   1.0000
   1.0000   1.0000   1.0000
   1.0000   1.0000   1.0000
   1.0000   1.0000   1.0000
   1.0000   1.0000   1.0000
   1.0000   1.0000   1.0000
   1.0000   1.0000   1.0000
   1.0000   1.0000   1.0000

applying weight : 1
applying weight : 1
applying weight : 1
Here are the weights in c++ : 
   1.0000   1.0000   1.0000
   1.0000   1.0000   1.0000
   1.0000   1.0000   1.0000
   1.0000   1.0000   1.0000
   1.0000   1.0000   1.0000
   1.0000   1.0000   1.0000
   1.0000   1.0000   1.0000
   1.0000   1.0000   1.0000
   1.0000   1.0000   1.0000
   1.0000   1.0000   1.0000
   1.0000   1.0000   1.0000
   1.0000   1.0000   1.0000
   1.0000   1.0000   1.0000
   1.0000   1.0000   1.0000
   1.0000   1.0000   1.0000
   1.0000   1.0000   1.0000
   1.0000   1.0000   1.0000
   1.0000   1.0000   1.0000
   1.0000   1.0000   1.0000
   1.0000   1.0000   1.0000
   1.0000   1.0000   1.0000
   1.0000   1.0000   1.0000
   1.0000   1.0000   1.0000
   1.0000   1.0000   1.0000
   1.0000   1.0000   1.0000
   1.0000   1.0000   1.0000
   1.0000   1.0000   1.0000
   1.0000   1.0000   1.0000
   1.0000   1.0000   1.0000
   1.0000   1.0000   1.0000
   1.0000   1.0000   1.0000
   1.0000   1.0000   1.0000
   1.0000   1.0000   1.0000
   1.0000   1.0000   1.0000
   1.0000   1.0000   1.0000
   1.0000   1.0000   1.0000
   1.0000   1.0000   1.0000
   1.0000   1.0000   1.0000
   1.0000   1.0000   1.0000
   1.0000   1.0000   1.0000
   1.0000   1.0000   1.0000
   1.0000   1.0000   1.0000
   1.0000   1.0000   1.0000
   1.0000   1.0000   1.0000
   1.0000   1.0000   1.0000

applying weight : 1
applying weight : 1
applying weight : 1
Here are the weights in c++ : 
   1.0000   1.0000   1.0000
   1.0000   1.0000   1.0000
   1.0000   1.0000   1.0000
   1.0000   1.0000   1.0000
   1.0000   1.0000   1.0000
   1.0000   1.0000   1.0000
   1.0000   1.0000   1.0000
   1.0000   1.0000   1.0000
   1.0000   1.0000   1.0000
   1.0000   1.0000   1.0000
   1.0000   1.0000   1.0000
   1.0000   1.0000   1.0000
   1.0000   1.0000   1.0000
   1.0000   1.0000   1.0000
   1.0000   1.0000   1.0000
   1.0000   1.0000   1.0000
   1.0000   1.0000   1.0000
   1.0000   1.0000   1.0000
   1.0000   1.0000   1.0000
   1.0000   1.0000   1.0000
   1.0000   1.0000   1.0000
   1.0000   1.0000   1.0000
   1.0000   1.0000   1.0000
   1.0000   1.0000   1.0000
   1.0000   1.0000   1.0000
   1.0000   1.0000   1.0000
   1.0000   1.0000   1.0000
   1.0000   1.0000   1.0000
   1.0000   1.0000   1.0000
   1.0000   1.0000   1.0000
   1.0000   1.0000   1.0000
   1.0000   1.0000   1.0000
   1.0000   1.0000   1.0000
   1.0000   1.0000   1.0000
   1.0000   1.0000   1.0000
   1.0000   1.0000   1.0000
   1.0000   1.0000   1.0000
   1.0000   1.0000   1.0000
   1.0000   1.0000   1.0000
   1.0000   1.0000   1.0000
   1.0000   1.0000   1.0000
   1.0000   1.0000   1.0000
   1.0000   1.0000   1.0000
   1.0000   1.0000   1.0000
   1.0000   1.0000   1.0000

applying weight : 1
applying weight : 1
applying weight : 1
Here are the weights in c++ : 
   1.0000   1.0000   1.0000
   1.0000   1.0000   1.0000
   1.0000   1.0000   1.0000
   1.0000   1.0000   1.0000
   1.0000   1.0000   1.0000
   1.0000   1.0000   1.0000
   1.0000   1.0000   1.0000
   1.0000   1.0000   1.0000
   1.0000   1.0000   1.0000
   1.0000   1.0000   1.0000
   1.0000   1.0000   1.0000
   1.0000   1.0000   1.0000
   1.0000   1.0000   1.0000
   1.0000   1.0000   1.0000
   1.0000   1.0000   1.0000
   1.0000   1.0000   1.0000
   1.0000   1.0000   1.0000
   1.0000   1.0000   1.0000
   1.0000   1.0000   1.0000
   1.0000   1.0000   1.0000
   1.0000   1.0000   1.0000
   1.0000   1.0000   1.0000
   1.0000   1.0000   1.0000
   1.0000   1.0000   1.0000
   1.0000   1.0000   1.0000
   1.0000   1.0000   1.0000
   1.0000   1.0000   1.0000
   1.0000   1.0000   1.0000
   1.0000   1.0000   1.0000
   1.0000   1.0000   1.0000
   1.0000   1.0000   1.0000
   1.0000   1.0000   1.0000
   1.0000   1.0000   1.0000
   1.0000   1.0000   1.0000
   1.0000   1.0000   1.0000
   1.0000   1.0000   1.0000
   1.0000   1.0000   1.0000
   1.0000   1.0000   1.0000
   1.0000   1.0000   1.0000
   1.0000   1.0000   1.0000
   1.0000   1.0000   1.0000
   1.0000   1.0000   1.0000
   1.0000   1.0000   1.0000
   1.0000   1.0000   1.0000
   1.0000   1.0000   1.0000

applying weight : 1
applying weight : 1
applying weight : 1
Here are the weights in c++ : 
   1.0000   1.0000   1.0000
   1.0000   1.0000   1.0000
   1.0000   1.0000   1.0000
   1.0000   1.0000   1.0000
   1.0000   1.0000   1.0000
   1.0000   1.0000   1.0000
   1.0000   1.0000   1.0000
   1.0000   1.0000   1.0000
   1.0000   1.0000   1.0000
   1.0000   1.0000   1.0000
   1.0000   1.0000   1.0000
   1.0000   1.0000   1.0000
   1.0000   1.0000   1.0000
   1.0000   1.0000   1.0000
   1.0000   1.0000   1.0000
   1.0000   1.0000   1.0000
   1.0000   1.0000   1.0000
   1.0000   1.0000   1.0000
   1.0000   1.0000   1.0000
   1.0000   1.0000   1.0000
   1.0000   1.0000   1.0000
   1.0000   1.0000   1.0000
   1.0000   1.0000   1.0000
   1.0000   1.0000   1.0000
   1.0000   1.0000   1.0000
   1.0000   1.0000   1.0000
   1.0000   1.0000   1.0000
   1.0000   1.0000   1.0000
   1.0000   1.0000   1.0000
   1.0000   1.0000   1.0000
   1.0000   1.0000   1.0000
   1.0000   1.0000   1.0000
   1.0000   1.0000   1.0000
   1.0000   1.0000   1.0000
   1.0000   1.0000   1.0000
   1.0000   1.0000   1.0000
   1.0000   1.0000   1.0000
   1.0000   1.0000   1.0000
   1.0000   1.0000   1.0000
   1.0000   1.0000   1.0000
   1.0000   1.0000   1.0000
   1.0000   1.0000   1.0000
   1.0000   1.0000   1.0000
   1.0000   1.0000   1.0000
   1.0000   1.0000   1.0000

applying weight : 1
applying weight : 1
applying weight : 1
Here are the weights in c++ : 
   1.0000   1.0000   1.0000
   1.0000   1.0000   1.0000
   1.0000   1.0000   1.0000
   1.0000   1.0000   1.0000
   1.0000   1.0000   1.0000
   1.0000   1.0000   1.0000
   1.0000   1.0000   1.0000
   1.0000   1.0000   1.0000
   1.0000   1.0000   1.0000
   1.0000   1.0000   1.0000
   1.0000   1.0000   1.0000
   1.0000   1.0000   1.0000
   1.0000   1.0000   1.0000
   1.0000   1.0000   1.0000
   1.0000   1.0000   1.0000
   1.0000   1.0000   1.0000
   1.0000   1.0000   1.0000
   1.0000   1.0000   1.0000
   1.0000   1.0000   1.0000
   1.0000   1.0000   1.0000
   1.0000   1.0000   1.0000
   1.0000   1.0000   1.0000
   1.0000   1.0000   1.0000
   1.0000   1.0000   1.0000
   1.0000   1.0000   1.0000
   1.0000   1.0000   1.0000
   1.0000   1.0000   1.0000
   1.0000   1.0000   1.0000
   1.0000   1.0000   1.0000
   1.0000   1.0000   1.0000
   1.0000   1.0000   1.0000
   1.0000   1.0000   1.0000
   1.0000   1.0000   1.0000
   1.0000   1.0000   1.0000
   1.0000   1.0000   1.0000
   1.0000   1.0000   1.0000
   1.0000   1.0000   1.0000
   1.0000   1.0000   1.0000
   1.0000   1.0000   1.0000
   1.0000   1.0000   1.0000
   1.0000   1.0000   1.0000
   1.0000   1.0000   1.0000
   1.0000   1.0000   1.0000
   1.0000   1.0000   1.0000
   1.0000   1.0000   1.0000

applying weight : 1
applying weight : 1
applying weight : 1
Here are the weights in c++ : 
   1.0000   1.0000   1.0000
   1.0000   1.0000   1.0000
   1.0000   1.0000   1.0000
   1.0000   1.0000   1.0000
   1.0000   1.0000   1.0000
   1.0000   1.0000   1.0000
   1.0000   1.0000   1.0000
   1.0000   1.0000   1.0000
   1.0000   1.0000   1.0000
   1.0000   1.0000   1.0000
   1.0000   1.0000   1.0000
   1.0000   1.0000   1.0000
   1.0000   1.0000   1.0000
   1.0000   1.0000   1.0000
   1.0000   1.0000   1.0000
   1.0000   1.0000   1.0000
   1.0000   1.0000   1.0000
   1.0000   1.0000   1.0000
   1.0000   1.0000   1.0000
   1.0000   1.0000   1.0000
   1.0000   1.0000   1.0000
   1.0000   1.0000   1.0000
   1.0000   1.0000   1.0000
   1.0000   1.0000   1.0000
   1.0000   1.0000   1.0000
   1.0000   1.0000   1.0000
   1.0000   1.0000   1.0000
   1.0000   1.0000   1.0000
   1.0000   1.0000   1.0000
   1.0000   1.0000   1.0000
   1.0000   1.0000   1.0000
   1.0000   1.0000   1.0000
   1.0000   1.0000   1.0000
   1.0000   1.0000   1.0000
   1.0000   1.0000   1.0000
   1.0000   1.0000   1.0000
   1.0000   1.0000   1.0000
   1.0000   1.0000   1.0000
   1.0000   1.0000   1.0000
   1.0000   1.0000   1.0000
   1.0000   1.0000   1.0000
   1.0000   1.0000   1.0000
   1.0000   1.0000   1.0000
   1.0000   1.0000   1.0000
   1.0000   1.0000   1.0000

applying weight : 1
applying weight : 1
applying weight : 1
Here are the weights in c++ : 
   1.0000   1.0000   1.0000
   1.0000   1.0000   1.0000
   1.0000   1.0000   1.0000
   1.0000   1.0000   1.0000
   1.0000   1.0000   1.0000
   1.0000   1.0000   1.0000
   1.0000   1.0000   1.0000
   1.0000   1.0000   1.0000
   1.0000   1.0000   1.0000
   1.0000   1.0000   1.0000
   1.0000   1.0000   1.0000
   1.0000   1.0000   1.0000
   1.0000   1.0000   1.0000
   1.0000   1.0000   1.0000
   1.0000   1.0000   1.0000
   1.0000   1.0000   1.0000
   1.0000   1.0000   1.0000
   1.0000   1.0000   1.0000
   1.0000   1.0000   1.0000
   1.0000   1.0000   1.0000
   1.0000   1.0000   1.0000
   1.0000   1.0000   1.0000
   1.0000   1.0000   1.0000
   1.0000   1.0000   1.0000
   1.0000   1.0000   1.0000
   1.0000   1.0000   1.0000
   1.0000   1.0000   1.0000
   1.0000   1.0000   1.0000
   1.0000   1.0000   1.0000
   1.0000   1.0000   1.0000
   1.0000   1.0000   1.0000
   1.0000   1.0000   1.0000
   1.0000   1.0000   1.0000
   1.0000   1.0000   1.0000
   1.0000   1.0000   1.0000
   1.0000   1.0000   1.0000
   1.0000   1.0000   1.0000
   1.0000   1.0000   1.0000
   1.0000   1.0000   1.0000
   1.0000   1.0000   1.0000
   1.0000   1.0000   1.0000
   1.0000   1.0000   1.0000
   1.0000   1.0000   1.0000
   1.0000   1.0000   1.0000
   1.0000   1.0000   1.0000

applying weight : 1
applying weight : 1
applying weight : 1
Here are the weights in c++ : 
   1.0000   1.0000   1.0000
   1.0000   1.0000   1.0000
   1.0000   1.0000   1.0000
   1.0000   1.0000   1.0000
   1.0000   1.0000   1.0000
   1.0000   1.0000   1.0000
   1.0000   1.0000   1.0000
   1.0000   1.0000   1.0000
   1.0000   1.0000   1.0000
   1.0000   1.0000   1.0000
   1.0000   1.0000   1.0000
   1.0000   1.0000   1.0000
   1.0000   1.0000   1.0000
   1.0000   1.0000   1.0000
   1.0000   1.0000   1.0000
   1.0000   1.0000   1.0000
   1.0000   1.0000   1.0000
   1.0000   1.0000   1.0000
   1.0000   1.0000   1.0000
   1.0000   1.0000   1.0000
   1.0000   1.0000   1.0000
   1.0000   1.0000   1.0000
   1.0000   1.0000   1.0000
   1.0000   1.0000   1.0000
   1.0000   1.0000   1.0000
   1.0000   1.0000   1.0000
   1.0000   1.0000   1.0000
   1.0000   1.0000   1.0000
   1.0000   1.0000   1.0000
   1.0000   1.0000   1.0000
   1.0000   1.0000   1.0000
   1.0000   1.0000   1.0000
   1.0000   1.0000   1.0000
   1.0000   1.0000   1.0000
   1.0000   1.0000   1.0000
   1.0000   1.0000   1.0000
   1.0000   1.0000   1.0000
   1.0000   1.0000   1.0000
   1.0000   1.0000   1.0000
   1.0000   1.0000   1.0000
   1.0000   1.0000   1.0000
   1.0000   1.0000   1.0000
   1.0000   1.0000   1.0000
   1.0000   1.0000   1.0000
   1.0000   1.0000   1.0000

applying weight : 1
applying weight : 1
applying weight : 1
Here are the weights in c++ : 
   1.0000   1.0000   1.0000
   1.0000   1.0000   1.0000
   1.0000   1.0000   1.0000
   1.0000   1.0000   1.0000
   1.0000   1.0000   1.0000
   1.0000   1.0000   1.0000
   1.0000   1.0000   1.0000
   1.0000   1.0000   1.0000
   1.0000   1.0000   1.0000
   1.0000   1.0000   1.0000
   1.0000   1.0000   1.0000
   1.0000   1.0000   1.0000
   1.0000   1.0000   1.0000
   1.0000   1.0000   1.0000
   1.0000   1.0000   1.0000
   1.0000   1.0000   1.0000
   1.0000   1.0000   1.0000
   1.0000   1.0000   1.0000
   1.0000   1.0000   1.0000
   1.0000   1.0000   1.0000
   1.0000   1.0000   1.0000
   1.0000   1.0000   1.0000
   1.0000   1.0000   1.0000
   1.0000   1.0000   1.0000
   1.0000   1.0000   1.0000
   1.0000   1.0000   1.0000
   1.0000   1.0000   1.0000
   1.0000   1.0000   1.0000
   1.0000   1.0000   1.0000
   1.0000   1.0000   1.0000
   1.0000   1.0000   1.0000
   1.0000   1.0000   1.0000
   1.0000   1.0000   1.0000
   1.0000   1.0000   1.0000
   1.0000   1.0000   1.0000
   1.0000   1.0000   1.0000
   1.0000   1.0000   1.0000
   1.0000   1.0000   1.0000
   1.0000   1.0000   1.0000
   1.0000   1.0000   1.0000
   1.0000   1.0000   1.0000
   1.0000   1.0000   1.0000
   1.0000   1.0000   1.0000
   1.0000   1.0000   1.0000
   1.0000   1.0000   1.0000

applying weight : 1
applying weight : 1
applying weight : 1
Here are the weights in c++ : 
   1.0000   1.0000   1.0000
   1.0000   1.0000   1.0000
   1.0000   1.0000   1.0000
   1.0000   1.0000   1.0000
   1.0000   1.0000   1.0000
   1.0000   1.0000   1.0000
   1.0000   1.0000   1.0000
   1.0000   1.0000   1.0000
   1.0000   1.0000   1.0000
   1.0000   1.0000   1.0000
   1.0000   1.0000   1.0000
   1.0000   1.0000   1.0000
   1.0000   1.0000   1.0000
   1.0000   1.0000   1.0000
   1.0000   1.0000   1.0000
   1.0000   1.0000   1.0000
   1.0000   1.0000   1.0000
   1.0000   1.0000   1.0000
   1.0000   1.0000   1.0000
   1.0000   1.0000   1.0000
   1.0000   1.0000   1.0000
   1.0000   1.0000   1.0000
   1.0000   1.0000   1.0000
   1.0000   1.0000   1.0000
   1.0000   1.0000   1.0000
   1.0000   1.0000   1.0000
   1.0000   1.0000   1.0000
   1.0000   1.0000   1.0000
   1.0000   1.0000   1.0000
   1.0000   1.0000   1.0000
   1.0000   1.0000   1.0000
   1.0000   1.0000   1.0000
   1.0000   1.0000   1.0000
   1.0000   1.0000   1.0000
   1.0000   1.0000   1.0000
   1.0000   1.0000   1.0000
   1.0000   1.0000   1.0000
   1.0000   1.0000   1.0000
   1.0000   1.0000   1.0000
   1.0000   1.0000   1.0000
   1.0000   1.0000   1.0000
   1.0000   1.0000   1.0000
   1.0000   1.0000   1.0000
   1.0000   1.0000   1.0000
   1.0000   1.0000   1.0000

applying weight : 1
applying weight : 1
applying weight : 1
Here are the weights in c++ : 
   1.0000   1.0000   1.0000
   1.0000   1.0000   1.0000
   1.0000   1.0000   1.0000
   1.0000   1.0000   1.0000
   1.0000   1.0000   1.0000
   1.0000   1.0000   1.0000
   1.0000   1.0000   1.0000
   1.0000   1.0000   1.0000
   1.0000   1.0000   1.0000
   1.0000   1.0000   1.0000
   1.0000   1.0000   1.0000
   1.0000   1.0000   1.0000
   1.0000   1.0000   1.0000
   1.0000   1.0000   1.0000
   1.0000   1.0000   1.0000
   1.0000   1.0000   1.0000
   1.0000   1.0000   1.0000
   1.0000   1.0000   1.0000
   1.0000   1.0000   1.0000
   1.0000   1.0000   1.0000
   1.0000   1.0000   1.0000
   1.0000   1.0000   1.0000
   1.0000   1.0000   1.0000
   1.0000   1.0000   1.0000
   1.0000   1.0000   1.0000
   1.0000   1.0000   1.0000
   1.0000   1.0000   1.0000
   1.0000   1.0000   1.0000
   1.0000   1.0000   1.0000
   1.0000   1.0000   1.0000
   1.0000   1.0000   1.0000
   1.0000   1.0000   1.0000
   1.0000   1.0000   1.0000
   1.0000   1.0000   1.0000
   1.0000   1.0000   1.0000
   1.0000   1.0000   1.0000
   1.0000   1.0000   1.0000
   1.0000   1.0000   1.0000
   1.0000   1.0000   1.0000
   1.0000   1.0000   1.0000
   1.0000   1.0000   1.0000
   1.0000   1.0000   1.0000
   1.0000   1.0000   1.0000
   1.0000   1.0000   1.0000
   1.0000   1.0000   1.0000

applying weight : 1
applying weight : 1
applying weight : 1
Here are the weights in c++ : 
   1.0000   1.0000   1.0000
   1.0000   1.0000   1.0000
   1.0000   1.0000   1.0000
   1.0000   1.0000   1.0000
   1.0000   1.0000   1.0000
   1.0000   1.0000   1.0000
   1.0000   1.0000   1.0000
   1.0000   1.0000   1.0000
   1.0000   1.0000   1.0000
   1.0000   1.0000   1.0000
   1.0000   1.0000   1.0000
   1.0000   1.0000   1.0000
   1.0000   1.0000   1.0000
   1.0000   1.0000   1.0000
   1.0000   1.0000   1.0000
   1.0000   1.0000   1.0000
   1.0000   1.0000   1.0000
   1.0000   1.0000   1.0000
   1.0000   1.0000   1.0000
   1.0000   1.0000   1.0000
   1.0000   1.0000   1.0000
   1.0000   1.0000   1.0000
   1.0000   1.0000   1.0000
   1.0000   1.0000   1.0000
   1.0000   1.0000   1.0000
   1.0000   1.0000   1.0000
   1.0000   1.0000   1.0000
   1.0000   1.0000   1.0000
   1.0000   1.0000   1.0000
   1.0000   1.0000   1.0000
   1.0000   1.0000   1.0000
   1.0000   1.0000   1.0000
   1.0000   1.0000   1.0000
   1.0000   1.0000   1.0000
   1.0000   1.0000   1.0000
   1.0000   1.0000   1.0000
   1.0000   1.0000   1.0000
   1.0000   1.0000   1.0000
   1.0000   1.0000   1.0000
   1.0000   1.0000   1.0000
   1.0000   1.0000   1.0000
   1.0000   1.0000   1.0000
   1.0000   1.0000   1.0000
   1.0000   1.0000   1.0000
   1.0000   1.0000   1.0000

applying weight : 1
applying weight : 1
applying weight : 1
Here are the weights in c++ : 
   1.0000   1.0000   1.0000
   1.0000   1.0000   1.0000
   1.0000   1.0000   1.0000
   1.0000   1.0000   1.0000
   1.0000   1.0000   1.0000
   1.0000   1.0000   1.0000
   1.0000   1.0000   1.0000
   1.0000   1.0000   1.0000
   1.0000   1.0000   1.0000
   1.0000   1.0000   1.0000
   1.0000   1.0000   1.0000
   1.0000   1.0000   1.0000
   1.0000   1.0000   1.0000
   1.0000   1.0000   1.0000
   1.0000   1.0000   1.0000
   1.0000   1.0000   1.0000
   1.0000   1.0000   1.0000
   1.0000   1.0000   1.0000
   1.0000   1.0000   1.0000
   1.0000   1.0000   1.0000
   1.0000   1.0000   1.0000
   1.0000   1.0000   1.0000
   1.0000   1.0000   1.0000
   1.0000   1.0000   1.0000
   1.0000   1.0000   1.0000
   1.0000   1.0000   1.0000
   1.0000   1.0000   1.0000
   1.0000   1.0000   1.0000
   1.0000   1.0000   1.0000
   1.0000   1.0000   1.0000
   1.0000   1.0000   1.0000
   1.0000   1.0000   1.0000
   1.0000   1.0000   1.0000
   1.0000   1.0000   1.0000
   1.0000   1.0000   1.0000
   1.0000   1.0000   1.0000
   1.0000   1.0000   1.0000
   1.0000   1.0000   1.0000
   1.0000   1.0000   1.0000
   1.0000   1.0000   1.0000
   1.0000   1.0000   1.0000
   1.0000   1.0000   1.0000
   1.0000   1.0000   1.0000
   1.0000   1.0000   1.0000
   1.0000   1.0000   1.0000

applying weight : 1
applying weight : 1
applying weight : 1
Here are the weights in c++ : 
   1.0000   1.0000   1.0000
   1.0000   1.0000   1.0000
   1.0000   1.0000   1.0000
   1.0000   1.0000   1.0000
   1.0000   1.0000   1.0000
   1.0000   1.0000   1.0000
   1.0000   1.0000   1.0000
   1.0000   1.0000   1.0000
   1.0000   1.0000   1.0000
   1.0000   1.0000   1.0000
   1.0000   1.0000   1.0000
   1.0000   1.0000   1.0000
   1.0000   1.0000   1.0000
   1.0000   1.0000   1.0000
   1.0000   1.0000   1.0000
   1.0000   1.0000   1.0000
   1.0000   1.0000   1.0000
   1.0000   1.0000   1.0000
   1.0000   1.0000   1.0000
   1.0000   1.0000   1.0000
   1.0000   1.0000   1.0000
   1.0000   1.0000   1.0000
   1.0000   1.0000   1.0000
   1.0000   1.0000   1.0000
   1.0000   1.0000   1.0000
   1.0000   1.0000   1.0000
   1.0000   1.0000   1.0000
   1.0000   1.0000   1.0000
   1.0000   1.0000   1.0000
   1.0000   1.0000   1.0000
   1.0000   1.0000   1.0000
   1.0000   1.0000   1.0000
   1.0000   1.0000   1.0000
   1.0000   1.0000   1.0000
   1.0000   1.0000   1.0000
   1.0000   1.0000   1.0000
   1.0000   1.0000   1.0000
   1.0000   1.0000   1.0000
   1.0000   1.0000   1.0000
   1.0000   1.0000   1.0000
   1.0000   1.0000   1.0000
   1.0000   1.0000   1.0000
   1.0000   1.0000   1.0000
   1.0000   1.0000   1.0000
   1.0000   1.0000   1.0000

applying weight : 1
applying weight : 1
applying weight : 1
Here are the weights in c++ : 
   1.0000   1.0000   1.0000
   1.0000   1.0000   1.0000
   1.0000   1.0000   1.0000
   1.0000   1.0000   1.0000
   1.0000   1.0000   1.0000
   1.0000   1.0000   1.0000
   1.0000   1.0000   1.0000
   1.0000   1.0000   1.0000
   1.0000   1.0000   1.0000
   1.0000   1.0000   1.0000
   1.0000   1.0000   1.0000
   1.0000   1.0000   1.0000
   1.0000   1.0000   1.0000
   1.0000   1.0000   1.0000
   1.0000   1.0000   1.0000
   1.0000   1.0000   1.0000
   1.0000   1.0000   1.0000
   1.0000   1.0000   1.0000
   1.0000   1.0000   1.0000
   1.0000   1.0000   1.0000
   1.0000   1.0000   1.0000
   1.0000   1.0000   1.0000
   1.0000   1.0000   1.0000
   1.0000   1.0000   1.0000
   1.0000   1.0000   1.0000
   1.0000   1.0000   1.0000
   1.0000   1.0000   1.0000
   1.0000   1.0000   1.0000
   1.0000   1.0000   1.0000
   1.0000   1.0000   1.0000
   1.0000   1.0000   1.0000
   1.0000   1.0000   1.0000
   1.0000   1.0000   1.0000
   1.0000   1.0000   1.0000
   1.0000   1.0000   1.0000
   1.0000   1.0000   1.0000
   1.0000   1.0000   1.0000
   1.0000   1.0000   1.0000
   1.0000   1.0000   1.0000
   1.0000   1.0000   1.0000
   1.0000   1.0000   1.0000
   1.0000   1.0000   1.0000
   1.0000   1.0000   1.0000
   1.0000   1.0000   1.0000
   1.0000   1.0000   1.0000

applying weight : 1
applying weight : 1
applying weight : 1
Here are the weights in c++ : 
   1.0000   1.0000   1.0000
   1.0000   1.0000   1.0000
   1.0000   1.0000   1.0000
   1.0000   1.0000   1.0000
   1.0000   1.0000   1.0000
   1.0000   1.0000   1.0000
   1.0000   1.0000   1.0000
   1.0000   1.0000   1.0000
   1.0000   1.0000   1.0000
   1.0000   1.0000   1.0000
   1.0000   1.0000   1.0000
   1.0000   1.0000   1.0000
   1.0000   1.0000   1.0000
   1.0000   1.0000   1.0000
   1.0000   1.0000   1.0000
   1.0000   1.0000   1.0000
   1.0000   1.0000   1.0000
   1.0000   1.0000   1.0000
   1.0000   1.0000   1.0000
   1.0000   1.0000   1.0000
   1.0000   1.0000   1.0000
   1.0000   1.0000   1.0000
   1.0000   1.0000   1.0000
   1.0000   1.0000   1.0000
   1.0000   1.0000   1.0000
   1.0000   1.0000   1.0000
   1.0000   1.0000   1.0000
   1.0000   1.0000   1.0000
   1.0000   1.0000   1.0000
   1.0000   1.0000   1.0000
   1.0000   1.0000   1.0000
   1.0000   1.0000   1.0000
   1.0000   1.0000   1.0000
   1.0000   1.0000   1.0000
   1.0000   1.0000   1.0000
   1.0000   1.0000   1.0000
   1.0000   1.0000   1.0000
   1.0000   1.0000   1.0000
   1.0000   1.0000   1.0000
   1.0000   1.0000   1.0000
   1.0000   1.0000   1.0000
   1.0000   1.0000   1.0000
   1.0000   1.0000   1.0000
   1.0000   1.0000   1.0000
   1.0000   1.0000   1.0000

applying weight : 1
applying weight : 1
applying weight : 1
Here are the weights in c++ : 
   1.0000   1.0000   1.0000
   1.0000   1.0000   1.0000
   1.0000   1.0000   1.0000
   1.0000   1.0000   1.0000
   1.0000   1.0000   1.0000
   1.0000   1.0000   1.0000
   1.0000   1.0000   1.0000
   1.0000   1.0000   1.0000
   1.0000   1.0000   1.0000
   1.0000   1.0000   1.0000
   1.0000   1.0000   1.0000
   1.0000   1.0000   1.0000
   1.0000   1.0000   1.0000
   1.0000   1.0000   1.0000
   1.0000   1.0000   1.0000
   1.0000   1.0000   1.0000
   1.0000   1.0000   1.0000
   1.0000   1.0000   1.0000
   1.0000   1.0000   1.0000
   1.0000   1.0000   1.0000
   1.0000   1.0000   1.0000
   1.0000   1.0000   1.0000
   1.0000   1.0000   1.0000
   1.0000   1.0000   1.0000
   1.0000   1.0000   1.0000
   1.0000   1.0000   1.0000
   1.0000   1.0000   1.0000
   1.0000   1.0000   1.0000
   1.0000   1.0000   1.0000
   1.0000   1.0000   1.0000
   1.0000   1.0000   1.0000
   1.0000   1.0000   1.0000
   1.0000   1.0000   1.0000
   1.0000   1.0000   1.0000
   1.0000   1.0000   1.0000
   1.0000   1.0000   1.0000
   1.0000   1.0000   1.0000
   1.0000   1.0000   1.0000
   1.0000   1.0000   1.0000
   1.0000   1.0000   1.0000
   1.0000   1.0000   1.0000
   1.0000   1.0000   1.0000
   1.0000   1.0000   1.0000
   1.0000   1.0000   1.0000
   1.0000   1.0000   1.0000

applying weight : 1
applying weight : 1
applying weight : 1
Here are the weights in c++ : 
   1.0000   1.0000   1.0000
   1.0000   1.0000   1.0000
   1.0000   1.0000   1.0000
   1.0000   1.0000   1.0000
   1.0000   1.0000   1.0000
   1.0000   1.0000   1.0000
   1.0000   1.0000   1.0000
   1.0000   1.0000   1.0000
   1.0000   1.0000   1.0000
   1.0000   1.0000   1.0000
   1.0000   1.0000   1.0000
   1.0000   1.0000   1.0000
   1.0000   1.0000   1.0000
   1.0000   1.0000   1.0000
   1.0000   1.0000   1.0000
   1.0000   1.0000   1.0000
   1.0000   1.0000   1.0000
   1.0000   1.0000   1.0000
   1.0000   1.0000   1.0000
   1.0000   1.0000   1.0000
   1.0000   1.0000   1.0000
   1.0000   1.0000   1.0000
   1.0000   1.0000   1.0000
   1.0000   1.0000   1.0000
   1.0000   1.0000   1.0000
   1.0000   1.0000   1.0000
   1.0000   1.0000   1.0000
   1.0000   1.0000   1.0000
   1.0000   1.0000   1.0000
   1.0000   1.0000   1.0000
   1.0000   1.0000   1.0000
   1.0000   1.0000   1.0000
   1.0000   1.0000   1.0000
   1.0000   1.0000   1.0000
   1.0000   1.0000   1.0000
   1.0000   1.0000   1.0000
   1.0000   1.0000   1.0000
   1.0000   1.0000   1.0000
   1.0000   1.0000   1.0000
   1.0000   1.0000   1.0000
   1.0000   1.0000   1.0000
   1.0000   1.0000   1.0000
   1.0000   1.0000   1.0000
   1.0000   1.0000   1.0000
   1.0000   1.0000   1.0000

applying weight : 1
applying weight : 1
applying weight : 1
Here are the weights in c++ : 
   1.0000   1.0000   1.0000
   1.0000   1.0000   1.0000
   1.0000   1.0000   1.0000
   1.0000   1.0000   1.0000
   1.0000   1.0000   1.0000
   1.0000   1.0000   1.0000
   1.0000   1.0000   1.0000
   1.0000   1.0000   1.0000
   1.0000   1.0000   1.0000
   1.0000   1.0000   1.0000
   1.0000   1.0000   1.0000
   1.0000   1.0000   1.0000
   1.0000   1.0000   1.0000
   1.0000   1.0000   1.0000
   1.0000   1.0000   1.0000
   1.0000   1.0000   1.0000
   1.0000   1.0000   1.0000
   1.0000   1.0000   1.0000
   1.0000   1.0000   1.0000
   1.0000   1.0000   1.0000
   1.0000   1.0000   1.0000
   1.0000   1.0000   1.0000
   1.0000   1.0000   1.0000
   1.0000   1.0000   1.0000
   1.0000   1.0000   1.0000
   1.0000   1.0000   1.0000
   1.0000   1.0000   1.0000
   1.0000   1.0000   1.0000
   1.0000   1.0000   1.0000
   1.0000   1.0000   1.0000
   1.0000   1.0000   1.0000
   1.0000   1.0000   1.0000
   1.0000   1.0000   1.0000
   1.0000   1.0000   1.0000
   1.0000   1.0000   1.0000
   1.0000   1.0000   1.0000
   1.0000   1.0000   1.0000
   1.0000   1.0000   1.0000
   1.0000   1.0000   1.0000
   1.0000   1.0000   1.0000
   1.0000   1.0000   1.0000
   1.0000   1.0000   1.0000
   1.0000   1.0000   1.0000
   1.0000   1.0000   1.0000
   1.0000   1.0000   1.0000

applying weight : 1
applying weight : 1
applying weight : 1
Here are the weights in c++ : 
   1.0000   1.0000   1.0000
   1.0000   1.0000   1.0000
   1.0000   1.0000   1.0000
   1.0000   1.0000   1.0000
   1.0000   1.0000   1.0000
   1.0000   1.0000   1.0000
   1.0000   1.0000   1.0000
   1.0000   1.0000   1.0000
   1.0000   1.0000   1.0000
   1.0000   1.0000   1.0000
   1.0000   1.0000   1.0000
   1.0000   1.0000   1.0000
   1.0000   1.0000   1.0000
   1.0000   1.0000   1.0000
   1.0000   1.0000   1.0000
   1.0000   1.0000   1.0000
   1.0000   1.0000   1.0000
   1.0000   1.0000   1.0000
   1.0000   1.0000   1.0000
   1.0000   1.0000   1.0000
   1.0000   1.0000   1.0000
   1.0000   1.0000   1.0000
   1.0000   1.0000   1.0000
   1.0000   1.0000   1.0000
   1.0000   1.0000   1.0000
   1.0000   1.0000   1.0000
   1.0000   1.0000   1.0000
   1.0000   1.0000   1.0000
   1.0000   1.0000   1.0000
   1.0000   1.0000   1.0000
   1.0000   1.0000   1.0000
   1.0000   1.0000   1.0000
   1.0000   1.0000   1.0000
   1.0000   1.0000   1.0000
   1.0000   1.0000   1.0000
   1.0000   1.0000   1.0000
   1.0000   1.0000   1.0000
   1.0000   1.0000   1.0000
   1.0000   1.0000   1.0000
   1.0000   1.0000   1.0000
   1.0000   1.0000   1.0000
   1.0000   1.0000   1.0000
   1.0000   1.0000   1.0000
   1.0000   1.0000   1.0000
   1.0000   1.0000   1.0000

applying weight : 1
applying weight : 1
applying weight : 1
Here are the weights in c++ : 
   1.0000   1.0000   1.0000
   1.0000   1.0000   1.0000
   1.0000   1.0000   1.0000
   1.0000   1.0000   1.0000
   1.0000   1.0000   1.0000
   1.0000   1.0000   1.0000
   1.0000   1.0000   1.0000
   1.0000   1.0000   1.0000
   1.0000   1.0000   1.0000
   1.0000   1.0000   1.0000
   1.0000   1.0000   1.0000
   1.0000   1.0000   1.0000
   1.0000   1.0000   1.0000
   1.0000   1.0000   1.0000
   1.0000   1.0000   1.0000
   1.0000   1.0000   1.0000
   1.0000   1.0000   1.0000
   1.0000   1.0000   1.0000
   1.0000   1.0000   1.0000
   1.0000   1.0000   1.0000
   1.0000   1.0000   1.0000
   1.0000   1.0000   1.0000
   1.0000   1.0000   1.0000
   1.0000   1.0000   1.0000
   1.0000   1.0000   1.0000
   1.0000   1.0000   1.0000
   1.0000   1.0000   1.0000
   1.0000   1.0000   1.0000
   1.0000   1.0000   1.0000
   1.0000   1.0000   1.0000
   1.0000   1.0000   1.0000
   1.0000   1.0000   1.0000
   1.0000   1.0000   1.0000
   1.0000   1.0000   1.0000
   1.0000   1.0000   1.0000
   1.0000   1.0000   1.0000
   1.0000   1.0000   1.0000
   1.0000   1.0000   1.0000
   1.0000   1.0000   1.0000
   1.0000   1.0000   1.0000
   1.0000   1.0000   1.0000
   1.0000   1.0000   1.0000
   1.0000   1.0000   1.0000
   1.0000   1.0000   1.0000
   1.0000   1.0000   1.0000

applying weight : 1
applying weight : 1
applying weight : 1
Here are the weights in c++ : 
   1.0000   1.0000   1.0000
   1.0000   1.0000   1.0000
   1.0000   1.0000   1.0000
   1.0000   1.0000   1.0000
   1.0000   1.0000   1.0000
   1.0000   1.0000   1.0000
   1.0000   1.0000   1.0000
   1.0000   1.0000   1.0000
   1.0000   1.0000   1.0000
   1.0000   1.0000   1.0000
   1.0000   1.0000   1.0000
   1.0000   1.0000   1.0000
   1.0000   1.0000   1.0000
   1.0000   1.0000   1.0000
   1.0000   1.0000   1.0000
   1.0000   1.0000   1.0000
   1.0000   1.0000   1.0000
   1.0000   1.0000   1.0000
   1.0000   1.0000   1.0000
   1.0000   1.0000   1.0000
   1.0000   1.0000   1.0000
   1.0000   1.0000   1.0000
   1.0000   1.0000   1.0000
   1.0000   1.0000   1.0000
   1.0000   1.0000   1.0000
   1.0000   1.0000   1.0000
   1.0000   1.0000   1.0000
   1.0000   1.0000   1.0000
   1.0000   1.0000   1.0000
   1.0000   1.0000   1.0000
   1.0000   1.0000   1.0000
   1.0000   1.0000   1.0000
   1.0000   1.0000   1.0000
   1.0000   1.0000   1.0000
   1.0000   1.0000   1.0000
   1.0000   1.0000   1.0000
   1.0000   1.0000   1.0000
   1.0000   1.0000   1.0000
   1.0000   1.0000   1.0000
   1.0000   1.0000   1.0000
   1.0000   1.0000   1.0000
   1.0000   1.0000   1.0000
   1.0000   1.0000   1.0000
   1.0000   1.0000   1.0000
   1.0000   1.0000   1.0000

applying weight : 1
applying weight : 1
applying weight : 1
Here are the weights in c++ : 
   1.0000   1.0000   1.0000
   1.0000   1.0000   1.0000
   1.0000   1.0000   1.0000
   1.0000   1.0000   1.0000
   1.0000   1.0000   1.0000
   1.0000   1.0000   1.0000
   1.0000   1.0000   1.0000
   1.0000   1.0000   1.0000
   1.0000   1.0000   1.0000
   1.0000   1.0000   1.0000
   1.0000   1.0000   1.0000
   1.0000   1.0000   1.0000
   1.0000   1.0000   1.0000
   1.0000   1.0000   1.0000
   1.0000   1.0000   1.0000
   1.0000   1.0000   1.0000
   1.0000   1.0000   1.0000
   1.0000   1.0000   1.0000
   1.0000   1.0000   1.0000
   1.0000   1.0000   1.0000
   1.0000   1.0000   1.0000
   1.0000   1.0000   1.0000
   1.0000   1.0000   1.0000
   1.0000   1.0000   1.0000
   1.0000   1.0000   1.0000
   1.0000   1.0000   1.0000
   1.0000   1.0000   1.0000
   1.0000   1.0000   1.0000
   1.0000   1.0000   1.0000
   1.0000   1.0000   1.0000
   1.0000   1.0000   1.0000
   1.0000   1.0000   1.0000
   1.0000   1.0000   1.0000
   1.0000   1.0000   1.0000
   1.0000   1.0000   1.0000
   1.0000   1.0000   1.0000
   1.0000   1.0000   1.0000
   1.0000   1.0000   1.0000
   1.0000   1.0000   1.0000
   1.0000   1.0000   1.0000
   1.0000   1.0000   1.0000
   1.0000   1.0000   1.0000
   1.0000   1.0000   1.0000
   1.0000   1.0000   1.0000
   1.0000   1.0000   1.0000

applying weight : 1
applying weight : 1
applying weight : 1
Here are the weights in c++ : 
   1.0000   1.0000   1.0000
   1.0000   1.0000   1.0000
   1.0000   1.0000   1.0000
   1.0000   1.0000   1.0000
   1.0000   1.0000   1.0000
   1.0000   1.0000   1.0000
   1.0000   1.0000   1.0000
   1.0000   1.0000   1.0000
   1.0000   1.0000   1.0000
   1.0000   1.0000   1.0000
   1.0000   1.0000   1.0000
   1.0000   1.0000   1.0000
   1.0000   1.0000   1.0000
   1.0000   1.0000   1.0000
   1.0000   1.0000   1.0000
   1.0000   1.0000   1.0000
   1.0000   1.0000   1.0000
   1.0000   1.0000   1.0000
   1.0000   1.0000   1.0000
   1.0000   1.0000   1.0000
   1.0000   1.0000   1.0000
   1.0000   1.0000   1.0000
   1.0000   1.0000   1.0000
   1.0000   1.0000   1.0000
   1.0000   1.0000   1.0000
   1.0000   1.0000   1.0000
   1.0000   1.0000   1.0000
   1.0000   1.0000   1.0000
   1.0000   1.0000   1.0000
   1.0000   1.0000   1.0000
   1.0000   1.0000   1.0000
   1.0000   1.0000   1.0000
   1.0000   1.0000   1.0000
   1.0000   1.0000   1.0000
   1.0000   1.0000   1.0000
   1.0000   1.0000   1.0000
   1.0000   1.0000   1.0000
   1.0000   1.0000   1.0000
   1.0000   1.0000   1.0000
   1.0000   1.0000   1.0000
   1.0000   1.0000   1.0000
   1.0000   1.0000   1.0000
   1.0000   1.0000   1.0000
   1.0000   1.0000   1.0000
   1.0000   1.0000   1.0000

applying weight : 1
applying weight : 1
applying weight : 1
Here are the weights in c++ : 
   1.0000   1.0000   1.0000
   1.0000   1.0000   1.0000
   1.0000   1.0000   1.0000
   1.0000   1.0000   1.0000
   1.0000   1.0000   1.0000
   1.0000   1.0000   1.0000
   1.0000   1.0000   1.0000
   1.0000   1.0000   1.0000
   1.0000   1.0000   1.0000
   1.0000   1.0000   1.0000
   1.0000   1.0000   1.0000
   1.0000   1.0000   1.0000
   1.0000   1.0000   1.0000
   1.0000   1.0000   1.0000
   1.0000   1.0000   1.0000
   1.0000   1.0000   1.0000
   1.0000   1.0000   1.0000
   1.0000   1.0000   1.0000
   1.0000   1.0000   1.0000
   1.0000   1.0000   1.0000
   1.0000   1.0000   1.0000
   1.0000   1.0000   1.0000
   1.0000   1.0000   1.0000
   1.0000   1.0000   1.0000
   1.0000   1.0000   1.0000
   1.0000   1.0000   1.0000
   1.0000   1.0000   1.0000
   1.0000   1.0000   1.0000
   1.0000   1.0000   1.0000
   1.0000   1.0000   1.0000
   1.0000   1.0000   1.0000
   1.0000   1.0000   1.0000
   1.0000   1.0000   1.0000
   1.0000   1.0000   1.0000
   1.0000   1.0000   1.0000
   1.0000   1.0000   1.0000
   1.0000   1.0000   1.0000
   1.0000   1.0000   1.0000
   1.0000   1.0000   1.0000
   1.0000   1.0000   1.0000
   1.0000   1.0000   1.0000
   1.0000   1.0000   1.0000
   1.0000   1.0000   1.0000
   1.0000   1.0000   1.0000
   1.0000   1.0000   1.0000

applying weight : 1
applying weight : 1
applying weight : 1
Here are the weights in c++ : 
   1.0000   1.0000   1.0000
   1.0000   1.0000   1.0000
   1.0000   1.0000   1.0000
   1.0000   1.0000   1.0000
   1.0000   1.0000   1.0000
   1.0000   1.0000   1.0000
   1.0000   1.0000   1.0000
   1.0000   1.0000   1.0000
   1.0000   1.0000   1.0000
   1.0000   1.0000   1.0000
   1.0000   1.0000   1.0000
   1.0000   1.0000   1.0000
   1.0000   1.0000   1.0000
   1.0000   1.0000   1.0000
   1.0000   1.0000   1.0000
   1.0000   1.0000   1.0000
   1.0000   1.0000   1.0000
   1.0000   1.0000   1.0000
   1.0000   1.0000   1.0000
   1.0000   1.0000   1.0000
   1.0000   1.0000   1.0000
   1.0000   1.0000   1.0000
   1.0000   1.0000   1.0000
   1.0000   1.0000   1.0000
   1.0000   1.0000   1.0000
   1.0000   1.0000   1.0000
   1.0000   1.0000   1.0000
   1.0000   1.0000   1.0000
   1.0000   1.0000   1.0000
   1.0000   1.0000   1.0000
   1.0000   1.0000   1.0000
   1.0000   1.0000   1.0000
   1.0000   1.0000   1.0000
   1.0000   1.0000   1.0000
   1.0000   1.0000   1.0000
   1.0000   1.0000   1.0000
   1.0000   1.0000   1.0000
   1.0000   1.0000   1.0000
   1.0000   1.0000   1.0000
   1.0000   1.0000   1.0000
   1.0000   1.0000   1.0000
   1.0000   1.0000   1.0000
   1.0000   1.0000   1.0000
   1.0000   1.0000   1.0000
   1.0000   1.0000   1.0000

applying weight : 1
applying weight : 1
applying weight : 1
Here are the weights in c++ : 
   1.0000   1.0000   1.0000
   1.0000   1.0000   1.0000
   1.0000   1.0000   1.0000
   1.0000   1.0000   1.0000
   1.0000   1.0000   1.0000
   1.0000   1.0000   1.0000
   1.0000   1.0000   1.0000
   1.0000   1.0000   1.0000
   1.0000   1.0000   1.0000
   1.0000   1.0000   1.0000
   1.0000   1.0000   1.0000
   1.0000   1.0000   1.0000
   1.0000   1.0000   1.0000
   1.0000   1.0000   1.0000
   1.0000   1.0000   1.0000
   1.0000   1.0000   1.0000
   1.0000   1.0000   1.0000
   1.0000   1.0000   1.0000
   1.0000   1.0000   1.0000
   1.0000   1.0000   1.0000
   1.0000   1.0000   1.0000
   1.0000   1.0000   1.0000
   1.0000   1.0000   1.0000
   1.0000   1.0000   1.0000
   1.0000   1.0000   1.0000
   1.0000   1.0000   1.0000
   1.0000   1.0000   1.0000
   1.0000   1.0000   1.0000
   1.0000   1.0000   1.0000
   1.0000   1.0000   1.0000
   1.0000   1.0000   1.0000
   1.0000   1.0000   1.0000
   1.0000   1.0000   1.0000
   1.0000   1.0000   1.0000
   1.0000   1.0000   1.0000
   1.0000   1.0000   1.0000
   1.0000   1.0000   1.0000
   1.0000   1.0000   1.0000
   1.0000   1.0000   1.0000
   1.0000   1.0000   1.0000
   1.0000   1.0000   1.0000
   1.0000   1.0000   1.0000
   1.0000   1.0000   1.0000
   1.0000   1.0000   1.0000
   1.0000   1.0000   1.0000

applying weight : 1
applying weight : 1
applying weight : 1
Here are the weights in c++ : 
   1.0000   1.0000   1.0000
   1.0000   1.0000   1.0000
   1.0000   1.0000   1.0000
   1.0000   1.0000   1.0000
   1.0000   1.0000   1.0000
   1.0000   1.0000   1.0000
   1.0000   1.0000   1.0000
   1.0000   1.0000   1.0000
   1.0000   1.0000   1.0000
   1.0000   1.0000   1.0000
   1.0000   1.0000   1.0000
   1.0000   1.0000   1.0000
   1.0000   1.0000   1.0000
   1.0000   1.0000   1.0000
   1.0000   1.0000   1.0000
   1.0000   1.0000   1.0000
   1.0000   1.0000   1.0000
   1.0000   1.0000   1.0000
   1.0000   1.0000   1.0000
   1.0000   1.0000   1.0000
   1.0000   1.0000   1.0000
   1.0000   1.0000   1.0000
   1.0000   1.0000   1.0000
   1.0000   1.0000   1.0000
   1.0000   1.0000   1.0000
   1.0000   1.0000   1.0000
   1.0000   1.0000   1.0000
   1.0000   1.0000   1.0000
   1.0000   1.0000   1.0000
   1.0000   1.0000   1.0000
   1.0000   1.0000   1.0000
   1.0000   1.0000   1.0000
   1.0000   1.0000   1.0000
   1.0000   1.0000   1.0000
   1.0000   1.0000   1.0000
   1.0000   1.0000   1.0000
   1.0000   1.0000   1.0000
   1.0000   1.0000   1.0000
   1.0000   1.0000   1.0000
   1.0000   1.0000   1.0000
   1.0000   1.0000   1.0000
   1.0000   1.0000   1.0000
   1.0000   1.0000   1.0000
   1.0000   1.0000   1.0000
   1.0000   1.0000   1.0000

applying weight : 1
applying weight : 1
applying weight : 1
Here are the weights in c++ : 
   1.0000   1.0000   1.0000
   1.0000   1.0000   1.0000
   1.0000   1.0000   1.0000
   1.0000   1.0000   1.0000
   1.0000   1.0000   1.0000
   1.0000   1.0000   1.0000
   1.0000   1.0000   1.0000
   1.0000   1.0000   1.0000
   1.0000   1.0000   1.0000
   1.0000   1.0000   1.0000
   1.0000   1.0000   1.0000
   1.0000   1.0000   1.0000
   1.0000   1.0000   1.0000
   1.0000   1.0000   1.0000
   1.0000   1.0000   1.0000
   1.0000   1.0000   1.0000
   1.0000   1.0000   1.0000
   1.0000   1.0000   1.0000
   1.0000   1.0000   1.0000
   1.0000   1.0000   1.0000
   1.0000   1.0000   1.0000
   1.0000   1.0000   1.0000
   1.0000   1.0000   1.0000
   1.0000   1.0000   1.0000
   1.0000   1.0000   1.0000
   1.0000   1.0000   1.0000
   1.0000   1.0000   1.0000
   1.0000   1.0000   1.0000
   1.0000   1.0000   1.0000
   1.0000   1.0000   1.0000
   1.0000   1.0000   1.0000
   1.0000   1.0000   1.0000
   1.0000   1.0000   1.0000
   1.0000   1.0000   1.0000
   1.0000   1.0000   1.0000
   1.0000   1.0000   1.0000
   1.0000   1.0000   1.0000
   1.0000   1.0000   1.0000
   1.0000   1.0000   1.0000
   1.0000   1.0000   1.0000
   1.0000   1.0000   1.0000
   1.0000   1.0000   1.0000
   1.0000   1.0000   1.0000
   1.0000   1.0000   1.0000
   1.0000   1.0000   1.0000

applying weight : 1
applying weight : 1
applying weight : 1
Here are the weights in c++ : 
   1.0000   1.0000   1.0000
   1.0000   1.0000   1.0000
   1.0000   1.0000   1.0000
   1.0000   1.0000   1.0000
   1.0000   1.0000   1.0000
   1.0000   1.0000   1.0000
   1.0000   1.0000   1.0000
   1.0000   1.0000   1.0000
   1.0000   1.0000   1.0000
   1.0000   1.0000   1.0000
   1.0000   1.0000   1.0000
   1.0000   1.0000   1.0000
   1.0000   1.0000   1.0000
   1.0000   1.0000   1.0000
   1.0000   1.0000   1.0000
   1.0000   1.0000   1.0000
   1.0000   1.0000   1.0000
   1.0000   1.0000   1.0000
   1.0000   1.0000   1.0000
   1.0000   1.0000   1.0000
   1.0000   1.0000   1.0000
   1.0000   1.0000   1.0000
   1.0000   1.0000   1.0000
   1.0000   1.0000   1.0000
   1.0000   1.0000   1.0000
   1.0000   1.0000   1.0000
   1.0000   1.0000   1.0000
   1.0000   1.0000   1.0000
   1.0000   1.0000   1.0000
   1.0000   1.0000   1.0000
   1.0000   1.0000   1.0000
   1.0000   1.0000   1.0000
   1.0000   1.0000   1.0000
   1.0000   1.0000   1.0000
   1.0000   1.0000   1.0000
   1.0000   1.0000   1.0000
   1.0000   1.0000   1.0000
   1.0000   1.0000   1.0000
   1.0000   1.0000   1.0000
   1.0000   1.0000   1.0000
   1.0000   1.0000   1.0000
   1.0000   1.0000   1.0000
   1.0000   1.0000   1.0000
   1.0000   1.0000   1.0000
   1.0000   1.0000   1.0000

applying weight : 1
applying weight : 1
applying weight : 1
Here are the weights in c++ : 
   1.0000   1.0000   1.0000
   1.0000   1.0000   1.0000
   1.0000   1.0000   1.0000
   1.0000   1.0000   1.0000
   1.0000   1.0000   1.0000
   1.0000   1.0000   1.0000
   1.0000   1.0000   1.0000
   1.0000   1.0000   1.0000
   1.0000   1.0000   1.0000
   1.0000   1.0000   1.0000
   1.0000   1.0000   1.0000
   1.0000   1.0000   1.0000
   1.0000   1.0000   1.0000
   1.0000   1.0000   1.0000
   1.0000   1.0000   1.0000
   1.0000   1.0000   1.0000
   1.0000   1.0000   1.0000
   1.0000   1.0000   1.0000
   1.0000   1.0000   1.0000
   1.0000   1.0000   1.0000
   1.0000   1.0000   1.0000
   1.0000   1.0000   1.0000
   1.0000   1.0000   1.0000
   1.0000   1.0000   1.0000
   1.0000   1.0000   1.0000
   1.0000   1.0000   1.0000
   1.0000   1.0000   1.0000
   1.0000   1.0000   1.0000
   1.0000   1.0000   1.0000
   1.0000   1.0000   1.0000
   1.0000   1.0000   1.0000
   1.0000   1.0000   1.0000
   1.0000   1.0000   1.0000
   1.0000   1.0000   1.0000
   1.0000   1.0000   1.0000
   1.0000   1.0000   1.0000
   1.0000   1.0000   1.0000
   1.0000   1.0000   1.0000
   1.0000   1.0000   1.0000
   1.0000   1.0000   1.0000
   1.0000   1.0000   1.0000
   1.0000   1.0000   1.0000
   1.0000   1.0000   1.0000
   1.0000   1.0000   1.0000
   1.0000   1.0000   1.0000

applying weight : 1
applying weight : 1
applying weight : 1
Here are the weights in c++ : 
   1.0000   1.0000   1.0000
   1.0000   1.0000   1.0000
   1.0000   1.0000   1.0000
   1.0000   1.0000   1.0000
   1.0000   1.0000   1.0000
   1.0000   1.0000   1.0000
   1.0000   1.0000   1.0000
   1.0000   1.0000   1.0000
   1.0000   1.0000   1.0000
   1.0000   1.0000   1.0000
   1.0000   1.0000   1.0000
   1.0000   1.0000   1.0000
   1.0000   1.0000   1.0000
   1.0000   1.0000   1.0000
   1.0000   1.0000   1.0000
   1.0000   1.0000   1.0000
   1.0000   1.0000   1.0000
   1.0000   1.0000   1.0000
   1.0000   1.0000   1.0000
   1.0000   1.0000   1.0000
   1.0000   1.0000   1.0000
   1.0000   1.0000   1.0000
   1.0000   1.0000   1.0000
   1.0000   1.0000   1.0000
   1.0000   1.0000   1.0000
   1.0000   1.0000   1.0000
   1.0000   1.0000   1.0000
   1.0000   1.0000   1.0000
   1.0000   1.0000   1.0000
   1.0000   1.0000   1.0000
   1.0000   1.0000   1.0000
   1.0000   1.0000   1.0000
   1.0000   1.0000   1.0000
   1.0000   1.0000   1.0000
   1.0000   1.0000   1.0000
   1.0000   1.0000   1.0000
   1.0000   1.0000   1.0000
   1.0000   1.0000   1.0000
   1.0000   1.0000   1.0000
   1.0000   1.0000   1.0000
   1.0000   1.0000   1.0000
   1.0000   1.0000   1.0000
   1.0000   1.0000   1.0000
   1.0000   1.0000   1.0000
   1.0000   1.0000   1.0000

applying weight : 1
applying weight : 1
applying weight : 1
Here are the weights in c++ : 
   1.0000   1.0000   1.0000
   1.0000   1.0000   1.0000
   1.0000   1.0000   1.0000
   1.0000   1.0000   1.0000
   1.0000   1.0000   1.0000
   1.0000   1.0000   1.0000
   1.0000   1.0000   1.0000
   1.0000   1.0000   1.0000
   1.0000   1.0000   1.0000
   1.0000   1.0000   1.0000
   1.0000   1.0000   1.0000
   1.0000   1.0000   1.0000
   1.0000   1.0000   1.0000
   1.0000   1.0000   1.0000
   1.0000   1.0000   1.0000
   1.0000   1.0000   1.0000
   1.0000   1.0000   1.0000
   1.0000   1.0000   1.0000
   1.0000   1.0000   1.0000
   1.0000   1.0000   1.0000
   1.0000   1.0000   1.0000
   1.0000   1.0000   1.0000
   1.0000   1.0000   1.0000
   1.0000   1.0000   1.0000
   1.0000   1.0000   1.0000
   1.0000   1.0000   1.0000
   1.0000   1.0000   1.0000
   1.0000   1.0000   1.0000
   1.0000   1.0000   1.0000
   1.0000   1.0000   1.0000
   1.0000   1.0000   1.0000
   1.0000   1.0000   1.0000
   1.0000   1.0000   1.0000
   1.0000   1.0000   1.0000
   1.0000   1.0000   1.0000
   1.0000   1.0000   1.0000
   1.0000   1.0000   1.0000
   1.0000   1.0000   1.0000
   1.0000   1.0000   1.0000
   1.0000   1.0000   1.0000
   1.0000   1.0000   1.0000
   1.0000   1.0000   1.0000
   1.0000   1.0000   1.0000
   1.0000   1.0000   1.0000
   1.0000   1.0000   1.0000

applying weight : 1
applying weight : 1
applying weight : 1
Here are the weights in c++ : 
   1.0000   1.0000   1.0000
   1.0000   1.0000   1.0000
   1.0000   1.0000   1.0000
   1.0000   1.0000   1.0000
   1.0000   1.0000   1.0000
   1.0000   1.0000   1.0000
   1.0000   1.0000   1.0000
   1.0000   1.0000   1.0000
   1.0000   1.0000   1.0000
   1.0000   1.0000   1.0000
   1.0000   1.0000   1.0000
   1.0000   1.0000   1.0000
   1.0000   1.0000   1.0000
   1.0000   1.0000   1.0000
   1.0000   1.0000   1.0000
   1.0000   1.0000   1.0000
   1.0000   1.0000   1.0000
   1.0000   1.0000   1.0000
   1.0000   1.0000   1.0000
   1.0000   1.0000   1.0000
   1.0000   1.0000   1.0000
   1.0000   1.0000   1.0000
   1.0000   1.0000   1.0000
   1.0000   1.0000   1.0000
   1.0000   1.0000   1.0000
   1.0000   1.0000   1.0000
   1.0000   1.0000   1.0000
   1.0000   1.0000   1.0000
   1.0000   1.0000   1.0000
   1.0000   1.0000   1.0000
   1.0000   1.0000   1.0000
   1.0000   1.0000   1.0000
   1.0000   1.0000   1.0000
   1.0000   1.0000   1.0000
   1.0000   1.0000   1.0000
   1.0000   1.0000   1.0000
   1.0000   1.0000   1.0000
   1.0000   1.0000   1.0000
   1.0000   1.0000   1.0000
   1.0000   1.0000   1.0000
   1.0000   1.0000   1.0000
   1.0000   1.0000   1.0000
   1.0000   1.0000   1.0000
   1.0000   1.0000   1.0000
   1.0000   1.0000   1.0000

applying weight : 1
applying weight : 1
applying weight : 1
Here are the weights in c++ : 
   1.0000   1.0000   1.0000
   1.0000   1.0000   1.0000
   1.0000   1.0000   1.0000
   1.0000   1.0000   1.0000
   1.0000   1.0000   1.0000
   1.0000   1.0000   1.0000
   1.0000   1.0000   1.0000
   1.0000   1.0000   1.0000
   1.0000   1.0000   1.0000
   1.0000   1.0000   1.0000
   1.0000   1.0000   1.0000
   1.0000   1.0000   1.0000
   1.0000   1.0000   1.0000
   1.0000   1.0000   1.0000
   1.0000   1.0000   1.0000
   1.0000   1.0000   1.0000
   1.0000   1.0000   1.0000
   1.0000   1.0000   1.0000
   1.0000   1.0000   1.0000
   1.0000   1.0000   1.0000
   1.0000   1.0000   1.0000
   1.0000   1.0000   1.0000
   1.0000   1.0000   1.0000
   1.0000   1.0000   1.0000
   1.0000   1.0000   1.0000
   1.0000   1.0000   1.0000
   1.0000   1.0000   1.0000
   1.0000   1.0000   1.0000
   1.0000   1.0000   1.0000
   1.0000   1.0000   1.0000
   1.0000   1.0000   1.0000
   1.0000   1.0000   1.0000
   1.0000   1.0000   1.0000
   1.0000   1.0000   1.0000
   1.0000   1.0000   1.0000
   1.0000   1.0000   1.0000
   1.0000   1.0000   1.0000
   1.0000   1.0000   1.0000
   1.0000   1.0000   1.0000
   1.0000   1.0000   1.0000
   1.0000   1.0000   1.0000
   1.0000   1.0000   1.0000
   1.0000   1.0000   1.0000
   1.0000   1.0000   1.0000
   1.0000   1.0000   1.0000

applying weight : 1
applying weight : 1
applying weight : 1
Here are the weights in c++ : 
   1.0000   1.0000   1.0000
   1.0000   1.0000   1.0000
   1.0000   1.0000   1.0000
   1.0000   1.0000   1.0000
   1.0000   1.0000   1.0000
   1.0000   1.0000   1.0000
   1.0000   1.0000   1.0000
   1.0000   1.0000   1.0000
   1.0000   1.0000   1.0000
   1.0000   1.0000   1.0000
   1.0000   1.0000   1.0000
   1.0000   1.0000   1.0000
   1.0000   1.0000   1.0000
   1.0000   1.0000   1.0000
   1.0000   1.0000   1.0000
   1.0000   1.0000   1.0000
   1.0000   1.0000   1.0000
   1.0000   1.0000   1.0000
   1.0000   1.0000   1.0000
   1.0000   1.0000   1.0000
   1.0000   1.0000   1.0000
   1.0000   1.0000   1.0000
   1.0000   1.0000   1.0000
   1.0000   1.0000   1.0000
   1.0000   1.0000   1.0000
   1.0000   1.0000   1.0000
   1.0000   1.0000   1.0000
   1.0000   1.0000   1.0000
   1.0000   1.0000   1.0000
   1.0000   1.0000   1.0000
   1.0000   1.0000   1.0000
   1.0000   1.0000   1.0000
   1.0000   1.0000   1.0000
   1.0000   1.0000   1.0000
   1.0000   1.0000   1.0000
   1.0000   1.0000   1.0000
   1.0000   1.0000   1.0000
   1.0000   1.0000   1.0000
   1.0000   1.0000   1.0000
   1.0000   1.0000   1.0000
   1.0000   1.0000   1.0000
   1.0000   1.0000   1.0000
   1.0000   1.0000   1.0000
   1.0000   1.0000   1.0000
   1.0000   1.0000   1.0000

applying weight : 1
applying weight : 1
applying weight : 1
Here are the weights in c++ : 
   1.0000   1.0000   1.0000
   1.0000   1.0000   1.0000
   1.0000   1.0000   1.0000
   1.0000   1.0000   1.0000
   1.0000   1.0000   1.0000
   1.0000   1.0000   1.0000
   1.0000   1.0000   1.0000
   1.0000   1.0000   1.0000
   1.0000   1.0000   1.0000
   1.0000   1.0000   1.0000
   1.0000   1.0000   1.0000
   1.0000   1.0000   1.0000
   1.0000   1.0000   1.0000
   1.0000   1.0000   1.0000
   1.0000   1.0000   1.0000
   1.0000   1.0000   1.0000
   1.0000   1.0000   1.0000
   1.0000   1.0000   1.0000
   1.0000   1.0000   1.0000
   1.0000   1.0000   1.0000
   1.0000   1.0000   1.0000
   1.0000   1.0000   1.0000
   1.0000   1.0000   1.0000
   1.0000   1.0000   1.0000
   1.0000   1.0000   1.0000
   1.0000   1.0000   1.0000
   1.0000   1.0000   1.0000
   1.0000   1.0000   1.0000
   1.0000   1.0000   1.0000
   1.0000   1.0000   1.0000
   1.0000   1.0000   1.0000
   1.0000   1.0000   1.0000
   1.0000   1.0000   1.0000
   1.0000   1.0000   1.0000
   1.0000   1.0000   1.0000
   1.0000   1.0000   1.0000
   1.0000   1.0000   1.0000
   1.0000   1.0000   1.0000
   1.0000   1.0000   1.0000
   1.0000   1.0000   1.0000
   1.0000   1.0000   1.0000
   1.0000   1.0000   1.0000
   1.0000   1.0000   1.0000
   1.0000   1.0000   1.0000
   1.0000   1.0000   1.0000

applying weight : 1
applying weight : 1
applying weight : 1
Here are the weights in c++ : 
   1.0000   1.0000   1.0000
   1.0000   1.0000   1.0000
   1.0000   1.0000   1.0000
   1.0000   1.0000   1.0000
   1.0000   1.0000   1.0000
   1.0000   1.0000   1.0000
   1.0000   1.0000   1.0000
   1.0000   1.0000   1.0000
   1.0000   1.0000   1.0000
   1.0000   1.0000   1.0000
   1.0000   1.0000   1.0000
   1.0000   1.0000   1.0000
   1.0000   1.0000   1.0000
   1.0000   1.0000   1.0000
   1.0000   1.0000   1.0000
   1.0000   1.0000   1.0000
   1.0000   1.0000   1.0000
   1.0000   1.0000   1.0000
   1.0000   1.0000   1.0000
   1.0000   1.0000   1.0000
   1.0000   1.0000   1.0000
   1.0000   1.0000   1.0000
   1.0000   1.0000   1.0000
   1.0000   1.0000   1.0000
   1.0000   1.0000   1.0000
   1.0000   1.0000   1.0000
   1.0000   1.0000   1.0000
   1.0000   1.0000   1.0000
   1.0000   1.0000   1.0000
   1.0000   1.0000   1.0000
   1.0000   1.0000   1.0000
   1.0000   1.0000   1.0000
   1.0000   1.0000   1.0000
   1.0000   1.0000   1.0000
   1.0000   1.0000   1.0000
   1.0000   1.0000   1.0000
   1.0000   1.0000   1.0000
   1.0000   1.0000   1.0000
   1.0000   1.0000   1.0000
   1.0000   1.0000   1.0000
   1.0000   1.0000   1.0000
   1.0000   1.0000   1.0000
   1.0000   1.0000   1.0000
   1.0000   1.0000   1.0000
   1.0000   1.0000   1.0000

applying weight : 1
applying weight : 1
applying weight : 1
⠇ |   1     8 | testing the bandwidth selection functions                                                                          Here are the weights in c++ : 
   1.0000   1.0000   1.0000
   1.0000   1.0000   1.0000
   1.0000   1.0000   1.0000
   1.0000   1.0000   1.0000
   1.0000   1.0000   1.0000
   1.0000   1.0000   1.0000
   1.0000   1.0000   1.0000
   1.0000   1.0000   1.0000
   1.0000   1.0000   1.0000
   1.0000   1.0000   1.0000
   1.0000   1.0000   1.0000
   1.0000   1.0000   1.0000
   1.0000   1.0000   1.0000
   1.0000   1.0000   1.0000
   1.0000   1.0000   1.0000
   1.0000   1.0000   1.0000
   1.0000   1.0000   1.0000
   1.0000   1.0000   1.0000
   1.0000   1.0000   1.0000
   1.0000   1.0000   1.0000
   1.0000   1.0000   1.0000
   1.0000   1.0000   1.0000
   1.0000   1.0000   1.0000
   1.0000   1.0000   1.0000
   1.0000   1.0000   1.0000
   1.0000   1.0000   1.0000
   1.0000   1.0000   1.0000
   1.0000   1.0000   1.0000
   1.0000   1.0000   1.0000
   1.0000   1.0000   1.0000
   1.0000   1.0000   1.0000
   1.0000   1.0000   1.0000
   1.0000   1.0000   1.0000
   1.0000   1.0000   1.0000
   1.0000   1.0000   1.0000
   1.0000   1.0000   1.0000
   1.0000   1.0000   1.0000
   1.0000   1.0000   1.0000
   1.0000   1.0000   1.0000
   1.0000   1.0000   1.0000
   1.0000   1.0000   1.0000
   1.0000   1.0000   1.0000
   1.0000   1.0000   1.0000
   1.0000   1.0000   1.0000
   1.0000   1.0000   1.0000
   1.0000   1.0000   1.0000
   1.0000   1.0000   1.0000
   1.0000   1.0000   1.0000
   1.0000   1.0000   1.0000

applying weight : 1
applying weight : 1
applying weight : 1
Here are the weights in c++ : 
   1.0000   1.0000   1.0000
   1.0000   1.0000   1.0000
   1.0000   1.0000   1.0000
   1.0000   1.0000   1.0000
   1.0000   1.0000   1.0000
   1.0000   1.0000   1.0000
   1.0000   1.0000   1.0000
   1.0000   1.0000   1.0000
   1.0000   1.0000   1.0000
   1.0000   1.0000   1.0000
   1.0000   1.0000   1.0000
   1.0000   1.0000   1.0000
   1.0000   1.0000   1.0000
   1.0000   1.0000   1.0000
   1.0000   1.0000   1.0000
   1.0000   1.0000   1.0000
   1.0000   1.0000   1.0000
   1.0000   1.0000   1.0000
   1.0000   1.0000   1.0000
   1.0000   1.0000   1.0000
   1.0000   1.0000   1.0000
   1.0000   1.0000   1.0000
   1.0000   1.0000   1.0000
   1.0000   1.0000   1.0000
   1.0000   1.0000   1.0000
   1.0000   1.0000   1.0000
   1.0000   1.0000   1.0000
   1.0000   1.0000   1.0000
   1.0000   1.0000   1.0000
   1.0000   1.0000   1.0000
   1.0000   1.0000   1.0000
   1.0000   1.0000   1.0000
   1.0000   1.0000   1.0000
   1.0000   1.0000   1.0000
   1.0000   1.0000   1.0000
   1.0000   1.0000   1.0000
   1.0000   1.0000   1.0000
   1.0000   1.0000   1.0000
   1.0000   1.0000   1.0000
   1.0000   1.0000   1.0000
   1.0000   1.0000   1.0000
   1.0000   1.0000   1.0000
   1.0000   1.0000   1.0000
   1.0000   1.0000   1.0000
   1.0000   1.0000   1.0000
   1.0000   1.0000   1.0000
   1.0000   1.0000   1.0000
   1.0000   1.0000   1.0000
   1.0000   1.0000   1.0000

applying weight : 1
applying weight : 1
applying weight : 1
Here are the weights in c++ : 
   1.0000   1.0000   1.0000
   1.0000   1.0000   1.0000
   1.0000   1.0000   1.0000
   1.0000   1.0000   1.0000
   1.0000   1.0000   1.0000
   1.0000   1.0000   1.0000
   1.0000   1.0000   1.0000
   1.0000   1.0000   1.0000
   1.0000   1.0000   1.0000
   1.0000   1.0000   1.0000
   1.0000   1.0000   1.0000
   1.0000   1.0000   1.0000
   1.0000   1.0000   1.0000
   1.0000   1.0000   1.0000
   1.0000   1.0000   1.0000
   1.0000   1.0000   1.0000
   1.0000   1.0000   1.0000
   1.0000   1.0000   1.0000
   1.0000   1.0000   1.0000
   1.0000   1.0000   1.0000
   1.0000   1.0000   1.0000
   1.0000   1.0000   1.0000
   1.0000   1.0000   1.0000
   1.0000   1.0000   1.0000
   1.0000   1.0000   1.0000
   1.0000   1.0000   1.0000
   1.0000   1.0000   1.0000
   1.0000   1.0000   1.0000
   1.0000   1.0000   1.0000
   1.0000   1.0000   1.0000
   1.0000   1.0000   1.0000
   1.0000   1.0000   1.0000
   1.0000   1.0000   1.0000
   1.0000   1.0000   1.0000
   1.0000   1.0000   1.0000
   1.0000   1.0000   1.0000
   1.0000   1.0000   1.0000
   1.0000   1.0000   1.0000
   1.0000   1.0000   1.0000
   1.0000   1.0000   1.0000
   1.0000   1.0000   1.0000
   1.0000   1.0000   1.0000
   1.0000   1.0000   1.0000
   1.0000   1.0000   1.0000
   1.0000   1.0000   1.0000
   1.0000   1.0000   1.0000
   1.0000   1.0000   1.0000
   1.0000   1.0000   1.0000
   1.0000   1.0000   1.0000

applying weight : 1
applying weight : 1
applying weight : 1
Here are the weights in c++ : 
   1.0000   1.0000   1.0000
   1.0000   1.0000   1.0000
   1.0000   1.0000   1.0000
   1.0000   1.0000   1.0000
   1.0000   1.0000   1.0000
   1.0000   1.0000   1.0000
   1.0000   1.0000   1.0000
   1.0000   1.0000   1.0000
   1.0000   1.0000   1.0000
   1.0000   1.0000   1.0000
   1.0000   1.0000   1.0000
   1.0000   1.0000   1.0000
   1.0000   1.0000   1.0000
   1.0000   1.0000   1.0000
   1.0000   1.0000   1.0000
   1.0000   1.0000   1.0000
   1.0000   1.0000   1.0000
   1.0000   1.0000   1.0000
   1.0000   1.0000   1.0000
   1.0000   1.0000   1.0000
   1.0000   1.0000   1.0000
   1.0000   1.0000   1.0000
   1.0000   1.0000   1.0000
   1.0000   1.0000   1.0000
   1.0000   1.0000   1.0000
   1.0000   1.0000   1.0000
   1.0000   1.0000   1.0000
   1.0000   1.0000   1.0000
   1.0000   1.0000   1.0000
   1.0000   1.0000   1.0000
   1.0000   1.0000   1.0000
   1.0000   1.0000   1.0000
   1.0000   1.0000   1.0000
   1.0000   1.0000   1.0000
   1.0000   1.0000   1.0000
   1.0000   1.0000   1.0000
   1.0000   1.0000   1.0000
   1.0000   1.0000   1.0000
   1.0000   1.0000   1.0000
   1.0000   1.0000   1.0000
   1.0000   1.0000   1.0000
   1.0000   1.0000   1.0000
   1.0000   1.0000   1.0000
   1.0000   1.0000   1.0000
   1.0000   1.0000   1.0000
   1.0000   1.0000   1.0000
   1.0000   1.0000   1.0000
   1.0000   1.0000   1.0000
   1.0000   1.0000   1.0000

applying weight : 1
applying weight : 1
applying weight : 1
Here are the weights in c++ : 
   1.0000   1.0000   1.0000
   1.0000   1.0000   1.0000
   1.0000   1.0000   1.0000
   1.0000   1.0000   1.0000
   1.0000   1.0000   1.0000
   1.0000   1.0000   1.0000
   1.0000   1.0000   1.0000
   1.0000   1.0000   1.0000
   1.0000   1.0000   1.0000
   1.0000   1.0000   1.0000
   1.0000   1.0000   1.0000
   1.0000   1.0000   1.0000
   1.0000   1.0000   1.0000
   1.0000   1.0000   1.0000
   1.0000   1.0000   1.0000
   1.0000   1.0000   1.0000
   1.0000   1.0000   1.0000
   1.0000   1.0000   1.0000
   1.0000   1.0000   1.0000
   1.0000   1.0000   1.0000
   1.0000   1.0000   1.0000
   1.0000   1.0000   1.0000
   1.0000   1.0000   1.0000
   1.0000   1.0000   1.0000
   1.0000   1.0000   1.0000
   1.0000   1.0000   1.0000
   1.0000   1.0000   1.0000
   1.0000   1.0000   1.0000
   1.0000   1.0000   1.0000
   1.0000   1.0000   1.0000
   1.0000   1.0000   1.0000
   1.0000   1.0000   1.0000
   1.0000   1.0000   1.0000
   1.0000   1.0000   1.0000
   1.0000   1.0000   1.0000
   1.0000   1.0000   1.0000
   1.0000   1.0000   1.0000
   1.0000   1.0000   1.0000
   1.0000   1.0000   1.0000
   1.0000   1.0000   1.0000
   1.0000   1.0000   1.0000
   1.0000   1.0000   1.0000
   1.0000   1.0000   1.0000
   1.0000   1.0000   1.0000
   1.0000   1.0000   1.0000
   1.0000   1.0000   1.0000
   1.0000   1.0000   1.0000
   1.0000   1.0000   1.0000
   1.0000   1.0000   1.0000

applying weight : 1
applying weight : 1
applying weight : 1
Here are the weights in c++ : 
   1.0000   1.0000   1.0000
   1.0000   1.0000   1.0000
   1.0000   1.0000   1.0000
   1.0000   1.0000   1.0000
   1.0000   1.0000   1.0000
   1.0000   1.0000   1.0000
   1.0000   1.0000   1.0000
   1.0000   1.0000   1.0000
   1.0000   1.0000   1.0000
   1.0000   1.0000   1.0000
   1.0000   1.0000   1.0000
   1.0000   1.0000   1.0000
   1.0000   1.0000   1.0000
   1.0000   1.0000   1.0000
   1.0000   1.0000   1.0000
   1.0000   1.0000   1.0000
   1.0000   1.0000   1.0000
   1.0000   1.0000   1.0000
   1.0000   1.0000   1.0000
   1.0000   1.0000   1.0000
   1.0000   1.0000   1.0000
   1.0000   1.0000   1.0000
   1.0000   1.0000   1.0000
   1.0000   1.0000   1.0000
   1.0000   1.0000   1.0000
   1.0000   1.0000   1.0000
   1.0000   1.0000   1.0000
   1.0000   1.0000   1.0000
   1.0000   1.0000   1.0000
   1.0000   1.0000   1.0000
   1.0000   1.0000   1.0000
   1.0000   1.0000   1.0000
   1.0000   1.0000   1.0000
   1.0000   1.0000   1.0000
   1.0000   1.0000   1.0000
   1.0000   1.0000   1.0000
   1.0000   1.0000   1.0000
   1.0000   1.0000   1.0000
   1.0000   1.0000   1.0000
   1.0000   1.0000   1.0000
   1.0000   1.0000   1.0000
   1.0000   1.0000   1.0000
   1.0000   1.0000   1.0000
   1.0000   1.0000   1.0000
   1.0000   1.0000   1.0000
   1.0000   1.0000   1.0000
   1.0000   1.0000   1.0000
   1.0000   1.0000   1.0000
   1.0000   1.0000   1.0000

applying weight : 1
applying weight : 1
applying weight : 1
Here are the weights in c++ : 
   1.0000   1.0000   1.0000
   1.0000   1.0000   1.0000
   1.0000   1.0000   1.0000
   1.0000   1.0000   1.0000
   1.0000   1.0000   1.0000
   1.0000   1.0000   1.0000
   1.0000   1.0000   1.0000
   1.0000   1.0000   1.0000
   1.0000   1.0000   1.0000
   1.0000   1.0000   1.0000
   1.0000   1.0000   1.0000
   1.0000   1.0000   1.0000
   1.0000   1.0000   1.0000
   1.0000   1.0000   1.0000
   1.0000   1.0000   1.0000
   1.0000   1.0000   1.0000
   1.0000   1.0000   1.0000
   1.0000   1.0000   1.0000
   1.0000   1.0000   1.0000
   1.0000   1.0000   1.0000
   1.0000   1.0000   1.0000
   1.0000   1.0000   1.0000
   1.0000   1.0000   1.0000
   1.0000   1.0000   1.0000
   1.0000   1.0000   1.0000
   1.0000   1.0000   1.0000
   1.0000   1.0000   1.0000
   1.0000   1.0000   1.0000
   1.0000   1.0000   1.0000
   1.0000   1.0000   1.0000
   1.0000   1.0000   1.0000
   1.0000   1.0000   1.0000
   1.0000   1.0000   1.0000
   1.0000   1.0000   1.0000
   1.0000   1.0000   1.0000
   1.0000   1.0000   1.0000
   1.0000   1.0000   1.0000
   1.0000   1.0000   1.0000
   1.0000   1.0000   1.0000
   1.0000   1.0000   1.0000
   1.0000   1.0000   1.0000
   1.0000   1.0000   1.0000
   1.0000   1.0000   1.0000
   1.0000   1.0000   1.0000
   1.0000   1.0000   1.0000
   1.0000   1.0000   1.0000
   1.0000   1.0000   1.0000
   1.0000   1.0000   1.0000
   1.0000   1.0000   1.0000

applying weight : 1
applying weight : 1
applying weight : 1
Here are the weights in c++ : 
   1.0000   1.0000   1.0000
   1.0000   1.0000   1.0000
   1.0000   1.0000   1.0000
   1.0000   1.0000   1.0000
   1.0000   1.0000   1.0000
   1.0000   1.0000   1.0000
   1.0000   1.0000   1.0000
   1.0000   1.0000   1.0000
   1.0000   1.0000   1.0000
   1.0000   1.0000   1.0000
   1.0000   1.0000   1.0000
   1.0000   1.0000   1.0000
   1.0000   1.0000   1.0000
   1.0000   1.0000   1.0000
   1.0000   1.0000   1.0000
   1.0000   1.0000   1.0000
   1.0000   1.0000   1.0000
   1.0000   1.0000   1.0000
   1.0000   1.0000   1.0000
   1.0000   1.0000   1.0000
   1.0000   1.0000   1.0000
   1.0000   1.0000   1.0000
   1.0000   1.0000   1.0000
   1.0000   1.0000   1.0000
   1.0000   1.0000   1.0000
   1.0000   1.0000   1.0000
   1.0000   1.0000   1.0000
   1.0000   1.0000   1.0000
   1.0000   1.0000   1.0000
   1.0000   1.0000   1.0000
   1.0000   1.0000   1.0000
   1.0000   1.0000   1.0000
   1.0000   1.0000   1.0000
   1.0000   1.0000   1.0000
   1.0000   1.0000   1.0000
   1.0000   1.0000   1.0000
   1.0000   1.0000   1.0000
   1.0000   1.0000   1.0000
   1.0000   1.0000   1.0000
   1.0000   1.0000   1.0000
   1.0000   1.0000   1.0000
   1.0000   1.0000   1.0000
   1.0000   1.0000   1.0000
   1.0000   1.0000   1.0000
   1.0000   1.0000   1.0000
   1.0000   1.0000   1.0000
   1.0000   1.0000   1.0000
   1.0000   1.0000   1.0000
   1.0000   1.0000   1.0000

applying weight : 1
applying weight : 1
applying weight : 1
Here are the weights in c++ : 
   1.0000   1.0000   1.0000
   1.0000   1.0000   1.0000
   1.0000   1.0000   1.0000
   1.0000   1.0000   1.0000
   1.0000   1.0000   1.0000
   1.0000   1.0000   1.0000
   1.0000   1.0000   1.0000
   1.0000   1.0000   1.0000
   1.0000   1.0000   1.0000
   1.0000   1.0000   1.0000
   1.0000   1.0000   1.0000
   1.0000   1.0000   1.0000
   1.0000   1.0000   1.0000
   1.0000   1.0000   1.0000
   1.0000   1.0000   1.0000
   1.0000   1.0000   1.0000
   1.0000   1.0000   1.0000
   1.0000   1.0000   1.0000
   1.0000   1.0000   1.0000
   1.0000   1.0000   1.0000
   1.0000   1.0000   1.0000
   1.0000   1.0000   1.0000
   1.0000   1.0000   1.0000
   1.0000   1.0000   1.0000
   1.0000   1.0000   1.0000
   1.0000   1.0000   1.0000
   1.0000   1.0000   1.0000
   1.0000   1.0000   1.0000
   1.0000   1.0000   1.0000
   1.0000   1.0000   1.0000
   1.0000   1.0000   1.0000
   1.0000   1.0000   1.0000
   1.0000   1.0000   1.0000
   1.0000   1.0000   1.0000
   1.0000   1.0000   1.0000
   1.0000   1.0000   1.0000
   1.0000   1.0000   1.0000
   1.0000   1.0000   1.0000
   1.0000   1.0000   1.0000
   1.0000   1.0000   1.0000
   1.0000   1.0000   1.0000
   1.0000   1.0000   1.0000
   1.0000   1.0000   1.0000
   1.0000   1.0000   1.0000
   1.0000   1.0000   1.0000
   1.0000   1.0000   1.0000
   1.0000   1.0000   1.0000
   1.0000   1.0000   1.0000
   1.0000   1.0000   1.0000

applying weight : 1
applying weight : 1
applying weight : 1
Here are the weights in c++ : 
   1.0000   1.0000   1.0000
   1.0000   1.0000   1.0000
   1.0000   1.0000   1.0000
   1.0000   1.0000   1.0000
   1.0000   1.0000   1.0000
   1.0000   1.0000   1.0000
   1.0000   1.0000   1.0000
   1.0000   1.0000   1.0000
   1.0000   1.0000   1.0000
   1.0000   1.0000   1.0000
   1.0000   1.0000   1.0000
   1.0000   1.0000   1.0000
   1.0000   1.0000   1.0000
   1.0000   1.0000   1.0000
   1.0000   1.0000   1.0000
   1.0000   1.0000   1.0000
   1.0000   1.0000   1.0000
   1.0000   1.0000   1.0000
   1.0000   1.0000   1.0000
   1.0000   1.0000   1.0000
   1.0000   1.0000   1.0000
   1.0000   1.0000   1.0000
   1.0000   1.0000   1.0000
   1.0000   1.0000   1.0000
   1.0000   1.0000   1.0000
   1.0000   1.0000   1.0000
   1.0000   1.0000   1.0000
   1.0000   1.0000   1.0000
   1.0000   1.0000   1.0000
   1.0000   1.0000   1.0000
   1.0000   1.0000   1.0000
   1.0000   1.0000   1.0000
   1.0000   1.0000   1.0000
   1.0000   1.0000   1.0000
   1.0000   1.0000   1.0000
   1.0000   1.0000   1.0000
   1.0000   1.0000   1.0000
   1.0000   1.0000   1.0000
   1.0000   1.0000   1.0000
   1.0000   1.0000   1.0000
   1.0000   1.0000   1.0000
   1.0000   1.0000   1.0000
   1.0000   1.0000   1.0000
   1.0000   1.0000   1.0000
   1.0000   1.0000   1.0000
   1.0000   1.0000   1.0000
   1.0000   1.0000   1.0000
   1.0000   1.0000   1.0000
   1.0000   1.0000   1.0000

applying weight : 1
applying weight : 1
applying weight : 1
Here are the weights in c++ : 
   1.0000   1.0000   1.0000
   1.0000   1.0000   1.0000
   1.0000   1.0000   1.0000
   1.0000   1.0000   1.0000
   1.0000   1.0000   1.0000
   1.0000   1.0000   1.0000
   1.0000   1.0000   1.0000
   1.0000   1.0000   1.0000
   1.0000   1.0000   1.0000
   1.0000   1.0000   1.0000
   1.0000   1.0000   1.0000
   1.0000   1.0000   1.0000
   1.0000   1.0000   1.0000
   1.0000   1.0000   1.0000
   1.0000   1.0000   1.0000
   1.0000   1.0000   1.0000
   1.0000   1.0000   1.0000
   1.0000   1.0000   1.0000
   1.0000   1.0000   1.0000
   1.0000   1.0000   1.0000
   1.0000   1.0000   1.0000
   1.0000   1.0000   1.0000
   1.0000   1.0000   1.0000
   1.0000   1.0000   1.0000
   1.0000   1.0000   1.0000
   1.0000   1.0000   1.0000
   1.0000   1.0000   1.0000
   1.0000   1.0000   1.0000
   1.0000   1.0000   1.0000
   1.0000   1.0000   1.0000
   1.0000   1.0000   1.0000
   1.0000   1.0000   1.0000
   1.0000   1.0000   1.0000
   1.0000   1.0000   1.0000
   1.0000   1.0000   1.0000
   1.0000   1.0000   1.0000
   1.0000   1.0000   1.0000
   1.0000   1.0000   1.0000
   1.0000   1.0000   1.0000
   1.0000   1.0000   1.0000
   1.0000   1.0000   1.0000
   1.0000   1.0000   1.0000
   1.0000   1.0000   1.0000
   1.0000   1.0000   1.0000
   1.0000   1.0000   1.0000
   1.0000   1.0000   1.0000
   1.0000   1.0000   1.0000
   1.0000   1.0000   1.0000
   1.0000   1.0000   1.0000

applying weight : 1
applying weight : 1
applying weight : 1
Here are the weights in c++ : 
   1.0000   1.0000   1.0000
   1.0000   1.0000   1.0000
   1.0000   1.0000   1.0000
   1.0000   1.0000   1.0000
   1.0000   1.0000   1.0000
   1.0000   1.0000   1.0000
   1.0000   1.0000   1.0000
   1.0000   1.0000   1.0000
   1.0000   1.0000   1.0000
   1.0000   1.0000   1.0000
   1.0000   1.0000   1.0000
   1.0000   1.0000   1.0000
   1.0000   1.0000   1.0000
   1.0000   1.0000   1.0000
   1.0000   1.0000   1.0000
   1.0000   1.0000   1.0000
   1.0000   1.0000   1.0000
   1.0000   1.0000   1.0000
   1.0000   1.0000   1.0000
   1.0000   1.0000   1.0000
   1.0000   1.0000   1.0000
   1.0000   1.0000   1.0000
   1.0000   1.0000   1.0000
   1.0000   1.0000   1.0000
   1.0000   1.0000   1.0000
   1.0000   1.0000   1.0000
   1.0000   1.0000   1.0000
   1.0000   1.0000   1.0000
   1.0000   1.0000   1.0000
   1.0000   1.0000   1.0000
   1.0000   1.0000   1.0000
   1.0000   1.0000   1.0000
   1.0000   1.0000   1.0000
   1.0000   1.0000   1.0000
   1.0000   1.0000   1.0000
   1.0000   1.0000   1.0000
   1.0000   1.0000   1.0000
   1.0000   1.0000   1.0000
   1.0000   1.0000   1.0000
   1.0000   1.0000   1.0000
   1.0000   1.0000   1.0000
   1.0000   1.0000   1.0000
   1.0000   1.0000   1.0000
   1.0000   1.0000   1.0000
   1.0000   1.0000   1.0000
   1.0000   1.0000   1.0000
   1.0000   1.0000   1.0000
   1.0000   1.0000   1.0000
   1.0000   1.0000   1.0000

applying weight : 1
applying weight : 1
applying weight : 1
Here are the weights in c++ : 
   1.0000   1.0000   1.0000
   1.0000   1.0000   1.0000
   1.0000   1.0000   1.0000
   1.0000   1.0000   1.0000
   1.0000   1.0000   1.0000
   1.0000   1.0000   1.0000
   1.0000   1.0000   1.0000
   1.0000   1.0000   1.0000
   1.0000   1.0000   1.0000
   1.0000   1.0000   1.0000
   1.0000   1.0000   1.0000
   1.0000   1.0000   1.0000
   1.0000   1.0000   1.0000
   1.0000   1.0000   1.0000
   1.0000   1.0000   1.0000
   1.0000   1.0000   1.0000
   1.0000   1.0000   1.0000
   1.0000   1.0000   1.0000
   1.0000   1.0000   1.0000
   1.0000   1.0000   1.0000
   1.0000   1.0000   1.0000
   1.0000   1.0000   1.0000
   1.0000   1.0000   1.0000
   1.0000   1.0000   1.0000
   1.0000   1.0000   1.0000
   1.0000   1.0000   1.0000
   1.0000   1.0000   1.0000
   1.0000   1.0000   1.0000
   1.0000   1.0000   1.0000
   1.0000   1.0000   1.0000
   1.0000   1.0000   1.0000
   1.0000   1.0000   1.0000
   1.0000   1.0000   1.0000
   1.0000   1.0000   1.0000
   1.0000   1.0000   1.0000
   1.0000   1.0000   1.0000
   1.0000   1.0000   1.0000
   1.0000   1.0000   1.0000
   1.0000   1.0000   1.0000
   1.0000   1.0000   1.0000
   1.0000   1.0000   1.0000
   1.0000   1.0000   1.0000
   1.0000   1.0000   1.0000
   1.0000   1.0000   1.0000
   1.0000   1.0000   1.0000
   1.0000   1.0000   1.0000
   1.0000   1.0000   1.0000
   1.0000   1.0000   1.0000
   1.0000   1.0000   1.0000

applying weight : 1
applying weight : 1
applying weight : 1
Here are the weights in c++ : 
   1.0000   1.0000   1.0000
   1.0000   1.0000   1.0000
   1.0000   1.0000   1.0000
   1.0000   1.0000   1.0000
   1.0000   1.0000   1.0000
   1.0000   1.0000   1.0000
   1.0000   1.0000   1.0000
   1.0000   1.0000   1.0000
   1.0000   1.0000   1.0000
   1.0000   1.0000   1.0000
   1.0000   1.0000   1.0000
   1.0000   1.0000   1.0000
   1.0000   1.0000   1.0000
   1.0000   1.0000   1.0000
   1.0000   1.0000   1.0000
   1.0000   1.0000   1.0000
   1.0000   1.0000   1.0000
   1.0000   1.0000   1.0000
   1.0000   1.0000   1.0000
   1.0000   1.0000   1.0000
   1.0000   1.0000   1.0000
   1.0000   1.0000   1.0000
   1.0000   1.0000   1.0000
   1.0000   1.0000   1.0000
   1.0000   1.0000   1.0000
   1.0000   1.0000   1.0000
   1.0000   1.0000   1.0000
   1.0000   1.0000   1.0000
   1.0000   1.0000   1.0000
   1.0000   1.0000   1.0000
   1.0000   1.0000   1.0000
   1.0000   1.0000   1.0000
   1.0000   1.0000   1.0000
   1.0000   1.0000   1.0000
   1.0000   1.0000   1.0000
   1.0000   1.0000   1.0000
   1.0000   1.0000   1.0000
   1.0000   1.0000   1.0000
   1.0000   1.0000   1.0000
   1.0000   1.0000   1.0000
   1.0000   1.0000   1.0000
   1.0000   1.0000   1.0000
   1.0000   1.0000   1.0000
   1.0000   1.0000   1.0000
   1.0000   1.0000   1.0000
   1.0000   1.0000   1.0000
   1.0000   1.0000   1.0000
   1.0000   1.0000   1.0000
   1.0000   1.0000   1.0000

applying weight : 1
applying weight : 1
applying weight : 1
Here are the weights in c++ : 
   1.0000   1.0000   1.0000
   1.0000   1.0000   1.0000
   1.0000   1.0000   1.0000
   1.0000   1.0000   1.0000
   1.0000   1.0000   1.0000
   1.0000   1.0000   1.0000
   1.0000   1.0000   1.0000
   1.0000   1.0000   1.0000
   1.0000   1.0000   1.0000
   1.0000   1.0000   1.0000
   1.0000   1.0000   1.0000
   1.0000   1.0000   1.0000
   1.0000   1.0000   1.0000
   1.0000   1.0000   1.0000
   1.0000   1.0000   1.0000
   1.0000   1.0000   1.0000
   1.0000   1.0000   1.0000
   1.0000   1.0000   1.0000
   1.0000   1.0000   1.0000
   1.0000   1.0000   1.0000
   1.0000   1.0000   1.0000
   1.0000   1.0000   1.0000
   1.0000   1.0000   1.0000
   1.0000   1.0000   1.0000
   1.0000   1.0000   1.0000
   1.0000   1.0000   1.0000
   1.0000   1.0000   1.0000
   1.0000   1.0000   1.0000
   1.0000   1.0000   1.0000
   1.0000   1.0000   1.0000
   1.0000   1.0000   1.0000
   1.0000   1.0000   1.0000
   1.0000   1.0000   1.0000
   1.0000   1.0000   1.0000
   1.0000   1.0000   1.0000
   1.0000   1.0000   1.0000
   1.0000   1.0000   1.0000
   1.0000   1.0000   1.0000
   1.0000   1.0000   1.0000
   1.0000   1.0000   1.0000
   1.0000   1.0000   1.0000
   1.0000   1.0000   1.0000
   1.0000   1.0000   1.0000
   1.0000   1.0000   1.0000
   1.0000   1.0000   1.0000
   1.0000   1.0000   1.0000
   1.0000   1.0000   1.0000
   1.0000   1.0000   1.0000
   1.0000   1.0000   1.0000

applying weight : 1
applying weight : 1
applying weight : 1
Here are the weights in c++ : 
   1.0000   1.0000   1.0000
   1.0000   1.0000   1.0000
   1.0000   1.0000   1.0000
   1.0000   1.0000   1.0000
   1.0000   1.0000   1.0000
   1.0000   1.0000   1.0000
   1.0000   1.0000   1.0000
   1.0000   1.0000   1.0000
   1.0000   1.0000   1.0000
   1.0000   1.0000   1.0000
   1.0000   1.0000   1.0000
   1.0000   1.0000   1.0000
   1.0000   1.0000   1.0000
   1.0000   1.0000   1.0000
   1.0000   1.0000   1.0000
   1.0000   1.0000   1.0000
   1.0000   1.0000   1.0000
   1.0000   1.0000   1.0000
   1.0000   1.0000   1.0000
   1.0000   1.0000   1.0000
   1.0000   1.0000   1.0000
   1.0000   1.0000   1.0000
   1.0000   1.0000   1.0000
   1.0000   1.0000   1.0000
   1.0000   1.0000   1.0000
   1.0000   1.0000   1.0000
   1.0000   1.0000   1.0000
   1.0000   1.0000   1.0000
   1.0000   1.0000   1.0000
   1.0000   1.0000   1.0000
   1.0000   1.0000   1.0000
   1.0000   1.0000   1.0000
   1.0000   1.0000   1.0000
   1.0000   1.0000   1.0000
   1.0000   1.0000   1.0000
   1.0000   1.0000   1.0000
   1.0000   1.0000   1.0000
   1.0000   1.0000   1.0000
   1.0000   1.0000   1.0000
   1.0000   1.0000   1.0000
   1.0000   1.0000   1.0000
   1.0000   1.0000   1.0000
   1.0000   1.0000   1.0000
   1.0000   1.0000   1.0000
   1.0000   1.0000   1.0000
   1.0000   1.0000   1.0000
   1.0000   1.0000   1.0000
   1.0000   1.0000   1.0000
   1.0000   1.0000   1.0000

applying weight : 1
applying weight : 1
applying weight : 1
Here are the weights in c++ : 
   1.0000   1.0000   1.0000
   1.0000   1.0000   1.0000
   1.0000   1.0000   1.0000
   1.0000   1.0000   1.0000
   1.0000   1.0000   1.0000
   1.0000   1.0000   1.0000
   1.0000   1.0000   1.0000
   1.0000   1.0000   1.0000
   1.0000   1.0000   1.0000
   1.0000   1.0000   1.0000
   1.0000   1.0000   1.0000
   1.0000   1.0000   1.0000
   1.0000   1.0000   1.0000
   1.0000   1.0000   1.0000
   1.0000   1.0000   1.0000
   1.0000   1.0000   1.0000
   1.0000   1.0000   1.0000
   1.0000   1.0000   1.0000
   1.0000   1.0000   1.0000
   1.0000   1.0000   1.0000
   1.0000   1.0000   1.0000
   1.0000   1.0000   1.0000
   1.0000   1.0000   1.0000
   1.0000   1.0000   1.0000
   1.0000   1.0000   1.0000
   1.0000   1.0000   1.0000
   1.0000   1.0000   1.0000
   1.0000   1.0000   1.0000
   1.0000   1.0000   1.0000
   1.0000   1.0000   1.0000
   1.0000   1.0000   1.0000
   1.0000   1.0000   1.0000
   1.0000   1.0000   1.0000
   1.0000   1.0000   1.0000
   1.0000   1.0000   1.0000
   1.0000   1.0000   1.0000
   1.0000   1.0000   1.0000
   1.0000   1.0000   1.0000
   1.0000   1.0000   1.0000
   1.0000   1.0000   1.0000
   1.0000   1.0000   1.0000
   1.0000   1.0000   1.0000
   1.0000   1.0000   1.0000
   1.0000   1.0000   1.0000
   1.0000   1.0000   1.0000
   1.0000   1.0000   1.0000
   1.0000   1.0000   1.0000
   1.0000   1.0000   1.0000
   1.0000   1.0000   1.0000

applying weight : 1
applying weight : 1
applying weight : 1
Here are the weights in c++ : 
   1.0000   1.0000   1.0000
   1.0000   1.0000   1.0000
   1.0000   1.0000   1.0000
   1.0000   1.0000   1.0000
   1.0000   1.0000   1.0000
   1.0000   1.0000   1.0000
   1.0000   1.0000   1.0000
   1.0000   1.0000   1.0000
   1.0000   1.0000   1.0000
   1.0000   1.0000   1.0000
   1.0000   1.0000   1.0000
   1.0000   1.0000   1.0000
   1.0000   1.0000   1.0000
   1.0000   1.0000   1.0000
   1.0000   1.0000   1.0000
   1.0000   1.0000   1.0000
   1.0000   1.0000   1.0000
   1.0000   1.0000   1.0000
   1.0000   1.0000   1.0000
   1.0000   1.0000   1.0000
   1.0000   1.0000   1.0000
   1.0000   1.0000   1.0000
   1.0000   1.0000   1.0000
   1.0000   1.0000   1.0000
   1.0000   1.0000   1.0000
   1.0000   1.0000   1.0000
   1.0000   1.0000   1.0000
   1.0000   1.0000   1.0000
   1.0000   1.0000   1.0000
   1.0000   1.0000   1.0000
   1.0000   1.0000   1.0000
   1.0000   1.0000   1.0000
   1.0000   1.0000   1.0000
   1.0000   1.0000   1.0000
   1.0000   1.0000   1.0000
   1.0000   1.0000   1.0000
   1.0000   1.0000   1.0000
   1.0000   1.0000   1.0000
   1.0000   1.0000   1.0000
   1.0000   1.0000   1.0000
   1.0000   1.0000   1.0000
   1.0000   1.0000   1.0000
   1.0000   1.0000   1.0000
   1.0000   1.0000   1.0000
   1.0000   1.0000   1.0000
   1.0000   1.0000   1.0000
   1.0000   1.0000   1.0000
   1.0000   1.0000   1.0000
   1.0000   1.0000   1.0000

applying weight : 1
applying weight : 1
applying weight : 1
Here are the weights in c++ : 
   1.0000   1.0000   1.0000
   1.0000   1.0000   1.0000
   1.0000   1.0000   1.0000
   1.0000   1.0000   1.0000
   1.0000   1.0000   1.0000
   1.0000   1.0000   1.0000
   1.0000   1.0000   1.0000
   1.0000   1.0000   1.0000
   1.0000   1.0000   1.0000
   1.0000   1.0000   1.0000
   1.0000   1.0000   1.0000
   1.0000   1.0000   1.0000
   1.0000   1.0000   1.0000
   1.0000   1.0000   1.0000
   1.0000   1.0000   1.0000
   1.0000   1.0000   1.0000
   1.0000   1.0000   1.0000
   1.0000   1.0000   1.0000
   1.0000   1.0000   1.0000
   1.0000   1.0000   1.0000
   1.0000   1.0000   1.0000
   1.0000   1.0000   1.0000
   1.0000   1.0000   1.0000
   1.0000   1.0000   1.0000
   1.0000   1.0000   1.0000
   1.0000   1.0000   1.0000
   1.0000   1.0000   1.0000
   1.0000   1.0000   1.0000
   1.0000   1.0000   1.0000
   1.0000   1.0000   1.0000
   1.0000   1.0000   1.0000
   1.0000   1.0000   1.0000
   1.0000   1.0000   1.0000
   1.0000   1.0000   1.0000
   1.0000   1.0000   1.0000
   1.0000   1.0000   1.0000
   1.0000   1.0000   1.0000
   1.0000   1.0000   1.0000
   1.0000   1.0000   1.0000
   1.0000   1.0000   1.0000
   1.0000   1.0000   1.0000
   1.0000   1.0000   1.0000
   1.0000   1.0000   1.0000
   1.0000   1.0000   1.0000
   1.0000   1.0000   1.0000
   1.0000   1.0000   1.0000
   1.0000   1.0000   1.0000
   1.0000   1.0000   1.0000
   1.0000   1.0000   1.0000

applying weight : 1
applying weight : 1
applying weight : 1
Here are the weights in c++ : 
   1.0000   1.0000   1.0000
   1.0000   1.0000   1.0000
   1.0000   1.0000   1.0000
   1.0000   1.0000   1.0000
   1.0000   1.0000   1.0000
   1.0000   1.0000   1.0000
   1.0000   1.0000   1.0000
   1.0000   1.0000   1.0000
   1.0000   1.0000   1.0000
   1.0000   1.0000   1.0000
   1.0000   1.0000   1.0000
   1.0000   1.0000   1.0000
   1.0000   1.0000   1.0000
   1.0000   1.0000   1.0000
   1.0000   1.0000   1.0000
   1.0000   1.0000   1.0000
   1.0000   1.0000   1.0000
   1.0000   1.0000   1.0000
   1.0000   1.0000   1.0000
   1.0000   1.0000   1.0000
   1.0000   1.0000   1.0000
   1.0000   1.0000   1.0000
   1.0000   1.0000   1.0000
   1.0000   1.0000   1.0000
   1.0000   1.0000   1.0000
   1.0000   1.0000   1.0000
   1.0000   1.0000   1.0000
   1.0000   1.0000   1.0000
   1.0000   1.0000   1.0000
   1.0000   1.0000   1.0000
   1.0000   1.0000   1.0000
   1.0000   1.0000   1.0000
   1.0000   1.0000   1.0000
   1.0000   1.0000   1.0000
   1.0000   1.0000   1.0000
   1.0000   1.0000   1.0000
   1.0000   1.0000   1.0000
   1.0000   1.0000   1.0000
   1.0000   1.0000   1.0000
   1.0000   1.0000   1.0000
   1.0000   1.0000   1.0000
   1.0000   1.0000   1.0000
   1.0000   1.0000   1.0000
   1.0000   1.0000   1.0000
   1.0000   1.0000   1.0000
   1.0000   1.0000   1.0000
   1.0000   1.0000   1.0000
   1.0000   1.0000   1.0000
   1.0000   1.0000   1.0000

applying weight : 1
applying weight : 1
applying weight : 1
Here are the weights in c++ : 
   1.0000   1.0000   1.0000
   1.0000   1.0000   1.0000
   1.0000   1.0000   1.0000
   1.0000   1.0000   1.0000
   1.0000   1.0000   1.0000
   1.0000   1.0000   1.0000
   1.0000   1.0000   1.0000
   1.0000   1.0000   1.0000
   1.0000   1.0000   1.0000
   1.0000   1.0000   1.0000
   1.0000   1.0000   1.0000
   1.0000   1.0000   1.0000
   1.0000   1.0000   1.0000
   1.0000   1.0000   1.0000
   1.0000   1.0000   1.0000
   1.0000   1.0000   1.0000
   1.0000   1.0000   1.0000
   1.0000   1.0000   1.0000
   1.0000   1.0000   1.0000
   1.0000   1.0000   1.0000
   1.0000   1.0000   1.0000
   1.0000   1.0000   1.0000
   1.0000   1.0000   1.0000
   1.0000   1.0000   1.0000
   1.0000   1.0000   1.0000
   1.0000   1.0000   1.0000
   1.0000   1.0000   1.0000
   1.0000   1.0000   1.0000
   1.0000   1.0000   1.0000
   1.0000   1.0000   1.0000
   1.0000   1.0000   1.0000
   1.0000   1.0000   1.0000
   1.0000   1.0000   1.0000
   1.0000   1.0000   1.0000
   1.0000   1.0000   1.0000
   1.0000   1.0000   1.0000
   1.0000   1.0000   1.0000
   1.0000   1.0000   1.0000
   1.0000   1.0000   1.0000
   1.0000   1.0000   1.0000
   1.0000   1.0000   1.0000
   1.0000   1.0000   1.0000
   1.0000   1.0000   1.0000
   1.0000   1.0000   1.0000
   1.0000   1.0000   1.0000
   1.0000   1.0000   1.0000
   1.0000   1.0000   1.0000
   1.0000   1.0000   1.0000
   1.0000   1.0000   1.0000

applying weight : 1
applying weight : 1
applying weight : 1
Here are the weights in c++ : 
   1.0000   1.0000   1.0000
   1.0000   1.0000   1.0000
   1.0000   1.0000   1.0000
   1.0000   1.0000   1.0000
   1.0000   1.0000   1.0000
   1.0000   1.0000   1.0000
   1.0000   1.0000   1.0000
   1.0000   1.0000   1.0000
   1.0000   1.0000   1.0000
   1.0000   1.0000   1.0000
   1.0000   1.0000   1.0000
   1.0000   1.0000   1.0000
   1.0000   1.0000   1.0000
   1.0000   1.0000   1.0000
   1.0000   1.0000   1.0000
   1.0000   1.0000   1.0000
   1.0000   1.0000   1.0000
   1.0000   1.0000   1.0000
   1.0000   1.0000   1.0000
   1.0000   1.0000   1.0000
   1.0000   1.0000   1.0000
   1.0000   1.0000   1.0000
   1.0000   1.0000   1.0000
   1.0000   1.0000   1.0000
   1.0000   1.0000   1.0000
   1.0000   1.0000   1.0000
   1.0000   1.0000   1.0000
   1.0000   1.0000   1.0000
   1.0000   1.0000   1.0000
   1.0000   1.0000   1.0000
   1.0000   1.0000   1.0000
   1.0000   1.0000   1.0000
   1.0000   1.0000   1.0000
   1.0000   1.0000   1.0000
   1.0000   1.0000   1.0000
   1.0000   1.0000   1.0000
   1.0000   1.0000   1.0000
   1.0000   1.0000   1.0000
   1.0000   1.0000   1.0000
   1.0000   1.0000   1.0000
   1.0000   1.0000   1.0000
   1.0000   1.0000   1.0000
   1.0000   1.0000   1.0000
   1.0000   1.0000   1.0000
   1.0000   1.0000   1.0000
   1.0000   1.0000   1.0000
   1.0000   1.0000   1.0000
   1.0000   1.0000   1.0000
   1.0000   1.0000   1.0000

applying weight : 1
applying weight : 1
applying weight : 1
Here are the weights in c++ : 
   1.0000   1.0000   1.0000
   1.0000   1.0000   1.0000
   1.0000   1.0000   1.0000
   1.0000   1.0000   1.0000
   1.0000   1.0000   1.0000
   1.0000   1.0000   1.0000
   1.0000   1.0000   1.0000
   1.0000   1.0000   1.0000
   1.0000   1.0000   1.0000
   1.0000   1.0000   1.0000
   1.0000   1.0000   1.0000
   1.0000   1.0000   1.0000
   1.0000   1.0000   1.0000
   1.0000   1.0000   1.0000
   1.0000   1.0000   1.0000
   1.0000   1.0000   1.0000
   1.0000   1.0000   1.0000
   1.0000   1.0000   1.0000
   1.0000   1.0000   1.0000
   1.0000   1.0000   1.0000
   1.0000   1.0000   1.0000
   1.0000   1.0000   1.0000
   1.0000   1.0000   1.0000
   1.0000   1.0000   1.0000
   1.0000   1.0000   1.0000
   1.0000   1.0000   1.0000
   1.0000   1.0000   1.0000
   1.0000   1.0000   1.0000
   1.0000   1.0000   1.0000
   1.0000   1.0000   1.0000
   1.0000   1.0000   1.0000
   1.0000   1.0000   1.0000
   1.0000   1.0000   1.0000
   1.0000   1.0000   1.0000
   1.0000   1.0000   1.0000
   1.0000   1.0000   1.0000
   1.0000   1.0000   1.0000
   1.0000   1.0000   1.0000
   1.0000   1.0000   1.0000
   1.0000   1.0000   1.0000
   1.0000   1.0000   1.0000
   1.0000   1.0000   1.0000
   1.0000   1.0000   1.0000
   1.0000   1.0000   1.0000
   1.0000   1.0000   1.0000
   1.0000   1.0000   1.0000
   1.0000   1.0000   1.0000
   1.0000   1.0000   1.0000
   1.0000   1.0000   1.0000

applying weight : 1
applying weight : 1
applying weight : 1
Here are the weights in c++ : 
   1.0000   1.0000   1.0000
   1.0000   1.0000   1.0000
   1.0000   1.0000   1.0000
   1.0000   1.0000   1.0000
   1.0000   1.0000   1.0000
   1.0000   1.0000   1.0000
   1.0000   1.0000   1.0000
   1.0000   1.0000   1.0000
   1.0000   1.0000   1.0000
   1.0000   1.0000   1.0000
   1.0000   1.0000   1.0000
   1.0000   1.0000   1.0000
   1.0000   1.0000   1.0000
   1.0000   1.0000   1.0000
   1.0000   1.0000   1.0000
   1.0000   1.0000   1.0000
   1.0000   1.0000   1.0000
   1.0000   1.0000   1.0000
   1.0000   1.0000   1.0000
   1.0000   1.0000   1.0000
   1.0000   1.0000   1.0000
   1.0000   1.0000   1.0000
   1.0000   1.0000   1.0000
   1.0000   1.0000   1.0000
   1.0000   1.0000   1.0000
   1.0000   1.0000   1.0000
   1.0000   1.0000   1.0000
   1.0000   1.0000   1.0000
   1.0000   1.0000   1.0000
   1.0000   1.0000   1.0000
   1.0000   1.0000   1.0000
   1.0000   1.0000   1.0000
   1.0000   1.0000   1.0000
   1.0000   1.0000   1.0000
   1.0000   1.0000   1.0000
   1.0000   1.0000   1.0000
   1.0000   1.0000   1.0000
   1.0000   1.0000   1.0000
   1.0000   1.0000   1.0000
   1.0000   1.0000   1.0000
   1.0000   1.0000   1.0000
   1.0000   1.0000   1.0000
   1.0000   1.0000   1.0000
   1.0000   1.0000   1.0000
   1.0000   1.0000   1.0000
   1.0000   1.0000   1.0000
   1.0000   1.0000   1.0000
   1.0000   1.0000   1.0000
   1.0000   1.0000   1.0000

applying weight : 1
applying weight : 1
applying weight : 1
Here are the weights in c++ : 
   1.0000   1.0000   1.0000
   1.0000   1.0000   1.0000
   1.0000   1.0000   1.0000
   1.0000   1.0000   1.0000
   1.0000   1.0000   1.0000
   1.0000   1.0000   1.0000
   1.0000   1.0000   1.0000
   1.0000   1.0000   1.0000
   1.0000   1.0000   1.0000
   1.0000   1.0000   1.0000
   1.0000   1.0000   1.0000
   1.0000   1.0000   1.0000
   1.0000   1.0000   1.0000
   1.0000   1.0000   1.0000
   1.0000   1.0000   1.0000
   1.0000   1.0000   1.0000
   1.0000   1.0000   1.0000
   1.0000   1.0000   1.0000
   1.0000   1.0000   1.0000
   1.0000   1.0000   1.0000
   1.0000   1.0000   1.0000
   1.0000   1.0000   1.0000
   1.0000   1.0000   1.0000
   1.0000   1.0000   1.0000
   1.0000   1.0000   1.0000
   1.0000   1.0000   1.0000
   1.0000   1.0000   1.0000
   1.0000   1.0000   1.0000
   1.0000   1.0000   1.0000
   1.0000   1.0000   1.0000
   1.0000   1.0000   1.0000
   1.0000   1.0000   1.0000
   1.0000   1.0000   1.0000
   1.0000   1.0000   1.0000
   1.0000   1.0000   1.0000
   1.0000   1.0000   1.0000
   1.0000   1.0000   1.0000
   1.0000   1.0000   1.0000
   1.0000   1.0000   1.0000
   1.0000   1.0000   1.0000
   1.0000   1.0000   1.0000
   1.0000   1.0000   1.0000
   1.0000   1.0000   1.0000
   1.0000   1.0000   1.0000
   1.0000   1.0000   1.0000
   1.0000   1.0000   1.0000
   1.0000   1.0000   1.0000
   1.0000   1.0000   1.0000
   1.0000   1.0000   1.0000

applying weight : 1
applying weight : 1
applying weight : 1
Here are the weights in c++ : 
   1.0000   1.0000   1.0000
   1.0000   1.0000   1.0000
   1.0000   1.0000   1.0000
   1.0000   1.0000   1.0000
   1.0000   1.0000   1.0000
   1.0000   1.0000   1.0000
   1.0000   1.0000   1.0000
   1.0000   1.0000   1.0000
   1.0000   1.0000   1.0000
   1.0000   1.0000   1.0000
   1.0000   1.0000   1.0000
   1.0000   1.0000   1.0000
   1.0000   1.0000   1.0000
   1.0000   1.0000   1.0000
   1.0000   1.0000   1.0000
   1.0000   1.0000   1.0000
   1.0000   1.0000   1.0000
   1.0000   1.0000   1.0000
   1.0000   1.0000   1.0000
   1.0000   1.0000   1.0000
   1.0000   1.0000   1.0000
   1.0000   1.0000   1.0000
   1.0000   1.0000   1.0000
   1.0000   1.0000   1.0000
   1.0000   1.0000   1.0000
   1.0000   1.0000   1.0000
   1.0000   1.0000   1.0000
   1.0000   1.0000   1.0000
   1.0000   1.0000   1.0000
   1.0000   1.0000   1.0000
   1.0000   1.0000   1.0000
   1.0000   1.0000   1.0000
   1.0000   1.0000   1.0000
   1.0000   1.0000   1.0000
   1.0000   1.0000   1.0000
   1.0000   1.0000   1.0000
   1.0000   1.0000   1.0000
   1.0000   1.0000   1.0000
   1.0000   1.0000   1.0000
   1.0000   1.0000   1.0000
   1.0000   1.0000   1.0000
   1.0000   1.0000   1.0000
   1.0000   1.0000   1.0000
   1.0000   1.0000   1.0000
   1.0000   1.0000   1.0000
   1.0000   1.0000   1.0000
   1.0000   1.0000   1.0000
   1.0000   1.0000   1.0000
   1.0000   1.0000   1.0000

applying weight : 1
applying weight : 1
applying weight : 1
Here are the weights in c++ : 
   1.0000   1.0000   1.0000
   1.0000   1.0000   1.0000
   1.0000   1.0000   1.0000
   1.0000   1.0000   1.0000
   1.0000   1.0000   1.0000
   1.0000   1.0000   1.0000
   1.0000   1.0000   1.0000
   1.0000   1.0000   1.0000
   1.0000   1.0000   1.0000
   1.0000   1.0000   1.0000
   1.0000   1.0000   1.0000
   1.0000   1.0000   1.0000
   1.0000   1.0000   1.0000
   1.0000   1.0000   1.0000
   1.0000   1.0000   1.0000
   1.0000   1.0000   1.0000
   1.0000   1.0000   1.0000
   1.0000   1.0000   1.0000
   1.0000   1.0000   1.0000
   1.0000   1.0000   1.0000
   1.0000   1.0000   1.0000
   1.0000   1.0000   1.0000
   1.0000   1.0000   1.0000
   1.0000   1.0000   1.0000
   1.0000   1.0000   1.0000
   1.0000   1.0000   1.0000
   1.0000   1.0000   1.0000
   1.0000   1.0000   1.0000
   1.0000   1.0000   1.0000
   1.0000   1.0000   1.0000
   1.0000   1.0000   1.0000
   1.0000   1.0000   1.0000
   1.0000   1.0000   1.0000
   1.0000   1.0000   1.0000
   1.0000   1.0000   1.0000
   1.0000   1.0000   1.0000
   1.0000   1.0000   1.0000
   1.0000   1.0000   1.0000
   1.0000   1.0000   1.0000
   1.0000   1.0000   1.0000
   1.0000   1.0000   1.0000
   1.0000   1.0000   1.0000
   1.0000   1.0000   1.0000
   1.0000   1.0000   1.0000
   1.0000   1.0000   1.0000
   1.0000   1.0000   1.0000
   1.0000   1.0000   1.0000
   1.0000   1.0000   1.0000
   1.0000   1.0000   1.0000

applying weight : 1
applying weight : 1
applying weight : 1
Here are the weights in c++ : 
   1.0000   1.0000   1.0000
   1.0000   1.0000   1.0000
   1.0000   1.0000   1.0000
   1.0000   1.0000   1.0000
   1.0000   1.0000   1.0000
   1.0000   1.0000   1.0000
   1.0000   1.0000   1.0000
   1.0000   1.0000   1.0000
   1.0000   1.0000   1.0000
   1.0000   1.0000   1.0000
   1.0000   1.0000   1.0000
   1.0000   1.0000   1.0000
   1.0000   1.0000   1.0000
   1.0000   1.0000   1.0000
   1.0000   1.0000   1.0000
   1.0000   1.0000   1.0000
   1.0000   1.0000   1.0000
   1.0000   1.0000   1.0000
   1.0000   1.0000   1.0000
   1.0000   1.0000   1.0000
   1.0000   1.0000   1.0000
   1.0000   1.0000   1.0000
   1.0000   1.0000   1.0000
   1.0000   1.0000   1.0000
   1.0000   1.0000   1.0000
   1.0000   1.0000   1.0000
   1.0000   1.0000   1.0000
   1.0000   1.0000   1.0000
   1.0000   1.0000   1.0000
   1.0000   1.0000   1.0000
   1.0000   1.0000   1.0000
   1.0000   1.0000   1.0000
   1.0000   1.0000   1.0000
   1.0000   1.0000   1.0000
   1.0000   1.0000   1.0000
   1.0000   1.0000   1.0000
   1.0000   1.0000   1.0000
   1.0000   1.0000   1.0000
   1.0000   1.0000   1.0000
   1.0000   1.0000   1.0000
   1.0000   1.0000   1.0000
   1.0000   1.0000   1.0000
   1.0000   1.0000   1.0000
   1.0000   1.0000   1.0000
   1.0000   1.0000   1.0000
   1.0000   1.0000   1.0000
   1.0000   1.0000   1.0000
   1.0000   1.0000   1.0000
   1.0000   1.0000   1.0000

applying weight : 1
applying weight : 1
applying weight : 1
Here are the weights in c++ : 
   1.0000   1.0000   1.0000
   1.0000   1.0000   1.0000
   1.0000   1.0000   1.0000
   1.0000   1.0000   1.0000
   1.0000   1.0000   1.0000
   1.0000   1.0000   1.0000
   1.0000   1.0000   1.0000
   1.0000   1.0000   1.0000
   1.0000   1.0000   1.0000
   1.0000   1.0000   1.0000
   1.0000   1.0000   1.0000
   1.0000   1.0000   1.0000
   1.0000   1.0000   1.0000
   1.0000   1.0000   1.0000
   1.0000   1.0000   1.0000
   1.0000   1.0000   1.0000
   1.0000   1.0000   1.0000
   1.0000   1.0000   1.0000
   1.0000   1.0000   1.0000
   1.0000   1.0000   1.0000
   1.0000   1.0000   1.0000
   1.0000   1.0000   1.0000
   1.0000   1.0000   1.0000
   1.0000   1.0000   1.0000
   1.0000   1.0000   1.0000
   1.0000   1.0000   1.0000
   1.0000   1.0000   1.0000
   1.0000   1.0000   1.0000
   1.0000   1.0000   1.0000
   1.0000   1.0000   1.0000
   1.0000   1.0000   1.0000
   1.0000   1.0000   1.0000
   1.0000   1.0000   1.0000
   1.0000   1.0000   1.0000
   1.0000   1.0000   1.0000
   1.0000   1.0000   1.0000
   1.0000   1.0000   1.0000
   1.0000   1.0000   1.0000
   1.0000   1.0000   1.0000
   1.0000   1.0000   1.0000
   1.0000   1.0000   1.0000
   1.0000   1.0000   1.0000
   1.0000   1.0000   1.0000
   1.0000   1.0000   1.0000
   1.0000   1.0000   1.0000
   1.0000   1.0000   1.0000
   1.0000   1.0000   1.0000
   1.0000   1.0000   1.0000
   1.0000   1.0000   1.0000

applying weight : 1
applying weight : 1
applying weight : 1
Here are the weights in c++ : 
   1.0000   1.0000   1.0000
   1.0000   1.0000   1.0000
   1.0000   1.0000   1.0000
   1.0000   1.0000   1.0000
   1.0000   1.0000   1.0000
   1.0000   1.0000   1.0000
   1.0000   1.0000   1.0000
   1.0000   1.0000   1.0000
   1.0000   1.0000   1.0000
   1.0000   1.0000   1.0000
   1.0000   1.0000   1.0000
   1.0000   1.0000   1.0000
   1.0000   1.0000   1.0000
   1.0000   1.0000   1.0000
   1.0000   1.0000   1.0000
   1.0000   1.0000   1.0000
   1.0000   1.0000   1.0000
   1.0000   1.0000   1.0000
   1.0000   1.0000   1.0000
   1.0000   1.0000   1.0000
   1.0000   1.0000   1.0000
   1.0000   1.0000   1.0000
   1.0000   1.0000   1.0000
   1.0000   1.0000   1.0000
   1.0000   1.0000   1.0000
   1.0000   1.0000   1.0000
   1.0000   1.0000   1.0000
   1.0000   1.0000   1.0000
   1.0000   1.0000   1.0000
   1.0000   1.0000   1.0000
   1.0000   1.0000   1.0000
   1.0000   1.0000   1.0000
   1.0000   1.0000   1.0000
   1.0000   1.0000   1.0000
   1.0000   1.0000   1.0000
   1.0000   1.0000   1.0000
   1.0000   1.0000   1.0000
   1.0000   1.0000   1.0000
   1.0000   1.0000   1.0000
   1.0000   1.0000   1.0000
   1.0000   1.0000   1.0000
   1.0000   1.0000   1.0000
   1.0000   1.0000   1.0000
   1.0000   1.0000   1.0000
   1.0000   1.0000   1.0000
   1.0000   1.0000   1.0000
   1.0000   1.0000   1.0000
   1.0000   1.0000   1.0000
   1.0000   1.0000   1.0000

applying weight : 1
applying weight : 1
applying weight : 1
Here are the weights in c++ : 
   1.0000   1.0000   1.0000
   1.0000   1.0000   1.0000
   1.0000   1.0000   1.0000
   1.0000   1.0000   1.0000
   1.0000   1.0000   1.0000
   1.0000   1.0000   1.0000
   1.0000   1.0000   1.0000
   1.0000   1.0000   1.0000
   1.0000   1.0000   1.0000
   1.0000   1.0000   1.0000
   1.0000   1.0000   1.0000
   1.0000   1.0000   1.0000
   1.0000   1.0000   1.0000
   1.0000   1.0000   1.0000
   1.0000   1.0000   1.0000
   1.0000   1.0000   1.0000
   1.0000   1.0000   1.0000
   1.0000   1.0000   1.0000
   1.0000   1.0000   1.0000
   1.0000   1.0000   1.0000
   1.0000   1.0000   1.0000
   1.0000   1.0000   1.0000
   1.0000   1.0000   1.0000
   1.0000   1.0000   1.0000
   1.0000   1.0000   1.0000
   1.0000   1.0000   1.0000
   1.0000   1.0000   1.0000
   1.0000   1.0000   1.0000
   1.0000   1.0000   1.0000
   1.0000   1.0000   1.0000
   1.0000   1.0000   1.0000
   1.0000   1.0000   1.0000
   1.0000   1.0000   1.0000
   1.0000   1.0000   1.0000
   1.0000   1.0000   1.0000
   1.0000   1.0000   1.0000
   1.0000   1.0000   1.0000
   1.0000   1.0000   1.0000
   1.0000   1.0000   1.0000
   1.0000   1.0000   1.0000
   1.0000   1.0000   1.0000
   1.0000   1.0000   1.0000
   1.0000   1.0000   1.0000
   1.0000   1.0000   1.0000
   1.0000   1.0000   1.0000
   1.0000   1.0000   1.0000
   1.0000   1.0000   1.0000
   1.0000   1.0000   1.0000
   1.0000   1.0000   1.0000

applying weight : 1
applying weight : 1
applying weight : 1
Here are the weights in c++ : 
   1.0000   1.0000   1.0000
   1.0000   1.0000   1.0000
   1.0000   1.0000   1.0000
   1.0000   1.0000   1.0000
   1.0000   1.0000   1.0000
   1.0000   1.0000   1.0000
   1.0000   1.0000   1.0000
   1.0000   1.0000   1.0000
   1.0000   1.0000   1.0000
   1.0000   1.0000   1.0000
   1.0000   1.0000   1.0000
   1.0000   1.0000   1.0000
   1.0000   1.0000   1.0000
   1.0000   1.0000   1.0000
   1.0000   1.0000   1.0000
   1.0000   1.0000   1.0000
   1.0000   1.0000   1.0000
   1.0000   1.0000   1.0000
   1.0000   1.0000   1.0000
   1.0000   1.0000   1.0000
   1.0000   1.0000   1.0000
   1.0000   1.0000   1.0000
   1.0000   1.0000   1.0000
   1.0000   1.0000   1.0000
   1.0000   1.0000   1.0000
   1.0000   1.0000   1.0000
   1.0000   1.0000   1.0000
   1.0000   1.0000   1.0000
   1.0000   1.0000   1.0000
   1.0000   1.0000   1.0000
   1.0000   1.0000   1.0000
   1.0000   1.0000   1.0000
   1.0000   1.0000   1.0000
   1.0000   1.0000   1.0000
   1.0000   1.0000   1.0000
   1.0000   1.0000   1.0000
   1.0000   1.0000   1.0000
   1.0000   1.0000   1.0000
   1.0000   1.0000   1.0000
   1.0000   1.0000   1.0000
   1.0000   1.0000   1.0000
   1.0000   1.0000   1.0000
   1.0000   1.0000   1.0000
   1.0000   1.0000   1.0000
   1.0000   1.0000   1.0000
   1.0000   1.0000   1.0000
   1.0000   1.0000   1.0000
   1.0000   1.0000   1.0000
   1.0000   1.0000   1.0000

applying weight : 1
applying weight : 1
applying weight : 1
Here are the weights in c++ : 
   1.0000   1.0000   1.0000
   1.0000   1.0000   1.0000
   1.0000   1.0000   1.0000
   1.0000   1.0000   1.0000
   1.0000   1.0000   1.0000
   1.0000   1.0000   1.0000
   1.0000   1.0000   1.0000
   1.0000   1.0000   1.0000
   1.0000   1.0000   1.0000
   1.0000   1.0000   1.0000
   1.0000   1.0000   1.0000
   1.0000   1.0000   1.0000
   1.0000   1.0000   1.0000
   1.0000   1.0000   1.0000
   1.0000   1.0000   1.0000
   1.0000   1.0000   1.0000
   1.0000   1.0000   1.0000
   1.0000   1.0000   1.0000
   1.0000   1.0000   1.0000
   1.0000   1.0000   1.0000
   1.0000   1.0000   1.0000
   1.0000   1.0000   1.0000
   1.0000   1.0000   1.0000
   1.0000   1.0000   1.0000
   1.0000   1.0000   1.0000
   1.0000   1.0000   1.0000
   1.0000   1.0000   1.0000
   1.0000   1.0000   1.0000
   1.0000   1.0000   1.0000
   1.0000   1.0000   1.0000
   1.0000   1.0000   1.0000
   1.0000   1.0000   1.0000
   1.0000   1.0000   1.0000
   1.0000   1.0000   1.0000
   1.0000   1.0000   1.0000
   1.0000   1.0000   1.0000
   1.0000   1.0000   1.0000
   1.0000   1.0000   1.0000
   1.0000   1.0000   1.0000
   1.0000   1.0000   1.0000
   1.0000   1.0000   1.0000
   1.0000   1.0000   1.0000
   1.0000   1.0000   1.0000
   1.0000   1.0000   1.0000
   1.0000   1.0000   1.0000
   1.0000   1.0000   1.0000
   1.0000   1.0000   1.0000
   1.0000   1.0000   1.0000
   1.0000   1.0000   1.0000

applying weight : 1
applying weight : 1
applying weight : 1
Here are the weights in c++ : 
   1.0000   1.0000   1.0000
   1.0000   1.0000   1.0000
   1.0000   1.0000   1.0000
   1.0000   1.0000   1.0000
   1.0000   1.0000   1.0000
   1.0000   1.0000   1.0000
   1.0000   1.0000   1.0000
   1.0000   1.0000   1.0000
   1.0000   1.0000   1.0000
   1.0000   1.0000   1.0000
   1.0000   1.0000   1.0000
   1.0000   1.0000   1.0000
   1.0000   1.0000   1.0000
   1.0000   1.0000   1.0000
   1.0000   1.0000   1.0000
   1.0000   1.0000   1.0000
   1.0000   1.0000   1.0000
   1.0000   1.0000   1.0000
   1.0000   1.0000   1.0000
   1.0000   1.0000   1.0000
   1.0000   1.0000   1.0000
   1.0000   1.0000   1.0000
   1.0000   1.0000   1.0000
   1.0000   1.0000   1.0000
   1.0000   1.0000   1.0000
   1.0000   1.0000   1.0000
   1.0000   1.0000   1.0000
   1.0000   1.0000   1.0000
   1.0000   1.0000   1.0000
   1.0000   1.0000   1.0000
   1.0000   1.0000   1.0000
   1.0000   1.0000   1.0000
   1.0000   1.0000   1.0000
   1.0000   1.0000   1.0000
   1.0000   1.0000   1.0000
   1.0000   1.0000   1.0000
   1.0000   1.0000   1.0000
   1.0000   1.0000   1.0000
   1.0000   1.0000   1.0000
   1.0000   1.0000   1.0000
   1.0000   1.0000   1.0000
   1.0000   1.0000   1.0000
   1.0000   1.0000   1.0000
   1.0000   1.0000   1.0000
   1.0000   1.0000   1.0000
   1.0000   1.0000   1.0000
   1.0000   1.0000   1.0000
   1.0000   1.0000   1.0000
   1.0000   1.0000   1.0000

applying weight : 1
applying weight : 1
applying weight : 1
Here are the weights in c++ : 
   1.0000   1.0000   1.0000
   1.0000   1.0000   1.0000
   1.0000   1.0000   1.0000
   1.0000   1.0000   1.0000
   1.0000   1.0000   1.0000
   1.0000   1.0000   1.0000
   1.0000   1.0000   1.0000
   1.0000   1.0000   1.0000
   1.0000   1.0000   1.0000
   1.0000   1.0000   1.0000
   1.0000   1.0000   1.0000
   1.0000   1.0000   1.0000
   1.0000   1.0000   1.0000
   1.0000   1.0000   1.0000
   1.0000   1.0000   1.0000
   1.0000   1.0000   1.0000
   1.0000   1.0000   1.0000
   1.0000   1.0000   1.0000
   1.0000   1.0000   1.0000
   1.0000   1.0000   1.0000
   1.0000   1.0000   1.0000
   1.0000   1.0000   1.0000
   1.0000   1.0000   1.0000
   1.0000   1.0000   1.0000
   1.0000   1.0000   1.0000
   1.0000   1.0000   1.0000
   1.0000   1.0000   1.0000
   1.0000   1.0000   1.0000
   1.0000   1.0000   1.0000
   1.0000   1.0000   1.0000
   1.0000   1.0000   1.0000
   1.0000   1.0000   1.0000
   1.0000   1.0000   1.0000
   1.0000   1.0000   1.0000
   1.0000   1.0000   1.0000
   1.0000   1.0000   1.0000
   1.0000   1.0000   1.0000
   1.0000   1.0000   1.0000
   1.0000   1.0000   1.0000
   1.0000   1.0000   1.0000
   1.0000   1.0000   1.0000
   1.0000   1.0000   1.0000
   1.0000   1.0000   1.0000
   1.0000   1.0000   1.0000
   1.0000   1.0000   1.0000
   1.0000   1.0000   1.0000
   1.0000   1.0000   1.0000
   1.0000   1.0000   1.0000
   1.0000   1.0000   1.0000

applying weight : 1
applying weight : 1
applying weight : 1
Here are the weights in c++ : 
   1.0000   1.0000   1.0000
   1.0000   1.0000   1.0000
   1.0000   1.0000   1.0000
   1.0000   1.0000   1.0000
   1.0000   1.0000   1.0000
   1.0000   1.0000   1.0000
   1.0000   1.0000   1.0000
   1.0000   1.0000   1.0000
   1.0000   1.0000   1.0000
   1.0000   1.0000   1.0000
   1.0000   1.0000   1.0000
   1.0000   1.0000   1.0000
   1.0000   1.0000   1.0000
   1.0000   1.0000   1.0000
   1.0000   1.0000   1.0000
   1.0000   1.0000   1.0000
   1.0000   1.0000   1.0000
   1.0000   1.0000   1.0000
   1.0000   1.0000   1.0000
   1.0000   1.0000   1.0000
   1.0000   1.0000   1.0000
   1.0000   1.0000   1.0000
   1.0000   1.0000   1.0000
   1.0000   1.0000   1.0000
   1.0000   1.0000   1.0000
   1.0000   1.0000   1.0000
   1.0000   1.0000   1.0000
   1.0000   1.0000   1.0000
   1.0000   1.0000   1.0000
   1.0000   1.0000   1.0000
   1.0000   1.0000   1.0000
   1.0000   1.0000   1.0000
   1.0000   1.0000   1.0000
   1.0000   1.0000   1.0000
   1.0000   1.0000   1.0000
   1.0000   1.0000   1.0000
   1.0000   1.0000   1.0000
   1.0000   1.0000   1.0000
   1.0000   1.0000   1.0000
   1.0000   1.0000   1.0000
   1.0000   1.0000   1.0000
   1.0000   1.0000   1.0000
   1.0000   1.0000   1.0000
   1.0000   1.0000   1.0000
   1.0000   1.0000   1.0000
   1.0000   1.0000   1.0000
   1.0000   1.0000   1.0000
   1.0000   1.0000   1.0000
   1.0000   1.0000   1.0000

applying weight : 1
applying weight : 1
applying weight : 1
Here are the weights in c++ : 
   1.0000   1.0000   1.0000
   1.0000   1.0000   1.0000
   1.0000   1.0000   1.0000
   1.0000   1.0000   1.0000
   1.0000   1.0000   1.0000
   1.0000   1.0000   1.0000
   1.0000   1.0000   1.0000
   1.0000   1.0000   1.0000
   1.0000   1.0000   1.0000
   1.0000   1.0000   1.0000
   1.0000   1.0000   1.0000
   1.0000   1.0000   1.0000
   1.0000   1.0000   1.0000
   1.0000   1.0000   1.0000
   1.0000   1.0000   1.0000
   1.0000   1.0000   1.0000
   1.0000   1.0000   1.0000
   1.0000   1.0000   1.0000
   1.0000   1.0000   1.0000
   1.0000   1.0000   1.0000
   1.0000   1.0000   1.0000
   1.0000   1.0000   1.0000
   1.0000   1.0000   1.0000
   1.0000   1.0000   1.0000
   1.0000   1.0000   1.0000
   1.0000   1.0000   1.0000
   1.0000   1.0000   1.0000
   1.0000   1.0000   1.0000
   1.0000   1.0000   1.0000
   1.0000   1.0000   1.0000
   1.0000   1.0000   1.0000
   1.0000   1.0000   1.0000
   1.0000   1.0000   1.0000
   1.0000   1.0000   1.0000
   1.0000   1.0000   1.0000
   1.0000   1.0000   1.0000
   1.0000   1.0000   1.0000
   1.0000   1.0000   1.0000
   1.0000   1.0000   1.0000
   1.0000   1.0000   1.0000
   1.0000   1.0000   1.0000
   1.0000   1.0000   1.0000
   1.0000   1.0000   1.0000
   1.0000   1.0000   1.0000
   1.0000   1.0000   1.0000
   1.0000   1.0000   1.0000
   1.0000   1.0000   1.0000
   1.0000   1.0000   1.0000
   1.0000   1.0000   1.0000

applying weight : 1
applying weight : 1
applying weight : 1
Here are the weights in c++ : 
   1.0000   1.0000   1.0000
   1.0000   1.0000   1.0000
   1.0000   1.0000   1.0000
   1.0000   1.0000   1.0000
   1.0000   1.0000   1.0000
   1.0000   1.0000   1.0000
   1.0000   1.0000   1.0000
   1.0000   1.0000   1.0000
   1.0000   1.0000   1.0000
   1.0000   1.0000   1.0000
   1.0000   1.0000   1.0000
   1.0000   1.0000   1.0000
   1.0000   1.0000   1.0000
   1.0000   1.0000   1.0000
   1.0000   1.0000   1.0000
   1.0000   1.0000   1.0000
   1.0000   1.0000   1.0000
   1.0000   1.0000   1.0000
   1.0000   1.0000   1.0000
   1.0000   1.0000   1.0000
   1.0000   1.0000   1.0000
   1.0000   1.0000   1.0000
   1.0000   1.0000   1.0000
   1.0000   1.0000   1.0000
   1.0000   1.0000   1.0000
   1.0000   1.0000   1.0000
   1.0000   1.0000   1.0000
   1.0000   1.0000   1.0000
   1.0000   1.0000   1.0000
   1.0000   1.0000   1.0000
   1.0000   1.0000   1.0000
   1.0000   1.0000   1.0000
   1.0000   1.0000   1.0000
   1.0000   1.0000   1.0000
   1.0000   1.0000   1.0000
   1.0000   1.0000   1.0000
   1.0000   1.0000   1.0000
   1.0000   1.0000   1.0000
   1.0000   1.0000   1.0000
   1.0000   1.0000   1.0000
   1.0000   1.0000   1.0000
   1.0000   1.0000   1.0000
   1.0000   1.0000   1.0000
   1.0000   1.0000   1.0000
   1.0000   1.0000   1.0000
   1.0000   1.0000   1.0000
   1.0000   1.0000   1.0000
   1.0000   1.0000   1.0000
   1.0000   1.0000   1.0000

applying weight : 1
applying weight : 1
applying weight : 1
Here are the weights in c++ : 
   1.0000   1.0000   1.0000
   1.0000   1.0000   1.0000
   1.0000   1.0000   1.0000
   1.0000   1.0000   1.0000
   1.0000   1.0000   1.0000
   1.0000   1.0000   1.0000
   1.0000   1.0000   1.0000
   1.0000   1.0000   1.0000
   1.0000   1.0000   1.0000
   1.0000   1.0000   1.0000
   1.0000   1.0000   1.0000
   1.0000   1.0000   1.0000
   1.0000   1.0000   1.0000
   1.0000   1.0000   1.0000
   1.0000   1.0000   1.0000
   1.0000   1.0000   1.0000
   1.0000   1.0000   1.0000
   1.0000   1.0000   1.0000
   1.0000   1.0000   1.0000
   1.0000   1.0000   1.0000
   1.0000   1.0000   1.0000
   1.0000   1.0000   1.0000
   1.0000   1.0000   1.0000
   1.0000   1.0000   1.0000
   1.0000   1.0000   1.0000
   1.0000   1.0000   1.0000
   1.0000   1.0000   1.0000
   1.0000   1.0000   1.0000
   1.0000   1.0000   1.0000
   1.0000   1.0000   1.0000
   1.0000   1.0000   1.0000
   1.0000   1.0000   1.0000
   1.0000   1.0000   1.0000
   1.0000   1.0000   1.0000
   1.0000   1.0000   1.0000
   1.0000   1.0000   1.0000
   1.0000   1.0000   1.0000
   1.0000   1.0000   1.0000
   1.0000   1.0000   1.0000
   1.0000   1.0000   1.0000
   1.0000   1.0000   1.0000
   1.0000   1.0000   1.0000
   1.0000   1.0000   1.0000
   1.0000   1.0000   1.0000
   1.0000   1.0000   1.0000
   1.0000   1.0000   1.0000
   1.0000   1.0000   1.0000
   1.0000   1.0000   1.0000
   1.0000   1.0000   1.0000

applying weight : 1
applying weight : 1
applying weight : 1
Here are the weights in c++ : 
   1.0000   1.0000   1.0000
   1.0000   1.0000   1.0000
   1.0000   1.0000   1.0000
   1.0000   1.0000   1.0000
   1.0000   1.0000   1.0000
   1.0000   1.0000   1.0000
   1.0000   1.0000   1.0000
   1.0000   1.0000   1.0000
   1.0000   1.0000   1.0000
   1.0000   1.0000   1.0000
   1.0000   1.0000   1.0000
   1.0000   1.0000   1.0000
   1.0000   1.0000   1.0000
   1.0000   1.0000   1.0000
   1.0000   1.0000   1.0000
   1.0000   1.0000   1.0000
   1.0000   1.0000   1.0000
   1.0000   1.0000   1.0000
   1.0000   1.0000   1.0000
   1.0000   1.0000   1.0000
   1.0000   1.0000   1.0000
   1.0000   1.0000   1.0000
   1.0000   1.0000   1.0000
   1.0000   1.0000   1.0000
   1.0000   1.0000   1.0000
   1.0000   1.0000   1.0000
   1.0000   1.0000   1.0000
   1.0000   1.0000   1.0000
   1.0000   1.0000   1.0000
   1.0000   1.0000   1.0000
   1.0000   1.0000   1.0000
   1.0000   1.0000   1.0000
   1.0000   1.0000   1.0000
   1.0000   1.0000   1.0000
   1.0000   1.0000   1.0000
   1.0000   1.0000   1.0000
   1.0000   1.0000   1.0000
   1.0000   1.0000   1.0000
   1.0000   1.0000   1.0000
   1.0000   1.0000   1.0000
   1.0000   1.0000   1.0000
   1.0000   1.0000   1.0000
   1.0000   1.0000   1.0000
   1.0000   1.0000   1.0000
   1.0000   1.0000   1.0000
   1.0000   1.0000   1.0000
   1.0000   1.0000   1.0000
   1.0000   1.0000   1.0000
   1.0000   1.0000   1.0000

applying weight : 1
applying weight : 1
applying weight : 1
Here are the weights in c++ : 
   1.0000   1.0000   1.0000
   1.0000   1.0000   1.0000
   1.0000   1.0000   1.0000
   1.0000   1.0000   1.0000
   1.0000   1.0000   1.0000
   1.0000   1.0000   1.0000
   1.0000   1.0000   1.0000
   1.0000   1.0000   1.0000
   1.0000   1.0000   1.0000
   1.0000   1.0000   1.0000
   1.0000   1.0000   1.0000
   1.0000   1.0000   1.0000
   1.0000   1.0000   1.0000
   1.0000   1.0000   1.0000
   1.0000   1.0000   1.0000
   1.0000   1.0000   1.0000
   1.0000   1.0000   1.0000
   1.0000   1.0000   1.0000
   1.0000   1.0000   1.0000
   1.0000   1.0000   1.0000
   1.0000   1.0000   1.0000
   1.0000   1.0000   1.0000
   1.0000   1.0000   1.0000
   1.0000   1.0000   1.0000
   1.0000   1.0000   1.0000
   1.0000   1.0000   1.0000
   1.0000   1.0000   1.0000
   1.0000   1.0000   1.0000
   1.0000   1.0000   1.0000
   1.0000   1.0000   1.0000
   1.0000   1.0000   1.0000
   1.0000   1.0000   1.0000
   1.0000   1.0000   1.0000
   1.0000   1.0000   1.0000
   1.0000   1.0000   1.0000
   1.0000   1.0000   1.0000
   1.0000   1.0000   1.0000
   1.0000   1.0000   1.0000
   1.0000   1.0000   1.0000
   1.0000   1.0000   1.0000
   1.0000   1.0000   1.0000
   1.0000   1.0000   1.0000
   1.0000   1.0000   1.0000
   1.0000   1.0000   1.0000
   1.0000   1.0000   1.0000
   1.0000   1.0000   1.0000
   1.0000   1.0000   1.0000
   1.0000   1.0000   1.0000
   1.0000   1.0000   1.0000

applying weight : 1
applying weight : 1
applying weight : 1
Here are the weights in c++ : 
   1.0000   1.0000   1.0000
   1.0000   1.0000   1.0000
   1.0000   1.0000   1.0000
   1.0000   1.0000   1.0000
   1.0000   1.0000   1.0000
   1.0000   1.0000   1.0000
   1.0000   1.0000   1.0000
   1.0000   1.0000   1.0000
   1.0000   1.0000   1.0000
   1.0000   1.0000   1.0000
   1.0000   1.0000   1.0000
   1.0000   1.0000   1.0000
   1.0000   1.0000   1.0000
   1.0000   1.0000   1.0000
   1.0000   1.0000   1.0000
   1.0000   1.0000   1.0000
   1.0000   1.0000   1.0000
   1.0000   1.0000   1.0000
   1.0000   1.0000   1.0000
   1.0000   1.0000   1.0000
   1.0000   1.0000   1.0000
   1.0000   1.0000   1.0000
   1.0000   1.0000   1.0000
   1.0000   1.0000   1.0000
   1.0000   1.0000   1.0000
   1.0000   1.0000   1.0000
   1.0000   1.0000   1.0000
   1.0000   1.0000   1.0000
   1.0000   1.0000   1.0000
   1.0000   1.0000   1.0000
   1.0000   1.0000   1.0000
   1.0000   1.0000   1.0000
   1.0000   1.0000   1.0000
   1.0000   1.0000   1.0000
   1.0000   1.0000   1.0000
   1.0000   1.0000   1.0000
   1.0000   1.0000   1.0000
   1.0000   1.0000   1.0000
   1.0000   1.0000   1.0000
   1.0000   1.0000   1.0000
   1.0000   1.0000   1.0000
   1.0000   1.0000   1.0000
   1.0000   1.0000   1.0000
   1.0000   1.0000   1.0000
   1.0000   1.0000   1.0000
   1.0000   1.0000   1.0000
   1.0000   1.0000   1.0000
   1.0000   1.0000   1.0000
   1.0000   1.0000   1.0000

applying weight : 1
applying weight : 1
applying weight : 1
Here are the weights in c++ : 
   1.0000   1.0000   1.0000
   1.0000   1.0000   1.0000
   1.0000   1.0000   1.0000
   1.0000   1.0000   1.0000
   1.0000   1.0000   1.0000
   1.0000   1.0000   1.0000
   1.0000   1.0000   1.0000
   1.0000   1.0000   1.0000
   1.0000   1.0000   1.0000
   1.0000   1.0000   1.0000
   1.0000   1.0000   1.0000
   1.0000   1.0000   1.0000
   1.0000   1.0000   1.0000
   1.0000   1.0000   1.0000
   1.0000   1.0000   1.0000
   1.0000   1.0000   1.0000
   1.0000   1.0000   1.0000
   1.0000   1.0000   1.0000
   1.0000   1.0000   1.0000
   1.0000   1.0000   1.0000
   1.0000   1.0000   1.0000
   1.0000   1.0000   1.0000
   1.0000   1.0000   1.0000
   1.0000   1.0000   1.0000
   1.0000   1.0000   1.0000
   1.0000   1.0000   1.0000
   1.0000   1.0000   1.0000
   1.0000   1.0000   1.0000
   1.0000   1.0000   1.0000
   1.0000   1.0000   1.0000
   1.0000   1.0000   1.0000
   1.0000   1.0000   1.0000
   1.0000   1.0000   1.0000
   1.0000   1.0000   1.0000
   1.0000   1.0000   1.0000
   1.0000   1.0000   1.0000
   1.0000   1.0000   1.0000
   1.0000   1.0000   1.0000
   1.0000   1.0000   1.0000
   1.0000   1.0000   1.0000
   1.0000   1.0000   1.0000
   1.0000   1.0000   1.0000
   1.0000   1.0000   1.0000
   1.0000   1.0000   1.0000
   1.0000   1.0000   1.0000
   1.0000   1.0000   1.0000
   1.0000   1.0000   1.0000
   1.0000   1.0000   1.0000
   1.0000   1.0000   1.0000

applying weight : 1
applying weight : 1
applying weight : 1
Here are the weights in c++ : 
   1.0000   1.0000   1.0000
   1.0000   1.0000   1.0000
   1.0000   1.0000   1.0000
   1.0000   1.0000   1.0000
   1.0000   1.0000   1.0000
   1.0000   1.0000   1.0000
   1.0000   1.0000   1.0000
   1.0000   1.0000   1.0000
   1.0000   1.0000   1.0000
   1.0000   1.0000   1.0000
   1.0000   1.0000   1.0000
   1.0000   1.0000   1.0000
   1.0000   1.0000   1.0000
   1.0000   1.0000   1.0000
   1.0000   1.0000   1.0000
   1.0000   1.0000   1.0000
   1.0000   1.0000   1.0000
   1.0000   1.0000   1.0000
   1.0000   1.0000   1.0000
   1.0000   1.0000   1.0000
   1.0000   1.0000   1.0000
   1.0000   1.0000   1.0000
   1.0000   1.0000   1.0000
   1.0000   1.0000   1.0000
   1.0000   1.0000   1.0000
   1.0000   1.0000   1.0000
   1.0000   1.0000   1.0000
   1.0000   1.0000   1.0000
   1.0000   1.0000   1.0000
   1.0000   1.0000   1.0000
   1.0000   1.0000   1.0000
   1.0000   1.0000   1.0000
   1.0000   1.0000   1.0000
   1.0000   1.0000   1.0000
   1.0000   1.0000   1.0000
   1.0000   1.0000   1.0000
   1.0000   1.0000   1.0000
   1.0000   1.0000   1.0000
   1.0000   1.0000   1.0000
   1.0000   1.0000   1.0000
   1.0000   1.0000   1.0000
   1.0000   1.0000   1.0000
   1.0000   1.0000   1.0000
   1.0000   1.0000   1.0000
   1.0000   1.0000   1.0000
   1.0000   1.0000   1.0000
   1.0000   1.0000   1.0000
   1.0000   1.0000   1.0000
   1.0000   1.0000   1.0000

applying weight : 1
applying weight : 1
applying weight : 1
Here are the weights in c++ : 
   1.0000   1.0000   1.0000
   1.0000   1.0000   1.0000
   1.0000   1.0000   1.0000
   1.0000   1.0000   1.0000
   1.0000   1.0000   1.0000
   1.0000   1.0000   1.0000
   1.0000   1.0000   1.0000
   1.0000   1.0000   1.0000
   1.0000   1.0000   1.0000
   1.0000   1.0000   1.0000
   1.0000   1.0000   1.0000
   1.0000   1.0000   1.0000
   1.0000   1.0000   1.0000
   1.0000   1.0000   1.0000
   1.0000   1.0000   1.0000
   1.0000   1.0000   1.0000
   1.0000   1.0000   1.0000
   1.0000   1.0000   1.0000
   1.0000   1.0000   1.0000
   1.0000   1.0000   1.0000
   1.0000   1.0000   1.0000
   1.0000   1.0000   1.0000
   1.0000   1.0000   1.0000
   1.0000   1.0000   1.0000
   1.0000   1.0000   1.0000
   1.0000   1.0000   1.0000
   1.0000   1.0000   1.0000
   1.0000   1.0000   1.0000
   1.0000   1.0000   1.0000
   1.0000   1.0000   1.0000
   1.0000   1.0000   1.0000
   1.0000   1.0000   1.0000
   1.0000   1.0000   1.0000
   1.0000   1.0000   1.0000
   1.0000   1.0000   1.0000
   1.0000   1.0000   1.0000
   1.0000   1.0000   1.0000
   1.0000   1.0000   1.0000
   1.0000   1.0000   1.0000
   1.0000   1.0000   1.0000
   1.0000   1.0000   1.0000
   1.0000   1.0000   1.0000
   1.0000   1.0000   1.0000
   1.0000   1.0000   1.0000
   1.0000   1.0000   1.0000
   1.0000   1.0000   1.0000
   1.0000   1.0000   1.0000
   1.0000   1.0000   1.0000
   1.0000   1.0000   1.0000

applying weight : 1
applying weight : 1
applying weight : 1
Here are the weights in c++ : 
   1.0000   1.0000   1.0000
   1.0000   1.0000   1.0000
   1.0000   1.0000   1.0000
   1.0000   1.0000   1.0000
   1.0000   1.0000   1.0000
   1.0000   1.0000   1.0000
   1.0000   1.0000   1.0000
   1.0000   1.0000   1.0000
   1.0000   1.0000   1.0000
   1.0000   1.0000   1.0000
   1.0000   1.0000   1.0000
   1.0000   1.0000   1.0000
   1.0000   1.0000   1.0000
   1.0000   1.0000   1.0000
   1.0000   1.0000   1.0000
   1.0000   1.0000   1.0000
   1.0000   1.0000   1.0000
   1.0000   1.0000   1.0000
   1.0000   1.0000   1.0000
   1.0000   1.0000   1.0000
   1.0000   1.0000   1.0000
   1.0000   1.0000   1.0000
   1.0000   1.0000   1.0000
   1.0000   1.0000   1.0000
   1.0000   1.0000   1.0000
   1.0000   1.0000   1.0000
   1.0000   1.0000   1.0000
   1.0000   1.0000   1.0000
   1.0000   1.0000   1.0000
   1.0000   1.0000   1.0000
   1.0000   1.0000   1.0000
   1.0000   1.0000   1.0000
   1.0000   1.0000   1.0000
   1.0000   1.0000   1.0000
   1.0000   1.0000   1.0000
   1.0000   1.0000   1.0000
   1.0000   1.0000   1.0000
   1.0000   1.0000   1.0000
   1.0000   1.0000   1.0000
   1.0000   1.0000   1.0000
   1.0000   1.0000   1.0000
   1.0000   1.0000   1.0000
   1.0000   1.0000   1.0000
   1.0000   1.0000   1.0000
   1.0000   1.0000   1.0000
   1.0000   1.0000   1.0000
   1.0000   1.0000   1.0000
   1.0000   1.0000   1.0000
   1.0000   1.0000   1.0000

applying weight : 1
applying weight : 1
applying weight : 1
Here are the weights in c++ : 
   1.0000   1.0000   1.0000
   1.0000   1.0000   1.0000
   1.0000   1.0000   1.0000
   1.0000   1.0000   1.0000
   1.0000   1.0000   1.0000
   1.0000   1.0000   1.0000
   1.0000   1.0000   1.0000
   1.0000   1.0000   1.0000
   1.0000   1.0000   1.0000
   1.0000   1.0000   1.0000
   1.0000   1.0000   1.0000
   1.0000   1.0000   1.0000
   1.0000   1.0000   1.0000
   1.0000   1.0000   1.0000
   1.0000   1.0000   1.0000
   1.0000   1.0000   1.0000
   1.0000   1.0000   1.0000
   1.0000   1.0000   1.0000
   1.0000   1.0000   1.0000
   1.0000   1.0000   1.0000
   1.0000   1.0000   1.0000
   1.0000   1.0000   1.0000
   1.0000   1.0000   1.0000
   1.0000   1.0000   1.0000
   1.0000   1.0000   1.0000
   1.0000   1.0000   1.0000
   1.0000   1.0000   1.0000
   1.0000   1.0000   1.0000
   1.0000   1.0000   1.0000
   1.0000   1.0000   1.0000
   1.0000   1.0000   1.0000
   1.0000   1.0000   1.0000
   1.0000   1.0000   1.0000
   1.0000   1.0000   1.0000
   1.0000   1.0000   1.0000
   1.0000   1.0000   1.0000
   1.0000   1.0000   1.0000
   1.0000   1.0000   1.0000
   1.0000   1.0000   1.0000
   1.0000   1.0000   1.0000
   1.0000   1.0000   1.0000
   1.0000   1.0000   1.0000
   1.0000   1.0000   1.0000
   1.0000   1.0000   1.0000
   1.0000   1.0000   1.0000
   1.0000   1.0000   1.0000
   1.0000   1.0000   1.0000
   1.0000   1.0000   1.0000
   1.0000   1.0000   1.0000

applying weight : 1
applying weight : 1
applying weight : 1
Here are the weights in c++ : 
   1.0000   1.0000   1.0000
   1.0000   1.0000   1.0000
   1.0000   1.0000   1.0000
   1.0000   1.0000   1.0000
   1.0000   1.0000   1.0000
   1.0000   1.0000   1.0000
   1.0000   1.0000   1.0000
   1.0000   1.0000   1.0000
   1.0000   1.0000   1.0000
   1.0000   1.0000   1.0000
   1.0000   1.0000   1.0000
   1.0000   1.0000   1.0000
   1.0000   1.0000   1.0000
   1.0000   1.0000   1.0000
   1.0000   1.0000   1.0000
   1.0000   1.0000   1.0000
   1.0000   1.0000   1.0000
   1.0000   1.0000   1.0000
   1.0000   1.0000   1.0000
   1.0000   1.0000   1.0000
   1.0000   1.0000   1.0000
   1.0000   1.0000   1.0000
   1.0000   1.0000   1.0000
   1.0000   1.0000   1.0000
   1.0000   1.0000   1.0000
   1.0000   1.0000   1.0000
   1.0000   1.0000   1.0000
   1.0000   1.0000   1.0000
   1.0000   1.0000   1.0000
   1.0000   1.0000   1.0000
   1.0000   1.0000   1.0000
   1.0000   1.0000   1.0000
   1.0000   1.0000   1.0000
   1.0000   1.0000   1.0000
   1.0000   1.0000   1.0000
   1.0000   1.0000   1.0000
   1.0000   1.0000   1.0000
   1.0000   1.0000   1.0000
   1.0000   1.0000   1.0000
   1.0000   1.0000   1.0000
   1.0000   1.0000   1.0000
   1.0000   1.0000   1.0000
   1.0000   1.0000   1.0000
   1.0000   1.0000   1.0000
   1.0000   1.0000   1.0000
   1.0000   1.0000   1.0000
   1.0000   1.0000   1.0000
   1.0000   1.0000   1.0000
   1.0000   1.0000   1.0000

applying weight : 1
applying weight : 1
applying weight : 1
Here are the weights in c++ : 
   1.0000   1.0000   1.0000
   1.0000   1.0000   1.0000
   1.0000   1.0000   1.0000
   1.0000   1.0000   1.0000
   1.0000   1.0000   1.0000
   1.0000   1.0000   1.0000
   1.0000   1.0000   1.0000
   1.0000   1.0000   1.0000
   1.0000   1.0000   1.0000
   1.0000   1.0000   1.0000
   1.0000   1.0000   1.0000
   1.0000   1.0000   1.0000
   1.0000   1.0000   1.0000
   1.0000   1.0000   1.0000
   1.0000   1.0000   1.0000
   1.0000   1.0000   1.0000
   1.0000   1.0000   1.0000
   1.0000   1.0000   1.0000
   1.0000   1.0000   1.0000
   1.0000   1.0000   1.0000
   1.0000   1.0000   1.0000
   1.0000   1.0000   1.0000
   1.0000   1.0000   1.0000
   1.0000   1.0000   1.0000
   1.0000   1.0000   1.0000
   1.0000   1.0000   1.0000
   1.0000   1.0000   1.0000
   1.0000   1.0000   1.0000
   1.0000   1.0000   1.0000
   1.0000   1.0000   1.0000
   1.0000   1.0000   1.0000
   1.0000   1.0000   1.0000
   1.0000   1.0000   1.0000
   1.0000   1.0000   1.0000
   1.0000   1.0000   1.0000
   1.0000   1.0000   1.0000
   1.0000   1.0000   1.0000
   1.0000   1.0000   1.0000
   1.0000   1.0000   1.0000
   1.0000   1.0000   1.0000
   1.0000   1.0000   1.0000
   1.0000   1.0000   1.0000
   1.0000   1.0000   1.0000
   1.0000   1.0000   1.0000
   1.0000   1.0000   1.0000
   1.0000   1.0000   1.0000
   1.0000   1.0000   1.0000
   1.0000   1.0000   1.0000
   1.0000   1.0000   1.0000

applying weight : 1
applying weight : 1
applying weight : 1
Here are the weights in c++ : 
   1.0000   1.0000   1.0000
   1.0000   1.0000   1.0000
   1.0000   1.0000   1.0000
   1.0000   1.0000   1.0000
   1.0000   1.0000   1.0000
   1.0000   1.0000   1.0000
   1.0000   1.0000   1.0000
   1.0000   1.0000   1.0000
   1.0000   1.0000   1.0000
   1.0000   1.0000   1.0000
   1.0000   1.0000   1.0000
   1.0000   1.0000   1.0000
   1.0000   1.0000   1.0000
   1.0000   1.0000   1.0000
   1.0000   1.0000   1.0000
   1.0000   1.0000   1.0000
   1.0000   1.0000   1.0000
   1.0000   1.0000   1.0000
   1.0000   1.0000   1.0000
   1.0000   1.0000   1.0000
   1.0000   1.0000   1.0000
   1.0000   1.0000   1.0000
   1.0000   1.0000   1.0000
   1.0000   1.0000   1.0000
   1.0000   1.0000   1.0000
   1.0000   1.0000   1.0000
   1.0000   1.0000   1.0000
   1.0000   1.0000   1.0000
   1.0000   1.0000   1.0000
   1.0000   1.0000   1.0000
   1.0000   1.0000   1.0000
   1.0000   1.0000   1.0000
   1.0000   1.0000   1.0000
   1.0000   1.0000   1.0000
   1.0000   1.0000   1.0000
   1.0000   1.0000   1.0000
   1.0000   1.0000   1.0000
   1.0000   1.0000   1.0000
   1.0000   1.0000   1.0000
   1.0000   1.0000   1.0000
   1.0000   1.0000   1.0000
   1.0000   1.0000   1.0000
   1.0000   1.0000   1.0000
   1.0000   1.0000   1.0000
   1.0000   1.0000   1.0000
   1.0000   1.0000   1.0000
   1.0000   1.0000   1.0000
   1.0000   1.0000   1.0000
   1.0000   1.0000   1.0000
   1.0000   1.0000   1.0000
   1.0000   1.0000   1.0000
   1.0000   1.0000   1.0000
   1.0000   1.0000   1.0000
   1.0000   1.0000   1.0000
   1.0000   1.0000   1.0000
   1.0000   1.0000   1.0000
   1.0000   1.0000   1.0000

applying weight : 1
applying weight : 1
applying weight : 1
Here are the weights in c++ : 
   1.0000   1.0000   1.0000
   1.0000   1.0000   1.0000
   1.0000   1.0000   1.0000
   1.0000   1.0000   1.0000
   1.0000   1.0000   1.0000
   1.0000   1.0000   1.0000
   1.0000   1.0000   1.0000
   1.0000   1.0000   1.0000
   1.0000   1.0000   1.0000
   1.0000   1.0000   1.0000
   1.0000   1.0000   1.0000
   1.0000   1.0000   1.0000
   1.0000   1.0000   1.0000
   1.0000   1.0000   1.0000
   1.0000   1.0000   1.0000
   1.0000   1.0000   1.0000
   1.0000   1.0000   1.0000
   1.0000   1.0000   1.0000
   1.0000   1.0000   1.0000
   1.0000   1.0000   1.0000
   1.0000   1.0000   1.0000
   1.0000   1.0000   1.0000
   1.0000   1.0000   1.0000
   1.0000   1.0000   1.0000
   1.0000   1.0000   1.0000
   1.0000   1.0000   1.0000
   1.0000   1.0000   1.0000
   1.0000   1.0000   1.0000
   1.0000   1.0000   1.0000
   1.0000   1.0000   1.0000
   1.0000   1.0000   1.0000
   1.0000   1.0000   1.0000
   1.0000   1.0000   1.0000
   1.0000   1.0000   1.0000
   1.0000   1.0000   1.0000
   1.0000   1.0000   1.0000
   1.0000   1.0000   1.0000
   1.0000   1.0000   1.0000
   1.0000   1.0000   1.0000
   1.0000   1.0000   1.0000
   1.0000   1.0000   1.0000
   1.0000   1.0000   1.0000
   1.0000   1.0000   1.0000
   1.0000   1.0000   1.0000
   1.0000   1.0000   1.0000
   1.0000   1.0000   1.0000
   1.0000   1.0000   1.0000
   1.0000   1.0000   1.0000
   1.0000   1.0000   1.0000
   1.0000   1.0000   1.0000
   1.0000   1.0000   1.0000
   1.0000   1.0000   1.0000
   1.0000   1.0000   1.0000
   1.0000   1.0000   1.0000
   1.0000   1.0000   1.0000
   1.0000   1.0000   1.0000
   1.0000   1.0000   1.0000

applying weight : 1
applying weight : 1
applying weight : 1
Here are the weights in c++ : 
   1.0000   1.0000   1.0000
   1.0000   1.0000   1.0000
   1.0000   1.0000   1.0000
   1.0000   1.0000   1.0000
   1.0000   1.0000   1.0000
   1.0000   1.0000   1.0000
   1.0000   1.0000   1.0000
   1.0000   1.0000   1.0000
   1.0000   1.0000   1.0000
   1.0000   1.0000   1.0000
   1.0000   1.0000   1.0000
   1.0000   1.0000   1.0000
   1.0000   1.0000   1.0000
   1.0000   1.0000   1.0000
   1.0000   1.0000   1.0000
   1.0000   1.0000   1.0000
   1.0000   1.0000   1.0000
   1.0000   1.0000   1.0000
   1.0000   1.0000   1.0000
   1.0000   1.0000   1.0000
   1.0000   1.0000   1.0000
   1.0000   1.0000   1.0000
   1.0000   1.0000   1.0000
   1.0000   1.0000   1.0000
   1.0000   1.0000   1.0000
   1.0000   1.0000   1.0000
   1.0000   1.0000   1.0000
   1.0000   1.0000   1.0000
   1.0000   1.0000   1.0000
   1.0000   1.0000   1.0000
   1.0000   1.0000   1.0000
   1.0000   1.0000   1.0000
   1.0000   1.0000   1.0000
   1.0000   1.0000   1.0000
   1.0000   1.0000   1.0000
   1.0000   1.0000   1.0000
   1.0000   1.0000   1.0000
   1.0000   1.0000   1.0000
   1.0000   1.0000   1.0000
   1.0000   1.0000   1.0000
   1.0000   1.0000   1.0000
   1.0000   1.0000   1.0000
   1.0000   1.0000   1.0000
   1.0000   1.0000   1.0000
   1.0000   1.0000   1.0000
   1.0000   1.0000   1.0000
   1.0000   1.0000   1.0000
   1.0000   1.0000   1.0000
   1.0000   1.0000   1.0000
   1.0000   1.0000   1.0000
   1.0000   1.0000   1.0000
   1.0000   1.0000   1.0000
   1.0000   1.0000   1.0000
   1.0000   1.0000   1.0000
   1.0000   1.0000   1.0000
   1.0000   1.0000   1.0000
   1.0000   1.0000   1.0000

applying weight : 1
applying weight : 1
applying weight : 1
Here are the weights in c++ : 
   1.0000   1.0000   1.0000
   1.0000   1.0000   1.0000
   1.0000   1.0000   1.0000
   1.0000   1.0000   1.0000
   1.0000   1.0000   1.0000
   1.0000   1.0000   1.0000
   1.0000   1.0000   1.0000
   1.0000   1.0000   1.0000
   1.0000   1.0000   1.0000
   1.0000   1.0000   1.0000
   1.0000   1.0000   1.0000
   1.0000   1.0000   1.0000
   1.0000   1.0000   1.0000
   1.0000   1.0000   1.0000
   1.0000   1.0000   1.0000
   1.0000   1.0000   1.0000
   1.0000   1.0000   1.0000
   1.0000   1.0000   1.0000
   1.0000   1.0000   1.0000
   1.0000   1.0000   1.0000
   1.0000   1.0000   1.0000
   1.0000   1.0000   1.0000
   1.0000   1.0000   1.0000
   1.0000   1.0000   1.0000
   1.0000   1.0000   1.0000
   1.0000   1.0000   1.0000
   1.0000   1.0000   1.0000
   1.0000   1.0000   1.0000
   1.0000   1.0000   1.0000
   1.0000   1.0000   1.0000
   1.0000   1.0000   1.0000
   1.0000   1.0000   1.0000
   1.0000   1.0000   1.0000
   1.0000   1.0000   1.0000
   1.0000   1.0000   1.0000
   1.0000   1.0000   1.0000
   1.0000   1.0000   1.0000
   1.0000   1.0000   1.0000
   1.0000   1.0000   1.0000
   1.0000   1.0000   1.0000
   1.0000   1.0000   1.0000
   1.0000   1.0000   1.0000
   1.0000   1.0000   1.0000
   1.0000   1.0000   1.0000
   1.0000   1.0000   1.0000
   1.0000   1.0000   1.0000
   1.0000   1.0000   1.0000
   1.0000   1.0000   1.0000
   1.0000   1.0000   1.0000
   1.0000   1.0000   1.0000
   1.0000   1.0000   1.0000
   1.0000   1.0000   1.0000
   1.0000   1.0000   1.0000
   1.0000   1.0000   1.0000
   1.0000   1.0000   1.0000
   1.0000   1.0000   1.0000
   1.0000   1.0000   1.0000

applying weight : 1
applying weight : 1
applying weight : 1
Here are the weights in c++ : 
   1.0000   1.0000   1.0000
   1.0000   1.0000   1.0000
   1.0000   1.0000   1.0000
   1.0000   1.0000   1.0000
   1.0000   1.0000   1.0000
   1.0000   1.0000   1.0000
   1.0000   1.0000   1.0000
   1.0000   1.0000   1.0000
   1.0000   1.0000   1.0000
   1.0000   1.0000   1.0000
   1.0000   1.0000   1.0000
   1.0000   1.0000   1.0000
   1.0000   1.0000   1.0000
   1.0000   1.0000   1.0000
   1.0000   1.0000   1.0000
   1.0000   1.0000   1.0000
   1.0000   1.0000   1.0000
   1.0000   1.0000   1.0000
   1.0000   1.0000   1.0000
   1.0000   1.0000   1.0000
   1.0000   1.0000   1.0000
   1.0000   1.0000   1.0000
   1.0000   1.0000   1.0000
   1.0000   1.0000   1.0000
   1.0000   1.0000   1.0000
   1.0000   1.0000   1.0000
   1.0000   1.0000   1.0000
   1.0000   1.0000   1.0000
   1.0000   1.0000   1.0000
   1.0000   1.0000   1.0000
   1.0000   1.0000   1.0000
   1.0000   1.0000   1.0000
   1.0000   1.0000   1.0000
   1.0000   1.0000   1.0000
   1.0000   1.0000   1.0000
   1.0000   1.0000   1.0000
   1.0000   1.0000   1.0000
   1.0000   1.0000   1.0000
   1.0000   1.0000   1.0000
   1.0000   1.0000   1.0000
   1.0000   1.0000   1.0000
   1.0000   1.0000   1.0000
   1.0000   1.0000   1.0000
   1.0000   1.0000   1.0000
   1.0000   1.0000   1.0000
   1.0000   1.0000   1.0000
   1.0000   1.0000   1.0000
   1.0000   1.0000   1.0000
   1.0000   1.0000   1.0000
   1.0000   1.0000   1.0000
   1.0000   1.0000   1.0000
   1.0000   1.0000   1.0000
   1.0000   1.0000   1.0000
   1.0000   1.0000   1.0000
   1.0000   1.0000   1.0000
   1.0000   1.0000   1.0000
   1.0000   1.0000   1.0000

applying weight : 1
applying weight : 1
applying weight : 1
Here are the weights in c++ : 
   1.0000   1.0000   1.0000
   1.0000   1.0000   1.0000
   1.0000   1.0000   1.0000
   1.0000   1.0000   1.0000
   1.0000   1.0000   1.0000
   1.0000   1.0000   1.0000
   1.0000   1.0000   1.0000
   1.0000   1.0000   1.0000
   1.0000   1.0000   1.0000
   1.0000   1.0000   1.0000
   1.0000   1.0000   1.0000
   1.0000   1.0000   1.0000
   1.0000   1.0000   1.0000
   1.0000   1.0000   1.0000
   1.0000   1.0000   1.0000
   1.0000   1.0000   1.0000
   1.0000   1.0000   1.0000
   1.0000   1.0000   1.0000
   1.0000   1.0000   1.0000
   1.0000   1.0000   1.0000
   1.0000   1.0000   1.0000
   1.0000   1.0000   1.0000
   1.0000   1.0000   1.0000
   1.0000   1.0000   1.0000
   1.0000   1.0000   1.0000
   1.0000   1.0000   1.0000
   1.0000   1.0000   1.0000
   1.0000   1.0000   1.0000
   1.0000   1.0000   1.0000
   1.0000   1.0000   1.0000
   1.0000   1.0000   1.0000
   1.0000   1.0000   1.0000
   1.0000   1.0000   1.0000
   1.0000   1.0000   1.0000
   1.0000   1.0000   1.0000
   1.0000   1.0000   1.0000
   1.0000   1.0000   1.0000
   1.0000   1.0000   1.0000
   1.0000   1.0000   1.0000
   1.0000   1.0000   1.0000
   1.0000   1.0000   1.0000
   1.0000   1.0000   1.0000
   1.0000   1.0000   1.0000
   1.0000   1.0000   1.0000
   1.0000   1.0000   1.0000
   1.0000   1.0000   1.0000
   1.0000   1.0000   1.0000
   1.0000   1.0000   1.0000
   1.0000   1.0000   1.0000
   1.0000   1.0000   1.0000
   1.0000   1.0000   1.0000
   1.0000   1.0000   1.0000
   1.0000   1.0000   1.0000
   1.0000   1.0000   1.0000
   1.0000   1.0000   1.0000
   1.0000   1.0000   1.0000
   1.0000   1.0000   1.0000

applying weight : 1
applying weight : 1
applying weight : 1
Here are the weights in c++ : 
   1.0000   1.0000   1.0000
   1.0000   1.0000   1.0000
   1.0000   1.0000   1.0000
   1.0000   1.0000   1.0000
   1.0000   1.0000   1.0000
   1.0000   1.0000   1.0000
   1.0000   1.0000   1.0000
   1.0000   1.0000   1.0000
   1.0000   1.0000   1.0000
   1.0000   1.0000   1.0000
   1.0000   1.0000   1.0000
   1.0000   1.0000   1.0000
   1.0000   1.0000   1.0000
   1.0000   1.0000   1.0000
   1.0000   1.0000   1.0000
   1.0000   1.0000   1.0000
   1.0000   1.0000   1.0000
   1.0000   1.0000   1.0000
   1.0000   1.0000   1.0000
   1.0000   1.0000   1.0000
   1.0000   1.0000   1.0000
   1.0000   1.0000   1.0000
   1.0000   1.0000   1.0000
   1.0000   1.0000   1.0000
   1.0000   1.0000   1.0000
   1.0000   1.0000   1.0000
   1.0000   1.0000   1.0000
   1.0000   1.0000   1.0000
   1.0000   1.0000   1.0000
   1.0000   1.0000   1.0000
   1.0000   1.0000   1.0000
   1.0000   1.0000   1.0000
   1.0000   1.0000   1.0000
   1.0000   1.0000   1.0000
   1.0000   1.0000   1.0000
   1.0000   1.0000   1.0000
   1.0000   1.0000   1.0000
   1.0000   1.0000   1.0000
   1.0000   1.0000   1.0000
   1.0000   1.0000   1.0000
   1.0000   1.0000   1.0000
   1.0000   1.0000   1.0000
   1.0000   1.0000   1.0000
   1.0000   1.0000   1.0000
   1.0000   1.0000   1.0000
   1.0000   1.0000   1.0000
   1.0000   1.0000   1.0000
   1.0000   1.0000   1.0000
   1.0000   1.0000   1.0000
   1.0000   1.0000   1.0000
   1.0000   1.0000   1.0000
   1.0000   1.0000   1.0000
   1.0000   1.0000   1.0000
   1.0000   1.0000   1.0000
   1.0000   1.0000   1.0000
   1.0000   1.0000   1.0000
   1.0000   1.0000   1.0000

applying weight : 1
applying weight : 1
applying weight : 1
Here are the weights in c++ : 
   1.0000   1.0000   1.0000
   1.0000   1.0000   1.0000
   1.0000   1.0000   1.0000
   1.0000   1.0000   1.0000
   1.0000   1.0000   1.0000
   1.0000   1.0000   1.0000
   1.0000   1.0000   1.0000
   1.0000   1.0000   1.0000
   1.0000   1.0000   1.0000
   1.0000   1.0000   1.0000
   1.0000   1.0000   1.0000
   1.0000   1.0000   1.0000
   1.0000   1.0000   1.0000
   1.0000   1.0000   1.0000
   1.0000   1.0000   1.0000
   1.0000   1.0000   1.0000
   1.0000   1.0000   1.0000
   1.0000   1.0000   1.0000
   1.0000   1.0000   1.0000
   1.0000   1.0000   1.0000
   1.0000   1.0000   1.0000
   1.0000   1.0000   1.0000
   1.0000   1.0000   1.0000
   1.0000   1.0000   1.0000
   1.0000   1.0000   1.0000
   1.0000   1.0000   1.0000
   1.0000   1.0000   1.0000
   1.0000   1.0000   1.0000
   1.0000   1.0000   1.0000
   1.0000   1.0000   1.0000
   1.0000   1.0000   1.0000
   1.0000   1.0000   1.0000
   1.0000   1.0000   1.0000
   1.0000   1.0000   1.0000
   1.0000   1.0000   1.0000
   1.0000   1.0000   1.0000
   1.0000   1.0000   1.0000
   1.0000   1.0000   1.0000
   1.0000   1.0000   1.0000
   1.0000   1.0000   1.0000
   1.0000   1.0000   1.0000
   1.0000   1.0000   1.0000
   1.0000   1.0000   1.0000
   1.0000   1.0000   1.0000
   1.0000   1.0000   1.0000
   1.0000   1.0000   1.0000
   1.0000   1.0000   1.0000
   1.0000   1.0000   1.0000
   1.0000   1.0000   1.0000
   1.0000   1.0000   1.0000
   1.0000   1.0000   1.0000
   1.0000   1.0000   1.0000
   1.0000   1.0000   1.0000
   1.0000   1.0000   1.0000
   1.0000   1.0000   1.0000
   1.0000   1.0000   1.0000
   1.0000   1.0000   1.0000

applying weight : 1
applying weight : 1
applying weight : 1
Here are the weights in c++ : 
   1.0000   1.0000   1.0000
   1.0000   1.0000   1.0000
   1.0000   1.0000   1.0000
   1.0000   1.0000   1.0000
   1.0000   1.0000   1.0000
   1.0000   1.0000   1.0000
   1.0000   1.0000   1.0000
   1.0000   1.0000   1.0000
   1.0000   1.0000   1.0000
   1.0000   1.0000   1.0000
   1.0000   1.0000   1.0000
   1.0000   1.0000   1.0000
   1.0000   1.0000   1.0000
   1.0000   1.0000   1.0000
   1.0000   1.0000   1.0000
   1.0000   1.0000   1.0000
   1.0000   1.0000   1.0000
   1.0000   1.0000   1.0000
   1.0000   1.0000   1.0000
   1.0000   1.0000   1.0000
   1.0000   1.0000   1.0000
   1.0000   1.0000   1.0000
   1.0000   1.0000   1.0000
   1.0000   1.0000   1.0000
   1.0000   1.0000   1.0000
   1.0000   1.0000   1.0000
   1.0000   1.0000   1.0000
   1.0000   1.0000   1.0000
   1.0000   1.0000   1.0000
   1.0000   1.0000   1.0000
   1.0000   1.0000   1.0000
   1.0000   1.0000   1.0000
   1.0000   1.0000   1.0000
   1.0000   1.0000   1.0000
   1.0000   1.0000   1.0000
   1.0000   1.0000   1.0000
   1.0000   1.0000   1.0000
   1.0000   1.0000   1.0000
   1.0000   1.0000   1.0000
   1.0000   1.0000   1.0000
   1.0000   1.0000   1.0000
   1.0000   1.0000   1.0000
   1.0000   1.0000   1.0000
   1.0000   1.0000   1.0000
   1.0000   1.0000   1.0000
   1.0000   1.0000   1.0000
   1.0000   1.0000   1.0000
   1.0000   1.0000   1.0000
   1.0000   1.0000   1.0000
   1.0000   1.0000   1.0000
   1.0000   1.0000   1.0000
   1.0000   1.0000   1.0000
   1.0000   1.0000   1.0000
   1.0000   1.0000   1.0000
   1.0000   1.0000   1.0000
   1.0000   1.0000   1.0000
   1.0000   1.0000   1.0000

applying weight : 1
applying weight : 1
applying weight : 1
Here are the weights in c++ : 
   1.0000   1.0000   1.0000
   1.0000   1.0000   1.0000
   1.0000   1.0000   1.0000
   1.0000   1.0000   1.0000
   1.0000   1.0000   1.0000
   1.0000   1.0000   1.0000
   1.0000   1.0000   1.0000
   1.0000   1.0000   1.0000
   1.0000   1.0000   1.0000
   1.0000   1.0000   1.0000
   1.0000   1.0000   1.0000
   1.0000   1.0000   1.0000
   1.0000   1.0000   1.0000
   1.0000   1.0000   1.0000
   1.0000   1.0000   1.0000
   1.0000   1.0000   1.0000
   1.0000   1.0000   1.0000
   1.0000   1.0000   1.0000
   1.0000   1.0000   1.0000
   1.0000   1.0000   1.0000
   1.0000   1.0000   1.0000
   1.0000   1.0000   1.0000
   1.0000   1.0000   1.0000
   1.0000   1.0000   1.0000
   1.0000   1.0000   1.0000
   1.0000   1.0000   1.0000
   1.0000   1.0000   1.0000
   1.0000   1.0000   1.0000
   1.0000   1.0000   1.0000
   1.0000   1.0000   1.0000
   1.0000   1.0000   1.0000
   1.0000   1.0000   1.0000
   1.0000   1.0000   1.0000
   1.0000   1.0000   1.0000
   1.0000   1.0000   1.0000
   1.0000   1.0000   1.0000
   1.0000   1.0000   1.0000
   1.0000   1.0000   1.0000
   1.0000   1.0000   1.0000
   1.0000   1.0000   1.0000
   1.0000   1.0000   1.0000
   1.0000   1.0000   1.0000
   1.0000   1.0000   1.0000
   1.0000   1.0000   1.0000
   1.0000   1.0000   1.0000
   1.0000   1.0000   1.0000
   1.0000   1.0000   1.0000
   1.0000   1.0000   1.0000
   1.0000   1.0000   1.0000
   1.0000   1.0000   1.0000
   1.0000   1.0000   1.0000
   1.0000   1.0000   1.0000
   1.0000   1.0000   1.0000
   1.0000   1.0000   1.0000
   1.0000   1.0000   1.0000
   1.0000   1.0000   1.0000
   1.0000   1.0000   1.0000

applying weight : 1
applying weight : 1
applying weight : 1
Here are the weights in c++ : 
   1.0000   1.0000   1.0000
   1.0000   1.0000   1.0000
   1.0000   1.0000   1.0000
   1.0000   1.0000   1.0000
   1.0000   1.0000   1.0000
   1.0000   1.0000   1.0000
   1.0000   1.0000   1.0000
   1.0000   1.0000   1.0000
   1.0000   1.0000   1.0000
   1.0000   1.0000   1.0000
   1.0000   1.0000   1.0000
   1.0000   1.0000   1.0000
   1.0000   1.0000   1.0000
   1.0000   1.0000   1.0000
   1.0000   1.0000   1.0000
   1.0000   1.0000   1.0000
   1.0000   1.0000   1.0000
   1.0000   1.0000   1.0000
   1.0000   1.0000   1.0000
   1.0000   1.0000   1.0000
   1.0000   1.0000   1.0000
   1.0000   1.0000   1.0000
   1.0000   1.0000   1.0000
   1.0000   1.0000   1.0000
   1.0000   1.0000   1.0000
   1.0000   1.0000   1.0000
   1.0000   1.0000   1.0000
   1.0000   1.0000   1.0000
   1.0000   1.0000   1.0000
   1.0000   1.0000   1.0000
   1.0000   1.0000   1.0000
   1.0000   1.0000   1.0000
   1.0000   1.0000   1.0000
   1.0000   1.0000   1.0000
   1.0000   1.0000   1.0000
   1.0000   1.0000   1.0000
   1.0000   1.0000   1.0000
   1.0000   1.0000   1.0000
   1.0000   1.0000   1.0000
   1.0000   1.0000   1.0000
   1.0000   1.0000   1.0000
   1.0000   1.0000   1.0000
   1.0000   1.0000   1.0000
   1.0000   1.0000   1.0000
   1.0000   1.0000   1.0000
   1.0000   1.0000   1.0000
   1.0000   1.0000   1.0000
   1.0000   1.0000   1.0000
   1.0000   1.0000   1.0000
   1.0000   1.0000   1.0000
   1.0000   1.0000   1.0000
   1.0000   1.0000   1.0000
   1.0000   1.0000   1.0000
   1.0000   1.0000   1.0000
   1.0000   1.0000   1.0000
   1.0000   1.0000   1.0000
   1.0000   1.0000   1.0000

applying weight : 1
applying weight : 1
applying weight : 1
Here are the weights in c++ : 
   1.0000   1.0000   1.0000
   1.0000   1.0000   1.0000
   1.0000   1.0000   1.0000
   1.0000   1.0000   1.0000
   1.0000   1.0000   1.0000
   1.0000   1.0000   1.0000
   1.0000   1.0000   1.0000
   1.0000   1.0000   1.0000
   1.0000   1.0000   1.0000
   1.0000   1.0000   1.0000
   1.0000   1.0000   1.0000
   1.0000   1.0000   1.0000
   1.0000   1.0000   1.0000
   1.0000   1.0000   1.0000
   1.0000   1.0000   1.0000
   1.0000   1.0000   1.0000
   1.0000   1.0000   1.0000
   1.0000   1.0000   1.0000
   1.0000   1.0000   1.0000
   1.0000   1.0000   1.0000
   1.0000   1.0000   1.0000
   1.0000   1.0000   1.0000
   1.0000   1.0000   1.0000
   1.0000   1.0000   1.0000
   1.0000   1.0000   1.0000
   1.0000   1.0000   1.0000
   1.0000   1.0000   1.0000
   1.0000   1.0000   1.0000
   1.0000   1.0000   1.0000
   1.0000   1.0000   1.0000
   1.0000   1.0000   1.0000
   1.0000   1.0000   1.0000
   1.0000   1.0000   1.0000
   1.0000   1.0000   1.0000
   1.0000   1.0000   1.0000
   1.0000   1.0000   1.0000
   1.0000   1.0000   1.0000
   1.0000   1.0000   1.0000
   1.0000   1.0000   1.0000
   1.0000   1.0000   1.0000
   1.0000   1.0000   1.0000
   1.0000   1.0000   1.0000
   1.0000   1.0000   1.0000
   1.0000   1.0000   1.0000
   1.0000   1.0000   1.0000
   1.0000   1.0000   1.0000
   1.0000   1.0000   1.0000
   1.0000   1.0000   1.0000
   1.0000   1.0000   1.0000
   1.0000   1.0000   1.0000
   1.0000   1.0000   1.0000
   1.0000   1.0000   1.0000
   1.0000   1.0000   1.0000
   1.0000   1.0000   1.0000
   1.0000   1.0000   1.0000
   1.0000   1.0000   1.0000
   1.0000   1.0000   1.0000

applying weight : 1
applying weight : 1
applying weight : 1
Here are the weights in c++ : 
   1.0000   1.0000   1.0000
   1.0000   1.0000   1.0000
   1.0000   1.0000   1.0000
   1.0000   1.0000   1.0000
   1.0000   1.0000   1.0000
   1.0000   1.0000   1.0000
   1.0000   1.0000   1.0000
   1.0000   1.0000   1.0000
   1.0000   1.0000   1.0000
   1.0000   1.0000   1.0000
   1.0000   1.0000   1.0000
   1.0000   1.0000   1.0000
   1.0000   1.0000   1.0000
   1.0000   1.0000   1.0000
   1.0000   1.0000   1.0000
   1.0000   1.0000   1.0000
   1.0000   1.0000   1.0000
   1.0000   1.0000   1.0000
   1.0000   1.0000   1.0000
   1.0000   1.0000   1.0000
   1.0000   1.0000   1.0000
   1.0000   1.0000   1.0000
   1.0000   1.0000   1.0000
   1.0000   1.0000   1.0000
   1.0000   1.0000   1.0000
   1.0000   1.0000   1.0000
   1.0000   1.0000   1.0000
   1.0000   1.0000   1.0000
   1.0000   1.0000   1.0000
   1.0000   1.0000   1.0000
   1.0000   1.0000   1.0000
   1.0000   1.0000   1.0000
   1.0000   1.0000   1.0000
   1.0000   1.0000   1.0000
   1.0000   1.0000   1.0000
   1.0000   1.0000   1.0000
   1.0000   1.0000   1.0000
   1.0000   1.0000   1.0000
   1.0000   1.0000   1.0000
   1.0000   1.0000   1.0000
   1.0000   1.0000   1.0000
   1.0000   1.0000   1.0000
   1.0000   1.0000   1.0000
   1.0000   1.0000   1.0000
   1.0000   1.0000   1.0000
   1.0000   1.0000   1.0000
   1.0000   1.0000   1.0000
   1.0000   1.0000   1.0000
   1.0000   1.0000   1.0000
   1.0000   1.0000   1.0000
   1.0000   1.0000   1.0000
   1.0000   1.0000   1.0000
   1.0000   1.0000   1.0000
   1.0000   1.0000   1.0000
   1.0000   1.0000   1.0000
   1.0000   1.0000   1.0000
   1.0000   1.0000   1.0000

applying weight : 1
applying weight : 1
applying weight : 1
Here are the weights in c++ : 
   1.0000   1.0000   1.0000
   1.0000   1.0000   1.0000
   1.0000   1.0000   1.0000
   1.0000   1.0000   1.0000
   1.0000   1.0000   1.0000
   1.0000   1.0000   1.0000
   1.0000   1.0000   1.0000
   1.0000   1.0000   1.0000
   1.0000   1.0000   1.0000
   1.0000   1.0000   1.0000
   1.0000   1.0000   1.0000
   1.0000   1.0000   1.0000
   1.0000   1.0000   1.0000
   1.0000   1.0000   1.0000
   1.0000   1.0000   1.0000
   1.0000   1.0000   1.0000
   1.0000   1.0000   1.0000
   1.0000   1.0000   1.0000
   1.0000   1.0000   1.0000
   1.0000   1.0000   1.0000
   1.0000   1.0000   1.0000
   1.0000   1.0000   1.0000
   1.0000   1.0000   1.0000
   1.0000   1.0000   1.0000
   1.0000   1.0000   1.0000
   1.0000   1.0000   1.0000
   1.0000   1.0000   1.0000
   1.0000   1.0000   1.0000
   1.0000   1.0000   1.0000
   1.0000   1.0000   1.0000
   1.0000   1.0000   1.0000
   1.0000   1.0000   1.0000
   1.0000   1.0000   1.0000
   1.0000   1.0000   1.0000
   1.0000   1.0000   1.0000
   1.0000   1.0000   1.0000
   1.0000   1.0000   1.0000
   1.0000   1.0000   1.0000
   1.0000   1.0000   1.0000
   1.0000   1.0000   1.0000
   1.0000   1.0000   1.0000
   1.0000   1.0000   1.0000
   1.0000   1.0000   1.0000
   1.0000   1.0000   1.0000
   1.0000   1.0000   1.0000
   1.0000   1.0000   1.0000
   1.0000   1.0000   1.0000
   1.0000   1.0000   1.0000
   1.0000   1.0000   1.0000
   1.0000   1.0000   1.0000
   1.0000   1.0000   1.0000
   1.0000   1.0000   1.0000
   1.0000   1.0000   1.0000
   1.0000   1.0000   1.0000
   1.0000   1.0000   1.0000
   1.0000   1.0000   1.0000
   1.0000   1.0000   1.0000

applying weight : 1
applying weight : 1
applying weight : 1
Here are the weights in c++ : 
   1.0000   1.0000   1.0000
   1.0000   1.0000   1.0000
   1.0000   1.0000   1.0000
   1.0000   1.0000   1.0000
   1.0000   1.0000   1.0000
   1.0000   1.0000   1.0000
   1.0000   1.0000   1.0000
   1.0000   1.0000   1.0000
   1.0000   1.0000   1.0000
   1.0000   1.0000   1.0000
   1.0000   1.0000   1.0000
   1.0000   1.0000   1.0000
   1.0000   1.0000   1.0000
   1.0000   1.0000   1.0000
   1.0000   1.0000   1.0000
   1.0000   1.0000   1.0000
   1.0000   1.0000   1.0000
   1.0000   1.0000   1.0000
   1.0000   1.0000   1.0000
   1.0000   1.0000   1.0000
   1.0000   1.0000   1.0000
   1.0000   1.0000   1.0000
   1.0000   1.0000   1.0000
   1.0000   1.0000   1.0000
   1.0000   1.0000   1.0000
   1.0000   1.0000   1.0000
   1.0000   1.0000   1.0000
   1.0000   1.0000   1.0000
   1.0000   1.0000   1.0000
   1.0000   1.0000   1.0000
   1.0000   1.0000   1.0000
   1.0000   1.0000   1.0000
   1.0000   1.0000   1.0000
   1.0000   1.0000   1.0000
   1.0000   1.0000   1.0000
   1.0000   1.0000   1.0000
   1.0000   1.0000   1.0000
   1.0000   1.0000   1.0000
   1.0000   1.0000   1.0000
   1.0000   1.0000   1.0000
   1.0000   1.0000   1.0000
   1.0000   1.0000   1.0000
   1.0000   1.0000   1.0000
   1.0000   1.0000   1.0000
   1.0000   1.0000   1.0000
   1.0000   1.0000   1.0000
   1.0000   1.0000   1.0000
   1.0000   1.0000   1.0000
   1.0000   1.0000   1.0000
   1.0000   1.0000   1.0000
   1.0000   1.0000   1.0000
   1.0000   1.0000   1.0000
   1.0000   1.0000   1.0000
   1.0000   1.0000   1.0000
   1.0000   1.0000   1.0000
   1.0000   1.0000   1.0000
   1.0000   1.0000   1.0000

applying weight : 1
applying weight : 1
applying weight : 1
Here are the weights in c++ : 
   1.0000   1.0000   1.0000
   1.0000   1.0000   1.0000
   1.0000   1.0000   1.0000
   1.0000   1.0000   1.0000
   1.0000   1.0000   1.0000
   1.0000   1.0000   1.0000
   1.0000   1.0000   1.0000
   1.0000   1.0000   1.0000
   1.0000   1.0000   1.0000
   1.0000   1.0000   1.0000
   1.0000   1.0000   1.0000
   1.0000   1.0000   1.0000
   1.0000   1.0000   1.0000
   1.0000   1.0000   1.0000
   1.0000   1.0000   1.0000
   1.0000   1.0000   1.0000
   1.0000   1.0000   1.0000
   1.0000   1.0000   1.0000
   1.0000   1.0000   1.0000
   1.0000   1.0000   1.0000
   1.0000   1.0000   1.0000
   1.0000   1.0000   1.0000
   1.0000   1.0000   1.0000
   1.0000   1.0000   1.0000
   1.0000   1.0000   1.0000
   1.0000   1.0000   1.0000
   1.0000   1.0000   1.0000
   1.0000   1.0000   1.0000
   1.0000   1.0000   1.0000
   1.0000   1.0000   1.0000
   1.0000   1.0000   1.0000
   1.0000   1.0000   1.0000
   1.0000   1.0000   1.0000
   1.0000   1.0000   1.0000
   1.0000   1.0000   1.0000
   1.0000   1.0000   1.0000
   1.0000   1.0000   1.0000
   1.0000   1.0000   1.0000
   1.0000   1.0000   1.0000
   1.0000   1.0000   1.0000
   1.0000   1.0000   1.0000
   1.0000   1.0000   1.0000
   1.0000   1.0000   1.0000
   1.0000   1.0000   1.0000
   1.0000   1.0000   1.0000
   1.0000   1.0000   1.0000
   1.0000   1.0000   1.0000
   1.0000   1.0000   1.0000
   1.0000   1.0000   1.0000
   1.0000   1.0000   1.0000
   1.0000   1.0000   1.0000
   1.0000   1.0000   1.0000
   1.0000   1.0000   1.0000
   1.0000   1.0000   1.0000
   1.0000   1.0000   1.0000
   1.0000   1.0000   1.0000
   1.0000   1.0000   1.0000

applying weight : 1
applying weight : 1
applying weight : 1
Here are the weights in c++ : 
   1.0000   1.0000   1.0000
   1.0000   1.0000   1.0000
   1.0000   1.0000   1.0000
   1.0000   1.0000   1.0000
   1.0000   1.0000   1.0000
   1.0000   1.0000   1.0000
   1.0000   1.0000   1.0000
   1.0000   1.0000   1.0000
   1.0000   1.0000   1.0000
   1.0000   1.0000   1.0000
   1.0000   1.0000   1.0000
   1.0000   1.0000   1.0000
   1.0000   1.0000   1.0000
   1.0000   1.0000   1.0000
   1.0000   1.0000   1.0000
   1.0000   1.0000   1.0000
   1.0000   1.0000   1.0000
   1.0000   1.0000   1.0000
   1.0000   1.0000   1.0000
   1.0000   1.0000   1.0000
   1.0000   1.0000   1.0000
   1.0000   1.0000   1.0000
   1.0000   1.0000   1.0000
   1.0000   1.0000   1.0000
   1.0000   1.0000   1.0000
   1.0000   1.0000   1.0000
   1.0000   1.0000   1.0000
   1.0000   1.0000   1.0000
   1.0000   1.0000   1.0000
   1.0000   1.0000   1.0000
   1.0000   1.0000   1.0000
   1.0000   1.0000   1.0000
   1.0000   1.0000   1.0000
   1.0000   1.0000   1.0000
   1.0000   1.0000   1.0000
   1.0000   1.0000   1.0000
   1.0000   1.0000   1.0000
   1.0000   1.0000   1.0000
   1.0000   1.0000   1.0000
   1.0000   1.0000   1.0000
   1.0000   1.0000   1.0000
   1.0000   1.0000   1.0000
   1.0000   1.0000   1.0000
   1.0000   1.0000   1.0000
   1.0000   1.0000   1.0000
   1.0000   1.0000   1.0000
   1.0000   1.0000   1.0000
   1.0000   1.0000   1.0000
   1.0000   1.0000   1.0000
   1.0000   1.0000   1.0000
   1.0000   1.0000   1.0000
   1.0000   1.0000   1.0000
   1.0000   1.0000   1.0000
   1.0000   1.0000   1.0000
   1.0000   1.0000   1.0000
   1.0000   1.0000   1.0000
   1.0000   1.0000   1.0000

applying weight : 1
applying weight : 1
applying weight : 1
Here are the weights in c++ : 
   1.0000   1.0000   1.0000
   1.0000   1.0000   1.0000
   1.0000   1.0000   1.0000
   1.0000   1.0000   1.0000
   1.0000   1.0000   1.0000
   1.0000   1.0000   1.0000
   1.0000   1.0000   1.0000
   1.0000   1.0000   1.0000
   1.0000   1.0000   1.0000
   1.0000   1.0000   1.0000
   1.0000   1.0000   1.0000
   1.0000   1.0000   1.0000
   1.0000   1.0000   1.0000
   1.0000   1.0000   1.0000
   1.0000   1.0000   1.0000
   1.0000   1.0000   1.0000
   1.0000   1.0000   1.0000
   1.0000   1.0000   1.0000
   1.0000   1.0000   1.0000
   1.0000   1.0000   1.0000
   1.0000   1.0000   1.0000
   1.0000   1.0000   1.0000
   1.0000   1.0000   1.0000
   1.0000   1.0000   1.0000
   1.0000   1.0000   1.0000
   1.0000   1.0000   1.0000
   1.0000   1.0000   1.0000
   1.0000   1.0000   1.0000
   1.0000   1.0000   1.0000
   1.0000   1.0000   1.0000
   1.0000   1.0000   1.0000
   1.0000   1.0000   1.0000
   1.0000   1.0000   1.0000
   1.0000   1.0000   1.0000
   1.0000   1.0000   1.0000
   1.0000   1.0000   1.0000
   1.0000   1.0000   1.0000
   1.0000   1.0000   1.0000
   1.0000   1.0000   1.0000
   1.0000   1.0000   1.0000
   1.0000   1.0000   1.0000
   1.0000   1.0000   1.0000
   1.0000   1.0000   1.0000
   1.0000   1.0000   1.0000
   1.0000   1.0000   1.0000
   1.0000   1.0000   1.0000
   1.0000   1.0000   1.0000
   1.0000   1.0000   1.0000
   1.0000   1.0000   1.0000
   1.0000   1.0000   1.0000
   1.0000   1.0000   1.0000
   1.0000   1.0000   1.0000
   1.0000   1.0000   1.0000
   1.0000   1.0000   1.0000
   1.0000   1.0000   1.0000
   1.0000   1.0000   1.0000
   1.0000   1.0000   1.0000

applying weight : 1
applying weight : 1
applying weight : 1
Here are the weights in c++ : 
   1.0000   1.0000   1.0000
   1.0000   1.0000   1.0000
   1.0000   1.0000   1.0000
   1.0000   1.0000   1.0000
   1.0000   1.0000   1.0000
   1.0000   1.0000   1.0000
   1.0000   1.0000   1.0000
   1.0000   1.0000   1.0000
   1.0000   1.0000   1.0000
   1.0000   1.0000   1.0000
   1.0000   1.0000   1.0000
   1.0000   1.0000   1.0000
   1.0000   1.0000   1.0000
   1.0000   1.0000   1.0000
   1.0000   1.0000   1.0000
   1.0000   1.0000   1.0000
   1.0000   1.0000   1.0000
   1.0000   1.0000   1.0000
   1.0000   1.0000   1.0000
   1.0000   1.0000   1.0000
   1.0000   1.0000   1.0000
   1.0000   1.0000   1.0000
   1.0000   1.0000   1.0000
   1.0000   1.0000   1.0000
   1.0000   1.0000   1.0000
   1.0000   1.0000   1.0000
   1.0000   1.0000   1.0000
   1.0000   1.0000   1.0000
   1.0000   1.0000   1.0000
   1.0000   1.0000   1.0000
   1.0000   1.0000   1.0000
   1.0000   1.0000   1.0000
   1.0000   1.0000   1.0000
   1.0000   1.0000   1.0000
   1.0000   1.0000   1.0000
   1.0000   1.0000   1.0000
   1.0000   1.0000   1.0000
   1.0000   1.0000   1.0000
   1.0000   1.0000   1.0000
   1.0000   1.0000   1.0000
   1.0000   1.0000   1.0000
   1.0000   1.0000   1.0000
   1.0000   1.0000   1.0000
   1.0000   1.0000   1.0000
   1.0000   1.0000   1.0000
   1.0000   1.0000   1.0000
   1.0000   1.0000   1.0000
   1.0000   1.0000   1.0000
   1.0000   1.0000   1.0000
   1.0000   1.0000   1.0000
   1.0000   1.0000   1.0000
   1.0000   1.0000   1.0000
   1.0000   1.0000   1.0000
   1.0000   1.0000   1.0000
   1.0000   1.0000   1.0000
   1.0000   1.0000   1.0000
   1.0000   1.0000   1.0000

applying weight : 1
applying weight : 1
applying weight : 1
Here are the weights in c++ : 
   1.0000   1.0000   1.0000
   1.0000   1.0000   1.0000
   1.0000   1.0000   1.0000
   1.0000   1.0000   1.0000
   1.0000   1.0000   1.0000
   1.0000   1.0000   1.0000
   1.0000   1.0000   1.0000
   1.0000   1.0000   1.0000
   1.0000   1.0000   1.0000
   1.0000   1.0000   1.0000
   1.0000   1.0000   1.0000
   1.0000   1.0000   1.0000
   1.0000   1.0000   1.0000
   1.0000   1.0000   1.0000
   1.0000   1.0000   1.0000
   1.0000   1.0000   1.0000
   1.0000   1.0000   1.0000
   1.0000   1.0000   1.0000
   1.0000   1.0000   1.0000
   1.0000   1.0000   1.0000
   1.0000   1.0000   1.0000
   1.0000   1.0000   1.0000
   1.0000   1.0000   1.0000
   1.0000   1.0000   1.0000
   1.0000   1.0000   1.0000
   1.0000   1.0000   1.0000
   1.0000   1.0000   1.0000
   1.0000   1.0000   1.0000
   1.0000   1.0000   1.0000
   1.0000   1.0000   1.0000
   1.0000   1.0000   1.0000
   1.0000   1.0000   1.0000
   1.0000   1.0000   1.0000
   1.0000   1.0000   1.0000
   1.0000   1.0000   1.0000
   1.0000   1.0000   1.0000
   1.0000   1.0000   1.0000
   1.0000   1.0000   1.0000
   1.0000   1.0000   1.0000
   1.0000   1.0000   1.0000
   1.0000   1.0000   1.0000
   1.0000   1.0000   1.0000
   1.0000   1.0000   1.0000
   1.0000   1.0000   1.0000
   1.0000   1.0000   1.0000
   1.0000   1.0000   1.0000
   1.0000   1.0000   1.0000
   1.0000   1.0000   1.0000
   1.0000   1.0000   1.0000
   1.0000   1.0000   1.0000
   1.0000   1.0000   1.0000
   1.0000   1.0000   1.0000
   1.0000   1.0000   1.0000
   1.0000   1.0000   1.0000
   1.0000   1.0000   1.0000
   1.0000   1.0000   1.0000
   1.0000   1.0000   1.0000

applying weight : 1
applying weight : 1
applying weight : 1
Here are the weights in c++ : 
   1.0000   1.0000   1.0000
   1.0000   1.0000   1.0000
   1.0000   1.0000   1.0000
   1.0000   1.0000   1.0000
   1.0000   1.0000   1.0000
   1.0000   1.0000   1.0000
   1.0000   1.0000   1.0000
   1.0000   1.0000   1.0000
   1.0000   1.0000   1.0000
   1.0000   1.0000   1.0000
   1.0000   1.0000   1.0000
   1.0000   1.0000   1.0000
   1.0000   1.0000   1.0000
   1.0000   1.0000   1.0000
   1.0000   1.0000   1.0000
   1.0000   1.0000   1.0000
   1.0000   1.0000   1.0000
   1.0000   1.0000   1.0000
   1.0000   1.0000   1.0000
   1.0000   1.0000   1.0000
   1.0000   1.0000   1.0000
   1.0000   1.0000   1.0000
   1.0000   1.0000   1.0000
   1.0000   1.0000   1.0000
   1.0000   1.0000   1.0000
   1.0000   1.0000   1.0000
   1.0000   1.0000   1.0000
   1.0000   1.0000   1.0000
   1.0000   1.0000   1.0000
   1.0000   1.0000   1.0000
   1.0000   1.0000   1.0000
   1.0000   1.0000   1.0000
   1.0000   1.0000   1.0000
   1.0000   1.0000   1.0000
   1.0000   1.0000   1.0000
   1.0000   1.0000   1.0000
   1.0000   1.0000   1.0000
   1.0000   1.0000   1.0000
   1.0000   1.0000   1.0000
   1.0000   1.0000   1.0000
   1.0000   1.0000   1.0000
   1.0000   1.0000   1.0000
   1.0000   1.0000   1.0000
   1.0000   1.0000   1.0000
   1.0000   1.0000   1.0000
   1.0000   1.0000   1.0000
   1.0000   1.0000   1.0000
   1.0000   1.0000   1.0000
   1.0000   1.0000   1.0000
   1.0000   1.0000   1.0000
   1.0000   1.0000   1.0000
   1.0000   1.0000   1.0000
   1.0000   1.0000   1.0000
   1.0000   1.0000   1.0000
   1.0000   1.0000   1.0000
   1.0000   1.0000   1.0000
   1.0000   1.0000   1.0000

applying weight : 1
applying weight : 1
applying weight : 1
Here are the weights in c++ : 
   1.0000   1.0000   1.0000
   1.0000   1.0000   1.0000
   1.0000   1.0000   1.0000
   1.0000   1.0000   1.0000
   1.0000   1.0000   1.0000
   1.0000   1.0000   1.0000
   1.0000   1.0000   1.0000
   1.0000   1.0000   1.0000
   1.0000   1.0000   1.0000
   1.0000   1.0000   1.0000
   1.0000   1.0000   1.0000
   1.0000   1.0000   1.0000
   1.0000   1.0000   1.0000
   1.0000   1.0000   1.0000
   1.0000   1.0000   1.0000
   1.0000   1.0000   1.0000
   1.0000   1.0000   1.0000
   1.0000   1.0000   1.0000
   1.0000   1.0000   1.0000
   1.0000   1.0000   1.0000
   1.0000   1.0000   1.0000
   1.0000   1.0000   1.0000
   1.0000   1.0000   1.0000
   1.0000   1.0000   1.0000
   1.0000   1.0000   1.0000
   1.0000   1.0000   1.0000
   1.0000   1.0000   1.0000
   1.0000   1.0000   1.0000
   1.0000   1.0000   1.0000
   1.0000   1.0000   1.0000
   1.0000   1.0000   1.0000
   1.0000   1.0000   1.0000
   1.0000   1.0000   1.0000
   1.0000   1.0000   1.0000
   1.0000   1.0000   1.0000
   1.0000   1.0000   1.0000
   1.0000   1.0000   1.0000
   1.0000   1.0000   1.0000
   1.0000   1.0000   1.0000
   1.0000   1.0000   1.0000
   1.0000   1.0000   1.0000
   1.0000   1.0000   1.0000
   1.0000   1.0000   1.0000
   1.0000   1.0000   1.0000
   1.0000   1.0000   1.0000
   1.0000   1.0000   1.0000
   1.0000   1.0000   1.0000
   1.0000   1.0000   1.0000
   1.0000   1.0000   1.0000
   1.0000   1.0000   1.0000
   1.0000   1.0000   1.0000
   1.0000   1.0000   1.0000
   1.0000   1.0000   1.0000
   1.0000   1.0000   1.0000
   1.0000   1.0000   1.0000
   1.0000   1.0000   1.0000
   1.0000   1.0000   1.0000

applying weight : 1
applying weight : 1
applying weight : 1
Here are the weights in c++ : 
   1.0000   1.0000   1.0000
   1.0000   1.0000   1.0000
   1.0000   1.0000   1.0000
   1.0000   1.0000   1.0000
   1.0000   1.0000   1.0000
   1.0000   1.0000   1.0000
   1.0000   1.0000   1.0000
   1.0000   1.0000   1.0000
   1.0000   1.0000   1.0000
   1.0000   1.0000   1.0000
   1.0000   1.0000   1.0000
   1.0000   1.0000   1.0000
   1.0000   1.0000   1.0000
   1.0000   1.0000   1.0000
   1.0000   1.0000   1.0000
   1.0000   1.0000   1.0000
   1.0000   1.0000   1.0000
   1.0000   1.0000   1.0000
   1.0000   1.0000   1.0000
   1.0000   1.0000   1.0000
   1.0000   1.0000   1.0000
   1.0000   1.0000   1.0000
   1.0000   1.0000   1.0000
   1.0000   1.0000   1.0000
   1.0000   1.0000   1.0000
   1.0000   1.0000   1.0000
   1.0000   1.0000   1.0000
   1.0000   1.0000   1.0000
   1.0000   1.0000   1.0000
   1.0000   1.0000   1.0000
   1.0000   1.0000   1.0000
   1.0000   1.0000   1.0000
   1.0000   1.0000   1.0000
   1.0000   1.0000   1.0000
   1.0000   1.0000   1.0000
   1.0000   1.0000   1.0000
   1.0000   1.0000   1.0000
   1.0000   1.0000   1.0000
   1.0000   1.0000   1.0000
   1.0000   1.0000   1.0000
   1.0000   1.0000   1.0000
   1.0000   1.0000   1.0000
   1.0000   1.0000   1.0000
   1.0000   1.0000   1.0000
   1.0000   1.0000   1.0000
   1.0000   1.0000   1.0000
   1.0000   1.0000   1.0000
   1.0000   1.0000   1.0000
   1.0000   1.0000   1.0000
   1.0000   1.0000   1.0000
   1.0000   1.0000   1.0000
   1.0000   1.0000   1.0000
   1.0000   1.0000   1.0000
   1.0000   1.0000   1.0000
   1.0000   1.0000   1.0000
   1.0000   1.0000   1.0000
   1.0000   1.0000   1.0000

applying weight : 1
applying weight : 1
applying weight : 1
Here are the weights in c++ : 
   1.0000   1.0000   1.0000
   1.0000   1.0000   1.0000
   1.0000   1.0000   1.0000
   1.0000   1.0000   1.0000
   1.0000   1.0000   1.0000
   1.0000   1.0000   1.0000
   1.0000   1.0000   1.0000
   1.0000   1.0000   1.0000
   1.0000   1.0000   1.0000
   1.0000   1.0000   1.0000
   1.0000   1.0000   1.0000
   1.0000   1.0000   1.0000
   1.0000   1.0000   1.0000
   1.0000   1.0000   1.0000
   1.0000   1.0000   1.0000
   1.0000   1.0000   1.0000
   1.0000   1.0000   1.0000
   1.0000   1.0000   1.0000
   1.0000   1.0000   1.0000
   1.0000   1.0000   1.0000
   1.0000   1.0000   1.0000
   1.0000   1.0000   1.0000
   1.0000   1.0000   1.0000
   1.0000   1.0000   1.0000
   1.0000   1.0000   1.0000
   1.0000   1.0000   1.0000
   1.0000   1.0000   1.0000
   1.0000   1.0000   1.0000
   1.0000   1.0000   1.0000
   1.0000   1.0000   1.0000
   1.0000   1.0000   1.0000
   1.0000   1.0000   1.0000
   1.0000   1.0000   1.0000
   1.0000   1.0000   1.0000
   1.0000   1.0000   1.0000
   1.0000   1.0000   1.0000
   1.0000   1.0000   1.0000
   1.0000   1.0000   1.0000
   1.0000   1.0000   1.0000
   1.0000   1.0000   1.0000
   1.0000   1.0000   1.0000
   1.0000   1.0000   1.0000
   1.0000   1.0000   1.0000
   1.0000   1.0000   1.0000
   1.0000   1.0000   1.0000
   1.0000   1.0000   1.0000
   1.0000   1.0000   1.0000
   1.0000   1.0000   1.0000
   1.0000   1.0000   1.0000
   1.0000   1.0000   1.0000
   1.0000   1.0000   1.0000
   1.0000   1.0000   1.0000
   1.0000   1.0000   1.0000
   1.0000   1.0000   1.0000
   1.0000   1.0000   1.0000
   1.0000   1.0000   1.0000
   1.0000   1.0000   1.0000

applying weight : 1
applying weight : 1
applying weight : 1
Here are the weights in c++ : 
   1.0000   1.0000   1.0000
   1.0000   1.0000   1.0000
   1.0000   1.0000   1.0000
   1.0000   1.0000   1.0000
   1.0000   1.0000   1.0000
   1.0000   1.0000   1.0000
   1.0000   1.0000   1.0000
   1.0000   1.0000   1.0000
   1.0000   1.0000   1.0000
   1.0000   1.0000   1.0000
   1.0000   1.0000   1.0000
   1.0000   1.0000   1.0000
   1.0000   1.0000   1.0000
   1.0000   1.0000   1.0000
   1.0000   1.0000   1.0000
   1.0000   1.0000   1.0000
   1.0000   1.0000   1.0000
   1.0000   1.0000   1.0000
   1.0000   1.0000   1.0000
   1.0000   1.0000   1.0000
   1.0000   1.0000   1.0000
   1.0000   1.0000   1.0000
   1.0000   1.0000   1.0000
   1.0000   1.0000   1.0000
   1.0000   1.0000   1.0000
   1.0000   1.0000   1.0000
   1.0000   1.0000   1.0000
   1.0000   1.0000   1.0000
   1.0000   1.0000   1.0000
   1.0000   1.0000   1.0000
   1.0000   1.0000   1.0000
   1.0000   1.0000   1.0000
   1.0000   1.0000   1.0000
   1.0000   1.0000   1.0000
   1.0000   1.0000   1.0000
   1.0000   1.0000   1.0000
   1.0000   1.0000   1.0000
   1.0000   1.0000   1.0000
   1.0000   1.0000   1.0000
   1.0000   1.0000   1.0000
   1.0000   1.0000   1.0000
   1.0000   1.0000   1.0000
   1.0000   1.0000   1.0000
   1.0000   1.0000   1.0000
   1.0000   1.0000   1.0000
   1.0000   1.0000   1.0000
   1.0000   1.0000   1.0000
   1.0000   1.0000   1.0000
   1.0000   1.0000   1.0000
   1.0000   1.0000   1.0000
   1.0000   1.0000   1.0000
   1.0000   1.0000   1.0000
   1.0000   1.0000   1.0000
   1.0000   1.0000   1.0000
   1.0000   1.0000   1.0000
   1.0000   1.0000   1.0000
   1.0000   1.0000   1.0000

applying weight : 1
applying weight : 1
applying weight : 1
Here are the weights in c++ : 
   1.0000   1.0000   1.0000
   1.0000   1.0000   1.0000
   1.0000   1.0000   1.0000
   1.0000   1.0000   1.0000
   1.0000   1.0000   1.0000
   1.0000   1.0000   1.0000
   1.0000   1.0000   1.0000
   1.0000   1.0000   1.0000
   1.0000   1.0000   1.0000
   1.0000   1.0000   1.0000
   1.0000   1.0000   1.0000
   1.0000   1.0000   1.0000
   1.0000   1.0000   1.0000
   1.0000   1.0000   1.0000
   1.0000   1.0000   1.0000
   1.0000   1.0000   1.0000
   1.0000   1.0000   1.0000
   1.0000   1.0000   1.0000
   1.0000   1.0000   1.0000
   1.0000   1.0000   1.0000
   1.0000   1.0000   1.0000
   1.0000   1.0000   1.0000
   1.0000   1.0000   1.0000
   1.0000   1.0000   1.0000
   1.0000   1.0000   1.0000
   1.0000   1.0000   1.0000
   1.0000   1.0000   1.0000
   1.0000   1.0000   1.0000
   1.0000   1.0000   1.0000
   1.0000   1.0000   1.0000
   1.0000   1.0000   1.0000
   1.0000   1.0000   1.0000
   1.0000   1.0000   1.0000
   1.0000   1.0000   1.0000
   1.0000   1.0000   1.0000
   1.0000   1.0000   1.0000
   1.0000   1.0000   1.0000
   1.0000   1.0000   1.0000
   1.0000   1.0000   1.0000
   1.0000   1.0000   1.0000
   1.0000   1.0000   1.0000
   1.0000   1.0000   1.0000
   1.0000   1.0000   1.0000
   1.0000   1.0000   1.0000
   1.0000   1.0000   1.0000
   1.0000   1.0000   1.0000
   1.0000   1.0000   1.0000
   1.0000   1.0000   1.0000
   1.0000   1.0000   1.0000
   1.0000   1.0000   1.0000
   1.0000   1.0000   1.0000
   1.0000   1.0000   1.0000
   1.0000   1.0000   1.0000
   1.0000   1.0000   1.0000
   1.0000   1.0000   1.0000
   1.0000   1.0000   1.0000
   1.0000   1.0000   1.0000

applying weight : 1
applying weight : 1
applying weight : 1
Here are the weights in c++ : 
   1.0000   1.0000   1.0000
   1.0000   1.0000   1.0000
   1.0000   1.0000   1.0000
   1.0000   1.0000   1.0000
   1.0000   1.0000   1.0000
   1.0000   1.0000   1.0000
   1.0000   1.0000   1.0000
   1.0000   1.0000   1.0000
   1.0000   1.0000   1.0000
   1.0000   1.0000   1.0000
   1.0000   1.0000   1.0000
   1.0000   1.0000   1.0000
   1.0000   1.0000   1.0000
   1.0000   1.0000   1.0000
   1.0000   1.0000   1.0000
   1.0000   1.0000   1.0000
   1.0000   1.0000   1.0000
   1.0000   1.0000   1.0000
   1.0000   1.0000   1.0000
   1.0000   1.0000   1.0000
   1.0000   1.0000   1.0000
   1.0000   1.0000   1.0000
   1.0000   1.0000   1.0000
   1.0000   1.0000   1.0000
   1.0000   1.0000   1.0000
   1.0000   1.0000   1.0000
   1.0000   1.0000   1.0000
   1.0000   1.0000   1.0000
   1.0000   1.0000   1.0000
   1.0000   1.0000   1.0000
   1.0000   1.0000   1.0000
   1.0000   1.0000   1.0000
   1.0000   1.0000   1.0000
   1.0000   1.0000   1.0000
   1.0000   1.0000   1.0000
   1.0000   1.0000   1.0000
   1.0000   1.0000   1.0000
   1.0000   1.0000   1.0000
   1.0000   1.0000   1.0000
   1.0000   1.0000   1.0000
   1.0000   1.0000   1.0000
   1.0000   1.0000   1.0000
   1.0000   1.0000   1.0000
   1.0000   1.0000   1.0000
   1.0000   1.0000   1.0000
   1.0000   1.0000   1.0000
   1.0000   1.0000   1.0000
   1.0000   1.0000   1.0000
   1.0000   1.0000   1.0000
   1.0000   1.0000   1.0000
   1.0000   1.0000   1.0000
   1.0000   1.0000   1.0000
   1.0000   1.0000   1.0000
   1.0000   1.0000   1.0000
   1.0000   1.0000   1.0000
   1.0000   1.0000   1.0000
   1.0000   1.0000   1.0000

applying weight : 1
applying weight : 1
applying weight : 1
Here are the weights in c++ : 
   1.0000   1.0000   1.0000
   1.0000   1.0000   1.0000
   1.0000   1.0000   1.0000
   1.0000   1.0000   1.0000
   1.0000   1.0000   1.0000
   1.0000   1.0000   1.0000
   1.0000   1.0000   1.0000
   1.0000   1.0000   1.0000
   1.0000   1.0000   1.0000
   1.0000   1.0000   1.0000
   1.0000   1.0000   1.0000
   1.0000   1.0000   1.0000
   1.0000   1.0000   1.0000
   1.0000   1.0000   1.0000
   1.0000   1.0000   1.0000
   1.0000   1.0000   1.0000
   1.0000   1.0000   1.0000
   1.0000   1.0000   1.0000
   1.0000   1.0000   1.0000
   1.0000   1.0000   1.0000
   1.0000   1.0000   1.0000
   1.0000   1.0000   1.0000
   1.0000   1.0000   1.0000
   1.0000   1.0000   1.0000
   1.0000   1.0000   1.0000
   1.0000   1.0000   1.0000
   1.0000   1.0000   1.0000
   1.0000   1.0000   1.0000
   1.0000   1.0000   1.0000
   1.0000   1.0000   1.0000
   1.0000   1.0000   1.0000
   1.0000   1.0000   1.0000
   1.0000   1.0000   1.0000
   1.0000   1.0000   1.0000
   1.0000   1.0000   1.0000
   1.0000   1.0000   1.0000
   1.0000   1.0000   1.0000
   1.0000   1.0000   1.0000
   1.0000   1.0000   1.0000
   1.0000   1.0000   1.0000
   1.0000   1.0000   1.0000
   1.0000   1.0000   1.0000
   1.0000   1.0000   1.0000
   1.0000   1.0000   1.0000
   1.0000   1.0000   1.0000
   1.0000   1.0000   1.0000
   1.0000   1.0000   1.0000
   1.0000   1.0000   1.0000
   1.0000   1.0000   1.0000
   1.0000   1.0000   1.0000
   1.0000   1.0000   1.0000
   1.0000   1.0000   1.0000
   1.0000   1.0000   1.0000
   1.0000   1.0000   1.0000
   1.0000   1.0000   1.0000
   1.0000   1.0000   1.0000
   1.0000   1.0000   1.0000

applying weight : 1
applying weight : 1
applying weight : 1
Here are the weights in c++ : 
   1.0000   1.0000   1.0000
   1.0000   1.0000   1.0000
   1.0000   1.0000   1.0000
   1.0000   1.0000   1.0000
   1.0000   1.0000   1.0000
   1.0000   1.0000   1.0000
   1.0000   1.0000   1.0000
   1.0000   1.0000   1.0000
   1.0000   1.0000   1.0000
   1.0000   1.0000   1.0000
   1.0000   1.0000   1.0000
   1.0000   1.0000   1.0000
   1.0000   1.0000   1.0000
   1.0000   1.0000   1.0000
   1.0000   1.0000   1.0000
   1.0000   1.0000   1.0000
   1.0000   1.0000   1.0000
   1.0000   1.0000   1.0000
   1.0000   1.0000   1.0000
   1.0000   1.0000   1.0000
   1.0000   1.0000   1.0000
   1.0000   1.0000   1.0000
   1.0000   1.0000   1.0000
   1.0000   1.0000   1.0000
   1.0000   1.0000   1.0000
   1.0000   1.0000   1.0000
   1.0000   1.0000   1.0000
   1.0000   1.0000   1.0000
   1.0000   1.0000   1.0000
   1.0000   1.0000   1.0000
   1.0000   1.0000   1.0000
   1.0000   1.0000   1.0000
   1.0000   1.0000   1.0000
   1.0000   1.0000   1.0000
   1.0000   1.0000   1.0000
   1.0000   1.0000   1.0000
   1.0000   1.0000   1.0000
   1.0000   1.0000   1.0000
   1.0000   1.0000   1.0000
   1.0000   1.0000   1.0000
   1.0000   1.0000   1.0000
   1.0000   1.0000   1.0000
   1.0000   1.0000   1.0000
   1.0000   1.0000   1.0000
   1.0000   1.0000   1.0000
   1.0000   1.0000   1.0000
   1.0000   1.0000   1.0000
   1.0000   1.0000   1.0000
   1.0000   1.0000   1.0000
   1.0000   1.0000   1.0000
   1.0000   1.0000   1.0000
   1.0000   1.0000   1.0000
   1.0000   1.0000   1.0000
   1.0000   1.0000   1.0000
   1.0000   1.0000   1.0000
   1.0000   1.0000   1.0000
   1.0000   1.0000   1.0000

applying weight : 1
applying weight : 1
applying weight : 1
Here are the weights in c++ : 
   1.0000   1.0000   1.0000
   1.0000   1.0000   1.0000
   1.0000   1.0000   1.0000
   1.0000   1.0000   1.0000
   1.0000   1.0000   1.0000
   1.0000   1.0000   1.0000
   1.0000   1.0000   1.0000
   1.0000   1.0000   1.0000
   1.0000   1.0000   1.0000
   1.0000   1.0000   1.0000
   1.0000   1.0000   1.0000
   1.0000   1.0000   1.0000
   1.0000   1.0000   1.0000
   1.0000   1.0000   1.0000
   1.0000   1.0000   1.0000
   1.0000   1.0000   1.0000
   1.0000   1.0000   1.0000
   1.0000   1.0000   1.0000
   1.0000   1.0000   1.0000
   1.0000   1.0000   1.0000
   1.0000   1.0000   1.0000
   1.0000   1.0000   1.0000
   1.0000   1.0000   1.0000
   1.0000   1.0000   1.0000
   1.0000   1.0000   1.0000
   1.0000   1.0000   1.0000
   1.0000   1.0000   1.0000
   1.0000   1.0000   1.0000
   1.0000   1.0000   1.0000
   1.0000   1.0000   1.0000
   1.0000   1.0000   1.0000
   1.0000   1.0000   1.0000
   1.0000   1.0000   1.0000
   1.0000   1.0000   1.0000
   1.0000   1.0000   1.0000
   1.0000   1.0000   1.0000
   1.0000   1.0000   1.0000
   1.0000   1.0000   1.0000
   1.0000   1.0000   1.0000
   1.0000   1.0000   1.0000
   1.0000   1.0000   1.0000
   1.0000   1.0000   1.0000
   1.0000   1.0000   1.0000
   1.0000   1.0000   1.0000
   1.0000   1.0000   1.0000
   1.0000   1.0000   1.0000
   1.0000   1.0000   1.0000
   1.0000   1.0000   1.0000
   1.0000   1.0000   1.0000
   1.0000   1.0000   1.0000
   1.0000   1.0000   1.0000
   1.0000   1.0000   1.0000
   1.0000   1.0000   1.0000
   1.0000   1.0000   1.0000
   1.0000   1.0000   1.0000
   1.0000   1.0000   1.0000
   1.0000   1.0000   1.0000

applying weight : 1
applying weight : 1
applying weight : 1
Here are the weights in c++ : 
   1.0000   1.0000   1.0000
   1.0000   1.0000   1.0000
   1.0000   1.0000   1.0000
   1.0000   1.0000   1.0000
   1.0000   1.0000   1.0000
   1.0000   1.0000   1.0000
   1.0000   1.0000   1.0000
   1.0000   1.0000   1.0000
   1.0000   1.0000   1.0000
   1.0000   1.0000   1.0000
   1.0000   1.0000   1.0000
   1.0000   1.0000   1.0000
   1.0000   1.0000   1.0000
   1.0000   1.0000   1.0000
   1.0000   1.0000   1.0000
   1.0000   1.0000   1.0000
   1.0000   1.0000   1.0000
   1.0000   1.0000   1.0000
   1.0000   1.0000   1.0000
   1.0000   1.0000   1.0000
   1.0000   1.0000   1.0000
   1.0000   1.0000   1.0000
   1.0000   1.0000   1.0000
   1.0000   1.0000   1.0000
   1.0000   1.0000   1.0000
   1.0000   1.0000   1.0000
   1.0000   1.0000   1.0000
   1.0000   1.0000   1.0000
   1.0000   1.0000   1.0000
   1.0000   1.0000   1.0000
   1.0000   1.0000   1.0000
   1.0000   1.0000   1.0000
   1.0000   1.0000   1.0000
   1.0000   1.0000   1.0000
   1.0000   1.0000   1.0000
   1.0000   1.0000   1.0000
   1.0000   1.0000   1.0000
   1.0000   1.0000   1.0000
   1.0000   1.0000   1.0000
   1.0000   1.0000   1.0000
   1.0000   1.0000   1.0000
   1.0000   1.0000   1.0000
   1.0000   1.0000   1.0000
   1.0000   1.0000   1.0000
   1.0000   1.0000   1.0000
   1.0000   1.0000   1.0000
   1.0000   1.0000   1.0000
   1.0000   1.0000   1.0000
   1.0000   1.0000   1.0000
   1.0000   1.0000   1.0000
   1.0000   1.0000   1.0000
   1.0000   1.0000   1.0000
   1.0000   1.0000   1.0000
   1.0000   1.0000   1.0000
   1.0000   1.0000   1.0000
   1.0000   1.0000   1.0000
   1.0000   1.0000   1.0000

applying weight : 1
applying weight : 1
applying weight : 1
Here are the weights in c++ : 
   1.0000   1.0000   1.0000
   1.0000   1.0000   1.0000
   1.0000   1.0000   1.0000
   1.0000   1.0000   1.0000
   1.0000   1.0000   1.0000
   1.0000   1.0000   1.0000
   1.0000   1.0000   1.0000
   1.0000   1.0000   1.0000
   1.0000   1.0000   1.0000
   1.0000   1.0000   1.0000
   1.0000   1.0000   1.0000
   1.0000   1.0000   1.0000
   1.0000   1.0000   1.0000
   1.0000   1.0000   1.0000
   1.0000   1.0000   1.0000
   1.0000   1.0000   1.0000
   1.0000   1.0000   1.0000
   1.0000   1.0000   1.0000
   1.0000   1.0000   1.0000
   1.0000   1.0000   1.0000
   1.0000   1.0000   1.0000
   1.0000   1.0000   1.0000
   1.0000   1.0000   1.0000
   1.0000   1.0000   1.0000
   1.0000   1.0000   1.0000
   1.0000   1.0000   1.0000
   1.0000   1.0000   1.0000
   1.0000   1.0000   1.0000
   1.0000   1.0000   1.0000
   1.0000   1.0000   1.0000
   1.0000   1.0000   1.0000
   1.0000   1.0000   1.0000
   1.0000   1.0000   1.0000
   1.0000   1.0000   1.0000
   1.0000   1.0000   1.0000
   1.0000   1.0000   1.0000
   1.0000   1.0000   1.0000
   1.0000   1.0000   1.0000
   1.0000   1.0000   1.0000
   1.0000   1.0000   1.0000
   1.0000   1.0000   1.0000
   1.0000   1.0000   1.0000
   1.0000   1.0000   1.0000
   1.0000   1.0000   1.0000
   1.0000   1.0000   1.0000
   1.0000   1.0000   1.0000
   1.0000   1.0000   1.0000
   1.0000   1.0000   1.0000
   1.0000   1.0000   1.0000
   1.0000   1.0000   1.0000
   1.0000   1.0000   1.0000
   1.0000   1.0000   1.0000
   1.0000   1.0000   1.0000
   1.0000   1.0000   1.0000
   1.0000   1.0000   1.0000
   1.0000   1.0000   1.0000
   1.0000   1.0000   1.0000

applying weight : 1
applying weight : 1
applying weight : 1
Here are the weights in c++ : 
   1.0000   1.0000   1.0000
   1.0000   1.0000   1.0000
   1.0000   1.0000   1.0000
   1.0000   1.0000   1.0000
   1.0000   1.0000   1.0000
   1.0000   1.0000   1.0000
   1.0000   1.0000   1.0000
   1.0000   1.0000   1.0000
   1.0000   1.0000   1.0000
   1.0000   1.0000   1.0000
   1.0000   1.0000   1.0000
   1.0000   1.0000   1.0000
   1.0000   1.0000   1.0000
   1.0000   1.0000   1.0000
   1.0000   1.0000   1.0000
   1.0000   1.0000   1.0000
   1.0000   1.0000   1.0000
   1.0000   1.0000   1.0000
   1.0000   1.0000   1.0000
   1.0000   1.0000   1.0000
   1.0000   1.0000   1.0000
   1.0000   1.0000   1.0000
   1.0000   1.0000   1.0000
   1.0000   1.0000   1.0000
   1.0000   1.0000   1.0000
   1.0000   1.0000   1.0000
   1.0000   1.0000   1.0000
   1.0000   1.0000   1.0000
   1.0000   1.0000   1.0000
   1.0000   1.0000   1.0000
   1.0000   1.0000   1.0000
   1.0000   1.0000   1.0000
   1.0000   1.0000   1.0000
   1.0000   1.0000   1.0000
   1.0000   1.0000   1.0000
   1.0000   1.0000   1.0000
   1.0000   1.0000   1.0000
   1.0000   1.0000   1.0000
   1.0000   1.0000   1.0000
   1.0000   1.0000   1.0000
   1.0000   1.0000   1.0000
   1.0000   1.0000   1.0000
   1.0000   1.0000   1.0000
   1.0000   1.0000   1.0000
   1.0000   1.0000   1.0000
   1.0000   1.0000   1.0000
   1.0000   1.0000   1.0000
   1.0000   1.0000   1.0000
   1.0000   1.0000   1.0000
   1.0000   1.0000   1.0000
   1.0000   1.0000   1.0000
   1.0000   1.0000   1.0000
   1.0000   1.0000   1.0000
   1.0000   1.0000   1.0000
   1.0000   1.0000   1.0000
   1.0000   1.0000   1.0000
   1.0000   1.0000   1.0000

applying weight : 1
applying weight : 1
applying weight : 1
Here are the weights in c++ : 
   1.0000   1.0000   1.0000
   1.0000   1.0000   1.0000
   1.0000   1.0000   1.0000
   1.0000   1.0000   1.0000
   1.0000   1.0000   1.0000
   1.0000   1.0000   1.0000
   1.0000   1.0000   1.0000
   1.0000   1.0000   1.0000
   1.0000   1.0000   1.0000
   1.0000   1.0000   1.0000
   1.0000   1.0000   1.0000
   1.0000   1.0000   1.0000
   1.0000   1.0000   1.0000
   1.0000   1.0000   1.0000
   1.0000   1.0000   1.0000
   1.0000   1.0000   1.0000
   1.0000   1.0000   1.0000
   1.0000   1.0000   1.0000
   1.0000   1.0000   1.0000
   1.0000   1.0000   1.0000
   1.0000   1.0000   1.0000
   1.0000   1.0000   1.0000
   1.0000   1.0000   1.0000
   1.0000   1.0000   1.0000
   1.0000   1.0000   1.0000
   1.0000   1.0000   1.0000
   1.0000   1.0000   1.0000
   1.0000   1.0000   1.0000
   1.0000   1.0000   1.0000
   1.0000   1.0000   1.0000
   1.0000   1.0000   1.0000
   1.0000   1.0000   1.0000
   1.0000   1.0000   1.0000
   1.0000   1.0000   1.0000
   1.0000   1.0000   1.0000
   1.0000   1.0000   1.0000
   1.0000   1.0000   1.0000
   1.0000   1.0000   1.0000
   1.0000   1.0000   1.0000
   1.0000   1.0000   1.0000
   1.0000   1.0000   1.0000
   1.0000   1.0000   1.0000
   1.0000   1.0000   1.0000
   1.0000   1.0000   1.0000
   1.0000   1.0000   1.0000
   1.0000   1.0000   1.0000
   1.0000   1.0000   1.0000
   1.0000   1.0000   1.0000
   1.0000   1.0000   1.0000
   1.0000   1.0000   1.0000
   1.0000   1.0000   1.0000
   1.0000   1.0000   1.0000
   1.0000   1.0000   1.0000
   1.0000   1.0000   1.0000
   1.0000   1.0000   1.0000
   1.0000   1.0000   1.0000
   1.0000   1.0000   1.0000

applying weight : 1
applying weight : 1
applying weight : 1
Here are the weights in c++ : 
   1.0000   1.0000   1.0000
   1.0000   1.0000   1.0000
   1.0000   1.0000   1.0000
   1.0000   1.0000   1.0000
   1.0000   1.0000   1.0000
   1.0000   1.0000   1.0000
   1.0000   1.0000   1.0000
   1.0000   1.0000   1.0000
   1.0000   1.0000   1.0000
   1.0000   1.0000   1.0000
   1.0000   1.0000   1.0000
   1.0000   1.0000   1.0000
   1.0000   1.0000   1.0000
   1.0000   1.0000   1.0000
   1.0000   1.0000   1.0000
   1.0000   1.0000   1.0000
   1.0000   1.0000   1.0000
   1.0000   1.0000   1.0000
   1.0000   1.0000   1.0000
   1.0000   1.0000   1.0000
   1.0000   1.0000   1.0000
   1.0000   1.0000   1.0000
   1.0000   1.0000   1.0000
   1.0000   1.0000   1.0000
   1.0000   1.0000   1.0000
   1.0000   1.0000   1.0000
   1.0000   1.0000   1.0000
   1.0000   1.0000   1.0000
   1.0000   1.0000   1.0000
   1.0000   1.0000   1.0000
   1.0000   1.0000   1.0000
   1.0000   1.0000   1.0000
   1.0000   1.0000   1.0000
   1.0000   1.0000   1.0000
   1.0000   1.0000   1.0000
   1.0000   1.0000   1.0000
   1.0000   1.0000   1.0000
   1.0000   1.0000   1.0000
   1.0000   1.0000   1.0000
   1.0000   1.0000   1.0000
   1.0000   1.0000   1.0000
   1.0000   1.0000   1.0000
   1.0000   1.0000   1.0000
   1.0000   1.0000   1.0000
   1.0000   1.0000   1.0000
   1.0000   1.0000   1.0000
   1.0000   1.0000   1.0000
   1.0000   1.0000   1.0000
   1.0000   1.0000   1.0000
   1.0000   1.0000   1.0000
   1.0000   1.0000   1.0000
   1.0000   1.0000   1.0000
   1.0000   1.0000   1.0000
   1.0000   1.0000   1.0000
   1.0000   1.0000   1.0000
   1.0000   1.0000   1.0000
   1.0000   1.0000   1.0000

applying weight : 1
applying weight : 1
applying weight : 1
Here are the weights in c++ : 
   1.0000   1.0000   1.0000
   1.0000   1.0000   1.0000
   1.0000   1.0000   1.0000
   1.0000   1.0000   1.0000
   1.0000   1.0000   1.0000
   1.0000   1.0000   1.0000
   1.0000   1.0000   1.0000
   1.0000   1.0000   1.0000
   1.0000   1.0000   1.0000
   1.0000   1.0000   1.0000
   1.0000   1.0000   1.0000
   1.0000   1.0000   1.0000
   1.0000   1.0000   1.0000
   1.0000   1.0000   1.0000
   1.0000   1.0000   1.0000
   1.0000   1.0000   1.0000
   1.0000   1.0000   1.0000
   1.0000   1.0000   1.0000
   1.0000   1.0000   1.0000
   1.0000   1.0000   1.0000
   1.0000   1.0000   1.0000
   1.0000   1.0000   1.0000
   1.0000   1.0000   1.0000
   1.0000   1.0000   1.0000
   1.0000   1.0000   1.0000
   1.0000   1.0000   1.0000
   1.0000   1.0000   1.0000
   1.0000   1.0000   1.0000
   1.0000   1.0000   1.0000
   1.0000   1.0000   1.0000
   1.0000   1.0000   1.0000
   1.0000   1.0000   1.0000
   1.0000   1.0000   1.0000
   1.0000   1.0000   1.0000
   1.0000   1.0000   1.0000
   1.0000   1.0000   1.0000
   1.0000   1.0000   1.0000
   1.0000   1.0000   1.0000
   1.0000   1.0000   1.0000
   1.0000   1.0000   1.0000
   1.0000   1.0000   1.0000
   1.0000   1.0000   1.0000
   1.0000   1.0000   1.0000
   1.0000   1.0000   1.0000
   1.0000   1.0000   1.0000
   1.0000   1.0000   1.0000
   1.0000   1.0000   1.0000
   1.0000   1.0000   1.0000
   1.0000   1.0000   1.0000
   1.0000   1.0000   1.0000
   1.0000   1.0000   1.0000
   1.0000   1.0000   1.0000
   1.0000   1.0000   1.0000
   1.0000   1.0000   1.0000
   1.0000   1.0000   1.0000
   1.0000   1.0000   1.0000
   1.0000   1.0000   1.0000

applying weight : 1
applying weight : 1
applying weight : 1
Here are the weights in c++ : 
   1.0000   1.0000   1.0000
   1.0000   1.0000   1.0000
   1.0000   1.0000   1.0000
   1.0000   1.0000   1.0000
   1.0000   1.0000   1.0000
   1.0000   1.0000   1.0000
   1.0000   1.0000   1.0000
   1.0000   1.0000   1.0000
   1.0000   1.0000   1.0000
   1.0000   1.0000   1.0000
   1.0000   1.0000   1.0000
   1.0000   1.0000   1.0000
   1.0000   1.0000   1.0000
   1.0000   1.0000   1.0000
   1.0000   1.0000   1.0000
   1.0000   1.0000   1.0000
   1.0000   1.0000   1.0000
   1.0000   1.0000   1.0000
   1.0000   1.0000   1.0000
   1.0000   1.0000   1.0000
   1.0000   1.0000   1.0000
   1.0000   1.0000   1.0000
   1.0000   1.0000   1.0000
   1.0000   1.0000   1.0000
   1.0000   1.0000   1.0000
   1.0000   1.0000   1.0000
   1.0000   1.0000   1.0000
   1.0000   1.0000   1.0000
   1.0000   1.0000   1.0000
   1.0000   1.0000   1.0000
   1.0000   1.0000   1.0000
   1.0000   1.0000   1.0000
   1.0000   1.0000   1.0000
   1.0000   1.0000   1.0000
   1.0000   1.0000   1.0000
   1.0000   1.0000   1.0000
   1.0000   1.0000   1.0000
   1.0000   1.0000   1.0000
   1.0000   1.0000   1.0000
   1.0000   1.0000   1.0000
   1.0000   1.0000   1.0000
   1.0000   1.0000   1.0000
   1.0000   1.0000   1.0000
   1.0000   1.0000   1.0000
   1.0000   1.0000   1.0000
   1.0000   1.0000   1.0000
   1.0000   1.0000   1.0000
   1.0000   1.0000   1.0000
   1.0000   1.0000   1.0000
   1.0000   1.0000   1.0000
   1.0000   1.0000   1.0000
   1.0000   1.0000   1.0000
   1.0000   1.0000   1.0000
   1.0000   1.0000   1.0000
   1.0000   1.0000   1.0000
   1.0000   1.0000   1.0000
   1.0000   1.0000   1.0000

applying weight : 1
applying weight : 1
applying weight : 1
Here are the weights in c++ : 
   1.0000   1.0000   1.0000
   1.0000   1.0000   1.0000
   1.0000   1.0000   1.0000
   1.0000   1.0000   1.0000
   1.0000   1.0000   1.0000
   1.0000   1.0000   1.0000
   1.0000   1.0000   1.0000
   1.0000   1.0000   1.0000
   1.0000   1.0000   1.0000
   1.0000   1.0000   1.0000
   1.0000   1.0000   1.0000
   1.0000   1.0000   1.0000
   1.0000   1.0000   1.0000
   1.0000   1.0000   1.0000
   1.0000   1.0000   1.0000
   1.0000   1.0000   1.0000
   1.0000   1.0000   1.0000
   1.0000   1.0000   1.0000
   1.0000   1.0000   1.0000
   1.0000   1.0000   1.0000
   1.0000   1.0000   1.0000
   1.0000   1.0000   1.0000
   1.0000   1.0000   1.0000
   1.0000   1.0000   1.0000
   1.0000   1.0000   1.0000
   1.0000   1.0000   1.0000
   1.0000   1.0000   1.0000
   1.0000   1.0000   1.0000
   1.0000   1.0000   1.0000
   1.0000   1.0000   1.0000
   1.0000   1.0000   1.0000
   1.0000   1.0000   1.0000
   1.0000   1.0000   1.0000
   1.0000   1.0000   1.0000
   1.0000   1.0000   1.0000
   1.0000   1.0000   1.0000
   1.0000   1.0000   1.0000
   1.0000   1.0000   1.0000
   1.0000   1.0000   1.0000
   1.0000   1.0000   1.0000
   1.0000   1.0000   1.0000
   1.0000   1.0000   1.0000
   1.0000   1.0000   1.0000
   1.0000   1.0000   1.0000
   1.0000   1.0000   1.0000
   1.0000   1.0000   1.0000
   1.0000   1.0000   1.0000
   1.0000   1.0000   1.0000
   1.0000   1.0000   1.0000
   1.0000   1.0000   1.0000
   1.0000   1.0000   1.0000
   1.0000   1.0000   1.0000
   1.0000   1.0000   1.0000
   1.0000   1.0000   1.0000
   1.0000   1.0000   1.0000
   1.0000   1.0000   1.0000
   1.0000   1.0000   1.0000

applying weight : 1
applying weight : 1
applying weight : 1
Here are the weights in c++ : 
   1.0000   1.0000   1.0000
   1.0000   1.0000   1.0000
   1.0000   1.0000   1.0000
   1.0000   1.0000   1.0000
   1.0000   1.0000   1.0000
   1.0000   1.0000   1.0000
   1.0000   1.0000   1.0000
   1.0000   1.0000   1.0000
   1.0000   1.0000   1.0000
   1.0000   1.0000   1.0000
   1.0000   1.0000   1.0000
   1.0000   1.0000   1.0000
   1.0000   1.0000   1.0000
   1.0000   1.0000   1.0000
   1.0000   1.0000   1.0000
   1.0000   1.0000   1.0000
   1.0000   1.0000   1.0000
   1.0000   1.0000   1.0000
   1.0000   1.0000   1.0000
   1.0000   1.0000   1.0000
   1.0000   1.0000   1.0000
   1.0000   1.0000   1.0000
   1.0000   1.0000   1.0000
   1.0000   1.0000   1.0000
   1.0000   1.0000   1.0000
   1.0000   1.0000   1.0000
   1.0000   1.0000   1.0000
   1.0000   1.0000   1.0000
   1.0000   1.0000   1.0000
   1.0000   1.0000   1.0000
   1.0000   1.0000   1.0000
   1.0000   1.0000   1.0000
   1.0000   1.0000   1.0000
   1.0000   1.0000   1.0000
   1.0000   1.0000   1.0000
   1.0000   1.0000   1.0000
   1.0000   1.0000   1.0000
   1.0000   1.0000   1.0000
   1.0000   1.0000   1.0000
   1.0000   1.0000   1.0000
   1.0000   1.0000   1.0000
   1.0000   1.0000   1.0000
   1.0000   1.0000   1.0000
   1.0000   1.0000   1.0000
   1.0000   1.0000   1.0000
   1.0000   1.0000   1.0000
   1.0000   1.0000   1.0000
   1.0000   1.0000   1.0000
   1.0000   1.0000   1.0000
   1.0000   1.0000   1.0000
   1.0000   1.0000   1.0000
   1.0000   1.0000   1.0000
   1.0000   1.0000   1.0000
   1.0000   1.0000   1.0000
   1.0000   1.0000   1.0000
   1.0000   1.0000   1.0000
   1.0000   1.0000   1.0000

applying weight : 1
applying weight : 1
applying weight : 1
Here are the weights in c++ : 
   1.0000   1.0000   1.0000
   1.0000   1.0000   1.0000
   1.0000   1.0000   1.0000
   1.0000   1.0000   1.0000
   1.0000   1.0000   1.0000
   1.0000   1.0000   1.0000
   1.0000   1.0000   1.0000
   1.0000   1.0000   1.0000
   1.0000   1.0000   1.0000
   1.0000   1.0000   1.0000
   1.0000   1.0000   1.0000
   1.0000   1.0000   1.0000
   1.0000   1.0000   1.0000
   1.0000   1.0000   1.0000
   1.0000   1.0000   1.0000
   1.0000   1.0000   1.0000
   1.0000   1.0000   1.0000
   1.0000   1.0000   1.0000
   1.0000   1.0000   1.0000
   1.0000   1.0000   1.0000
   1.0000   1.0000   1.0000
   1.0000   1.0000   1.0000
   1.0000   1.0000   1.0000
   1.0000   1.0000   1.0000
   1.0000   1.0000   1.0000
   1.0000   1.0000   1.0000
   1.0000   1.0000   1.0000
   1.0000   1.0000   1.0000
   1.0000   1.0000   1.0000
   1.0000   1.0000   1.0000
   1.0000   1.0000   1.0000
   1.0000   1.0000   1.0000
   1.0000   1.0000   1.0000
   1.0000   1.0000   1.0000
   1.0000   1.0000   1.0000
   1.0000   1.0000   1.0000
   1.0000   1.0000   1.0000
   1.0000   1.0000   1.0000
   1.0000   1.0000   1.0000
   1.0000   1.0000   1.0000
   1.0000   1.0000   1.0000
   1.0000   1.0000   1.0000
   1.0000   1.0000   1.0000
   1.0000   1.0000   1.0000
   1.0000   1.0000   1.0000
   1.0000   1.0000   1.0000
   1.0000   1.0000   1.0000
   1.0000   1.0000   1.0000
   1.0000   1.0000   1.0000
   1.0000   1.0000   1.0000
   1.0000   1.0000   1.0000
   1.0000   1.0000   1.0000
   1.0000   1.0000   1.0000
   1.0000   1.0000   1.0000
   1.0000   1.0000   1.0000
   1.0000   1.0000   1.0000
   1.0000   1.0000   1.0000

applying weight : 1
applying weight : 1
applying weight : 1
Here are the weights in c++ : 
   1.0000   1.0000   1.0000
   1.0000   1.0000   1.0000
   1.0000   1.0000   1.0000
   1.0000   1.0000   1.0000
   1.0000   1.0000   1.0000
   1.0000   1.0000   1.0000
   1.0000   1.0000   1.0000
   1.0000   1.0000   1.0000
   1.0000   1.0000   1.0000
   1.0000   1.0000   1.0000
   1.0000   1.0000   1.0000
   1.0000   1.0000   1.0000
   1.0000   1.0000   1.0000
   1.0000   1.0000   1.0000
   1.0000   1.0000   1.0000
   1.0000   1.0000   1.0000
   1.0000   1.0000   1.0000
   1.0000   1.0000   1.0000
   1.0000   1.0000   1.0000
   1.0000   1.0000   1.0000
   1.0000   1.0000   1.0000
   1.0000   1.0000   1.0000
   1.0000   1.0000   1.0000
   1.0000   1.0000   1.0000
   1.0000   1.0000   1.0000
   1.0000   1.0000   1.0000
   1.0000   1.0000   1.0000
   1.0000   1.0000   1.0000
   1.0000   1.0000   1.0000
   1.0000   1.0000   1.0000
   1.0000   1.0000   1.0000
   1.0000   1.0000   1.0000
   1.0000   1.0000   1.0000
   1.0000   1.0000   1.0000
   1.0000   1.0000   1.0000
   1.0000   1.0000   1.0000
   1.0000   1.0000   1.0000
   1.0000   1.0000   1.0000
   1.0000   1.0000   1.0000
   1.0000   1.0000   1.0000
   1.0000   1.0000   1.0000
   1.0000   1.0000   1.0000
   1.0000   1.0000   1.0000
   1.0000   1.0000   1.0000
   1.0000   1.0000   1.0000
   1.0000   1.0000   1.0000
   1.0000   1.0000   1.0000
   1.0000   1.0000   1.0000
   1.0000   1.0000   1.0000
   1.0000   1.0000   1.0000
   1.0000   1.0000   1.0000
   1.0000   1.0000   1.0000
   1.0000   1.0000   1.0000
   1.0000   1.0000   1.0000
   1.0000   1.0000   1.0000
   1.0000   1.0000   1.0000
   1.0000   1.0000   1.0000

applying weight : 1
applying weight : 1
applying weight : 1
Here are the weights in c++ : 
   1.0000   1.0000   1.0000
   1.0000   1.0000   1.0000
   1.0000   1.0000   1.0000
   1.0000   1.0000   1.0000
   1.0000   1.0000   1.0000
   1.0000   1.0000   1.0000
   1.0000   1.0000   1.0000
   1.0000   1.0000   1.0000
   1.0000   1.0000   1.0000
   1.0000   1.0000   1.0000
   1.0000   1.0000   1.0000
   1.0000   1.0000   1.0000
   1.0000   1.0000   1.0000
   1.0000   1.0000   1.0000
   1.0000   1.0000   1.0000
   1.0000   1.0000   1.0000
   1.0000   1.0000   1.0000
   1.0000   1.0000   1.0000
   1.0000   1.0000   1.0000
   1.0000   1.0000   1.0000
   1.0000   1.0000   1.0000
   1.0000   1.0000   1.0000
   1.0000   1.0000   1.0000
   1.0000   1.0000   1.0000
   1.0000   1.0000   1.0000
   1.0000   1.0000   1.0000
   1.0000   1.0000   1.0000
   1.0000   1.0000   1.0000
   1.0000   1.0000   1.0000
   1.0000   1.0000   1.0000
   1.0000   1.0000   1.0000
   1.0000   1.0000   1.0000
   1.0000   1.0000   1.0000
   1.0000   1.0000   1.0000
   1.0000   1.0000   1.0000
   1.0000   1.0000   1.0000
   1.0000   1.0000   1.0000
   1.0000   1.0000   1.0000
   1.0000   1.0000   1.0000
   1.0000   1.0000   1.0000
   1.0000   1.0000   1.0000
   1.0000   1.0000   1.0000
   1.0000   1.0000   1.0000
   1.0000   1.0000   1.0000
   1.0000   1.0000   1.0000
   1.0000   1.0000   1.0000
   1.0000   1.0000   1.0000
   1.0000   1.0000   1.0000
   1.0000   1.0000   1.0000
   1.0000   1.0000   1.0000
   1.0000   1.0000   1.0000
   1.0000   1.0000   1.0000
   1.0000   1.0000   1.0000
   1.0000   1.0000   1.0000
   1.0000   1.0000   1.0000
   1.0000   1.0000   1.0000
   1.0000   1.0000   1.0000

applying weight : 1
applying weight : 1
applying weight : 1
Here are the weights in c++ : 
   1.0000   1.0000   1.0000
   1.0000   1.0000   1.0000
   1.0000   1.0000   1.0000
   1.0000   1.0000   1.0000
   1.0000   1.0000   1.0000
   1.0000   1.0000   1.0000
   1.0000   1.0000   1.0000
   1.0000   1.0000   1.0000
   1.0000   1.0000   1.0000
   1.0000   1.0000   1.0000
   1.0000   1.0000   1.0000
   1.0000   1.0000   1.0000
   1.0000   1.0000   1.0000
   1.0000   1.0000   1.0000
   1.0000   1.0000   1.0000
   1.0000   1.0000   1.0000
   1.0000   1.0000   1.0000
   1.0000   1.0000   1.0000
   1.0000   1.0000   1.0000
   1.0000   1.0000   1.0000
   1.0000   1.0000   1.0000
   1.0000   1.0000   1.0000
   1.0000   1.0000   1.0000
   1.0000   1.0000   1.0000
   1.0000   1.0000   1.0000
   1.0000   1.0000   1.0000
   1.0000   1.0000   1.0000
   1.0000   1.0000   1.0000
   1.0000   1.0000   1.0000
   1.0000   1.0000   1.0000
   1.0000   1.0000   1.0000
   1.0000   1.0000   1.0000
   1.0000   1.0000   1.0000
   1.0000   1.0000   1.0000
   1.0000   1.0000   1.0000
   1.0000   1.0000   1.0000
   1.0000   1.0000   1.0000
   1.0000   1.0000   1.0000
   1.0000   1.0000   1.0000
   1.0000   1.0000   1.0000
   1.0000   1.0000   1.0000
   1.0000   1.0000   1.0000
   1.0000   1.0000   1.0000
   1.0000   1.0000   1.0000
   1.0000   1.0000   1.0000
   1.0000   1.0000   1.0000
   1.0000   1.0000   1.0000
   1.0000   1.0000   1.0000
   1.0000   1.0000   1.0000
   1.0000   1.0000   1.0000
   1.0000   1.0000   1.0000
   1.0000   1.0000   1.0000
   1.0000   1.0000   1.0000
   1.0000   1.0000   1.0000
   1.0000   1.0000   1.0000
   1.0000   1.0000   1.0000
   1.0000   1.0000   1.0000

applying weight : 1
applying weight : 1
applying weight : 1
Here are the weights in c++ : 
   1.0000   1.0000   1.0000
   1.0000   1.0000   1.0000
   1.0000   1.0000   1.0000
   1.0000   1.0000   1.0000
   1.0000   1.0000   1.0000
   1.0000   1.0000   1.0000
   1.0000   1.0000   1.0000
   1.0000   1.0000   1.0000
   1.0000   1.0000   1.0000
   1.0000   1.0000   1.0000
   1.0000   1.0000   1.0000
   1.0000   1.0000   1.0000
   1.0000   1.0000   1.0000
   1.0000   1.0000   1.0000
   1.0000   1.0000   1.0000
   1.0000   1.0000   1.0000
   1.0000   1.0000   1.0000
   1.0000   1.0000   1.0000
   1.0000   1.0000   1.0000
   1.0000   1.0000   1.0000
   1.0000   1.0000   1.0000
   1.0000   1.0000   1.0000
   1.0000   1.0000   1.0000
   1.0000   1.0000   1.0000
   1.0000   1.0000   1.0000
   1.0000   1.0000   1.0000
   1.0000   1.0000   1.0000
   1.0000   1.0000   1.0000
   1.0000   1.0000   1.0000
   1.0000   1.0000   1.0000
   1.0000   1.0000   1.0000
   1.0000   1.0000   1.0000
   1.0000   1.0000   1.0000
   1.0000   1.0000   1.0000
   1.0000   1.0000   1.0000
   1.0000   1.0000   1.0000
   1.0000   1.0000   1.0000
   1.0000   1.0000   1.0000
   1.0000   1.0000   1.0000
   1.0000   1.0000   1.0000
   1.0000   1.0000   1.0000
   1.0000   1.0000   1.0000
   1.0000   1.0000   1.0000
   1.0000   1.0000   1.0000
   1.0000   1.0000   1.0000
   1.0000   1.0000   1.0000
   1.0000   1.0000   1.0000
   1.0000   1.0000   1.0000
   1.0000   1.0000   1.0000
   1.0000   1.0000   1.0000
   1.0000   1.0000   1.0000
   1.0000   1.0000   1.0000
   1.0000   1.0000   1.0000
   1.0000   1.0000   1.0000
   1.0000   1.0000   1.0000
   1.0000   1.0000   1.0000
   1.0000   1.0000   1.0000

applying weight : 1
applying weight : 1
applying weight : 1
Here are the weights in c++ : 
   1.0000   1.0000   1.0000
   1.0000   1.0000   1.0000
   1.0000   1.0000   1.0000
   1.0000   1.0000   1.0000
   1.0000   1.0000   1.0000
   1.0000   1.0000   1.0000
   1.0000   1.0000   1.0000
   1.0000   1.0000   1.0000
   1.0000   1.0000   1.0000
   1.0000   1.0000   1.0000
   1.0000   1.0000   1.0000
   1.0000   1.0000   1.0000
   1.0000   1.0000   1.0000
   1.0000   1.0000   1.0000
   1.0000   1.0000   1.0000
   1.0000   1.0000   1.0000
   1.0000   1.0000   1.0000
   1.0000   1.0000   1.0000
   1.0000   1.0000   1.0000
   1.0000   1.0000   1.0000
   1.0000   1.0000   1.0000
   1.0000   1.0000   1.0000
   1.0000   1.0000   1.0000
   1.0000   1.0000   1.0000
   1.0000   1.0000   1.0000
   1.0000   1.0000   1.0000
   1.0000   1.0000   1.0000
   1.0000   1.0000   1.0000
   1.0000   1.0000   1.0000
   1.0000   1.0000   1.0000
   1.0000   1.0000   1.0000
   1.0000   1.0000   1.0000
   1.0000   1.0000   1.0000
   1.0000   1.0000   1.0000
   1.0000   1.0000   1.0000
   1.0000   1.0000   1.0000
   1.0000   1.0000   1.0000
   1.0000   1.0000   1.0000
   1.0000   1.0000   1.0000
   1.0000   1.0000   1.0000
   1.0000   1.0000   1.0000
   1.0000   1.0000   1.0000
   1.0000   1.0000   1.0000
   1.0000   1.0000   1.0000
   1.0000   1.0000   1.0000
   1.0000   1.0000   1.0000
   1.0000   1.0000   1.0000
   1.0000   1.0000   1.0000
   1.0000   1.0000   1.0000
   1.0000   1.0000   1.0000
   1.0000   1.0000   1.0000
   1.0000   1.0000   1.0000
   1.0000   1.0000   1.0000
   1.0000   1.0000   1.0000
   1.0000   1.0000   1.0000
   1.0000   1.0000   1.0000
   1.0000   1.0000   1.0000

applying weight : 1
applying weight : 1
applying weight : 1
Here are the weights in c++ : 
   1.0000   1.0000   1.0000
   1.0000   1.0000   1.0000
   1.0000   1.0000   1.0000
   1.0000   1.0000   1.0000
   1.0000   1.0000   1.0000
   1.0000   1.0000   1.0000
   1.0000   1.0000   1.0000
   1.0000   1.0000   1.0000
   1.0000   1.0000   1.0000
   1.0000   1.0000   1.0000
   1.0000   1.0000   1.0000
   1.0000   1.0000   1.0000
   1.0000   1.0000   1.0000
   1.0000   1.0000   1.0000
   1.0000   1.0000   1.0000
   1.0000   1.0000   1.0000
   1.0000   1.0000   1.0000
   1.0000   1.0000   1.0000
   1.0000   1.0000   1.0000
   1.0000   1.0000   1.0000
   1.0000   1.0000   1.0000
   1.0000   1.0000   1.0000
   1.0000   1.0000   1.0000
   1.0000   1.0000   1.0000
   1.0000   1.0000   1.0000
   1.0000   1.0000   1.0000
   1.0000   1.0000   1.0000
   1.0000   1.0000   1.0000
   1.0000   1.0000   1.0000
   1.0000   1.0000   1.0000
   1.0000   1.0000   1.0000
   1.0000   1.0000   1.0000
   1.0000   1.0000   1.0000
   1.0000   1.0000   1.0000
   1.0000   1.0000   1.0000
   1.0000   1.0000   1.0000
   1.0000   1.0000   1.0000
   1.0000   1.0000   1.0000
   1.0000   1.0000   1.0000
   1.0000   1.0000   1.0000
   1.0000   1.0000   1.0000
   1.0000   1.0000   1.0000
   1.0000   1.0000   1.0000
   1.0000   1.0000   1.0000
   1.0000   1.0000   1.0000
   1.0000   1.0000   1.0000
   1.0000   1.0000   1.0000
   1.0000   1.0000   1.0000
   1.0000   1.0000   1.0000
   1.0000   1.0000   1.0000
   1.0000   1.0000   1.0000
   1.0000   1.0000   1.0000
   1.0000   1.0000   1.0000
   1.0000   1.0000   1.0000
   1.0000   1.0000   1.0000
   1.0000   1.0000   1.0000
   1.0000   1.0000   1.0000

applying weight : 1
applying weight : 1
applying weight : 1
Here are the weights in c++ : 
   1.0000   1.0000   1.0000
   1.0000   1.0000   1.0000
   1.0000   1.0000   1.0000
   1.0000   1.0000   1.0000
   1.0000   1.0000   1.0000
   1.0000   1.0000   1.0000
   1.0000   1.0000   1.0000
   1.0000   1.0000   1.0000
   1.0000   1.0000   1.0000
   1.0000   1.0000   1.0000
   1.0000   1.0000   1.0000
   1.0000   1.0000   1.0000
   1.0000   1.0000   1.0000
   1.0000   1.0000   1.0000
   1.0000   1.0000   1.0000
   1.0000   1.0000   1.0000
   1.0000   1.0000   1.0000
   1.0000   1.0000   1.0000
   1.0000   1.0000   1.0000
   1.0000   1.0000   1.0000
   1.0000   1.0000   1.0000
   1.0000   1.0000   1.0000
   1.0000   1.0000   1.0000
   1.0000   1.0000   1.0000
   1.0000   1.0000   1.0000
   1.0000   1.0000   1.0000
   1.0000   1.0000   1.0000
   1.0000   1.0000   1.0000
   1.0000   1.0000   1.0000
   1.0000   1.0000   1.0000
   1.0000   1.0000   1.0000
   1.0000   1.0000   1.0000
   1.0000   1.0000   1.0000
   1.0000   1.0000   1.0000
   1.0000   1.0000   1.0000
   1.0000   1.0000   1.0000
   1.0000   1.0000   1.0000
   1.0000   1.0000   1.0000
   1.0000   1.0000   1.0000
   1.0000   1.0000   1.0000
   1.0000   1.0000   1.0000
   1.0000   1.0000   1.0000
   1.0000   1.0000   1.0000
   1.0000   1.0000   1.0000
   1.0000   1.0000   1.0000
   1.0000   1.0000   1.0000
   1.0000   1.0000   1.0000
   1.0000   1.0000   1.0000
   1.0000   1.0000   1.0000
   1.0000   1.0000   1.0000
   1.0000   1.0000   1.0000
   1.0000   1.0000   1.0000
   1.0000   1.0000   1.0000
   1.0000   1.0000   1.0000
   1.0000   1.0000   1.0000
   1.0000   1.0000   1.0000
   1.0000   1.0000   1.0000

applying weight : 1
applying weight : 1
applying weight : 1
Here are the weights in c++ : 
   1.0000   1.0000   1.0000
   1.0000   1.0000   1.0000
   1.0000   1.0000   1.0000
   1.0000   1.0000   1.0000
   1.0000   1.0000   1.0000
   1.0000   1.0000   1.0000
   1.0000   1.0000   1.0000
   1.0000   1.0000   1.0000
   1.0000   1.0000   1.0000
   1.0000   1.0000   1.0000
   1.0000   1.0000   1.0000
   1.0000   1.0000   1.0000
   1.0000   1.0000   1.0000
   1.0000   1.0000   1.0000
   1.0000   1.0000   1.0000
   1.0000   1.0000   1.0000
   1.0000   1.0000   1.0000
   1.0000   1.0000   1.0000
   1.0000   1.0000   1.0000
   1.0000   1.0000   1.0000
   1.0000   1.0000   1.0000
   1.0000   1.0000   1.0000
   1.0000   1.0000   1.0000
   1.0000   1.0000   1.0000
   1.0000   1.0000   1.0000
   1.0000   1.0000   1.0000
   1.0000   1.0000   1.0000
   1.0000   1.0000   1.0000
   1.0000   1.0000   1.0000
   1.0000   1.0000   1.0000
   1.0000   1.0000   1.0000
   1.0000   1.0000   1.0000
   1.0000   1.0000   1.0000
   1.0000   1.0000   1.0000
   1.0000   1.0000   1.0000
   1.0000   1.0000   1.0000
   1.0000   1.0000   1.0000
   1.0000   1.0000   1.0000
   1.0000   1.0000   1.0000
   1.0000   1.0000   1.0000
   1.0000   1.0000   1.0000
   1.0000   1.0000   1.0000
   1.0000   1.0000   1.0000
   1.0000   1.0000   1.0000
   1.0000   1.0000   1.0000
   1.0000   1.0000   1.0000
   1.0000   1.0000   1.0000
   1.0000   1.0000   1.0000
   1.0000   1.0000   1.0000
   1.0000   1.0000   1.0000
   1.0000   1.0000   1.0000
   1.0000   1.0000   1.0000
   1.0000   1.0000   1.0000
   1.0000   1.0000   1.0000
   1.0000   1.0000   1.0000
   1.0000   1.0000   1.0000
   1.0000   1.0000   1.0000

applying weight : 1
applying weight : 1
applying weight : 1
Here are the weights in c++ : 
   1.0000   1.0000   1.0000
   1.0000   1.0000   1.0000
   1.0000   1.0000   1.0000
   1.0000   1.0000   1.0000
   1.0000   1.0000   1.0000
   1.0000   1.0000   1.0000
   1.0000   1.0000   1.0000
   1.0000   1.0000   1.0000
   1.0000   1.0000   1.0000
   1.0000   1.0000   1.0000
   1.0000   1.0000   1.0000
   1.0000   1.0000   1.0000
   1.0000   1.0000   1.0000
   1.0000   1.0000   1.0000
   1.0000   1.0000   1.0000
   1.0000   1.0000   1.0000
   1.0000   1.0000   1.0000
   1.0000   1.0000   1.0000
   1.0000   1.0000   1.0000
   1.0000   1.0000   1.0000
   1.0000   1.0000   1.0000
   1.0000   1.0000   1.0000
   1.0000   1.0000   1.0000
   1.0000   1.0000   1.0000
   1.0000   1.0000   1.0000
   1.0000   1.0000   1.0000
   1.0000   1.0000   1.0000
   1.0000   1.0000   1.0000
   1.0000   1.0000   1.0000
   1.0000   1.0000   1.0000
   1.0000   1.0000   1.0000
   1.0000   1.0000   1.0000
   1.0000   1.0000   1.0000
   1.0000   1.0000   1.0000
   1.0000   1.0000   1.0000
   1.0000   1.0000   1.0000
   1.0000   1.0000   1.0000
   1.0000   1.0000   1.0000
   1.0000   1.0000   1.0000
   1.0000   1.0000   1.0000
   1.0000   1.0000   1.0000
   1.0000   1.0000   1.0000
   1.0000   1.0000   1.0000
   1.0000   1.0000   1.0000
   1.0000   1.0000   1.0000
   1.0000   1.0000   1.0000
   1.0000   1.0000   1.0000
   1.0000   1.0000   1.0000
   1.0000   1.0000   1.0000
   1.0000   1.0000   1.0000
   1.0000   1.0000   1.0000
   1.0000   1.0000   1.0000
   1.0000   1.0000   1.0000
   1.0000   1.0000   1.0000
   1.0000   1.0000   1.0000
   1.0000   1.0000   1.0000
   1.0000   1.0000   1.0000

applying weight : 1
applying weight : 1
applying weight : 1
Here are the weights in c++ : 
   1.0000   1.0000   1.0000
   1.0000   1.0000   1.0000
   1.0000   1.0000   1.0000
   1.0000   1.0000   1.0000
   1.0000   1.0000   1.0000
   1.0000   1.0000   1.0000
   1.0000   1.0000   1.0000
   1.0000   1.0000   1.0000
   1.0000   1.0000   1.0000
   1.0000   1.0000   1.0000
   1.0000   1.0000   1.0000
   1.0000   1.0000   1.0000
   1.0000   1.0000   1.0000
   1.0000   1.0000   1.0000
   1.0000   1.0000   1.0000
   1.0000   1.0000   1.0000
   1.0000   1.0000   1.0000
   1.0000   1.0000   1.0000
   1.0000   1.0000   1.0000
   1.0000   1.0000   1.0000
   1.0000   1.0000   1.0000
   1.0000   1.0000   1.0000
   1.0000   1.0000   1.0000
   1.0000   1.0000   1.0000
   1.0000   1.0000   1.0000
   1.0000   1.0000   1.0000
   1.0000   1.0000   1.0000
   1.0000   1.0000   1.0000
   1.0000   1.0000   1.0000
   1.0000   1.0000   1.0000
   1.0000   1.0000   1.0000
   1.0000   1.0000   1.0000
   1.0000   1.0000   1.0000
   1.0000   1.0000   1.0000
   1.0000   1.0000   1.0000
   1.0000   1.0000   1.0000
   1.0000   1.0000   1.0000
   1.0000   1.0000   1.0000
   1.0000   1.0000   1.0000
   1.0000   1.0000   1.0000
   1.0000   1.0000   1.0000
   1.0000   1.0000   1.0000
   1.0000   1.0000   1.0000
   1.0000   1.0000   1.0000
   1.0000   1.0000   1.0000
   1.0000   1.0000   1.0000
   1.0000   1.0000   1.0000
   1.0000   1.0000   1.0000
   1.0000   1.0000   1.0000
   1.0000   1.0000   1.0000
   1.0000   1.0000   1.0000
   1.0000   1.0000   1.0000
   1.0000   1.0000   1.0000
   1.0000   1.0000   1.0000
   1.0000   1.0000   1.0000
   1.0000   1.0000   1.0000
   1.0000   1.0000   1.0000

applying weight : 1
applying weight : 1
applying weight : 1
Here are the weights in c++ : 
   1.0000   1.0000   1.0000
   1.0000   1.0000   1.0000
   1.0000   1.0000   1.0000
   1.0000   1.0000   1.0000
   1.0000   1.0000   1.0000
   1.0000   1.0000   1.0000
   1.0000   1.0000   1.0000
   1.0000   1.0000   1.0000
   1.0000   1.0000   1.0000
   1.0000   1.0000   1.0000
   1.0000   1.0000   1.0000
   1.0000   1.0000   1.0000
   1.0000   1.0000   1.0000
   1.0000   1.0000   1.0000
   1.0000   1.0000   1.0000
   1.0000   1.0000   1.0000
   1.0000   1.0000   1.0000
   1.0000   1.0000   1.0000
   1.0000   1.0000   1.0000
   1.0000   1.0000   1.0000
   1.0000   1.0000   1.0000
   1.0000   1.0000   1.0000
   1.0000   1.0000   1.0000
   1.0000   1.0000   1.0000
   1.0000   1.0000   1.0000
   1.0000   1.0000   1.0000
   1.0000   1.0000   1.0000
   1.0000   1.0000   1.0000
   1.0000   1.0000   1.0000
   1.0000   1.0000   1.0000
   1.0000   1.0000   1.0000
   1.0000   1.0000   1.0000
   1.0000   1.0000   1.0000
   1.0000   1.0000   1.0000
   1.0000   1.0000   1.0000
   1.0000   1.0000   1.0000
   1.0000   1.0000   1.0000
   1.0000   1.0000   1.0000
   1.0000   1.0000   1.0000
   1.0000   1.0000   1.0000
   1.0000   1.0000   1.0000
   1.0000   1.0000   1.0000
   1.0000   1.0000   1.0000
   1.0000   1.0000   1.0000
   1.0000   1.0000   1.0000
   1.0000   1.0000   1.0000
   1.0000   1.0000   1.0000
   1.0000   1.0000   1.0000
   1.0000   1.0000   1.0000
   1.0000   1.0000   1.0000
   1.0000   1.0000   1.0000
   1.0000   1.0000   1.0000
   1.0000   1.0000   1.0000
   1.0000   1.0000   1.0000
   1.0000   1.0000   1.0000
   1.0000   1.0000   1.0000
   1.0000   1.0000   1.0000

applying weight : 1
applying weight : 1
applying weight : 1
Here are the weights in c++ : 
   1.0000   1.0000   1.0000
   1.0000   1.0000   1.0000
   1.0000   1.0000   1.0000
   1.0000   1.0000   1.0000
   1.0000   1.0000   1.0000
   1.0000   1.0000   1.0000
   1.0000   1.0000   1.0000
   1.0000   1.0000   1.0000
   1.0000   1.0000   1.0000
   1.0000   1.0000   1.0000
   1.0000   1.0000   1.0000
   1.0000   1.0000   1.0000
   1.0000   1.0000   1.0000
   1.0000   1.0000   1.0000
   1.0000   1.0000   1.0000
   1.0000   1.0000   1.0000
   1.0000   1.0000   1.0000
   1.0000   1.0000   1.0000
   1.0000   1.0000   1.0000
   1.0000   1.0000   1.0000
   1.0000   1.0000   1.0000
   1.0000   1.0000   1.0000
   1.0000   1.0000   1.0000
   1.0000   1.0000   1.0000
   1.0000   1.0000   1.0000
   1.0000   1.0000   1.0000
   1.0000   1.0000   1.0000
   1.0000   1.0000   1.0000
   1.0000   1.0000   1.0000
   1.0000   1.0000   1.0000
   1.0000   1.0000   1.0000
   1.0000   1.0000   1.0000
   1.0000   1.0000   1.0000
   1.0000   1.0000   1.0000
   1.0000   1.0000   1.0000
   1.0000   1.0000   1.0000
   1.0000   1.0000   1.0000
   1.0000   1.0000   1.0000
   1.0000   1.0000   1.0000
   1.0000   1.0000   1.0000
   1.0000   1.0000   1.0000
   1.0000   1.0000   1.0000
   1.0000   1.0000   1.0000
   1.0000   1.0000   1.0000
   1.0000   1.0000   1.0000
   1.0000   1.0000   1.0000
   1.0000   1.0000   1.0000
   1.0000   1.0000   1.0000
   1.0000   1.0000   1.0000
   1.0000   1.0000   1.0000
   1.0000   1.0000   1.0000
   1.0000   1.0000   1.0000
   1.0000   1.0000   1.0000
   1.0000   1.0000   1.0000
   1.0000   1.0000   1.0000
   1.0000   1.0000   1.0000
   1.0000   1.0000   1.0000

applying weight : 1
applying weight : 1
applying weight : 1
Here are the weights in c++ : 
   1.0000   1.0000   1.0000
   1.0000   1.0000   1.0000
   1.0000   1.0000   1.0000
   1.0000   1.0000   1.0000
   1.0000   1.0000   1.0000
   1.0000   1.0000   1.0000
   1.0000   1.0000   1.0000
   1.0000   1.0000   1.0000
   1.0000   1.0000   1.0000
   1.0000   1.0000   1.0000
   1.0000   1.0000   1.0000
   1.0000   1.0000   1.0000
   1.0000   1.0000   1.0000
   1.0000   1.0000   1.0000
   1.0000   1.0000   1.0000
   1.0000   1.0000   1.0000
   1.0000   1.0000   1.0000
   1.0000   1.0000   1.0000
   1.0000   1.0000   1.0000
   1.0000   1.0000   1.0000
   1.0000   1.0000   1.0000
   1.0000   1.0000   1.0000
   1.0000   1.0000   1.0000
   1.0000   1.0000   1.0000
   1.0000   1.0000   1.0000
   1.0000   1.0000   1.0000
   1.0000   1.0000   1.0000
   1.0000   1.0000   1.0000
   1.0000   1.0000   1.0000
   1.0000   1.0000   1.0000
   1.0000   1.0000   1.0000
   1.0000   1.0000   1.0000
   1.0000   1.0000   1.0000
   1.0000   1.0000   1.0000
   1.0000   1.0000   1.0000
   1.0000   1.0000   1.0000
   1.0000   1.0000   1.0000
   1.0000   1.0000   1.0000
   1.0000   1.0000   1.0000
   1.0000   1.0000   1.0000
   1.0000   1.0000   1.0000
   1.0000   1.0000   1.0000
   1.0000   1.0000   1.0000
   1.0000   1.0000   1.0000
   1.0000   1.0000   1.0000
   1.0000   1.0000   1.0000
   1.0000   1.0000   1.0000
   1.0000   1.0000   1.0000
   1.0000   1.0000   1.0000
   1.0000   1.0000   1.0000
   1.0000   1.0000   1.0000
   1.0000   1.0000   1.0000
   1.0000   1.0000   1.0000
   1.0000   1.0000   1.0000
   1.0000   1.0000   1.0000
   1.0000   1.0000   1.0000
   1.0000   1.0000   1.0000

applying weight : 1
applying weight : 1
applying weight : 1
Here are the weights in c++ : 
   1.0000   1.0000   1.0000
   1.0000   1.0000   1.0000
   1.0000   1.0000   1.0000
   1.0000   1.0000   1.0000
   1.0000   1.0000   1.0000
   1.0000   1.0000   1.0000
   1.0000   1.0000   1.0000
   1.0000   1.0000   1.0000
   1.0000   1.0000   1.0000
   1.0000   1.0000   1.0000
   1.0000   1.0000   1.0000
   1.0000   1.0000   1.0000
   1.0000   1.0000   1.0000
   1.0000   1.0000   1.0000
   1.0000   1.0000   1.0000
   1.0000   1.0000   1.0000
   1.0000   1.0000   1.0000
   1.0000   1.0000   1.0000
   1.0000   1.0000   1.0000
   1.0000   1.0000   1.0000
   1.0000   1.0000   1.0000
   1.0000   1.0000   1.0000
   1.0000   1.0000   1.0000
   1.0000   1.0000   1.0000
   1.0000   1.0000   1.0000
   1.0000   1.0000   1.0000
   1.0000   1.0000   1.0000
   1.0000   1.0000   1.0000
   1.0000   1.0000   1.0000
   1.0000   1.0000   1.0000
   1.0000   1.0000   1.0000
   1.0000   1.0000   1.0000
   1.0000   1.0000   1.0000
   1.0000   1.0000   1.0000
   1.0000   1.0000   1.0000
   1.0000   1.0000   1.0000
   1.0000   1.0000   1.0000
   1.0000   1.0000   1.0000
   1.0000   1.0000   1.0000
   1.0000   1.0000   1.0000
   1.0000   1.0000   1.0000
   1.0000   1.0000   1.0000
   1.0000   1.0000   1.0000
   1.0000   1.0000   1.0000
   1.0000   1.0000   1.0000
   1.0000   1.0000   1.0000
   1.0000   1.0000   1.0000
   1.0000   1.0000   1.0000
   1.0000   1.0000   1.0000
   1.0000   1.0000   1.0000
   1.0000   1.0000   1.0000
   1.0000   1.0000   1.0000
   1.0000   1.0000   1.0000
   1.0000   1.0000   1.0000
   1.0000   1.0000   1.0000
   1.0000   1.0000   1.0000
   1.0000   1.0000   1.0000

applying weight : 1
applying weight : 1
applying weight : 1
Here are the weights in c++ : 
   1.0000   1.0000   1.0000
   1.0000   1.0000   1.0000
   1.0000   1.0000   1.0000
   1.0000   1.0000   1.0000
   1.0000   1.0000   1.0000
   1.0000   1.0000   1.0000
   1.0000   1.0000   1.0000
   1.0000   1.0000   1.0000
   1.0000   1.0000   1.0000
   1.0000   1.0000   1.0000
   1.0000   1.0000   1.0000
   1.0000   1.0000   1.0000
   1.0000   1.0000   1.0000
   1.0000   1.0000   1.0000
   1.0000   1.0000   1.0000
   1.0000   1.0000   1.0000
   1.0000   1.0000   1.0000
   1.0000   1.0000   1.0000
   1.0000   1.0000   1.0000
   1.0000   1.0000   1.0000
   1.0000   1.0000   1.0000
   1.0000   1.0000   1.0000
   1.0000   1.0000   1.0000
   1.0000   1.0000   1.0000
   1.0000   1.0000   1.0000
   1.0000   1.0000   1.0000
   1.0000   1.0000   1.0000
   1.0000   1.0000   1.0000
   1.0000   1.0000   1.0000
   1.0000   1.0000   1.0000
   1.0000   1.0000   1.0000
   1.0000   1.0000   1.0000
   1.0000   1.0000   1.0000
   1.0000   1.0000   1.0000
   1.0000   1.0000   1.0000
   1.0000   1.0000   1.0000
   1.0000   1.0000   1.0000
   1.0000   1.0000   1.0000
   1.0000   1.0000   1.0000
   1.0000   1.0000   1.0000
   1.0000   1.0000   1.0000
   1.0000   1.0000   1.0000
   1.0000   1.0000   1.0000
   1.0000   1.0000   1.0000
   1.0000   1.0000   1.0000
   1.0000   1.0000   1.0000
   1.0000   1.0000   1.0000
   1.0000   1.0000   1.0000
   1.0000   1.0000   1.0000
   1.0000   1.0000   1.0000
   1.0000   1.0000   1.0000
   1.0000   1.0000   1.0000
   1.0000   1.0000   1.0000
   1.0000   1.0000   1.0000
   1.0000   1.0000   1.0000
   1.0000   1.0000   1.0000
   1.0000   1.0000   1.0000

applying weight : 1
applying weight : 1
applying weight : 1
Here are the weights in c++ : 
   1.0000   1.0000   1.0000
   1.0000   1.0000   1.0000
   1.0000   1.0000   1.0000
   1.0000   1.0000   1.0000
   1.0000   1.0000   1.0000
   1.0000   1.0000   1.0000
   1.0000   1.0000   1.0000
   1.0000   1.0000   1.0000
   1.0000   1.0000   1.0000
   1.0000   1.0000   1.0000
   1.0000   1.0000   1.0000
   1.0000   1.0000   1.0000
   1.0000   1.0000   1.0000
   1.0000   1.0000   1.0000
   1.0000   1.0000   1.0000
   1.0000   1.0000   1.0000
   1.0000   1.0000   1.0000
   1.0000   1.0000   1.0000
   1.0000   1.0000   1.0000
   1.0000   1.0000   1.0000
   1.0000   1.0000   1.0000
   1.0000   1.0000   1.0000
   1.0000   1.0000   1.0000
   1.0000   1.0000   1.0000
   1.0000   1.0000   1.0000
   1.0000   1.0000   1.0000
   1.0000   1.0000   1.0000
   1.0000   1.0000   1.0000
   1.0000   1.0000   1.0000
   1.0000   1.0000   1.0000
   1.0000   1.0000   1.0000
   1.0000   1.0000   1.0000
   1.0000   1.0000   1.0000
   1.0000   1.0000   1.0000
   1.0000   1.0000   1.0000
   1.0000   1.0000   1.0000
   1.0000   1.0000   1.0000
   1.0000   1.0000   1.0000
   1.0000   1.0000   1.0000
   1.0000   1.0000   1.0000
   1.0000   1.0000   1.0000
   1.0000   1.0000   1.0000
   1.0000   1.0000   1.0000
   1.0000   1.0000   1.0000
   1.0000   1.0000   1.0000
   1.0000   1.0000   1.0000
   1.0000   1.0000   1.0000
   1.0000   1.0000   1.0000
   1.0000   1.0000   1.0000
   1.0000   1.0000   1.0000
   1.0000   1.0000   1.0000
   1.0000   1.0000   1.0000
   1.0000   1.0000   1.0000
   1.0000   1.0000   1.0000
   1.0000   1.0000   1.0000
   1.0000   1.0000   1.0000
   1.0000   1.0000   1.0000

applying weight : 1
applying weight : 1
applying weight : 1
Here are the weights in c++ : 
   1.0000   1.0000   1.0000
   1.0000   1.0000   1.0000
   1.0000   1.0000   1.0000
   1.0000   1.0000   1.0000
   1.0000   1.0000   1.0000
   1.0000   1.0000   1.0000
   1.0000   1.0000   1.0000
   1.0000   1.0000   1.0000
   1.0000   1.0000   1.0000
   1.0000   1.0000   1.0000
   1.0000   1.0000   1.0000
   1.0000   1.0000   1.0000
   1.0000   1.0000   1.0000
   1.0000   1.0000   1.0000
   1.0000   1.0000   1.0000
   1.0000   1.0000   1.0000
   1.0000   1.0000   1.0000
   1.0000   1.0000   1.0000
   1.0000   1.0000   1.0000
   1.0000   1.0000   1.0000
   1.0000   1.0000   1.0000
   1.0000   1.0000   1.0000
   1.0000   1.0000   1.0000
   1.0000   1.0000   1.0000
   1.0000   1.0000   1.0000
   1.0000   1.0000   1.0000
   1.0000   1.0000   1.0000
   1.0000   1.0000   1.0000
   1.0000   1.0000   1.0000
   1.0000   1.0000   1.0000
   1.0000   1.0000   1.0000
   1.0000   1.0000   1.0000
   1.0000   1.0000   1.0000
   1.0000   1.0000   1.0000
   1.0000   1.0000   1.0000
   1.0000   1.0000   1.0000
   1.0000   1.0000   1.0000
   1.0000   1.0000   1.0000
   1.0000   1.0000   1.0000
   1.0000   1.0000   1.0000
   1.0000   1.0000   1.0000
   1.0000   1.0000   1.0000
   1.0000   1.0000   1.0000
   1.0000   1.0000   1.0000
   1.0000   1.0000   1.0000
   1.0000   1.0000   1.0000
   1.0000   1.0000   1.0000
   1.0000   1.0000   1.0000
   1.0000   1.0000   1.0000
   1.0000   1.0000   1.0000
   1.0000   1.0000   1.0000
   1.0000   1.0000   1.0000
   1.0000   1.0000   1.0000
   1.0000   1.0000   1.0000
   1.0000   1.0000   1.0000
   1.0000   1.0000   1.0000
   1.0000   1.0000   1.0000

applying weight : 1
applying weight : 1
applying weight : 1
[1] "checking inputs ..."
[1] "prior data preparation ..."
[1] "Calculating the correction factor if required"
[1] "Splittig the dataset within the grid ..."
[1] "start calculating the CV values ..."
  |                                                                                                                                 |                                                                                                                         |   0%Here are the weights in c++ : 
   1.0000   1.0000   1.0000
   1.0000   1.0000   1.0000
   1.0000   1.0000   1.0000
   1.0000   1.0000   1.0000
   1.0000   1.0000   1.0000
   1.0000   1.0000   1.0000
   1.0000   1.0000   1.0000
   1.0000   1.0000   1.0000
   1.0000   1.0000   1.0000
   1.0000   1.0000   1.0000
   1.0000   1.0000   1.0000
   1.0000   1.0000   1.0000
   1.0000   1.0000   1.0000
   1.0000   1.0000   1.0000
   1.0000   1.0000   1.0000
   1.0000   1.0000   1.0000
   1.0000   1.0000   1.0000
   1.0000   1.0000   1.0000
   1.0000   1.0000   1.0000
   1.0000   1.0000   1.0000
   1.0000   1.0000   1.0000
   1.0000   1.0000   1.0000
   1.0000   1.0000   1.0000
   1.0000   1.0000   1.0000
   1.0000   1.0000   1.0000
   1.0000   1.0000   1.0000
   1.0000   1.0000   1.0000
   1.0000   1.0000   1.0000
   1.0000   1.0000   1.0000
   1.0000   1.0000   1.0000
   1.0000   1.0000   1.0000
   1.0000   1.0000   1.0000
   1.0000   1.0000   1.0000
   1.0000   1.0000   1.0000
   1.0000   1.0000   1.0000
   1.0000   1.0000   1.0000
   1.0000   1.0000   1.0000
   1.0000   1.0000   1.0000

applying weight : 1
applying weight : 1
applying weight : 1
Here are the weights in c++ : 
   1.0000   1.0000   1.0000
   1.0000   1.0000   1.0000
   1.0000   1.0000   1.0000
   1.0000   1.0000   1.0000
   1.0000   1.0000   1.0000
   1.0000   1.0000   1.0000
   1.0000   1.0000   1.0000
   1.0000   1.0000   1.0000
   1.0000   1.0000   1.0000
   1.0000   1.0000   1.0000
   1.0000   1.0000   1.0000
   1.0000   1.0000   1.0000
   1.0000   1.0000   1.0000
   1.0000   1.0000   1.0000
   1.0000   1.0000   1.0000
   1.0000   1.0000   1.0000
   1.0000   1.0000   1.0000
   1.0000   1.0000   1.0000
   1.0000   1.0000   1.0000
   1.0000   1.0000   1.0000
   1.0000   1.0000   1.0000
   1.0000   1.0000   1.0000
   1.0000   1.0000   1.0000
   1.0000   1.0000   1.0000
   1.0000   1.0000   1.0000
   1.0000   1.0000   1.0000
   1.0000   1.0000   1.0000
   1.0000   1.0000   1.0000
   1.0000   1.0000   1.0000
   1.0000   1.0000   1.0000
   1.0000   1.0000   1.0000
   1.0000   1.0000   1.0000
   1.0000   1.0000   1.0000
   1.0000   1.0000   1.0000
   1.0000   1.0000   1.0000
   1.0000   1.0000   1.0000
   1.0000   1.0000   1.0000
   1.0000   1.0000   1.0000

applying weight : 1
applying weight : 1
applying weight : 1
Here are the weights in c++ : 
   1.0000   1.0000   1.0000
   1.0000   1.0000   1.0000
   1.0000   1.0000   1.0000
   1.0000   1.0000   1.0000
   1.0000   1.0000   1.0000
   1.0000   1.0000   1.0000
   1.0000   1.0000   1.0000
   1.0000   1.0000   1.0000
   1.0000   1.0000   1.0000
   1.0000   1.0000   1.0000
   1.0000   1.0000   1.0000
   1.0000   1.0000   1.0000
   1.0000   1.0000   1.0000
   1.0000   1.0000   1.0000
   1.0000   1.0000   1.0000
   1.0000   1.0000   1.0000
   1.0000   1.0000   1.0000
   1.0000   1.0000   1.0000
   1.0000   1.0000   1.0000
   1.0000   1.0000   1.0000
   1.0000   1.0000   1.0000
   1.0000   1.0000   1.0000
   1.0000   1.0000   1.0000
   1.0000   1.0000   1.0000
   1.0000   1.0000   1.0000
   1.0000   1.0000   1.0000
   1.0000   1.0000   1.0000
   1.0000   1.0000   1.0000
   1.0000   1.0000   1.0000
   1.0000   1.0000   1.0000
   1.0000   1.0000   1.0000
   1.0000   1.0000   1.0000
   1.0000   1.0000   1.0000
   1.0000   1.0000   1.0000
   1.0000   1.0000   1.0000
   1.0000   1.0000   1.0000
   1.0000   1.0000   1.0000
   1.0000   1.0000   1.0000

applying weight : 1
applying weight : 1
applying weight : 1
Here are the weights in c++ : 
   1.0000   1.0000   1.0000
   1.0000   1.0000   1.0000
   1.0000   1.0000   1.0000
   1.0000   1.0000   1.0000
   1.0000   1.0000   1.0000
   1.0000   1.0000   1.0000
   1.0000   1.0000   1.0000
   1.0000   1.0000   1.0000
   1.0000   1.0000   1.0000
   1.0000   1.0000   1.0000
   1.0000   1.0000   1.0000
   1.0000   1.0000   1.0000
   1.0000   1.0000   1.0000
   1.0000   1.0000   1.0000
   1.0000   1.0000   1.0000
   1.0000   1.0000   1.0000
   1.0000   1.0000   1.0000
   1.0000   1.0000   1.0000
   1.0000   1.0000   1.0000
   1.0000   1.0000   1.0000
   1.0000   1.0000   1.0000
   1.0000   1.0000   1.0000
   1.0000   1.0000   1.0000
   1.0000   1.0000   1.0000
   1.0000   1.0000   1.0000
   1.0000   1.0000   1.0000
   1.0000   1.0000   1.0000
   1.0000   1.0000   1.0000
   1.0000   1.0000   1.0000
   1.0000   1.0000   1.0000
   1.0000   1.0000   1.0000
   1.0000   1.0000   1.0000
   1.0000   1.0000   1.0000
   1.0000   1.0000   1.0000
   1.0000   1.0000   1.0000
   1.0000   1.0000   1.0000
   1.0000   1.0000   1.0000
   1.0000   1.0000   1.0000

applying weight : 1
applying weight : 1
applying weight : 1
Here are the weights in c++ : 
   1.0000   1.0000   1.0000
   1.0000   1.0000   1.0000
   1.0000   1.0000   1.0000
   1.0000   1.0000   1.0000
   1.0000   1.0000   1.0000
   1.0000   1.0000   1.0000
   1.0000   1.0000   1.0000
   1.0000   1.0000   1.0000
   1.0000   1.0000   1.0000
   1.0000   1.0000   1.0000
   1.0000   1.0000   1.0000
   1.0000   1.0000   1.0000
   1.0000   1.0000   1.0000
   1.0000   1.0000   1.0000
   1.0000   1.0000   1.0000
   1.0000   1.0000   1.0000
   1.0000   1.0000   1.0000
   1.0000   1.0000   1.0000
   1.0000   1.0000   1.0000
   1.0000   1.0000   1.0000
   1.0000   1.0000   1.0000
   1.0000   1.0000   1.0000
   1.0000   1.0000   1.0000
   1.0000   1.0000   1.0000
   1.0000   1.0000   1.0000
   1.0000   1.0000   1.0000
   1.0000   1.0000   1.0000
   1.0000   1.0000   1.0000
   1.0000   1.0000   1.0000
   1.0000   1.0000   1.0000
   1.0000   1.0000   1.0000
   1.0000   1.0000   1.0000
   1.0000   1.0000   1.0000
   1.0000   1.0000   1.0000
   1.0000   1.0000   1.0000
   1.0000   1.0000   1.0000
   1.0000   1.0000   1.0000
   1.0000   1.0000   1.0000

applying weight : 1
applying weight : 1
applying weight : 1
Here are the weights in c++ : 
   1.0000   1.0000   1.0000
   1.0000   1.0000   1.0000
   1.0000   1.0000   1.0000
   1.0000   1.0000   1.0000
   1.0000   1.0000   1.0000
   1.0000   1.0000   1.0000
   1.0000   1.0000   1.0000
   1.0000   1.0000   1.0000
   1.0000   1.0000   1.0000
   1.0000   1.0000   1.0000
   1.0000   1.0000   1.0000
   1.0000   1.0000   1.0000
   1.0000   1.0000   1.0000
   1.0000   1.0000   1.0000
   1.0000   1.0000   1.0000
   1.0000   1.0000   1.0000
   1.0000   1.0000   1.0000
   1.0000   1.0000   1.0000
   1.0000   1.0000   1.0000
   1.0000   1.0000   1.0000
   1.0000   1.0000   1.0000
   1.0000   1.0000   1.0000
   1.0000   1.0000   1.0000
   1.0000   1.0000   1.0000
   1.0000   1.0000   1.0000
   1.0000   1.0000   1.0000
   1.0000   1.0000   1.0000
   1.0000   1.0000   1.0000
   1.0000   1.0000   1.0000
   1.0000   1.0000   1.0000
   1.0000   1.0000   1.0000
   1.0000   1.0000   1.0000
   1.0000   1.0000   1.0000
   1.0000   1.0000   1.0000
   1.0000   1.0000   1.0000
   1.0000   1.0000   1.0000
   1.0000   1.0000   1.0000
   1.0000   1.0000   1.0000

applying weight : 1
applying weight : 1
applying weight : 1
Here are the weights in c++ : 
   1.0000   1.0000   1.0000
   1.0000   1.0000   1.0000
   1.0000   1.0000   1.0000
   1.0000   1.0000   1.0000
   1.0000   1.0000   1.0000
   1.0000   1.0000   1.0000
   1.0000   1.0000   1.0000
   1.0000   1.0000   1.0000
   1.0000   1.0000   1.0000
   1.0000   1.0000   1.0000
   1.0000   1.0000   1.0000
   1.0000   1.0000   1.0000
   1.0000   1.0000   1.0000
   1.0000   1.0000   1.0000
   1.0000   1.0000   1.0000
   1.0000   1.0000   1.0000
   1.0000   1.0000   1.0000
   1.0000   1.0000   1.0000
   1.0000   1.0000   1.0000
   1.0000   1.0000   1.0000
   1.0000   1.0000   1.0000
   1.0000   1.0000   1.0000
   1.0000   1.0000   1.0000
   1.0000   1.0000   1.0000
   1.0000   1.0000   1.0000
   1.0000   1.0000   1.0000
   1.0000   1.0000   1.0000
   1.0000   1.0000   1.0000
   1.0000   1.0000   1.0000
   1.0000   1.0000   1.0000
   1.0000   1.0000   1.0000
   1.0000   1.0000   1.0000
   1.0000   1.0000   1.0000
   1.0000   1.0000   1.0000
   1.0000   1.0000   1.0000
   1.0000   1.0000   1.0000
   1.0000   1.0000   1.0000
   1.0000   1.0000   1.0000

applying weight : 1
applying weight : 1
applying weight : 1
Here are the weights in c++ : 
   1.0000   1.0000   1.0000
   1.0000   1.0000   1.0000
   1.0000   1.0000   1.0000
   1.0000   1.0000   1.0000
   1.0000   1.0000   1.0000
   1.0000   1.0000   1.0000
   1.0000   1.0000   1.0000
   1.0000   1.0000   1.0000
   1.0000   1.0000   1.0000
   1.0000   1.0000   1.0000
   1.0000   1.0000   1.0000
   1.0000   1.0000   1.0000
   1.0000   1.0000   1.0000
   1.0000   1.0000   1.0000
   1.0000   1.0000   1.0000
   1.0000   1.0000   1.0000
   1.0000   1.0000   1.0000
   1.0000   1.0000   1.0000
   1.0000   1.0000   1.0000
   1.0000   1.0000   1.0000
   1.0000   1.0000   1.0000
   1.0000   1.0000   1.0000
   1.0000   1.0000   1.0000
   1.0000   1.0000   1.0000
   1.0000   1.0000   1.0000
   1.0000   1.0000   1.0000
   1.0000   1.0000   1.0000
   1.0000   1.0000   1.0000
   1.0000   1.0000   1.0000
   1.0000   1.0000   1.0000
   1.0000   1.0000   1.0000
   1.0000   1.0000   1.0000
   1.0000   1.0000   1.0000
   1.0000   1.0000   1.0000
   1.0000   1.0000   1.0000
   1.0000   1.0000   1.0000
   1.0000   1.0000   1.0000
   1.0000   1.0000   1.0000

applying weight : 1
applying weight : 1
applying weight : 1
Here are the weights in c++ : 
   1.0000   1.0000   1.0000
   1.0000   1.0000   1.0000
   1.0000   1.0000   1.0000
   1.0000   1.0000   1.0000
   1.0000   1.0000   1.0000
   1.0000   1.0000   1.0000
   1.0000   1.0000   1.0000
   1.0000   1.0000   1.0000
   1.0000   1.0000   1.0000
   1.0000   1.0000   1.0000
   1.0000   1.0000   1.0000
   1.0000   1.0000   1.0000
   1.0000   1.0000   1.0000
   1.0000   1.0000   1.0000
   1.0000   1.0000   1.0000
   1.0000   1.0000   1.0000
   1.0000   1.0000   1.0000
   1.0000   1.0000   1.0000
   1.0000   1.0000   1.0000
   1.0000   1.0000   1.0000
   1.0000   1.0000   1.0000
   1.0000   1.0000   1.0000
   1.0000   1.0000   1.0000
   1.0000   1.0000   1.0000
   1.0000   1.0000   1.0000
   1.0000   1.0000   1.0000
   1.0000   1.0000   1.0000
   1.0000   1.0000   1.0000
   1.0000   1.0000   1.0000
   1.0000   1.0000   1.0000
   1.0000   1.0000   1.0000
   1.0000   1.0000   1.0000
   1.0000   1.0000   1.0000
   1.0000   1.0000   1.0000
   1.0000   1.0000   1.0000
   1.0000   1.0000   1.0000
   1.0000   1.0000   1.0000
   1.0000   1.0000   1.0000

applying weight : 1
applying weight : 1
applying weight : 1
Here are the weights in c++ : 
   1.0000   1.0000   1.0000
   1.0000   1.0000   1.0000
   1.0000   1.0000   1.0000
   1.0000   1.0000   1.0000
   1.0000   1.0000   1.0000
   1.0000   1.0000   1.0000
   1.0000   1.0000   1.0000
   1.0000   1.0000   1.0000
   1.0000   1.0000   1.0000
   1.0000   1.0000   1.0000
   1.0000   1.0000   1.0000
   1.0000   1.0000   1.0000
   1.0000   1.0000   1.0000
   1.0000   1.0000   1.0000
   1.0000   1.0000   1.0000
   1.0000   1.0000   1.0000
   1.0000   1.0000   1.0000
   1.0000   1.0000   1.0000
   1.0000   1.0000   1.0000
   1.0000   1.0000   1.0000
   1.0000   1.0000   1.0000
   1.0000   1.0000   1.0000
   1.0000   1.0000   1.0000
   1.0000   1.0000   1.0000
   1.0000   1.0000   1.0000
   1.0000   1.0000   1.0000
   1.0000   1.0000   1.0000
   1.0000   1.0000   1.0000
   1.0000   1.0000   1.0000
   1.0000   1.0000   1.0000
   1.0000   1.0000   1.0000
   1.0000   1.0000   1.0000
   1.0000   1.0000   1.0000
   1.0000   1.0000   1.0000
   1.0000   1.0000   1.0000
   1.0000   1.0000   1.0000
   1.0000   1.0000   1.0000
   1.0000   1.0000   1.0000

applying weight : 1
applying weight : 1
applying weight : 1
Here are the weights in c++ : 
   1.0000   1.0000   1.0000
   1.0000   1.0000   1.0000
   1.0000   1.0000   1.0000
   1.0000   1.0000   1.0000
   1.0000   1.0000   1.0000
   1.0000   1.0000   1.0000
   1.0000   1.0000   1.0000
   1.0000   1.0000   1.0000
   1.0000   1.0000   1.0000
   1.0000   1.0000   1.0000
   1.0000   1.0000   1.0000
   1.0000   1.0000   1.0000
   1.0000   1.0000   1.0000
   1.0000   1.0000   1.0000
   1.0000   1.0000   1.0000
   1.0000   1.0000   1.0000
   1.0000   1.0000   1.0000
   1.0000   1.0000   1.0000
   1.0000   1.0000   1.0000
   1.0000   1.0000   1.0000
   1.0000   1.0000   1.0000
   1.0000   1.0000   1.0000
   1.0000   1.0000   1.0000
   1.0000   1.0000   1.0000
   1.0000   1.0000   1.0000
   1.0000   1.0000   1.0000
   1.0000   1.0000   1.0000
   1.0000   1.0000   1.0000
   1.0000   1.0000   1.0000
   1.0000   1.0000   1.0000
   1.0000   1.0000   1.0000
   1.0000   1.0000   1.0000
   1.0000   1.0000   1.0000
   1.0000   1.0000   1.0000
   1.0000   1.0000   1.0000
   1.0000   1.0000   1.0000
   1.0000   1.0000   1.0000
   1.0000   1.0000   1.0000

applying weight : 1
applying weight : 1
applying weight : 1
Here are the weights in c++ : 
   1.0000   1.0000   1.0000
   1.0000   1.0000   1.0000
   1.0000   1.0000   1.0000
   1.0000   1.0000   1.0000
   1.0000   1.0000   1.0000
   1.0000   1.0000   1.0000
   1.0000   1.0000   1.0000
   1.0000   1.0000   1.0000
   1.0000   1.0000   1.0000
   1.0000   1.0000   1.0000
   1.0000   1.0000   1.0000
   1.0000   1.0000   1.0000
   1.0000   1.0000   1.0000
   1.0000   1.0000   1.0000
   1.0000   1.0000   1.0000
   1.0000   1.0000   1.0000
   1.0000   1.0000   1.0000
   1.0000   1.0000   1.0000
   1.0000   1.0000   1.0000
   1.0000   1.0000   1.0000
   1.0000   1.0000   1.0000
   1.0000   1.0000   1.0000
   1.0000   1.0000   1.0000
   1.0000   1.0000   1.0000
   1.0000   1.0000   1.0000
   1.0000   1.0000   1.0000
   1.0000   1.0000   1.0000
   1.0000   1.0000   1.0000
   1.0000   1.0000   1.0000
   1.0000   1.0000   1.0000
   1.0000   1.0000   1.0000
   1.0000   1.0000   1.0000
   1.0000   1.0000   1.0000
   1.0000   1.0000   1.0000
   1.0000   1.0000   1.0000
   1.0000   1.0000   1.0000
   1.0000   1.0000   1.0000
   1.0000   1.0000   1.0000

applying weight : 1
applying weight : 1
applying weight : 1
Here are the weights in c++ : 
   1.0000   1.0000   1.0000
   1.0000   1.0000   1.0000
   1.0000   1.0000   1.0000
   1.0000   1.0000   1.0000
   1.0000   1.0000   1.0000
   1.0000   1.0000   1.0000
   1.0000   1.0000   1.0000
   1.0000   1.0000   1.0000
   1.0000   1.0000   1.0000
   1.0000   1.0000   1.0000
   1.0000   1.0000   1.0000
   1.0000   1.0000   1.0000
   1.0000   1.0000   1.0000
   1.0000   1.0000   1.0000
   1.0000   1.0000   1.0000
   1.0000   1.0000   1.0000
   1.0000   1.0000   1.0000
   1.0000   1.0000   1.0000
   1.0000   1.0000   1.0000
   1.0000   1.0000   1.0000
   1.0000   1.0000   1.0000
   1.0000   1.0000   1.0000
   1.0000   1.0000   1.0000
   1.0000   1.0000   1.0000
   1.0000   1.0000   1.0000
   1.0000   1.0000   1.0000
   1.0000   1.0000   1.0000
   1.0000   1.0000   1.0000
   1.0000   1.0000   1.0000
   1.0000   1.0000   1.0000
   1.0000   1.0000   1.0000
   1.0000   1.0000   1.0000
   1.0000   1.0000   1.0000
   1.0000   1.0000   1.0000
   1.0000   1.0000   1.0000
   1.0000   1.0000   1.0000
   1.0000   1.0000   1.0000
   1.0000   1.0000   1.0000

applying weight : 1
applying weight : 1
applying weight : 1
Here are the weights in c++ : 
   1.0000   1.0000   1.0000
   1.0000   1.0000   1.0000
   1.0000   1.0000   1.0000
   1.0000   1.0000   1.0000
   1.0000   1.0000   1.0000
   1.0000   1.0000   1.0000
   1.0000   1.0000   1.0000
   1.0000   1.0000   1.0000
   1.0000   1.0000   1.0000
   1.0000   1.0000   1.0000
   1.0000   1.0000   1.0000
   1.0000   1.0000   1.0000
   1.0000   1.0000   1.0000
   1.0000   1.0000   1.0000
   1.0000   1.0000   1.0000
   1.0000   1.0000   1.0000
   1.0000   1.0000   1.0000
   1.0000   1.0000   1.0000
   1.0000   1.0000   1.0000
   1.0000   1.0000   1.0000
   1.0000   1.0000   1.0000
   1.0000   1.0000   1.0000
   1.0000   1.0000   1.0000
   1.0000   1.0000   1.0000
   1.0000   1.0000   1.0000
   1.0000   1.0000   1.0000
   1.0000   1.0000   1.0000
   1.0000   1.0000   1.0000
   1.0000   1.0000   1.0000
   1.0000   1.0000   1.0000
   1.0000   1.0000   1.0000
   1.0000   1.0000   1.0000
   1.0000   1.0000   1.0000
   1.0000   1.0000   1.0000
   1.0000   1.0000   1.0000
   1.0000   1.0000   1.0000
   1.0000   1.0000   1.0000
   1.0000   1.0000   1.0000

applying weight : 1
applying weight : 1
applying weight : 1
Here are the weights in c++ : 
   1.0000   1.0000   1.0000
   1.0000   1.0000   1.0000
   1.0000   1.0000   1.0000
   1.0000   1.0000   1.0000
   1.0000   1.0000   1.0000
   1.0000   1.0000   1.0000
   1.0000   1.0000   1.0000
   1.0000   1.0000   1.0000
   1.0000   1.0000   1.0000
   1.0000   1.0000   1.0000
   1.0000   1.0000   1.0000
   1.0000   1.0000   1.0000
   1.0000   1.0000   1.0000
   1.0000   1.0000   1.0000
   1.0000   1.0000   1.0000
   1.0000   1.0000   1.0000
   1.0000   1.0000   1.0000
   1.0000   1.0000   1.0000
   1.0000   1.0000   1.0000
   1.0000   1.0000   1.0000
   1.0000   1.0000   1.0000
   1.0000   1.0000   1.0000
   1.0000   1.0000   1.0000
   1.0000   1.0000   1.0000
   1.0000   1.0000   1.0000
   1.0000   1.0000   1.0000
   1.0000   1.0000   1.0000
   1.0000   1.0000   1.0000
   1.0000   1.0000   1.0000
   1.0000   1.0000   1.0000
   1.0000   1.0000   1.0000
   1.0000   1.0000   1.0000
   1.0000   1.0000   1.0000
   1.0000   1.0000   1.0000
   1.0000   1.0000   1.0000
   1.0000   1.0000   1.0000
   1.0000   1.0000   1.0000
   1.0000   1.0000   1.0000

applying weight : 1
applying weight : 1
applying weight : 1
Here are the weights in c++ : 
   1.0000   1.0000   1.0000
   1.0000   1.0000   1.0000
   1.0000   1.0000   1.0000
   1.0000   1.0000   1.0000
   1.0000   1.0000   1.0000
   1.0000   1.0000   1.0000
   1.0000   1.0000   1.0000
   1.0000   1.0000   1.0000
   1.0000   1.0000   1.0000
   1.0000   1.0000   1.0000
   1.0000   1.0000   1.0000
   1.0000   1.0000   1.0000
   1.0000   1.0000   1.0000
   1.0000   1.0000   1.0000
   1.0000   1.0000   1.0000
   1.0000   1.0000   1.0000
   1.0000   1.0000   1.0000
   1.0000   1.0000   1.0000
   1.0000   1.0000   1.0000
   1.0000   1.0000   1.0000
   1.0000   1.0000   1.0000
   1.0000   1.0000   1.0000
   1.0000   1.0000   1.0000
   1.0000   1.0000   1.0000
   1.0000   1.0000   1.0000
   1.0000   1.0000   1.0000
   1.0000   1.0000   1.0000
   1.0000   1.0000   1.0000
   1.0000   1.0000   1.0000
   1.0000   1.0000   1.0000
   1.0000   1.0000   1.0000
   1.0000   1.0000   1.0000
   1.0000   1.0000   1.0000
   1.0000   1.0000   1.0000
   1.0000   1.0000   1.0000
   1.0000   1.0000   1.0000
   1.0000   1.0000   1.0000
   1.0000   1.0000   1.0000

applying weight : 1
applying weight : 1
applying weight : 1
Here are the weights in c++ : 
   1.0000   1.0000   1.0000
   1.0000   1.0000   1.0000
   1.0000   1.0000   1.0000
   1.0000   1.0000   1.0000
   1.0000   1.0000   1.0000
   1.0000   1.0000   1.0000
   1.0000   1.0000   1.0000
   1.0000   1.0000   1.0000
   1.0000   1.0000   1.0000
   1.0000   1.0000   1.0000
   1.0000   1.0000   1.0000
   1.0000   1.0000   1.0000
   1.0000   1.0000   1.0000
   1.0000   1.0000   1.0000
   1.0000   1.0000   1.0000
   1.0000   1.0000   1.0000
   1.0000   1.0000   1.0000
   1.0000   1.0000   1.0000
   1.0000   1.0000   1.0000
   1.0000   1.0000   1.0000
   1.0000   1.0000   1.0000
   1.0000   1.0000   1.0000
   1.0000   1.0000   1.0000
   1.0000   1.0000   1.0000
   1.0000   1.0000   1.0000
   1.0000   1.0000   1.0000
   1.0000   1.0000   1.0000
   1.0000   1.0000   1.0000
   1.0000   1.0000   1.0000
   1.0000   1.0000   1.0000
   1.0000   1.0000   1.0000
   1.0000   1.0000   1.0000
   1.0000   1.0000   1.0000
   1.0000   1.0000   1.0000
   1.0000   1.0000   1.0000
   1.0000   1.0000   1.0000
   1.0000   1.0000   1.0000
   1.0000   1.0000   1.0000

applying weight : 1
applying weight : 1
applying weight : 1
Here are the weights in c++ : 
   1.0000   1.0000   1.0000
   1.0000   1.0000   1.0000
   1.0000   1.0000   1.0000
   1.0000   1.0000   1.0000
   1.0000   1.0000   1.0000
   1.0000   1.0000   1.0000
   1.0000   1.0000   1.0000
   1.0000   1.0000   1.0000
   1.0000   1.0000   1.0000
   1.0000   1.0000   1.0000
   1.0000   1.0000   1.0000
   1.0000   1.0000   1.0000
   1.0000   1.0000   1.0000
   1.0000   1.0000   1.0000
   1.0000   1.0000   1.0000
   1.0000   1.0000   1.0000
   1.0000   1.0000   1.0000
   1.0000   1.0000   1.0000
   1.0000   1.0000   1.0000
   1.0000   1.0000   1.0000
   1.0000   1.0000   1.0000
   1.0000   1.0000   1.0000
   1.0000   1.0000   1.0000
   1.0000   1.0000   1.0000
   1.0000   1.0000   1.0000
   1.0000   1.0000   1.0000
   1.0000   1.0000   1.0000
   1.0000   1.0000   1.0000
   1.0000   1.0000   1.0000
   1.0000   1.0000   1.0000
   1.0000   1.0000   1.0000
   1.0000   1.0000   1.0000
   1.0000   1.0000   1.0000
   1.0000   1.0000   1.0000
   1.0000   1.0000   1.0000
   1.0000   1.0000   1.0000
   1.0000   1.0000   1.0000
   1.0000   1.0000   1.0000

applying weight : 1
applying weight : 1
applying weight : 1
Here are the weights in c++ : 
   1.0000   1.0000   1.0000
   1.0000   1.0000   1.0000
   1.0000   1.0000   1.0000
   1.0000   1.0000   1.0000
   1.0000   1.0000   1.0000
   1.0000   1.0000   1.0000
   1.0000   1.0000   1.0000
   1.0000   1.0000   1.0000
   1.0000   1.0000   1.0000
   1.0000   1.0000   1.0000
   1.0000   1.0000   1.0000
   1.0000   1.0000   1.0000
   1.0000   1.0000   1.0000
   1.0000   1.0000   1.0000
   1.0000   1.0000   1.0000
   1.0000   1.0000   1.0000
   1.0000   1.0000   1.0000
   1.0000   1.0000   1.0000
   1.0000   1.0000   1.0000
   1.0000   1.0000   1.0000
   1.0000   1.0000   1.0000
   1.0000   1.0000   1.0000
   1.0000   1.0000   1.0000
   1.0000   1.0000   1.0000
   1.0000   1.0000   1.0000
   1.0000   1.0000   1.0000
   1.0000   1.0000   1.0000
   1.0000   1.0000   1.0000
   1.0000   1.0000   1.0000
   1.0000   1.0000   1.0000
   1.0000   1.0000   1.0000
   1.0000   1.0000   1.0000
   1.0000   1.0000   1.0000
   1.0000   1.0000   1.0000
   1.0000   1.0000   1.0000
   1.0000   1.0000   1.0000
   1.0000   1.0000   1.0000
   1.0000   1.0000   1.0000

applying weight : 1
applying weight : 1
applying weight : 1
Here are the weights in c++ : 
   1.0000   1.0000   1.0000
   1.0000   1.0000   1.0000
   1.0000   1.0000   1.0000
   1.0000   1.0000   1.0000
   1.0000   1.0000   1.0000
   1.0000   1.0000   1.0000
   1.0000   1.0000   1.0000
   1.0000   1.0000   1.0000
   1.0000   1.0000   1.0000
   1.0000   1.0000   1.0000
   1.0000   1.0000   1.0000
   1.0000   1.0000   1.0000
   1.0000   1.0000   1.0000
   1.0000   1.0000   1.0000
   1.0000   1.0000   1.0000
   1.0000   1.0000   1.0000
   1.0000   1.0000   1.0000
   1.0000   1.0000   1.0000
   1.0000   1.0000   1.0000
   1.0000   1.0000   1.0000
   1.0000   1.0000   1.0000
   1.0000   1.0000   1.0000
   1.0000   1.0000   1.0000
   1.0000   1.0000   1.0000
   1.0000   1.0000   1.0000
   1.0000   1.0000   1.0000
   1.0000   1.0000   1.0000
   1.0000   1.0000   1.0000
   1.0000   1.0000   1.0000
   1.0000   1.0000   1.0000
   1.0000   1.0000   1.0000
   1.0000   1.0000   1.0000
   1.0000   1.0000   1.0000
   1.0000   1.0000   1.0000
   1.0000   1.0000   1.0000
   1.0000   1.0000   1.0000
   1.0000   1.0000   1.0000
   1.0000   1.0000   1.0000

applying weight : 1
applying weight : 1
applying weight : 1
Here are the weights in c++ : 
   1.0000   1.0000   1.0000
   1.0000   1.0000   1.0000
   1.0000   1.0000   1.0000
   1.0000   1.0000   1.0000
   1.0000   1.0000   1.0000
   1.0000   1.0000   1.0000
   1.0000   1.0000   1.0000
   1.0000   1.0000   1.0000
   1.0000   1.0000   1.0000
   1.0000   1.0000   1.0000
   1.0000   1.0000   1.0000
   1.0000   1.0000   1.0000
   1.0000   1.0000   1.0000
   1.0000   1.0000   1.0000
   1.0000   1.0000   1.0000
   1.0000   1.0000   1.0000
   1.0000   1.0000   1.0000
   1.0000   1.0000   1.0000
   1.0000   1.0000   1.0000
   1.0000   1.0000   1.0000
   1.0000   1.0000   1.0000
   1.0000   1.0000   1.0000
   1.0000   1.0000   1.0000
   1.0000   1.0000   1.0000
   1.0000   1.0000   1.0000
   1.0000   1.0000   1.0000
   1.0000   1.0000   1.0000
   1.0000   1.0000   1.0000
   1.0000   1.0000   1.0000
   1.0000   1.0000   1.0000
   1.0000   1.0000   1.0000
   1.0000   1.0000   1.0000
   1.0000   1.0000   1.0000
   1.0000   1.0000   1.0000
   1.0000   1.0000   1.0000
   1.0000   1.0000   1.0000
   1.0000   1.0000   1.0000
   1.0000   1.0000   1.0000

applying weight : 1
applying weight : 1
applying weight : 1
Here are the weights in c++ : 
   1.0000   1.0000   1.0000
   1.0000   1.0000   1.0000
   1.0000   1.0000   1.0000
   1.0000   1.0000   1.0000
   1.0000   1.0000   1.0000
   1.0000   1.0000   1.0000
   1.0000   1.0000   1.0000
   1.0000   1.0000   1.0000
   1.0000   1.0000   1.0000
   1.0000   1.0000   1.0000
   1.0000   1.0000   1.0000
   1.0000   1.0000   1.0000
   1.0000   1.0000   1.0000
   1.0000   1.0000   1.0000
   1.0000   1.0000   1.0000
   1.0000   1.0000   1.0000
   1.0000   1.0000   1.0000
   1.0000   1.0000   1.0000
   1.0000   1.0000   1.0000
   1.0000   1.0000   1.0000
   1.0000   1.0000   1.0000
   1.0000   1.0000   1.0000
   1.0000   1.0000   1.0000
   1.0000   1.0000   1.0000
   1.0000   1.0000   1.0000
   1.0000   1.0000   1.0000
   1.0000   1.0000   1.0000
   1.0000   1.0000   1.0000
   1.0000   1.0000   1.0000
   1.0000   1.0000   1.0000
   1.0000   1.0000   1.0000
   1.0000   1.0000   1.0000
   1.0000   1.0000   1.0000
   1.0000   1.0000   1.0000
   1.0000   1.0000   1.0000
   1.0000   1.0000   1.0000
   1.0000   1.0000   1.0000
   1.0000   1.0000   1.0000

applying weight : 1
applying weight : 1
applying weight : 1
Here are the weights in c++ : 
   1.0000   1.0000   1.0000
   1.0000   1.0000   1.0000
   1.0000   1.0000   1.0000
   1.0000   1.0000   1.0000
   1.0000   1.0000   1.0000
   1.0000   1.0000   1.0000
   1.0000   1.0000   1.0000
   1.0000   1.0000   1.0000
   1.0000   1.0000   1.0000
   1.0000   1.0000   1.0000
   1.0000   1.0000   1.0000
   1.0000   1.0000   1.0000
   1.0000   1.0000   1.0000
   1.0000   1.0000   1.0000
   1.0000   1.0000   1.0000
   1.0000   1.0000   1.0000
   1.0000   1.0000   1.0000
   1.0000   1.0000   1.0000
   1.0000   1.0000   1.0000
   1.0000   1.0000   1.0000
   1.0000   1.0000   1.0000
   1.0000   1.0000   1.0000
   1.0000   1.0000   1.0000
   1.0000   1.0000   1.0000
   1.0000   1.0000   1.0000
   1.0000   1.0000   1.0000
   1.0000   1.0000   1.0000
   1.0000   1.0000   1.0000
   1.0000   1.0000   1.0000
   1.0000   1.0000   1.0000
   1.0000   1.0000   1.0000
   1.0000   1.0000   1.0000
   1.0000   1.0000   1.0000
   1.0000   1.0000   1.0000
   1.0000   1.0000   1.0000
   1.0000   1.0000   1.0000
   1.0000   1.0000   1.0000
   1.0000   1.0000   1.0000

applying weight : 1
applying weight : 1
applying weight : 1
Here are the weights in c++ : 
   1.0000   1.0000   1.0000
   1.0000   1.0000   1.0000
   1.0000   1.0000   1.0000
   1.0000   1.0000   1.0000
   1.0000   1.0000   1.0000
   1.0000   1.0000   1.0000
   1.0000   1.0000   1.0000
   1.0000   1.0000   1.0000
   1.0000   1.0000   1.0000
   1.0000   1.0000   1.0000
   1.0000   1.0000   1.0000
   1.0000   1.0000   1.0000
   1.0000   1.0000   1.0000
   1.0000   1.0000   1.0000
   1.0000   1.0000   1.0000
   1.0000   1.0000   1.0000
   1.0000   1.0000   1.0000
   1.0000   1.0000   1.0000
   1.0000   1.0000   1.0000
   1.0000   1.0000   1.0000
   1.0000   1.0000   1.0000
   1.0000   1.0000   1.0000
   1.0000   1.0000   1.0000
   1.0000   1.0000   1.0000
   1.0000   1.0000   1.0000
   1.0000   1.0000   1.0000
   1.0000   1.0000   1.0000
   1.0000   1.0000   1.0000
   1.0000   1.0000   1.0000
   1.0000   1.0000   1.0000
   1.0000   1.0000   1.0000
   1.0000   1.0000   1.0000
   1.0000   1.0000   1.0000
   1.0000   1.0000   1.0000
   1.0000   1.0000   1.0000
   1.0000   1.0000   1.0000
   1.0000   1.0000   1.0000
   1.0000   1.0000   1.0000

applying weight : 1
applying weight : 1
applying weight : 1
Here are the weights in c++ : 
   1.0000   1.0000   1.0000
   1.0000   1.0000   1.0000
   1.0000   1.0000   1.0000
   1.0000   1.0000   1.0000
   1.0000   1.0000   1.0000
   1.0000   1.0000   1.0000
   1.0000   1.0000   1.0000
   1.0000   1.0000   1.0000
   1.0000   1.0000   1.0000
   1.0000   1.0000   1.0000
   1.0000   1.0000   1.0000
   1.0000   1.0000   1.0000
   1.0000   1.0000   1.0000
   1.0000   1.0000   1.0000
   1.0000   1.0000   1.0000
   1.0000   1.0000   1.0000
   1.0000   1.0000   1.0000
   1.0000   1.0000   1.0000
   1.0000   1.0000   1.0000
   1.0000   1.0000   1.0000
   1.0000   1.0000   1.0000
   1.0000   1.0000   1.0000
   1.0000   1.0000   1.0000
   1.0000   1.0000   1.0000
   1.0000   1.0000   1.0000
   1.0000   1.0000   1.0000
   1.0000   1.0000   1.0000
   1.0000   1.0000   1.0000
   1.0000   1.0000   1.0000
   1.0000   1.0000   1.0000
   1.0000   1.0000   1.0000
   1.0000   1.0000   1.0000
   1.0000   1.0000   1.0000
   1.0000   1.0000   1.0000
   1.0000   1.0000   1.0000
   1.0000   1.0000   1.0000
   1.0000   1.0000   1.0000
   1.0000   1.0000   1.0000

applying weight : 1
applying weight : 1
applying weight : 1
Here are the weights in c++ : 
   1.0000   1.0000   1.0000
   1.0000   1.0000   1.0000
   1.0000   1.0000   1.0000
   1.0000   1.0000   1.0000
   1.0000   1.0000   1.0000
   1.0000   1.0000   1.0000
   1.0000   1.0000   1.0000
   1.0000   1.0000   1.0000
   1.0000   1.0000   1.0000
   1.0000   1.0000   1.0000
   1.0000   1.0000   1.0000
   1.0000   1.0000   1.0000
   1.0000   1.0000   1.0000
   1.0000   1.0000   1.0000
   1.0000   1.0000   1.0000
   1.0000   1.0000   1.0000
   1.0000   1.0000   1.0000
   1.0000   1.0000   1.0000
   1.0000   1.0000   1.0000
   1.0000   1.0000   1.0000
   1.0000   1.0000   1.0000
   1.0000   1.0000   1.0000
   1.0000   1.0000   1.0000
   1.0000   1.0000   1.0000
   1.0000   1.0000   1.0000
   1.0000   1.0000   1.0000
   1.0000   1.0000   1.0000
   1.0000   1.0000   1.0000
   1.0000   1.0000   1.0000
   1.0000   1.0000   1.0000
   1.0000   1.0000   1.0000
   1.0000   1.0000   1.0000
   1.0000   1.0000   1.0000
   1.0000   1.0000   1.0000
   1.0000   1.0000   1.0000
   1.0000   1.0000   1.0000
   1.0000   1.0000   1.0000
   1.0000   1.0000   1.0000

applying weight : 1
applying weight : 1
applying weight : 1
Here are the weights in c++ : 
   1.0000   1.0000   1.0000
   1.0000   1.0000   1.0000
   1.0000   1.0000   1.0000
   1.0000   1.0000   1.0000
   1.0000   1.0000   1.0000
   1.0000   1.0000   1.0000
   1.0000   1.0000   1.0000
   1.0000   1.0000   1.0000
   1.0000   1.0000   1.0000
   1.0000   1.0000   1.0000
   1.0000   1.0000   1.0000
   1.0000   1.0000   1.0000
   1.0000   1.0000   1.0000
   1.0000   1.0000   1.0000
   1.0000   1.0000   1.0000
   1.0000   1.0000   1.0000
   1.0000   1.0000   1.0000
   1.0000   1.0000   1.0000
   1.0000   1.0000   1.0000
   1.0000   1.0000   1.0000
   1.0000   1.0000   1.0000
   1.0000   1.0000   1.0000
   1.0000   1.0000   1.0000
   1.0000   1.0000   1.0000
   1.0000   1.0000   1.0000
   1.0000   1.0000   1.0000
   1.0000   1.0000   1.0000
   1.0000   1.0000   1.0000
   1.0000   1.0000   1.0000
   1.0000   1.0000   1.0000
   1.0000   1.0000   1.0000
   1.0000   1.0000   1.0000
   1.0000   1.0000   1.0000
   1.0000   1.0000   1.0000
   1.0000   1.0000   1.0000
   1.0000   1.0000   1.0000
   1.0000   1.0000   1.0000
   1.0000   1.0000   1.0000

applying weight : 1
applying weight : 1
applying weight : 1
Here are the weights in c++ : 
   1.0000   1.0000   1.0000
   1.0000   1.0000   1.0000
   1.0000   1.0000   1.0000
   1.0000   1.0000   1.0000
   1.0000   1.0000   1.0000
   1.0000   1.0000   1.0000
   1.0000   1.0000   1.0000
   1.0000   1.0000   1.0000
   1.0000   1.0000   1.0000
   1.0000   1.0000   1.0000
   1.0000   1.0000   1.0000
   1.0000   1.0000   1.0000
   1.0000   1.0000   1.0000
   1.0000   1.0000   1.0000
   1.0000   1.0000   1.0000
   1.0000   1.0000   1.0000
   1.0000   1.0000   1.0000
   1.0000   1.0000   1.0000
   1.0000   1.0000   1.0000
   1.0000   1.0000   1.0000
   1.0000   1.0000   1.0000
   1.0000   1.0000   1.0000
   1.0000   1.0000   1.0000
   1.0000   1.0000   1.0000
   1.0000   1.0000   1.0000
   1.0000   1.0000   1.0000
   1.0000   1.0000   1.0000
   1.0000   1.0000   1.0000
   1.0000   1.0000   1.0000
   1.0000   1.0000   1.0000
   1.0000   1.0000   1.0000
   1.0000   1.0000   1.0000
   1.0000   1.0000   1.0000
   1.0000   1.0000   1.0000
   1.0000   1.0000   1.0000
   1.0000   1.0000   1.0000
   1.0000   1.0000   1.0000
   1.0000   1.0000   1.0000

applying weight : 1
applying weight : 1
applying weight : 1
Here are the weights in c++ : 
   1.0000   1.0000   1.0000
   1.0000   1.0000   1.0000
   1.0000   1.0000   1.0000
   1.0000   1.0000   1.0000
   1.0000   1.0000   1.0000
   1.0000   1.0000   1.0000
   1.0000   1.0000   1.0000
   1.0000   1.0000   1.0000
   1.0000   1.0000   1.0000
   1.0000   1.0000   1.0000
   1.0000   1.0000   1.0000
   1.0000   1.0000   1.0000
   1.0000   1.0000   1.0000
   1.0000   1.0000   1.0000
   1.0000   1.0000   1.0000
   1.0000   1.0000   1.0000
   1.0000   1.0000   1.0000
   1.0000   1.0000   1.0000
   1.0000   1.0000   1.0000
   1.0000   1.0000   1.0000
   1.0000   1.0000   1.0000
   1.0000   1.0000   1.0000
   1.0000   1.0000   1.0000
   1.0000   1.0000   1.0000
   1.0000   1.0000   1.0000
   1.0000   1.0000   1.0000
   1.0000   1.0000   1.0000
   1.0000   1.0000   1.0000
   1.0000   1.0000   1.0000
   1.0000   1.0000   1.0000
   1.0000   1.0000   1.0000
   1.0000   1.0000   1.0000
   1.0000   1.0000   1.0000
   1.0000   1.0000   1.0000
   1.0000   1.0000   1.0000
   1.0000   1.0000   1.0000
   1.0000   1.0000   1.0000
   1.0000   1.0000   1.0000

applying weight : 1
applying weight : 1
applying weight : 1
Here are the weights in c++ : 
   1.0000   1.0000   1.0000
   1.0000   1.0000   1.0000
   1.0000   1.0000   1.0000
   1.0000   1.0000   1.0000
   1.0000   1.0000   1.0000
   1.0000   1.0000   1.0000
   1.0000   1.0000   1.0000
   1.0000   1.0000   1.0000
   1.0000   1.0000   1.0000
   1.0000   1.0000   1.0000
   1.0000   1.0000   1.0000
   1.0000   1.0000   1.0000
   1.0000   1.0000   1.0000
   1.0000   1.0000   1.0000
   1.0000   1.0000   1.0000
   1.0000   1.0000   1.0000
   1.0000   1.0000   1.0000
   1.0000   1.0000   1.0000
   1.0000   1.0000   1.0000
   1.0000   1.0000   1.0000
   1.0000   1.0000   1.0000
   1.0000   1.0000   1.0000
   1.0000   1.0000   1.0000
   1.0000   1.0000   1.0000
   1.0000   1.0000   1.0000
   1.0000   1.0000   1.0000
   1.0000   1.0000   1.0000
   1.0000   1.0000   1.0000
   1.0000   1.0000   1.0000
   1.0000   1.0000   1.0000
   1.0000   1.0000   1.0000
   1.0000   1.0000   1.0000
   1.0000   1.0000   1.0000
   1.0000   1.0000   1.0000
   1.0000   1.0000   1.0000
   1.0000   1.0000   1.0000
   1.0000   1.0000   1.0000
   1.0000   1.0000   1.0000

applying weight : 1
applying weight : 1
applying weight : 1
Here are the weights in c++ : 
   1.0000   1.0000   1.0000
   1.0000   1.0000   1.0000
   1.0000   1.0000   1.0000
   1.0000   1.0000   1.0000
   1.0000   1.0000   1.0000
   1.0000   1.0000   1.0000
   1.0000   1.0000   1.0000
   1.0000   1.0000   1.0000
   1.0000   1.0000   1.0000
   1.0000   1.0000   1.0000
   1.0000   1.0000   1.0000
   1.0000   1.0000   1.0000
   1.0000   1.0000   1.0000
   1.0000   1.0000   1.0000
   1.0000   1.0000   1.0000
   1.0000   1.0000   1.0000
   1.0000   1.0000   1.0000
   1.0000   1.0000   1.0000
   1.0000   1.0000   1.0000
   1.0000   1.0000   1.0000
   1.0000   1.0000   1.0000
   1.0000   1.0000   1.0000
   1.0000   1.0000   1.0000
   1.0000   1.0000   1.0000
   1.0000   1.0000   1.0000
   1.0000   1.0000   1.0000
   1.0000   1.0000   1.0000
   1.0000   1.0000   1.0000
   1.0000   1.0000   1.0000
   1.0000   1.0000   1.0000
   1.0000   1.0000   1.0000
   1.0000   1.0000   1.0000
   1.0000   1.0000   1.0000
   1.0000   1.0000   1.0000
   1.0000   1.0000   1.0000
   1.0000   1.0000   1.0000
   1.0000   1.0000   1.0000
   1.0000   1.0000   1.0000

applying weight : 1
applying weight : 1
applying weight : 1
Here are the weights in c++ : 
   1.0000   1.0000   1.0000
   1.0000   1.0000   1.0000
   1.0000   1.0000   1.0000
   1.0000   1.0000   1.0000
   1.0000   1.0000   1.0000
   1.0000   1.0000   1.0000
   1.0000   1.0000   1.0000
   1.0000   1.0000   1.0000
   1.0000   1.0000   1.0000
   1.0000   1.0000   1.0000
   1.0000   1.0000   1.0000
   1.0000   1.0000   1.0000
   1.0000   1.0000   1.0000
   1.0000   1.0000   1.0000
   1.0000   1.0000   1.0000
   1.0000   1.0000   1.0000
   1.0000   1.0000   1.0000
   1.0000   1.0000   1.0000
   1.0000   1.0000   1.0000
   1.0000   1.0000   1.0000
   1.0000   1.0000   1.0000
   1.0000   1.0000   1.0000
   1.0000   1.0000   1.0000
   1.0000   1.0000   1.0000
   1.0000   1.0000   1.0000
   1.0000   1.0000   1.0000
   1.0000   1.0000   1.0000
   1.0000   1.0000   1.0000
   1.0000   1.0000   1.0000
   1.0000   1.0000   1.0000
   1.0000   1.0000   1.0000
   1.0000   1.0000   1.0000
   1.0000   1.0000   1.0000
   1.0000   1.0000   1.0000
   1.0000   1.0000   1.0000
   1.0000   1.0000   1.0000
   1.0000   1.0000   1.0000
   1.0000   1.0000   1.0000

applying weight : 1
applying weight : 1
applying weight : 1
Here are the weights in c++ : 
   1.0000   1.0000   1.0000
   1.0000   1.0000   1.0000
   1.0000   1.0000   1.0000
   1.0000   1.0000   1.0000
   1.0000   1.0000   1.0000
   1.0000   1.0000   1.0000
   1.0000   1.0000   1.0000
   1.0000   1.0000   1.0000
   1.0000   1.0000   1.0000
   1.0000   1.0000   1.0000
   1.0000   1.0000   1.0000
   1.0000   1.0000   1.0000
   1.0000   1.0000   1.0000
   1.0000   1.0000   1.0000
   1.0000   1.0000   1.0000
   1.0000   1.0000   1.0000
   1.0000   1.0000   1.0000
   1.0000   1.0000   1.0000
   1.0000   1.0000   1.0000
   1.0000   1.0000   1.0000
   1.0000   1.0000   1.0000
   1.0000   1.0000   1.0000
   1.0000   1.0000   1.0000
   1.0000   1.0000   1.0000
   1.0000   1.0000   1.0000
   1.0000   1.0000   1.0000
   1.0000   1.0000   1.0000
   1.0000   1.0000   1.0000
   1.0000   1.0000   1.0000
   1.0000   1.0000   1.0000
   1.0000   1.0000   1.0000
   1.0000   1.0000   1.0000
   1.0000   1.0000   1.0000
   1.0000   1.0000   1.0000
   1.0000   1.0000   1.0000
   1.0000   1.0000   1.0000
   1.0000   1.0000   1.0000
   1.0000   1.0000   1.0000

applying weight : 1
applying weight : 1
applying weight : 1
Here are the weights in c++ : 
   1.0000   1.0000   1.0000
   1.0000   1.0000   1.0000
   1.0000   1.0000   1.0000
   1.0000   1.0000   1.0000
   1.0000   1.0000   1.0000
   1.0000   1.0000   1.0000
   1.0000   1.0000   1.0000
   1.0000   1.0000   1.0000
   1.0000   1.0000   1.0000
   1.0000   1.0000   1.0000
   1.0000   1.0000   1.0000
   1.0000   1.0000   1.0000
   1.0000   1.0000   1.0000
   1.0000   1.0000   1.0000
   1.0000   1.0000   1.0000
   1.0000   1.0000   1.0000
   1.0000   1.0000   1.0000
   1.0000   1.0000   1.0000
   1.0000   1.0000   1.0000
   1.0000   1.0000   1.0000
   1.0000   1.0000   1.0000
   1.0000   1.0000   1.0000
   1.0000   1.0000   1.0000
   1.0000   1.0000   1.0000
   1.0000   1.0000   1.0000
   1.0000   1.0000   1.0000
   1.0000   1.0000   1.0000
   1.0000   1.0000   1.0000
   1.0000   1.0000   1.0000
   1.0000   1.0000   1.0000
   1.0000   1.0000   1.0000
   1.0000   1.0000   1.0000
   1.0000   1.0000   1.0000
   1.0000   1.0000   1.0000
   1.0000   1.0000   1.0000
   1.0000   1.0000   1.0000
   1.0000   1.0000   1.0000
   1.0000   1.0000   1.0000

applying weight : 1
applying weight : 1
applying weight : 1
Here are the weights in c++ : 
   1.0000   1.0000   1.0000
   1.0000   1.0000   1.0000
   1.0000   1.0000   1.0000
   1.0000   1.0000   1.0000
   1.0000   1.0000   1.0000
   1.0000   1.0000   1.0000
   1.0000   1.0000   1.0000
   1.0000   1.0000   1.0000
   1.0000   1.0000   1.0000
   1.0000   1.0000   1.0000
   1.0000   1.0000   1.0000
   1.0000   1.0000   1.0000
   1.0000   1.0000   1.0000
   1.0000   1.0000   1.0000
   1.0000   1.0000   1.0000
   1.0000   1.0000   1.0000
   1.0000   1.0000   1.0000
   1.0000   1.0000   1.0000
   1.0000   1.0000   1.0000
   1.0000   1.0000   1.0000
   1.0000   1.0000   1.0000
   1.0000   1.0000   1.0000
   1.0000   1.0000   1.0000
   1.0000   1.0000   1.0000
   1.0000   1.0000   1.0000
   1.0000   1.0000   1.0000
   1.0000   1.0000   1.0000
   1.0000   1.0000   1.0000
   1.0000   1.0000   1.0000
   1.0000   1.0000   1.0000
   1.0000   1.0000   1.0000
   1.0000   1.0000   1.0000
   1.0000   1.0000   1.0000
   1.0000   1.0000   1.0000
   1.0000   1.0000   1.0000
   1.0000   1.0000   1.0000
   1.0000   1.0000   1.0000
   1.0000   1.0000   1.0000

applying weight : 1
applying weight : 1
applying weight : 1
Here are the weights in c++ : 
   1.0000   1.0000   1.0000
   1.0000   1.0000   1.0000
   1.0000   1.0000   1.0000
   1.0000   1.0000   1.0000
   1.0000   1.0000   1.0000
   1.0000   1.0000   1.0000
   1.0000   1.0000   1.0000
   1.0000   1.0000   1.0000
   1.0000   1.0000   1.0000
   1.0000   1.0000   1.0000
   1.0000   1.0000   1.0000
   1.0000   1.0000   1.0000
   1.0000   1.0000   1.0000
   1.0000   1.0000   1.0000
   1.0000   1.0000   1.0000
   1.0000   1.0000   1.0000
   1.0000   1.0000   1.0000
   1.0000   1.0000   1.0000
   1.0000   1.0000   1.0000
   1.0000   1.0000   1.0000
   1.0000   1.0000   1.0000
   1.0000   1.0000   1.0000
   1.0000   1.0000   1.0000
   1.0000   1.0000   1.0000
   1.0000   1.0000   1.0000
   1.0000   1.0000   1.0000
   1.0000   1.0000   1.0000
   1.0000   1.0000   1.0000
   1.0000   1.0000   1.0000
   1.0000   1.0000   1.0000
   1.0000   1.0000   1.0000
   1.0000   1.0000   1.0000
   1.0000   1.0000   1.0000
   1.0000   1.0000   1.0000
   1.0000   1.0000   1.0000
   1.0000   1.0000   1.0000
   1.0000   1.0000   1.0000
   1.0000   1.0000   1.0000

applying weight : 1
applying weight : 1
applying weight : 1
Here are the weights in c++ : 
   1.0000   1.0000   1.0000
   1.0000   1.0000   1.0000
   1.0000   1.0000   1.0000
   1.0000   1.0000   1.0000
   1.0000   1.0000   1.0000
   1.0000   1.0000   1.0000
   1.0000   1.0000   1.0000
   1.0000   1.0000   1.0000
   1.0000   1.0000   1.0000
   1.0000   1.0000   1.0000
   1.0000   1.0000   1.0000
   1.0000   1.0000   1.0000
   1.0000   1.0000   1.0000
   1.0000   1.0000   1.0000
   1.0000   1.0000   1.0000
   1.0000   1.0000   1.0000
   1.0000   1.0000   1.0000
   1.0000   1.0000   1.0000
   1.0000   1.0000   1.0000
   1.0000   1.0000   1.0000
   1.0000   1.0000   1.0000
   1.0000   1.0000   1.0000
   1.0000   1.0000   1.0000
   1.0000   1.0000   1.0000
   1.0000   1.0000   1.0000
   1.0000   1.0000   1.0000
   1.0000   1.0000   1.0000
   1.0000   1.0000   1.0000
   1.0000   1.0000   1.0000
   1.0000   1.0000   1.0000
   1.0000   1.0000   1.0000
   1.0000   1.0000   1.0000
   1.0000   1.0000   1.0000
   1.0000   1.0000   1.0000
   1.0000   1.0000   1.0000
   1.0000   1.0000   1.0000
   1.0000   1.0000   1.0000
   1.0000   1.0000   1.0000

applying weight : 1
applying weight : 1
applying weight : 1
Here are the weights in c++ : 
   1.0000   1.0000   1.0000
   1.0000   1.0000   1.0000
   1.0000   1.0000   1.0000
   1.0000   1.0000   1.0000
   1.0000   1.0000   1.0000
   1.0000   1.0000   1.0000
   1.0000   1.0000   1.0000
   1.0000   1.0000   1.0000
   1.0000   1.0000   1.0000
   1.0000   1.0000   1.0000
   1.0000   1.0000   1.0000
   1.0000   1.0000   1.0000
   1.0000   1.0000   1.0000
   1.0000   1.0000   1.0000
   1.0000   1.0000   1.0000
   1.0000   1.0000   1.0000
   1.0000   1.0000   1.0000
   1.0000   1.0000   1.0000
   1.0000   1.0000   1.0000
   1.0000   1.0000   1.0000
   1.0000   1.0000   1.0000
   1.0000   1.0000   1.0000
   1.0000   1.0000   1.0000
   1.0000   1.0000   1.0000
   1.0000   1.0000   1.0000
   1.0000   1.0000   1.0000
   1.0000   1.0000   1.0000
   1.0000   1.0000   1.0000
   1.0000   1.0000   1.0000
   1.0000   1.0000   1.0000
   1.0000   1.0000   1.0000
   1.0000   1.0000   1.0000
   1.0000   1.0000   1.0000
   1.0000   1.0000   1.0000
   1.0000   1.0000   1.0000
   1.0000   1.0000   1.0000
   1.0000   1.0000   1.0000
   1.0000   1.0000   1.0000

applying weight : 1
applying weight : 1
applying weight : 1
  |                                                                                                                                 |==============================                                                                                           |  25%Here are the weights in c++ : 
   1.0000   1.0000   1.0000
   1.0000   1.0000   1.0000
   1.0000   1.0000   1.0000
   1.0000   1.0000   1.0000
   1.0000   1.0000   1.0000
   1.0000   1.0000   1.0000
   1.0000   1.0000   1.0000
   1.0000   1.0000   1.0000
   1.0000   1.0000   1.0000
   1.0000   1.0000   1.0000
   1.0000   1.0000   1.0000
   1.0000   1.0000   1.0000
   1.0000   1.0000   1.0000
   1.0000   1.0000   1.0000
   1.0000   1.0000   1.0000
   1.0000   1.0000   1.0000
   1.0000   1.0000   1.0000
   1.0000   1.0000   1.0000
   1.0000   1.0000   1.0000
   1.0000   1.0000   1.0000
   1.0000   1.0000   1.0000
   1.0000   1.0000   1.0000
   1.0000   1.0000   1.0000
   1.0000   1.0000   1.0000
   1.0000   1.0000   1.0000
   1.0000   1.0000   1.0000
   1.0000   1.0000   1.0000
   1.0000   1.0000   1.0000
   1.0000   1.0000   1.0000
   1.0000   1.0000   1.0000
   1.0000   1.0000   1.0000
   1.0000   1.0000   1.0000
   1.0000   1.0000   1.0000
   1.0000   1.0000   1.0000
   1.0000   1.0000   1.0000
   1.0000   1.0000   1.0000
   1.0000   1.0000   1.0000
   1.0000   1.0000   1.0000
   1.0000   1.0000   1.0000
   1.0000   1.0000   1.0000
   1.0000   1.0000   1.0000
   1.0000   1.0000   1.0000
   1.0000   1.0000   1.0000
   1.0000   1.0000   1.0000
   1.0000   1.0000   1.0000

applying weight : 1
applying weight : 1
applying weight : 1
Here are the weights in c++ : 
   1.0000   1.0000   1.0000
   1.0000   1.0000   1.0000
   1.0000   1.0000   1.0000
   1.0000   1.0000   1.0000
   1.0000   1.0000   1.0000
   1.0000   1.0000   1.0000
   1.0000   1.0000   1.0000
   1.0000   1.0000   1.0000
   1.0000   1.0000   1.0000
   1.0000   1.0000   1.0000
   1.0000   1.0000   1.0000
   1.0000   1.0000   1.0000
   1.0000   1.0000   1.0000
   1.0000   1.0000   1.0000
   1.0000   1.0000   1.0000
   1.0000   1.0000   1.0000
   1.0000   1.0000   1.0000
   1.0000   1.0000   1.0000
   1.0000   1.0000   1.0000
   1.0000   1.0000   1.0000
   1.0000   1.0000   1.0000
   1.0000   1.0000   1.0000
   1.0000   1.0000   1.0000
   1.0000   1.0000   1.0000
   1.0000   1.0000   1.0000
   1.0000   1.0000   1.0000
   1.0000   1.0000   1.0000
   1.0000   1.0000   1.0000
   1.0000   1.0000   1.0000
   1.0000   1.0000   1.0000
   1.0000   1.0000   1.0000
   1.0000   1.0000   1.0000
   1.0000   1.0000   1.0000
   1.0000   1.0000   1.0000
   1.0000   1.0000   1.0000
   1.0000   1.0000   1.0000
   1.0000   1.0000   1.0000
   1.0000   1.0000   1.0000
   1.0000   1.0000   1.0000
   1.0000   1.0000   1.0000
   1.0000   1.0000   1.0000
   1.0000   1.0000   1.0000
   1.0000   1.0000   1.0000
   1.0000   1.0000   1.0000
   1.0000   1.0000   1.0000

applying weight : 1
applying weight : 1
applying weight : 1
Here are the weights in c++ : 
   1.0000   1.0000   1.0000
   1.0000   1.0000   1.0000
   1.0000   1.0000   1.0000
   1.0000   1.0000   1.0000
   1.0000   1.0000   1.0000
   1.0000   1.0000   1.0000
   1.0000   1.0000   1.0000
   1.0000   1.0000   1.0000
   1.0000   1.0000   1.0000
   1.0000   1.0000   1.0000
   1.0000   1.0000   1.0000
   1.0000   1.0000   1.0000
   1.0000   1.0000   1.0000
   1.0000   1.0000   1.0000
   1.0000   1.0000   1.0000
   1.0000   1.0000   1.0000
   1.0000   1.0000   1.0000
   1.0000   1.0000   1.0000
   1.0000   1.0000   1.0000
   1.0000   1.0000   1.0000
   1.0000   1.0000   1.0000
   1.0000   1.0000   1.0000
   1.0000   1.0000   1.0000
   1.0000   1.0000   1.0000
   1.0000   1.0000   1.0000
   1.0000   1.0000   1.0000
   1.0000   1.0000   1.0000
   1.0000   1.0000   1.0000
   1.0000   1.0000   1.0000
   1.0000   1.0000   1.0000
   1.0000   1.0000   1.0000
   1.0000   1.0000   1.0000
   1.0000   1.0000   1.0000
   1.0000   1.0000   1.0000
   1.0000   1.0000   1.0000
   1.0000   1.0000   1.0000
   1.0000   1.0000   1.0000
   1.0000   1.0000   1.0000
   1.0000   1.0000   1.0000
   1.0000   1.0000   1.0000
   1.0000   1.0000   1.0000
   1.0000   1.0000   1.0000
   1.0000   1.0000   1.0000
   1.0000   1.0000   1.0000
   1.0000   1.0000   1.0000

applying weight : 1
applying weight : 1
applying weight : 1
Here are the weights in c++ : 
   1.0000   1.0000   1.0000
   1.0000   1.0000   1.0000
   1.0000   1.0000   1.0000
   1.0000   1.0000   1.0000
   1.0000   1.0000   1.0000
   1.0000   1.0000   1.0000
   1.0000   1.0000   1.0000
   1.0000   1.0000   1.0000
   1.0000   1.0000   1.0000
   1.0000   1.0000   1.0000
   1.0000   1.0000   1.0000
   1.0000   1.0000   1.0000
   1.0000   1.0000   1.0000
   1.0000   1.0000   1.0000
   1.0000   1.0000   1.0000
   1.0000   1.0000   1.0000
   1.0000   1.0000   1.0000
   1.0000   1.0000   1.0000
   1.0000   1.0000   1.0000
   1.0000   1.0000   1.0000
   1.0000   1.0000   1.0000
   1.0000   1.0000   1.0000
   1.0000   1.0000   1.0000
   1.0000   1.0000   1.0000
   1.0000   1.0000   1.0000
   1.0000   1.0000   1.0000
   1.0000   1.0000   1.0000
   1.0000   1.0000   1.0000
   1.0000   1.0000   1.0000
   1.0000   1.0000   1.0000
   1.0000   1.0000   1.0000
   1.0000   1.0000   1.0000
   1.0000   1.0000   1.0000
   1.0000   1.0000   1.0000
   1.0000   1.0000   1.0000
   1.0000   1.0000   1.0000
   1.0000   1.0000   1.0000
   1.0000   1.0000   1.0000
   1.0000   1.0000   1.0000
   1.0000   1.0000   1.0000
   1.0000   1.0000   1.0000
   1.0000   1.0000   1.0000
   1.0000   1.0000   1.0000
   1.0000   1.0000   1.0000
   1.0000   1.0000   1.0000

applying weight : 1
applying weight : 1
applying weight : 1
Here are the weights in c++ : 
   1.0000   1.0000   1.0000
   1.0000   1.0000   1.0000
   1.0000   1.0000   1.0000
   1.0000   1.0000   1.0000
   1.0000   1.0000   1.0000
   1.0000   1.0000   1.0000
   1.0000   1.0000   1.0000
   1.0000   1.0000   1.0000
   1.0000   1.0000   1.0000
   1.0000   1.0000   1.0000
   1.0000   1.0000   1.0000
   1.0000   1.0000   1.0000
   1.0000   1.0000   1.0000
   1.0000   1.0000   1.0000
   1.0000   1.0000   1.0000
   1.0000   1.0000   1.0000
   1.0000   1.0000   1.0000
   1.0000   1.0000   1.0000
   1.0000   1.0000   1.0000
   1.0000   1.0000   1.0000
   1.0000   1.0000   1.0000
   1.0000   1.0000   1.0000
   1.0000   1.0000   1.0000
   1.0000   1.0000   1.0000
   1.0000   1.0000   1.0000
   1.0000   1.0000   1.0000
   1.0000   1.0000   1.0000
   1.0000   1.0000   1.0000
   1.0000   1.0000   1.0000
   1.0000   1.0000   1.0000
   1.0000   1.0000   1.0000
   1.0000   1.0000   1.0000
   1.0000   1.0000   1.0000
   1.0000   1.0000   1.0000
   1.0000   1.0000   1.0000
   1.0000   1.0000   1.0000
   1.0000   1.0000   1.0000
   1.0000   1.0000   1.0000
   1.0000   1.0000   1.0000
   1.0000   1.0000   1.0000
   1.0000   1.0000   1.0000
   1.0000   1.0000   1.0000
   1.0000   1.0000   1.0000
   1.0000   1.0000   1.0000
   1.0000   1.0000   1.0000

applying weight : 1
applying weight : 1
applying weight : 1
Here are the weights in c++ : 
   1.0000   1.0000   1.0000
   1.0000   1.0000   1.0000
   1.0000   1.0000   1.0000
   1.0000   1.0000   1.0000
   1.0000   1.0000   1.0000
   1.0000   1.0000   1.0000
   1.0000   1.0000   1.0000
   1.0000   1.0000   1.0000
   1.0000   1.0000   1.0000
   1.0000   1.0000   1.0000
   1.0000   1.0000   1.0000
   1.0000   1.0000   1.0000
   1.0000   1.0000   1.0000
   1.0000   1.0000   1.0000
   1.0000   1.0000   1.0000
   1.0000   1.0000   1.0000
   1.0000   1.0000   1.0000
   1.0000   1.0000   1.0000
   1.0000   1.0000   1.0000
   1.0000   1.0000   1.0000
   1.0000   1.0000   1.0000
   1.0000   1.0000   1.0000
   1.0000   1.0000   1.0000
   1.0000   1.0000   1.0000
   1.0000   1.0000   1.0000
   1.0000   1.0000   1.0000
   1.0000   1.0000   1.0000
   1.0000   1.0000   1.0000
   1.0000   1.0000   1.0000
   1.0000   1.0000   1.0000
   1.0000   1.0000   1.0000
   1.0000   1.0000   1.0000
   1.0000   1.0000   1.0000
   1.0000   1.0000   1.0000
   1.0000   1.0000   1.0000
   1.0000   1.0000   1.0000
   1.0000   1.0000   1.0000
   1.0000   1.0000   1.0000
   1.0000   1.0000   1.0000
   1.0000   1.0000   1.0000
   1.0000   1.0000   1.0000
   1.0000   1.0000   1.0000
   1.0000   1.0000   1.0000
   1.0000   1.0000   1.0000
   1.0000   1.0000   1.0000

applying weight : 1
applying weight : 1
applying weight : 1
Here are the weights in c++ : 
   1.0000   1.0000   1.0000
   1.0000   1.0000   1.0000
   1.0000   1.0000   1.0000
   1.0000   1.0000   1.0000
   1.0000   1.0000   1.0000
   1.0000   1.0000   1.0000
   1.0000   1.0000   1.0000
   1.0000   1.0000   1.0000
   1.0000   1.0000   1.0000
   1.0000   1.0000   1.0000
   1.0000   1.0000   1.0000
   1.0000   1.0000   1.0000
   1.0000   1.0000   1.0000
   1.0000   1.0000   1.0000
   1.0000   1.0000   1.0000
   1.0000   1.0000   1.0000
   1.0000   1.0000   1.0000
   1.0000   1.0000   1.0000
   1.0000   1.0000   1.0000
   1.0000   1.0000   1.0000
   1.0000   1.0000   1.0000
   1.0000   1.0000   1.0000
   1.0000   1.0000   1.0000
   1.0000   1.0000   1.0000
   1.0000   1.0000   1.0000
   1.0000   1.0000   1.0000
   1.0000   1.0000   1.0000
   1.0000   1.0000   1.0000
   1.0000   1.0000   1.0000
   1.0000   1.0000   1.0000
   1.0000   1.0000   1.0000
   1.0000   1.0000   1.0000
   1.0000   1.0000   1.0000
   1.0000   1.0000   1.0000
   1.0000   1.0000   1.0000
   1.0000   1.0000   1.0000
   1.0000   1.0000   1.0000
   1.0000   1.0000   1.0000
   1.0000   1.0000   1.0000
   1.0000   1.0000   1.0000
   1.0000   1.0000   1.0000
   1.0000   1.0000   1.0000
   1.0000   1.0000   1.0000
   1.0000   1.0000   1.0000
   1.0000   1.0000   1.0000

applying weight : 1
applying weight : 1
applying weight : 1
Here are the weights in c++ : 
   1.0000   1.0000   1.0000
   1.0000   1.0000   1.0000
   1.0000   1.0000   1.0000
   1.0000   1.0000   1.0000
   1.0000   1.0000   1.0000
   1.0000   1.0000   1.0000
   1.0000   1.0000   1.0000
   1.0000   1.0000   1.0000
   1.0000   1.0000   1.0000
   1.0000   1.0000   1.0000
   1.0000   1.0000   1.0000
   1.0000   1.0000   1.0000
   1.0000   1.0000   1.0000
   1.0000   1.0000   1.0000
   1.0000   1.0000   1.0000
   1.0000   1.0000   1.0000
   1.0000   1.0000   1.0000
   1.0000   1.0000   1.0000
   1.0000   1.0000   1.0000
   1.0000   1.0000   1.0000
   1.0000   1.0000   1.0000
   1.0000   1.0000   1.0000
   1.0000   1.0000   1.0000
   1.0000   1.0000   1.0000
   1.0000   1.0000   1.0000
   1.0000   1.0000   1.0000
   1.0000   1.0000   1.0000
   1.0000   1.0000   1.0000
   1.0000   1.0000   1.0000
   1.0000   1.0000   1.0000
   1.0000   1.0000   1.0000
   1.0000   1.0000   1.0000
   1.0000   1.0000   1.0000
   1.0000   1.0000   1.0000
   1.0000   1.0000   1.0000
   1.0000   1.0000   1.0000
   1.0000   1.0000   1.0000
   1.0000   1.0000   1.0000
   1.0000   1.0000   1.0000
   1.0000   1.0000   1.0000
   1.0000   1.0000   1.0000
   1.0000   1.0000   1.0000
   1.0000   1.0000   1.0000
   1.0000   1.0000   1.0000
   1.0000   1.0000   1.0000

applying weight : 1
applying weight : 1
applying weight : 1
Here are the weights in c++ : 
   1.0000   1.0000   1.0000
   1.0000   1.0000   1.0000
   1.0000   1.0000   1.0000
   1.0000   1.0000   1.0000
   1.0000   1.0000   1.0000
   1.0000   1.0000   1.0000
   1.0000   1.0000   1.0000
   1.0000   1.0000   1.0000
   1.0000   1.0000   1.0000
   1.0000   1.0000   1.0000
   1.0000   1.0000   1.0000
   1.0000   1.0000   1.0000
   1.0000   1.0000   1.0000
   1.0000   1.0000   1.0000
   1.0000   1.0000   1.0000
   1.0000   1.0000   1.0000
   1.0000   1.0000   1.0000
   1.0000   1.0000   1.0000
   1.0000   1.0000   1.0000
   1.0000   1.0000   1.0000
   1.0000   1.0000   1.0000
   1.0000   1.0000   1.0000
   1.0000   1.0000   1.0000
   1.0000   1.0000   1.0000
   1.0000   1.0000   1.0000
   1.0000   1.0000   1.0000
   1.0000   1.0000   1.0000
   1.0000   1.0000   1.0000
   1.0000   1.0000   1.0000
   1.0000   1.0000   1.0000
   1.0000   1.0000   1.0000
   1.0000   1.0000   1.0000
   1.0000   1.0000   1.0000
   1.0000   1.0000   1.0000
   1.0000   1.0000   1.0000
   1.0000   1.0000   1.0000
   1.0000   1.0000   1.0000
   1.0000   1.0000   1.0000
   1.0000   1.0000   1.0000
   1.0000   1.0000   1.0000
   1.0000   1.0000   1.0000
   1.0000   1.0000   1.0000
   1.0000   1.0000   1.0000
   1.0000   1.0000   1.0000
   1.0000   1.0000   1.0000

applying weight : 1
applying weight : 1
applying weight : 1
Here are the weights in c++ : 
   1.0000   1.0000   1.0000
   1.0000   1.0000   1.0000
   1.0000   1.0000   1.0000
   1.0000   1.0000   1.0000
   1.0000   1.0000   1.0000
   1.0000   1.0000   1.0000
   1.0000   1.0000   1.0000
   1.0000   1.0000   1.0000
   1.0000   1.0000   1.0000
   1.0000   1.0000   1.0000
   1.0000   1.0000   1.0000
   1.0000   1.0000   1.0000
   1.0000   1.0000   1.0000
   1.0000   1.0000   1.0000
   1.0000   1.0000   1.0000
   1.0000   1.0000   1.0000
   1.0000   1.0000   1.0000
   1.0000   1.0000   1.0000
   1.0000   1.0000   1.0000
   1.0000   1.0000   1.0000
   1.0000   1.0000   1.0000
   1.0000   1.0000   1.0000
   1.0000   1.0000   1.0000
   1.0000   1.0000   1.0000
   1.0000   1.0000   1.0000
   1.0000   1.0000   1.0000
   1.0000   1.0000   1.0000
   1.0000   1.0000   1.0000
   1.0000   1.0000   1.0000
   1.0000   1.0000   1.0000
   1.0000   1.0000   1.0000
   1.0000   1.0000   1.0000
   1.0000   1.0000   1.0000
   1.0000   1.0000   1.0000
   1.0000   1.0000   1.0000
   1.0000   1.0000   1.0000
   1.0000   1.0000   1.0000
   1.0000   1.0000   1.0000
   1.0000   1.0000   1.0000
   1.0000   1.0000   1.0000
   1.0000   1.0000   1.0000
   1.0000   1.0000   1.0000
   1.0000   1.0000   1.0000
   1.0000   1.0000   1.0000
   1.0000   1.0000   1.0000

applying weight : 1
applying weight : 1
applying weight : 1
Here are the weights in c++ : 
   1.0000   1.0000   1.0000
   1.0000   1.0000   1.0000
   1.0000   1.0000   1.0000
   1.0000   1.0000   1.0000
   1.0000   1.0000   1.0000
   1.0000   1.0000   1.0000
   1.0000   1.0000   1.0000
   1.0000   1.0000   1.0000
   1.0000   1.0000   1.0000
   1.0000   1.0000   1.0000
   1.0000   1.0000   1.0000
   1.0000   1.0000   1.0000
   1.0000   1.0000   1.0000
   1.0000   1.0000   1.0000
   1.0000   1.0000   1.0000
   1.0000   1.0000   1.0000
   1.0000   1.0000   1.0000
   1.0000   1.0000   1.0000
   1.0000   1.0000   1.0000
   1.0000   1.0000   1.0000
   1.0000   1.0000   1.0000
   1.0000   1.0000   1.0000
   1.0000   1.0000   1.0000
   1.0000   1.0000   1.0000
   1.0000   1.0000   1.0000
   1.0000   1.0000   1.0000
   1.0000   1.0000   1.0000
   1.0000   1.0000   1.0000
   1.0000   1.0000   1.0000
   1.0000   1.0000   1.0000
   1.0000   1.0000   1.0000
   1.0000   1.0000   1.0000
   1.0000   1.0000   1.0000
   1.0000   1.0000   1.0000
   1.0000   1.0000   1.0000
   1.0000   1.0000   1.0000
   1.0000   1.0000   1.0000
   1.0000   1.0000   1.0000
   1.0000   1.0000   1.0000
   1.0000   1.0000   1.0000
   1.0000   1.0000   1.0000
   1.0000   1.0000   1.0000
   1.0000   1.0000   1.0000
   1.0000   1.0000   1.0000
   1.0000   1.0000   1.0000

applying weight : 1
applying weight : 1
applying weight : 1
Here are the weights in c++ : 
   1.0000   1.0000   1.0000
   1.0000   1.0000   1.0000
   1.0000   1.0000   1.0000
   1.0000   1.0000   1.0000
   1.0000   1.0000   1.0000
   1.0000   1.0000   1.0000
   1.0000   1.0000   1.0000
   1.0000   1.0000   1.0000
   1.0000   1.0000   1.0000
   1.0000   1.0000   1.0000
   1.0000   1.0000   1.0000
   1.0000   1.0000   1.0000
   1.0000   1.0000   1.0000
   1.0000   1.0000   1.0000
   1.0000   1.0000   1.0000
   1.0000   1.0000   1.0000
   1.0000   1.0000   1.0000
   1.0000   1.0000   1.0000
   1.0000   1.0000   1.0000
   1.0000   1.0000   1.0000
   1.0000   1.0000   1.0000
   1.0000   1.0000   1.0000
   1.0000   1.0000   1.0000
   1.0000   1.0000   1.0000
   1.0000   1.0000   1.0000
   1.0000   1.0000   1.0000
   1.0000   1.0000   1.0000
   1.0000   1.0000   1.0000
   1.0000   1.0000   1.0000
   1.0000   1.0000   1.0000
   1.0000   1.0000   1.0000
   1.0000   1.0000   1.0000
   1.0000   1.0000   1.0000
   1.0000   1.0000   1.0000
   1.0000   1.0000   1.0000
   1.0000   1.0000   1.0000
   1.0000   1.0000   1.0000
   1.0000   1.0000   1.0000
   1.0000   1.0000   1.0000
   1.0000   1.0000   1.0000
   1.0000   1.0000   1.0000
   1.0000   1.0000   1.0000
   1.0000   1.0000   1.0000
   1.0000   1.0000   1.0000
   1.0000   1.0000   1.0000

applying weight : 1
applying weight : 1
applying weight : 1
Here are the weights in c++ : 
   1.0000   1.0000   1.0000
   1.0000   1.0000   1.0000
   1.0000   1.0000   1.0000
   1.0000   1.0000   1.0000
   1.0000   1.0000   1.0000
   1.0000   1.0000   1.0000
   1.0000   1.0000   1.0000
   1.0000   1.0000   1.0000
   1.0000   1.0000   1.0000
   1.0000   1.0000   1.0000
   1.0000   1.0000   1.0000
   1.0000   1.0000   1.0000
   1.0000   1.0000   1.0000
   1.0000   1.0000   1.0000
   1.0000   1.0000   1.0000
   1.0000   1.0000   1.0000
   1.0000   1.0000   1.0000
   1.0000   1.0000   1.0000
   1.0000   1.0000   1.0000
   1.0000   1.0000   1.0000
   1.0000   1.0000   1.0000
   1.0000   1.0000   1.0000
   1.0000   1.0000   1.0000
   1.0000   1.0000   1.0000
   1.0000   1.0000   1.0000
   1.0000   1.0000   1.0000
   1.0000   1.0000   1.0000
   1.0000   1.0000   1.0000
   1.0000   1.0000   1.0000
   1.0000   1.0000   1.0000
   1.0000   1.0000   1.0000
   1.0000   1.0000   1.0000
   1.0000   1.0000   1.0000
   1.0000   1.0000   1.0000
   1.0000   1.0000   1.0000
   1.0000   1.0000   1.0000
   1.0000   1.0000   1.0000
   1.0000   1.0000   1.0000
   1.0000   1.0000   1.0000
   1.0000   1.0000   1.0000
   1.0000   1.0000   1.0000
   1.0000   1.0000   1.0000
   1.0000   1.0000   1.0000
   1.0000   1.0000   1.0000
   1.0000   1.0000   1.0000

applying weight : 1
applying weight : 1
applying weight : 1
Here are the weights in c++ : 
   1.0000   1.0000   1.0000
   1.0000   1.0000   1.0000
   1.0000   1.0000   1.0000
   1.0000   1.0000   1.0000
   1.0000   1.0000   1.0000
   1.0000   1.0000   1.0000
   1.0000   1.0000   1.0000
   1.0000   1.0000   1.0000
   1.0000   1.0000   1.0000
   1.0000   1.0000   1.0000
   1.0000   1.0000   1.0000
   1.0000   1.0000   1.0000
   1.0000   1.0000   1.0000
   1.0000   1.0000   1.0000
   1.0000   1.0000   1.0000
   1.0000   1.0000   1.0000
   1.0000   1.0000   1.0000
   1.0000   1.0000   1.0000
   1.0000   1.0000   1.0000
   1.0000   1.0000   1.0000
   1.0000   1.0000   1.0000
   1.0000   1.0000   1.0000
   1.0000   1.0000   1.0000
   1.0000   1.0000   1.0000
   1.0000   1.0000   1.0000
   1.0000   1.0000   1.0000
   1.0000   1.0000   1.0000
   1.0000   1.0000   1.0000
   1.0000   1.0000   1.0000
   1.0000   1.0000   1.0000
   1.0000   1.0000   1.0000
   1.0000   1.0000   1.0000
   1.0000   1.0000   1.0000
   1.0000   1.0000   1.0000
   1.0000   1.0000   1.0000
   1.0000   1.0000   1.0000
   1.0000   1.0000   1.0000
   1.0000   1.0000   1.0000
   1.0000   1.0000   1.0000
   1.0000   1.0000   1.0000
   1.0000   1.0000   1.0000
   1.0000   1.0000   1.0000
   1.0000   1.0000   1.0000
   1.0000   1.0000   1.0000
   1.0000   1.0000   1.0000

applying weight : 1
applying weight : 1
applying weight : 1
Here are the weights in c++ : 
   1.0000   1.0000   1.0000
   1.0000   1.0000   1.0000
   1.0000   1.0000   1.0000
   1.0000   1.0000   1.0000
   1.0000   1.0000   1.0000
   1.0000   1.0000   1.0000
   1.0000   1.0000   1.0000
   1.0000   1.0000   1.0000
   1.0000   1.0000   1.0000
   1.0000   1.0000   1.0000
   1.0000   1.0000   1.0000
   1.0000   1.0000   1.0000
   1.0000   1.0000   1.0000
   1.0000   1.0000   1.0000
   1.0000   1.0000   1.0000
   1.0000   1.0000   1.0000
   1.0000   1.0000   1.0000
   1.0000   1.0000   1.0000
   1.0000   1.0000   1.0000
   1.0000   1.0000   1.0000
   1.0000   1.0000   1.0000
   1.0000   1.0000   1.0000
   1.0000   1.0000   1.0000
   1.0000   1.0000   1.0000
   1.0000   1.0000   1.0000
   1.0000   1.0000   1.0000
   1.0000   1.0000   1.0000
   1.0000   1.0000   1.0000
   1.0000   1.0000   1.0000
   1.0000   1.0000   1.0000
   1.0000   1.0000   1.0000
   1.0000   1.0000   1.0000
   1.0000   1.0000   1.0000
   1.0000   1.0000   1.0000
   1.0000   1.0000   1.0000
   1.0000   1.0000   1.0000
   1.0000   1.0000   1.0000
   1.0000   1.0000   1.0000
   1.0000   1.0000   1.0000
   1.0000   1.0000   1.0000
   1.0000   1.0000   1.0000
   1.0000   1.0000   1.0000
   1.0000   1.0000   1.0000
   1.0000   1.0000   1.0000
   1.0000   1.0000   1.0000

applying weight : 1
applying weight : 1
applying weight : 1
Here are the weights in c++ : 
   1.0000   1.0000   1.0000
   1.0000   1.0000   1.0000
   1.0000   1.0000   1.0000
   1.0000   1.0000   1.0000
   1.0000   1.0000   1.0000
   1.0000   1.0000   1.0000
   1.0000   1.0000   1.0000
   1.0000   1.0000   1.0000
   1.0000   1.0000   1.0000
   1.0000   1.0000   1.0000
   1.0000   1.0000   1.0000
   1.0000   1.0000   1.0000
   1.0000   1.0000   1.0000
   1.0000   1.0000   1.0000
   1.0000   1.0000   1.0000
   1.0000   1.0000   1.0000
   1.0000   1.0000   1.0000
   1.0000   1.0000   1.0000
   1.0000   1.0000   1.0000
   1.0000   1.0000   1.0000
   1.0000   1.0000   1.0000
   1.0000   1.0000   1.0000
   1.0000   1.0000   1.0000
   1.0000   1.0000   1.0000
   1.0000   1.0000   1.0000
   1.0000   1.0000   1.0000
   1.0000   1.0000   1.0000
   1.0000   1.0000   1.0000
   1.0000   1.0000   1.0000
   1.0000   1.0000   1.0000
   1.0000   1.0000   1.0000
   1.0000   1.0000   1.0000
   1.0000   1.0000   1.0000
   1.0000   1.0000   1.0000
   1.0000   1.0000   1.0000
   1.0000   1.0000   1.0000
   1.0000   1.0000   1.0000
   1.0000   1.0000   1.0000
   1.0000   1.0000   1.0000
   1.0000   1.0000   1.0000
   1.0000   1.0000   1.0000
   1.0000   1.0000   1.0000
   1.0000   1.0000   1.0000
   1.0000   1.0000   1.0000
   1.0000   1.0000   1.0000

applying weight : 1
applying weight : 1
applying weight : 1
Here are the weights in c++ : 
   1.0000   1.0000   1.0000
   1.0000   1.0000   1.0000
   1.0000   1.0000   1.0000
   1.0000   1.0000   1.0000
   1.0000   1.0000   1.0000
   1.0000   1.0000   1.0000
   1.0000   1.0000   1.0000
   1.0000   1.0000   1.0000
   1.0000   1.0000   1.0000
   1.0000   1.0000   1.0000
   1.0000   1.0000   1.0000
   1.0000   1.0000   1.0000
   1.0000   1.0000   1.0000
   1.0000   1.0000   1.0000
   1.0000   1.0000   1.0000
   1.0000   1.0000   1.0000
   1.0000   1.0000   1.0000
   1.0000   1.0000   1.0000
   1.0000   1.0000   1.0000
   1.0000   1.0000   1.0000
   1.0000   1.0000   1.0000
   1.0000   1.0000   1.0000
   1.0000   1.0000   1.0000
   1.0000   1.0000   1.0000
   1.0000   1.0000   1.0000
   1.0000   1.0000   1.0000
   1.0000   1.0000   1.0000
   1.0000   1.0000   1.0000
   1.0000   1.0000   1.0000
   1.0000   1.0000   1.0000
   1.0000   1.0000   1.0000
   1.0000   1.0000   1.0000
   1.0000   1.0000   1.0000
   1.0000   1.0000   1.0000
   1.0000   1.0000   1.0000
   1.0000   1.0000   1.0000
   1.0000   1.0000   1.0000
   1.0000   1.0000   1.0000
   1.0000   1.0000   1.0000
   1.0000   1.0000   1.0000
   1.0000   1.0000   1.0000
   1.0000   1.0000   1.0000
   1.0000   1.0000   1.0000
   1.0000   1.0000   1.0000
   1.0000   1.0000   1.0000

applying weight : 1
applying weight : 1
applying weight : 1
Here are the weights in c++ : 
   1.0000   1.0000   1.0000
   1.0000   1.0000   1.0000
   1.0000   1.0000   1.0000
   1.0000   1.0000   1.0000
   1.0000   1.0000   1.0000
   1.0000   1.0000   1.0000
   1.0000   1.0000   1.0000
   1.0000   1.0000   1.0000
   1.0000   1.0000   1.0000
   1.0000   1.0000   1.0000
   1.0000   1.0000   1.0000
   1.0000   1.0000   1.0000
   1.0000   1.0000   1.0000
   1.0000   1.0000   1.0000
   1.0000   1.0000   1.0000
   1.0000   1.0000   1.0000
   1.0000   1.0000   1.0000
   1.0000   1.0000   1.0000
   1.0000   1.0000   1.0000
   1.0000   1.0000   1.0000
   1.0000   1.0000   1.0000
   1.0000   1.0000   1.0000
   1.0000   1.0000   1.0000
   1.0000   1.0000   1.0000
   1.0000   1.0000   1.0000
   1.0000   1.0000   1.0000
   1.0000   1.0000   1.0000
   1.0000   1.0000   1.0000
   1.0000   1.0000   1.0000
   1.0000   1.0000   1.0000
   1.0000   1.0000   1.0000
   1.0000   1.0000   1.0000
   1.0000   1.0000   1.0000
   1.0000   1.0000   1.0000
   1.0000   1.0000   1.0000
   1.0000   1.0000   1.0000
   1.0000   1.0000   1.0000
   1.0000   1.0000   1.0000
   1.0000   1.0000   1.0000
   1.0000   1.0000   1.0000
   1.0000   1.0000   1.0000
   1.0000   1.0000   1.0000
   1.0000   1.0000   1.0000
   1.0000   1.0000   1.0000
   1.0000   1.0000   1.0000

applying weight : 1
applying weight : 1
applying weight : 1
Here are the weights in c++ : 
   1.0000   1.0000   1.0000
   1.0000   1.0000   1.0000
   1.0000   1.0000   1.0000
   1.0000   1.0000   1.0000
   1.0000   1.0000   1.0000
   1.0000   1.0000   1.0000
   1.0000   1.0000   1.0000
   1.0000   1.0000   1.0000
   1.0000   1.0000   1.0000
   1.0000   1.0000   1.0000
   1.0000   1.0000   1.0000
   1.0000   1.0000   1.0000
   1.0000   1.0000   1.0000
   1.0000   1.0000   1.0000
   1.0000   1.0000   1.0000
   1.0000   1.0000   1.0000
   1.0000   1.0000   1.0000
   1.0000   1.0000   1.0000
   1.0000   1.0000   1.0000
   1.0000   1.0000   1.0000
   1.0000   1.0000   1.0000
   1.0000   1.0000   1.0000
   1.0000   1.0000   1.0000
   1.0000   1.0000   1.0000
   1.0000   1.0000   1.0000
   1.0000   1.0000   1.0000
   1.0000   1.0000   1.0000
   1.0000   1.0000   1.0000
   1.0000   1.0000   1.0000
   1.0000   1.0000   1.0000
   1.0000   1.0000   1.0000
   1.0000   1.0000   1.0000
   1.0000   1.0000   1.0000
   1.0000   1.0000   1.0000
   1.0000   1.0000   1.0000
   1.0000   1.0000   1.0000
   1.0000   1.0000   1.0000
   1.0000   1.0000   1.0000
   1.0000   1.0000   1.0000
   1.0000   1.0000   1.0000
   1.0000   1.0000   1.0000
   1.0000   1.0000   1.0000
   1.0000   1.0000   1.0000
   1.0000   1.0000   1.0000
   1.0000   1.0000   1.0000

applying weight : 1
applying weight : 1
applying weight : 1
Here are the weights in c++ : 
   1.0000   1.0000   1.0000
   1.0000   1.0000   1.0000
   1.0000   1.0000   1.0000
   1.0000   1.0000   1.0000
   1.0000   1.0000   1.0000
   1.0000   1.0000   1.0000
   1.0000   1.0000   1.0000
   1.0000   1.0000   1.0000
   1.0000   1.0000   1.0000
   1.0000   1.0000   1.0000
   1.0000   1.0000   1.0000
   1.0000   1.0000   1.0000
   1.0000   1.0000   1.0000
   1.0000   1.0000   1.0000
   1.0000   1.0000   1.0000
   1.0000   1.0000   1.0000
   1.0000   1.0000   1.0000
   1.0000   1.0000   1.0000
   1.0000   1.0000   1.0000
   1.0000   1.0000   1.0000
   1.0000   1.0000   1.0000
   1.0000   1.0000   1.0000
   1.0000   1.0000   1.0000
   1.0000   1.0000   1.0000
   1.0000   1.0000   1.0000
   1.0000   1.0000   1.0000
   1.0000   1.0000   1.0000
   1.0000   1.0000   1.0000
   1.0000   1.0000   1.0000
   1.0000   1.0000   1.0000
   1.0000   1.0000   1.0000
   1.0000   1.0000   1.0000
   1.0000   1.0000   1.0000
   1.0000   1.0000   1.0000
   1.0000   1.0000   1.0000
   1.0000   1.0000   1.0000
   1.0000   1.0000   1.0000
   1.0000   1.0000   1.0000
   1.0000   1.0000   1.0000
   1.0000   1.0000   1.0000
   1.0000   1.0000   1.0000
   1.0000   1.0000   1.0000
   1.0000   1.0000   1.0000
   1.0000   1.0000   1.0000
   1.0000   1.0000   1.0000

applying weight : 1
applying weight : 1
applying weight : 1
Here are the weights in c++ : 
   1.0000   1.0000   1.0000
   1.0000   1.0000   1.0000
   1.0000   1.0000   1.0000
   1.0000   1.0000   1.0000
   1.0000   1.0000   1.0000
   1.0000   1.0000   1.0000
   1.0000   1.0000   1.0000
   1.0000   1.0000   1.0000
   1.0000   1.0000   1.0000
   1.0000   1.0000   1.0000
   1.0000   1.0000   1.0000
   1.0000   1.0000   1.0000
   1.0000   1.0000   1.0000
   1.0000   1.0000   1.0000
   1.0000   1.0000   1.0000
   1.0000   1.0000   1.0000
   1.0000   1.0000   1.0000
   1.0000   1.0000   1.0000
   1.0000   1.0000   1.0000
   1.0000   1.0000   1.0000
   1.0000   1.0000   1.0000
   1.0000   1.0000   1.0000
   1.0000   1.0000   1.0000
   1.0000   1.0000   1.0000
   1.0000   1.0000   1.0000
   1.0000   1.0000   1.0000
   1.0000   1.0000   1.0000
   1.0000   1.0000   1.0000
   1.0000   1.0000   1.0000
   1.0000   1.0000   1.0000
   1.0000   1.0000   1.0000
   1.0000   1.0000   1.0000
   1.0000   1.0000   1.0000
   1.0000   1.0000   1.0000
   1.0000   1.0000   1.0000
   1.0000   1.0000   1.0000
   1.0000   1.0000   1.0000
   1.0000   1.0000   1.0000
   1.0000   1.0000   1.0000
   1.0000   1.0000   1.0000
   1.0000   1.0000   1.0000
   1.0000   1.0000   1.0000
   1.0000   1.0000   1.0000
   1.0000   1.0000   1.0000
   1.0000   1.0000   1.0000

applying weight : 1
applying weight : 1
applying weight : 1
Here are the weights in c++ : 
   1.0000   1.0000   1.0000
   1.0000   1.0000   1.0000
   1.0000   1.0000   1.0000
   1.0000   1.0000   1.0000
   1.0000   1.0000   1.0000
   1.0000   1.0000   1.0000
   1.0000   1.0000   1.0000
   1.0000   1.0000   1.0000
   1.0000   1.0000   1.0000
   1.0000   1.0000   1.0000
   1.0000   1.0000   1.0000
   1.0000   1.0000   1.0000
   1.0000   1.0000   1.0000
   1.0000   1.0000   1.0000
   1.0000   1.0000   1.0000
   1.0000   1.0000   1.0000
   1.0000   1.0000   1.0000
   1.0000   1.0000   1.0000
   1.0000   1.0000   1.0000
   1.0000   1.0000   1.0000
   1.0000   1.0000   1.0000
   1.0000   1.0000   1.0000
   1.0000   1.0000   1.0000
   1.0000   1.0000   1.0000
   1.0000   1.0000   1.0000
   1.0000   1.0000   1.0000
   1.0000   1.0000   1.0000
   1.0000   1.0000   1.0000
   1.0000   1.0000   1.0000
   1.0000   1.0000   1.0000
   1.0000   1.0000   1.0000
   1.0000   1.0000   1.0000
   1.0000   1.0000   1.0000
   1.0000   1.0000   1.0000
   1.0000   1.0000   1.0000
   1.0000   1.0000   1.0000
   1.0000   1.0000   1.0000
   1.0000   1.0000   1.0000
   1.0000   1.0000   1.0000
   1.0000   1.0000   1.0000
   1.0000   1.0000   1.0000
   1.0000   1.0000   1.0000
   1.0000   1.0000   1.0000
   1.0000   1.0000   1.0000
   1.0000   1.0000   1.0000

applying weight : 1
applying weight : 1
applying weight : 1
Here are the weights in c++ : 
   1.0000   1.0000   1.0000
   1.0000   1.0000   1.0000
   1.0000   1.0000   1.0000
   1.0000   1.0000   1.0000
   1.0000   1.0000   1.0000
   1.0000   1.0000   1.0000
   1.0000   1.0000   1.0000
   1.0000   1.0000   1.0000
   1.0000   1.0000   1.0000
   1.0000   1.0000   1.0000
   1.0000   1.0000   1.0000
   1.0000   1.0000   1.0000
   1.0000   1.0000   1.0000
   1.0000   1.0000   1.0000
   1.0000   1.0000   1.0000
   1.0000   1.0000   1.0000
   1.0000   1.0000   1.0000
   1.0000   1.0000   1.0000
   1.0000   1.0000   1.0000
   1.0000   1.0000   1.0000
   1.0000   1.0000   1.0000
   1.0000   1.0000   1.0000
   1.0000   1.0000   1.0000
   1.0000   1.0000   1.0000
   1.0000   1.0000   1.0000
   1.0000   1.0000   1.0000
   1.0000   1.0000   1.0000
   1.0000   1.0000   1.0000
   1.0000   1.0000   1.0000
   1.0000   1.0000   1.0000
   1.0000   1.0000   1.0000
   1.0000   1.0000   1.0000
   1.0000   1.0000   1.0000
   1.0000   1.0000   1.0000
   1.0000   1.0000   1.0000
   1.0000   1.0000   1.0000
   1.0000   1.0000   1.0000
   1.0000   1.0000   1.0000
   1.0000   1.0000   1.0000
   1.0000   1.0000   1.0000
   1.0000   1.0000   1.0000
   1.0000   1.0000   1.0000
   1.0000   1.0000   1.0000
   1.0000   1.0000   1.0000
   1.0000   1.0000   1.0000

applying weight : 1
applying weight : 1
applying weight : 1
Here are the weights in c++ : 
   1.0000   1.0000   1.0000
   1.0000   1.0000   1.0000
   1.0000   1.0000   1.0000
   1.0000   1.0000   1.0000
   1.0000   1.0000   1.0000
   1.0000   1.0000   1.0000
   1.0000   1.0000   1.0000
   1.0000   1.0000   1.0000
   1.0000   1.0000   1.0000
   1.0000   1.0000   1.0000
   1.0000   1.0000   1.0000
   1.0000   1.0000   1.0000
   1.0000   1.0000   1.0000
   1.0000   1.0000   1.0000
   1.0000   1.0000   1.0000
   1.0000   1.0000   1.0000
   1.0000   1.0000   1.0000
   1.0000   1.0000   1.0000
   1.0000   1.0000   1.0000
   1.0000   1.0000   1.0000
   1.0000   1.0000   1.0000
   1.0000   1.0000   1.0000
   1.0000   1.0000   1.0000
   1.0000   1.0000   1.0000
   1.0000   1.0000   1.0000
   1.0000   1.0000   1.0000
   1.0000   1.0000   1.0000
   1.0000   1.0000   1.0000
   1.0000   1.0000   1.0000
   1.0000   1.0000   1.0000
   1.0000   1.0000   1.0000
   1.0000   1.0000   1.0000
   1.0000   1.0000   1.0000
   1.0000   1.0000   1.0000
   1.0000   1.0000   1.0000
   1.0000   1.0000   1.0000
   1.0000   1.0000   1.0000
   1.0000   1.0000   1.0000
   1.0000   1.0000   1.0000
   1.0000   1.0000   1.0000
   1.0000   1.0000   1.0000
   1.0000   1.0000   1.0000
   1.0000   1.0000   1.0000
   1.0000   1.0000   1.0000
   1.0000   1.0000   1.0000

applying weight : 1
applying weight : 1
applying weight : 1
Here are the weights in c++ : 
   1.0000   1.0000   1.0000
   1.0000   1.0000   1.0000
   1.0000   1.0000   1.0000
   1.0000   1.0000   1.0000
   1.0000   1.0000   1.0000
   1.0000   1.0000   1.0000
   1.0000   1.0000   1.0000
   1.0000   1.0000   1.0000
   1.0000   1.0000   1.0000
   1.0000   1.0000   1.0000
   1.0000   1.0000   1.0000
   1.0000   1.0000   1.0000
   1.0000   1.0000   1.0000
   1.0000   1.0000   1.0000
   1.0000   1.0000   1.0000
   1.0000   1.0000   1.0000
   1.0000   1.0000   1.0000
   1.0000   1.0000   1.0000
   1.0000   1.0000   1.0000
   1.0000   1.0000   1.0000
   1.0000   1.0000   1.0000
   1.0000   1.0000   1.0000
   1.0000   1.0000   1.0000
   1.0000   1.0000   1.0000
   1.0000   1.0000   1.0000
   1.0000   1.0000   1.0000
   1.0000   1.0000   1.0000
   1.0000   1.0000   1.0000
   1.0000   1.0000   1.0000
   1.0000   1.0000   1.0000
   1.0000   1.0000   1.0000
   1.0000   1.0000   1.0000
   1.0000   1.0000   1.0000
   1.0000   1.0000   1.0000
   1.0000   1.0000   1.0000
   1.0000   1.0000   1.0000
   1.0000   1.0000   1.0000
   1.0000   1.0000   1.0000
   1.0000   1.0000   1.0000
   1.0000   1.0000   1.0000
   1.0000   1.0000   1.0000
   1.0000   1.0000   1.0000
   1.0000   1.0000   1.0000
   1.0000   1.0000   1.0000
   1.0000   1.0000   1.0000

applying weight : 1
applying weight : 1
applying weight : 1
Here are the weights in c++ : 
   1.0000   1.0000   1.0000
   1.0000   1.0000   1.0000
   1.0000   1.0000   1.0000
   1.0000   1.0000   1.0000
   1.0000   1.0000   1.0000
   1.0000   1.0000   1.0000
   1.0000   1.0000   1.0000
   1.0000   1.0000   1.0000
   1.0000   1.0000   1.0000
   1.0000   1.0000   1.0000
   1.0000   1.0000   1.0000
   1.0000   1.0000   1.0000
   1.0000   1.0000   1.0000
   1.0000   1.0000   1.0000
   1.0000   1.0000   1.0000
   1.0000   1.0000   1.0000
   1.0000   1.0000   1.0000
   1.0000   1.0000   1.0000
   1.0000   1.0000   1.0000
   1.0000   1.0000   1.0000
   1.0000   1.0000   1.0000
   1.0000   1.0000   1.0000
   1.0000   1.0000   1.0000
   1.0000   1.0000   1.0000
   1.0000   1.0000   1.0000
   1.0000   1.0000   1.0000
   1.0000   1.0000   1.0000
   1.0000   1.0000   1.0000
   1.0000   1.0000   1.0000
   1.0000   1.0000   1.0000
   1.0000   1.0000   1.0000
   1.0000   1.0000   1.0000
   1.0000   1.0000   1.0000
   1.0000   1.0000   1.0000
   1.0000   1.0000   1.0000
   1.0000   1.0000   1.0000
   1.0000   1.0000   1.0000
   1.0000   1.0000   1.0000
   1.0000   1.0000   1.0000
   1.0000   1.0000   1.0000
   1.0000   1.0000   1.0000
   1.0000   1.0000   1.0000
   1.0000   1.0000   1.0000
   1.0000   1.0000   1.0000
   1.0000   1.0000   1.0000

applying weight : 1
applying weight : 1
applying weight : 1
Here are the weights in c++ : 
   1.0000   1.0000   1.0000
   1.0000   1.0000   1.0000
   1.0000   1.0000   1.0000
   1.0000   1.0000   1.0000
   1.0000   1.0000   1.0000
   1.0000   1.0000   1.0000
   1.0000   1.0000   1.0000
   1.0000   1.0000   1.0000
   1.0000   1.0000   1.0000
   1.0000   1.0000   1.0000
   1.0000   1.0000   1.0000
   1.0000   1.0000   1.0000
   1.0000   1.0000   1.0000
   1.0000   1.0000   1.0000
   1.0000   1.0000   1.0000
   1.0000   1.0000   1.0000
   1.0000   1.0000   1.0000
   1.0000   1.0000   1.0000
   1.0000   1.0000   1.0000
   1.0000   1.0000   1.0000
   1.0000   1.0000   1.0000
   1.0000   1.0000   1.0000
   1.0000   1.0000   1.0000
   1.0000   1.0000   1.0000
   1.0000   1.0000   1.0000
   1.0000   1.0000   1.0000
   1.0000   1.0000   1.0000
   1.0000   1.0000   1.0000
   1.0000   1.0000   1.0000
   1.0000   1.0000   1.0000
   1.0000   1.0000   1.0000
   1.0000   1.0000   1.0000
   1.0000   1.0000   1.0000
   1.0000   1.0000   1.0000
   1.0000   1.0000   1.0000
   1.0000   1.0000   1.0000
   1.0000   1.0000   1.0000
   1.0000   1.0000   1.0000
   1.0000   1.0000   1.0000
   1.0000   1.0000   1.0000
   1.0000   1.0000   1.0000
   1.0000   1.0000   1.0000
   1.0000   1.0000   1.0000
   1.0000   1.0000   1.0000
   1.0000   1.0000   1.0000

applying weight : 1
applying weight : 1
applying weight : 1
Here are the weights in c++ : 
   1.0000   1.0000   1.0000
   1.0000   1.0000   1.0000
   1.0000   1.0000   1.0000
   1.0000   1.0000   1.0000
   1.0000   1.0000   1.0000
   1.0000   1.0000   1.0000
   1.0000   1.0000   1.0000
   1.0000   1.0000   1.0000
   1.0000   1.0000   1.0000
   1.0000   1.0000   1.0000
   1.0000   1.0000   1.0000
   1.0000   1.0000   1.0000
   1.0000   1.0000   1.0000
   1.0000   1.0000   1.0000
   1.0000   1.0000   1.0000
   1.0000   1.0000   1.0000
   1.0000   1.0000   1.0000
   1.0000   1.0000   1.0000
   1.0000   1.0000   1.0000
   1.0000   1.0000   1.0000
   1.0000   1.0000   1.0000
   1.0000   1.0000   1.0000
   1.0000   1.0000   1.0000
   1.0000   1.0000   1.0000
   1.0000   1.0000   1.0000
   1.0000   1.0000   1.0000
   1.0000   1.0000   1.0000
   1.0000   1.0000   1.0000
   1.0000   1.0000   1.0000
   1.0000   1.0000   1.0000
   1.0000   1.0000   1.0000
   1.0000   1.0000   1.0000
   1.0000   1.0000   1.0000
   1.0000   1.0000   1.0000
   1.0000   1.0000   1.0000
   1.0000   1.0000   1.0000
   1.0000   1.0000   1.0000
   1.0000   1.0000   1.0000
   1.0000   1.0000   1.0000
   1.0000   1.0000   1.0000
   1.0000   1.0000   1.0000
   1.0000   1.0000   1.0000
   1.0000   1.0000   1.0000
   1.0000   1.0000   1.0000
   1.0000   1.0000   1.0000

applying weight : 1
applying weight : 1
applying weight : 1
Here are the weights in c++ : 
   1.0000   1.0000   1.0000
   1.0000   1.0000   1.0000
   1.0000   1.0000   1.0000
   1.0000   1.0000   1.0000
   1.0000   1.0000   1.0000
   1.0000   1.0000   1.0000
   1.0000   1.0000   1.0000
   1.0000   1.0000   1.0000
   1.0000   1.0000   1.0000
   1.0000   1.0000   1.0000
   1.0000   1.0000   1.0000
   1.0000   1.0000   1.0000
   1.0000   1.0000   1.0000
   1.0000   1.0000   1.0000
   1.0000   1.0000   1.0000
   1.0000   1.0000   1.0000
   1.0000   1.0000   1.0000
   1.0000   1.0000   1.0000
   1.0000   1.0000   1.0000
   1.0000   1.0000   1.0000
   1.0000   1.0000   1.0000
   1.0000   1.0000   1.0000
   1.0000   1.0000   1.0000
   1.0000   1.0000   1.0000
   1.0000   1.0000   1.0000
   1.0000   1.0000   1.0000
   1.0000   1.0000   1.0000
   1.0000   1.0000   1.0000
   1.0000   1.0000   1.0000
   1.0000   1.0000   1.0000
   1.0000   1.0000   1.0000
   1.0000   1.0000   1.0000
   1.0000   1.0000   1.0000
   1.0000   1.0000   1.0000
   1.0000   1.0000   1.0000
   1.0000   1.0000   1.0000
   1.0000   1.0000   1.0000
   1.0000   1.0000   1.0000
   1.0000   1.0000   1.0000
   1.0000   1.0000   1.0000
   1.0000   1.0000   1.0000
   1.0000   1.0000   1.0000
   1.0000   1.0000   1.0000
   1.0000   1.0000   1.0000
   1.0000   1.0000   1.0000

applying weight : 1
applying weight : 1
applying weight : 1
Here are the weights in c++ : 
   1.0000   1.0000   1.0000
   1.0000   1.0000   1.0000
   1.0000   1.0000   1.0000
   1.0000   1.0000   1.0000
   1.0000   1.0000   1.0000
   1.0000   1.0000   1.0000
   1.0000   1.0000   1.0000
   1.0000   1.0000   1.0000
   1.0000   1.0000   1.0000
   1.0000   1.0000   1.0000
   1.0000   1.0000   1.0000
   1.0000   1.0000   1.0000
   1.0000   1.0000   1.0000
   1.0000   1.0000   1.0000
   1.0000   1.0000   1.0000
   1.0000   1.0000   1.0000
   1.0000   1.0000   1.0000
   1.0000   1.0000   1.0000
   1.0000   1.0000   1.0000
   1.0000   1.0000   1.0000
   1.0000   1.0000   1.0000
   1.0000   1.0000   1.0000
   1.0000   1.0000   1.0000
   1.0000   1.0000   1.0000
   1.0000   1.0000   1.0000
   1.0000   1.0000   1.0000
   1.0000   1.0000   1.0000
   1.0000   1.0000   1.0000
   1.0000   1.0000   1.0000
   1.0000   1.0000   1.0000
   1.0000   1.0000   1.0000
   1.0000   1.0000   1.0000
   1.0000   1.0000   1.0000
   1.0000   1.0000   1.0000
   1.0000   1.0000   1.0000
   1.0000   1.0000   1.0000
   1.0000   1.0000   1.0000
   1.0000   1.0000   1.0000
   1.0000   1.0000   1.0000
   1.0000   1.0000   1.0000
   1.0000   1.0000   1.0000
   1.0000   1.0000   1.0000
   1.0000   1.0000   1.0000
   1.0000   1.0000   1.0000
   1.0000   1.0000   1.0000

applying weight : 1
applying weight : 1
applying weight : 1
Here are the weights in c++ : 
   1.0000   1.0000   1.0000
   1.0000   1.0000   1.0000
   1.0000   1.0000   1.0000
   1.0000   1.0000   1.0000
   1.0000   1.0000   1.0000
   1.0000   1.0000   1.0000
   1.0000   1.0000   1.0000
   1.0000   1.0000   1.0000
   1.0000   1.0000   1.0000
   1.0000   1.0000   1.0000
   1.0000   1.0000   1.0000
   1.0000   1.0000   1.0000
   1.0000   1.0000   1.0000
   1.0000   1.0000   1.0000
   1.0000   1.0000   1.0000
   1.0000   1.0000   1.0000
   1.0000   1.0000   1.0000
   1.0000   1.0000   1.0000
   1.0000   1.0000   1.0000
   1.0000   1.0000   1.0000
   1.0000   1.0000   1.0000
   1.0000   1.0000   1.0000
   1.0000   1.0000   1.0000
   1.0000   1.0000   1.0000
   1.0000   1.0000   1.0000
   1.0000   1.0000   1.0000
   1.0000   1.0000   1.0000
   1.0000   1.0000   1.0000
   1.0000   1.0000   1.0000
   1.0000   1.0000   1.0000
   1.0000   1.0000   1.0000
   1.0000   1.0000   1.0000
   1.0000   1.0000   1.0000
   1.0000   1.0000   1.0000
   1.0000   1.0000   1.0000
   1.0000   1.0000   1.0000
   1.0000   1.0000   1.0000
   1.0000   1.0000   1.0000
   1.0000   1.0000   1.0000
   1.0000   1.0000   1.0000
   1.0000   1.0000   1.0000
   1.0000   1.0000   1.0000
   1.0000   1.0000   1.0000
   1.0000   1.0000   1.0000
   1.0000   1.0000   1.0000

applying weight : 1
applying weight : 1
applying weight : 1
Here are the weights in c++ : 
   1.0000   1.0000   1.0000
   1.0000   1.0000   1.0000
   1.0000   1.0000   1.0000
   1.0000   1.0000   1.0000
   1.0000   1.0000   1.0000
   1.0000   1.0000   1.0000
   1.0000   1.0000   1.0000
   1.0000   1.0000   1.0000
   1.0000   1.0000   1.0000
   1.0000   1.0000   1.0000
   1.0000   1.0000   1.0000
   1.0000   1.0000   1.0000
   1.0000   1.0000   1.0000
   1.0000   1.0000   1.0000
   1.0000   1.0000   1.0000
   1.0000   1.0000   1.0000
   1.0000   1.0000   1.0000
   1.0000   1.0000   1.0000
   1.0000   1.0000   1.0000
   1.0000   1.0000   1.0000
   1.0000   1.0000   1.0000
   1.0000   1.0000   1.0000
   1.0000   1.0000   1.0000
   1.0000   1.0000   1.0000
   1.0000   1.0000   1.0000
   1.0000   1.0000   1.0000
   1.0000   1.0000   1.0000
   1.0000   1.0000   1.0000
   1.0000   1.0000   1.0000
   1.0000   1.0000   1.0000
   1.0000   1.0000   1.0000
   1.0000   1.0000   1.0000
   1.0000   1.0000   1.0000
   1.0000   1.0000   1.0000
   1.0000   1.0000   1.0000
   1.0000   1.0000   1.0000
   1.0000   1.0000   1.0000
   1.0000   1.0000   1.0000
   1.0000   1.0000   1.0000
   1.0000   1.0000   1.0000
   1.0000   1.0000   1.0000
   1.0000   1.0000   1.0000
   1.0000   1.0000   1.0000
   1.0000   1.0000   1.0000
   1.0000   1.0000   1.0000

applying weight : 1
applying weight : 1
applying weight : 1
Here are the weights in c++ : 
   1.0000   1.0000   1.0000
   1.0000   1.0000   1.0000
   1.0000   1.0000   1.0000
   1.0000   1.0000   1.0000
   1.0000   1.0000   1.0000
   1.0000   1.0000   1.0000
   1.0000   1.0000   1.0000
   1.0000   1.0000   1.0000
   1.0000   1.0000   1.0000
   1.0000   1.0000   1.0000
   1.0000   1.0000   1.0000
   1.0000   1.0000   1.0000
   1.0000   1.0000   1.0000
   1.0000   1.0000   1.0000
   1.0000   1.0000   1.0000
   1.0000   1.0000   1.0000
   1.0000   1.0000   1.0000
   1.0000   1.0000   1.0000
   1.0000   1.0000   1.0000
   1.0000   1.0000   1.0000
   1.0000   1.0000   1.0000
   1.0000   1.0000   1.0000
   1.0000   1.0000   1.0000
   1.0000   1.0000   1.0000
   1.0000   1.0000   1.0000
   1.0000   1.0000   1.0000
   1.0000   1.0000   1.0000
   1.0000   1.0000   1.0000
   1.0000   1.0000   1.0000
   1.0000   1.0000   1.0000
   1.0000   1.0000   1.0000
   1.0000   1.0000   1.0000
   1.0000   1.0000   1.0000
   1.0000   1.0000   1.0000
   1.0000   1.0000   1.0000
   1.0000   1.0000   1.0000
   1.0000   1.0000   1.0000
   1.0000   1.0000   1.0000
   1.0000   1.0000   1.0000
   1.0000   1.0000   1.0000
   1.0000   1.0000   1.0000
   1.0000   1.0000   1.0000
   1.0000   1.0000   1.0000
   1.0000   1.0000   1.0000
   1.0000   1.0000   1.0000

applying weight : 1
applying weight : 1
applying weight : 1
Here are the weights in c++ : 
   1.0000   1.0000   1.0000
   1.0000   1.0000   1.0000
   1.0000   1.0000   1.0000
   1.0000   1.0000   1.0000
   1.0000   1.0000   1.0000
   1.0000   1.0000   1.0000
   1.0000   1.0000   1.0000
   1.0000   1.0000   1.0000
   1.0000   1.0000   1.0000
   1.0000   1.0000   1.0000
   1.0000   1.0000   1.0000
   1.0000   1.0000   1.0000
   1.0000   1.0000   1.0000
   1.0000   1.0000   1.0000
   1.0000   1.0000   1.0000
   1.0000   1.0000   1.0000
   1.0000   1.0000   1.0000
   1.0000   1.0000   1.0000
   1.0000   1.0000   1.0000
   1.0000   1.0000   1.0000
   1.0000   1.0000   1.0000
   1.0000   1.0000   1.0000
   1.0000   1.0000   1.0000
   1.0000   1.0000   1.0000
   1.0000   1.0000   1.0000
   1.0000   1.0000   1.0000
   1.0000   1.0000   1.0000
   1.0000   1.0000   1.0000
   1.0000   1.0000   1.0000
   1.0000   1.0000   1.0000
   1.0000   1.0000   1.0000
   1.0000   1.0000   1.0000
   1.0000   1.0000   1.0000
   1.0000   1.0000   1.0000
   1.0000   1.0000   1.0000
   1.0000   1.0000   1.0000
   1.0000   1.0000   1.0000
   1.0000   1.0000   1.0000
   1.0000   1.0000   1.0000
   1.0000   1.0000   1.0000
   1.0000   1.0000   1.0000
   1.0000   1.0000   1.0000
   1.0000   1.0000   1.0000
   1.0000   1.0000   1.0000
   1.0000   1.0000   1.0000

applying weight : 1
applying weight : 1
applying weight : 1
Here are the weights in c++ : 
   1.0000   1.0000   1.0000
   1.0000   1.0000   1.0000
   1.0000   1.0000   1.0000
   1.0000   1.0000   1.0000
   1.0000   1.0000   1.0000
   1.0000   1.0000   1.0000
   1.0000   1.0000   1.0000
   1.0000   1.0000   1.0000
   1.0000   1.0000   1.0000
   1.0000   1.0000   1.0000
   1.0000   1.0000   1.0000
   1.0000   1.0000   1.0000
   1.0000   1.0000   1.0000
   1.0000   1.0000   1.0000
   1.0000   1.0000   1.0000
   1.0000   1.0000   1.0000
   1.0000   1.0000   1.0000
   1.0000   1.0000   1.0000
   1.0000   1.0000   1.0000
   1.0000   1.0000   1.0000
   1.0000   1.0000   1.0000
   1.0000   1.0000   1.0000
   1.0000   1.0000   1.0000
   1.0000   1.0000   1.0000
   1.0000   1.0000   1.0000
   1.0000   1.0000   1.0000
   1.0000   1.0000   1.0000
   1.0000   1.0000   1.0000
   1.0000   1.0000   1.0000
   1.0000   1.0000   1.0000
   1.0000   1.0000   1.0000
   1.0000   1.0000   1.0000
   1.0000   1.0000   1.0000
   1.0000   1.0000   1.0000
   1.0000   1.0000   1.0000
   1.0000   1.0000   1.0000
   1.0000   1.0000   1.0000
   1.0000   1.0000   1.0000
   1.0000   1.0000   1.0000
   1.0000   1.0000   1.0000
   1.0000   1.0000   1.0000
   1.0000   1.0000   1.0000
   1.0000   1.0000   1.0000
   1.0000   1.0000   1.0000
   1.0000   1.0000   1.0000

applying weight : 1
applying weight : 1
applying weight : 1
Here are the weights in c++ : 
   1.0000   1.0000   1.0000
   1.0000   1.0000   1.0000
   1.0000   1.0000   1.0000
   1.0000   1.0000   1.0000
   1.0000   1.0000   1.0000
   1.0000   1.0000   1.0000
   1.0000   1.0000   1.0000
   1.0000   1.0000   1.0000
   1.0000   1.0000   1.0000
   1.0000   1.0000   1.0000
   1.0000   1.0000   1.0000
   1.0000   1.0000   1.0000
   1.0000   1.0000   1.0000
   1.0000   1.0000   1.0000
   1.0000   1.0000   1.0000
   1.0000   1.0000   1.0000
   1.0000   1.0000   1.0000
   1.0000   1.0000   1.0000
   1.0000   1.0000   1.0000
   1.0000   1.0000   1.0000
   1.0000   1.0000   1.0000
   1.0000   1.0000   1.0000
   1.0000   1.0000   1.0000
   1.0000   1.0000   1.0000
   1.0000   1.0000   1.0000
   1.0000   1.0000   1.0000
   1.0000   1.0000   1.0000
   1.0000   1.0000   1.0000
   1.0000   1.0000   1.0000
   1.0000   1.0000   1.0000
   1.0000   1.0000   1.0000
   1.0000   1.0000   1.0000
   1.0000   1.0000   1.0000
   1.0000   1.0000   1.0000
   1.0000   1.0000   1.0000
   1.0000   1.0000   1.0000
   1.0000   1.0000   1.0000
   1.0000   1.0000   1.0000
   1.0000   1.0000   1.0000
   1.0000   1.0000   1.0000
   1.0000   1.0000   1.0000
   1.0000   1.0000   1.0000
   1.0000   1.0000   1.0000
   1.0000   1.0000   1.0000
   1.0000   1.0000   1.0000

applying weight : 1
applying weight : 1
applying weight : 1
Here are the weights in c++ : 
   1.0000   1.0000   1.0000
   1.0000   1.0000   1.0000
   1.0000   1.0000   1.0000
   1.0000   1.0000   1.0000
   1.0000   1.0000   1.0000
   1.0000   1.0000   1.0000
   1.0000   1.0000   1.0000
   1.0000   1.0000   1.0000
   1.0000   1.0000   1.0000
   1.0000   1.0000   1.0000
   1.0000   1.0000   1.0000
   1.0000   1.0000   1.0000
   1.0000   1.0000   1.0000
   1.0000   1.0000   1.0000
   1.0000   1.0000   1.0000
   1.0000   1.0000   1.0000
   1.0000   1.0000   1.0000
   1.0000   1.0000   1.0000
   1.0000   1.0000   1.0000
   1.0000   1.0000   1.0000
   1.0000   1.0000   1.0000
   1.0000   1.0000   1.0000
   1.0000   1.0000   1.0000
   1.0000   1.0000   1.0000
   1.0000   1.0000   1.0000
   1.0000   1.0000   1.0000
   1.0000   1.0000   1.0000
   1.0000   1.0000   1.0000
   1.0000   1.0000   1.0000
   1.0000   1.0000   1.0000
   1.0000   1.0000   1.0000
   1.0000   1.0000   1.0000
   1.0000   1.0000   1.0000
   1.0000   1.0000   1.0000
   1.0000   1.0000   1.0000
   1.0000   1.0000   1.0000
   1.0000   1.0000   1.0000
   1.0000   1.0000   1.0000
   1.0000   1.0000   1.0000
   1.0000   1.0000   1.0000
   1.0000   1.0000   1.0000
   1.0000   1.0000   1.0000
   1.0000   1.0000   1.0000
   1.0000   1.0000   1.0000
   1.0000   1.0000   1.0000

applying weight : 1
applying weight : 1
applying weight : 1
Here are the weights in c++ : 
   1.0000   1.0000   1.0000
   1.0000   1.0000   1.0000
   1.0000   1.0000   1.0000
   1.0000   1.0000   1.0000
   1.0000   1.0000   1.0000
   1.0000   1.0000   1.0000
   1.0000   1.0000   1.0000
   1.0000   1.0000   1.0000
   1.0000   1.0000   1.0000
   1.0000   1.0000   1.0000
   1.0000   1.0000   1.0000
   1.0000   1.0000   1.0000
   1.0000   1.0000   1.0000
   1.0000   1.0000   1.0000
   1.0000   1.0000   1.0000
   1.0000   1.0000   1.0000
   1.0000   1.0000   1.0000
   1.0000   1.0000   1.0000
   1.0000   1.0000   1.0000
   1.0000   1.0000   1.0000
   1.0000   1.0000   1.0000
   1.0000   1.0000   1.0000
   1.0000   1.0000   1.0000
   1.0000   1.0000   1.0000
   1.0000   1.0000   1.0000
   1.0000   1.0000   1.0000
   1.0000   1.0000   1.0000
   1.0000   1.0000   1.0000
   1.0000   1.0000   1.0000
   1.0000   1.0000   1.0000
   1.0000   1.0000   1.0000
   1.0000   1.0000   1.0000
   1.0000   1.0000   1.0000
   1.0000   1.0000   1.0000
   1.0000   1.0000   1.0000
   1.0000   1.0000   1.0000
   1.0000   1.0000   1.0000
   1.0000   1.0000   1.0000
   1.0000   1.0000   1.0000
   1.0000   1.0000   1.0000
   1.0000   1.0000   1.0000
   1.0000   1.0000   1.0000
   1.0000   1.0000   1.0000
   1.0000   1.0000   1.0000
   1.0000   1.0000   1.0000

applying weight : 1
applying weight : 1
applying weight : 1
Here are the weights in c++ : 
   1.0000   1.0000   1.0000
   1.0000   1.0000   1.0000
   1.0000   1.0000   1.0000
   1.0000   1.0000   1.0000
   1.0000   1.0000   1.0000
   1.0000   1.0000   1.0000
   1.0000   1.0000   1.0000
   1.0000   1.0000   1.0000
   1.0000   1.0000   1.0000
   1.0000   1.0000   1.0000
   1.0000   1.0000   1.0000
   1.0000   1.0000   1.0000
   1.0000   1.0000   1.0000
   1.0000   1.0000   1.0000
   1.0000   1.0000   1.0000
   1.0000   1.0000   1.0000
   1.0000   1.0000   1.0000
   1.0000   1.0000   1.0000
   1.0000   1.0000   1.0000
   1.0000   1.0000   1.0000
   1.0000   1.0000   1.0000
   1.0000   1.0000   1.0000
   1.0000   1.0000   1.0000
   1.0000   1.0000   1.0000
   1.0000   1.0000   1.0000
   1.0000   1.0000   1.0000
   1.0000   1.0000   1.0000
   1.0000   1.0000   1.0000
   1.0000   1.0000   1.0000
   1.0000   1.0000   1.0000
   1.0000   1.0000   1.0000
   1.0000   1.0000   1.0000
   1.0000   1.0000   1.0000
   1.0000   1.0000   1.0000
   1.0000   1.0000   1.0000
   1.0000   1.0000   1.0000
   1.0000   1.0000   1.0000
   1.0000   1.0000   1.0000
   1.0000   1.0000   1.0000
   1.0000   1.0000   1.0000
   1.0000   1.0000   1.0000
   1.0000   1.0000   1.0000
   1.0000   1.0000   1.0000
   1.0000   1.0000   1.0000
   1.0000   1.0000   1.0000

applying weight : 1
applying weight : 1
applying weight : 1
Here are the weights in c++ : 
   1.0000   1.0000   1.0000
   1.0000   1.0000   1.0000
   1.0000   1.0000   1.0000
   1.0000   1.0000   1.0000
   1.0000   1.0000   1.0000
   1.0000   1.0000   1.0000
   1.0000   1.0000   1.0000
   1.0000   1.0000   1.0000
   1.0000   1.0000   1.0000
   1.0000   1.0000   1.0000
   1.0000   1.0000   1.0000
   1.0000   1.0000   1.0000
   1.0000   1.0000   1.0000
   1.0000   1.0000   1.0000
   1.0000   1.0000   1.0000
   1.0000   1.0000   1.0000
   1.0000   1.0000   1.0000
   1.0000   1.0000   1.0000
   1.0000   1.0000   1.0000
   1.0000   1.0000   1.0000
   1.0000   1.0000   1.0000
   1.0000   1.0000   1.0000
   1.0000   1.0000   1.0000
   1.0000   1.0000   1.0000
   1.0000   1.0000   1.0000
   1.0000   1.0000   1.0000
   1.0000   1.0000   1.0000
   1.0000   1.0000   1.0000
   1.0000   1.0000   1.0000
   1.0000   1.0000   1.0000
   1.0000   1.0000   1.0000
   1.0000   1.0000   1.0000
   1.0000   1.0000   1.0000
   1.0000   1.0000   1.0000
   1.0000   1.0000   1.0000
   1.0000   1.0000   1.0000
   1.0000   1.0000   1.0000
   1.0000   1.0000   1.0000
   1.0000   1.0000   1.0000
   1.0000   1.0000   1.0000
   1.0000   1.0000   1.0000
   1.0000   1.0000   1.0000
   1.0000   1.0000   1.0000
   1.0000   1.0000   1.0000
   1.0000   1.0000   1.0000

applying weight : 1
applying weight : 1
applying weight : 1
Here are the weights in c++ : 
   1.0000   1.0000   1.0000
   1.0000   1.0000   1.0000
   1.0000   1.0000   1.0000
   1.0000   1.0000   1.0000
   1.0000   1.0000   1.0000
   1.0000   1.0000   1.0000
   1.0000   1.0000   1.0000
   1.0000   1.0000   1.0000
   1.0000   1.0000   1.0000
   1.0000   1.0000   1.0000
   1.0000   1.0000   1.0000
   1.0000   1.0000   1.0000
   1.0000   1.0000   1.0000
   1.0000   1.0000   1.0000
   1.0000   1.0000   1.0000
   1.0000   1.0000   1.0000
   1.0000   1.0000   1.0000
   1.0000   1.0000   1.0000
   1.0000   1.0000   1.0000
   1.0000   1.0000   1.0000
   1.0000   1.0000   1.0000
   1.0000   1.0000   1.0000
   1.0000   1.0000   1.0000
   1.0000   1.0000   1.0000
   1.0000   1.0000   1.0000
   1.0000   1.0000   1.0000
   1.0000   1.0000   1.0000
   1.0000   1.0000   1.0000
   1.0000   1.0000   1.0000
   1.0000   1.0000   1.0000
   1.0000   1.0000   1.0000
   1.0000   1.0000   1.0000
   1.0000   1.0000   1.0000
   1.0000   1.0000   1.0000
   1.0000   1.0000   1.0000
   1.0000   1.0000   1.0000
   1.0000   1.0000   1.0000
   1.0000   1.0000   1.0000
   1.0000   1.0000   1.0000
   1.0000   1.0000   1.0000
   1.0000   1.0000   1.0000
   1.0000   1.0000   1.0000
   1.0000   1.0000   1.0000
   1.0000   1.0000   1.0000
   1.0000   1.0000   1.0000

applying weight : 1
applying weight : 1
applying weight : 1
Here are the weights in c++ : 
   1.0000   1.0000   1.0000
   1.0000   1.0000   1.0000
   1.0000   1.0000   1.0000
   1.0000   1.0000   1.0000
   1.0000   1.0000   1.0000
   1.0000   1.0000   1.0000
   1.0000   1.0000   1.0000
   1.0000   1.0000   1.0000
   1.0000   1.0000   1.0000
   1.0000   1.0000   1.0000
   1.0000   1.0000   1.0000
   1.0000   1.0000   1.0000
   1.0000   1.0000   1.0000
   1.0000   1.0000   1.0000
   1.0000   1.0000   1.0000
   1.0000   1.0000   1.0000
   1.0000   1.0000   1.0000
   1.0000   1.0000   1.0000
   1.0000   1.0000   1.0000
   1.0000   1.0000   1.0000
   1.0000   1.0000   1.0000
   1.0000   1.0000   1.0000
   1.0000   1.0000   1.0000
   1.0000   1.0000   1.0000
   1.0000   1.0000   1.0000
   1.0000   1.0000   1.0000
   1.0000   1.0000   1.0000
   1.0000   1.0000   1.0000
   1.0000   1.0000   1.0000
   1.0000   1.0000   1.0000
   1.0000   1.0000   1.0000
   1.0000   1.0000   1.0000
   1.0000   1.0000   1.0000
   1.0000   1.0000   1.0000
   1.0000   1.0000   1.0000
   1.0000   1.0000   1.0000
   1.0000   1.0000   1.0000
   1.0000   1.0000   1.0000
   1.0000   1.0000   1.0000
   1.0000   1.0000   1.0000
   1.0000   1.0000   1.0000
   1.0000   1.0000   1.0000
   1.0000   1.0000   1.0000
   1.0000   1.0000   1.0000
   1.0000   1.0000   1.0000

applying weight : 1
applying weight : 1
applying weight : 1
Here are the weights in c++ : 
   1.0000   1.0000   1.0000
   1.0000   1.0000   1.0000
   1.0000   1.0000   1.0000
   1.0000   1.0000   1.0000
   1.0000   1.0000   1.0000
   1.0000   1.0000   1.0000
   1.0000   1.0000   1.0000
   1.0000   1.0000   1.0000
   1.0000   1.0000   1.0000
   1.0000   1.0000   1.0000
   1.0000   1.0000   1.0000
   1.0000   1.0000   1.0000
   1.0000   1.0000   1.0000
   1.0000   1.0000   1.0000
   1.0000   1.0000   1.0000
   1.0000   1.0000   1.0000
   1.0000   1.0000   1.0000
   1.0000   1.0000   1.0000
   1.0000   1.0000   1.0000
   1.0000   1.0000   1.0000
   1.0000   1.0000   1.0000
   1.0000   1.0000   1.0000
   1.0000   1.0000   1.0000
   1.0000   1.0000   1.0000
   1.0000   1.0000   1.0000
   1.0000   1.0000   1.0000
   1.0000   1.0000   1.0000
   1.0000   1.0000   1.0000
   1.0000   1.0000   1.0000
   1.0000   1.0000   1.0000
   1.0000   1.0000   1.0000
   1.0000   1.0000   1.0000
   1.0000   1.0000   1.0000
   1.0000   1.0000   1.0000
   1.0000   1.0000   1.0000
   1.0000   1.0000   1.0000
   1.0000   1.0000   1.0000
   1.0000   1.0000   1.0000
   1.0000   1.0000   1.0000
   1.0000   1.0000   1.0000
   1.0000   1.0000   1.0000
   1.0000   1.0000   1.0000
   1.0000   1.0000   1.0000
   1.0000   1.0000   1.0000
   1.0000   1.0000   1.0000

applying weight : 1
applying weight : 1
applying weight : 1
Here are the weights in c++ : 
   1.0000   1.0000   1.0000
   1.0000   1.0000   1.0000
   1.0000   1.0000   1.0000
   1.0000   1.0000   1.0000
   1.0000   1.0000   1.0000
   1.0000   1.0000   1.0000
   1.0000   1.0000   1.0000
   1.0000   1.0000   1.0000
   1.0000   1.0000   1.0000
   1.0000   1.0000   1.0000
   1.0000   1.0000   1.0000
   1.0000   1.0000   1.0000
   1.0000   1.0000   1.0000
   1.0000   1.0000   1.0000
   1.0000   1.0000   1.0000
   1.0000   1.0000   1.0000
   1.0000   1.0000   1.0000
   1.0000   1.0000   1.0000
   1.0000   1.0000   1.0000
   1.0000   1.0000   1.0000
   1.0000   1.0000   1.0000
   1.0000   1.0000   1.0000
   1.0000   1.0000   1.0000
   1.0000   1.0000   1.0000
   1.0000   1.0000   1.0000
   1.0000   1.0000   1.0000
   1.0000   1.0000   1.0000
   1.0000   1.0000   1.0000
   1.0000   1.0000   1.0000
   1.0000   1.0000   1.0000
   1.0000   1.0000   1.0000
   1.0000   1.0000   1.0000
   1.0000   1.0000   1.0000
   1.0000   1.0000   1.0000
   1.0000   1.0000   1.0000
   1.0000   1.0000   1.0000
   1.0000   1.0000   1.0000
   1.0000   1.0000   1.0000
   1.0000   1.0000   1.0000
   1.0000   1.0000   1.0000
   1.0000   1.0000   1.0000
   1.0000   1.0000   1.0000
   1.0000   1.0000   1.0000
   1.0000   1.0000   1.0000
   1.0000   1.0000   1.0000

applying weight : 1
applying weight : 1
applying weight : 1
Here are the weights in c++ : 
   1.0000   1.0000   1.0000
   1.0000   1.0000   1.0000
   1.0000   1.0000   1.0000
   1.0000   1.0000   1.0000
   1.0000   1.0000   1.0000
   1.0000   1.0000   1.0000
   1.0000   1.0000   1.0000
   1.0000   1.0000   1.0000
   1.0000   1.0000   1.0000
   1.0000   1.0000   1.0000
   1.0000   1.0000   1.0000
   1.0000   1.0000   1.0000
   1.0000   1.0000   1.0000
   1.0000   1.0000   1.0000
   1.0000   1.0000   1.0000
   1.0000   1.0000   1.0000
   1.0000   1.0000   1.0000
   1.0000   1.0000   1.0000
   1.0000   1.0000   1.0000
   1.0000   1.0000   1.0000
   1.0000   1.0000   1.0000
   1.0000   1.0000   1.0000
   1.0000   1.0000   1.0000
   1.0000   1.0000   1.0000
   1.0000   1.0000   1.0000
   1.0000   1.0000   1.0000
   1.0000   1.0000   1.0000
   1.0000   1.0000   1.0000
   1.0000   1.0000   1.0000
   1.0000   1.0000   1.0000
   1.0000   1.0000   1.0000
   1.0000   1.0000   1.0000
   1.0000   1.0000   1.0000
   1.0000   1.0000   1.0000
   1.0000   1.0000   1.0000
   1.0000   1.0000   1.0000
   1.0000   1.0000   1.0000
   1.0000   1.0000   1.0000
   1.0000   1.0000   1.0000
   1.0000   1.0000   1.0000
   1.0000   1.0000   1.0000
   1.0000   1.0000   1.0000
   1.0000   1.0000   1.0000
   1.0000   1.0000   1.0000
   1.0000   1.0000   1.0000

applying weight : 1
applying weight : 1
applying weight : 1
  |                                                                                                                                 |============================================================                                                             |  50%Here are the weights in c++ : 
   1.0000   1.0000   1.0000
   1.0000   1.0000   1.0000
   1.0000   1.0000   1.0000
   1.0000   1.0000   1.0000
   1.0000   1.0000   1.0000
   1.0000   1.0000   1.0000
   1.0000   1.0000   1.0000
   1.0000   1.0000   1.0000
   1.0000   1.0000   1.0000
   1.0000   1.0000   1.0000
   1.0000   1.0000   1.0000
   1.0000   1.0000   1.0000
   1.0000   1.0000   1.0000
   1.0000   1.0000   1.0000
   1.0000   1.0000   1.0000
   1.0000   1.0000   1.0000
   1.0000   1.0000   1.0000
   1.0000   1.0000   1.0000
   1.0000   1.0000   1.0000
   1.0000   1.0000   1.0000
   1.0000   1.0000   1.0000
   1.0000   1.0000   1.0000
   1.0000   1.0000   1.0000
   1.0000   1.0000   1.0000
   1.0000   1.0000   1.0000
   1.0000   1.0000   1.0000
   1.0000   1.0000   1.0000
   1.0000   1.0000   1.0000
   1.0000   1.0000   1.0000
   1.0000   1.0000   1.0000
   1.0000   1.0000   1.0000
   1.0000   1.0000   1.0000
   1.0000   1.0000   1.0000
   1.0000   1.0000   1.0000
   1.0000   1.0000   1.0000
   1.0000   1.0000   1.0000
   1.0000   1.0000   1.0000
   1.0000   1.0000   1.0000
   1.0000   1.0000   1.0000
   1.0000   1.0000   1.0000
   1.0000   1.0000   1.0000
   1.0000   1.0000   1.0000
   1.0000   1.0000   1.0000
   1.0000   1.0000   1.0000
   1.0000   1.0000   1.0000
   1.0000   1.0000   1.0000
   1.0000   1.0000   1.0000
   1.0000   1.0000   1.0000
   1.0000   1.0000   1.0000

applying weight : 1
applying weight : 1
applying weight : 1
Here are the weights in c++ : 
   1.0000   1.0000   1.0000
   1.0000   1.0000   1.0000
   1.0000   1.0000   1.0000
   1.0000   1.0000   1.0000
   1.0000   1.0000   1.0000
   1.0000   1.0000   1.0000
   1.0000   1.0000   1.0000
   1.0000   1.0000   1.0000
   1.0000   1.0000   1.0000
   1.0000   1.0000   1.0000
   1.0000   1.0000   1.0000
   1.0000   1.0000   1.0000
   1.0000   1.0000   1.0000
   1.0000   1.0000   1.0000
   1.0000   1.0000   1.0000
   1.0000   1.0000   1.0000
   1.0000   1.0000   1.0000
   1.0000   1.0000   1.0000
   1.0000   1.0000   1.0000
   1.0000   1.0000   1.0000
   1.0000   1.0000   1.0000
   1.0000   1.0000   1.0000
   1.0000   1.0000   1.0000
   1.0000   1.0000   1.0000
   1.0000   1.0000   1.0000
   1.0000   1.0000   1.0000
   1.0000   1.0000   1.0000
   1.0000   1.0000   1.0000
   1.0000   1.0000   1.0000
   1.0000   1.0000   1.0000
   1.0000   1.0000   1.0000
   1.0000   1.0000   1.0000
   1.0000   1.0000   1.0000
   1.0000   1.0000   1.0000
   1.0000   1.0000   1.0000
   1.0000   1.0000   1.0000
   1.0000   1.0000   1.0000
   1.0000   1.0000   1.0000
   1.0000   1.0000   1.0000
   1.0000   1.0000   1.0000
   1.0000   1.0000   1.0000
   1.0000   1.0000   1.0000
   1.0000   1.0000   1.0000
   1.0000   1.0000   1.0000
   1.0000   1.0000   1.0000
   1.0000   1.0000   1.0000
   1.0000   1.0000   1.0000
   1.0000   1.0000   1.0000
   1.0000   1.0000   1.0000

applying weight : 1
applying weight : 1
applying weight : 1
Here are the weights in c++ : 
   1.0000   1.0000   1.0000
   1.0000   1.0000   1.0000
   1.0000   1.0000   1.0000
   1.0000   1.0000   1.0000
   1.0000   1.0000   1.0000
   1.0000   1.0000   1.0000
   1.0000   1.0000   1.0000
   1.0000   1.0000   1.0000
   1.0000   1.0000   1.0000
   1.0000   1.0000   1.0000
   1.0000   1.0000   1.0000
   1.0000   1.0000   1.0000
   1.0000   1.0000   1.0000
   1.0000   1.0000   1.0000
   1.0000   1.0000   1.0000
   1.0000   1.0000   1.0000
   1.0000   1.0000   1.0000
   1.0000   1.0000   1.0000
   1.0000   1.0000   1.0000
   1.0000   1.0000   1.0000
   1.0000   1.0000   1.0000
   1.0000   1.0000   1.0000
   1.0000   1.0000   1.0000
   1.0000   1.0000   1.0000
   1.0000   1.0000   1.0000
   1.0000   1.0000   1.0000
   1.0000   1.0000   1.0000
   1.0000   1.0000   1.0000
   1.0000   1.0000   1.0000
   1.0000   1.0000   1.0000
   1.0000   1.0000   1.0000
   1.0000   1.0000   1.0000
   1.0000   1.0000   1.0000
   1.0000   1.0000   1.0000
   1.0000   1.0000   1.0000
   1.0000   1.0000   1.0000
   1.0000   1.0000   1.0000
   1.0000   1.0000   1.0000
   1.0000   1.0000   1.0000
   1.0000   1.0000   1.0000
   1.0000   1.0000   1.0000
   1.0000   1.0000   1.0000
   1.0000   1.0000   1.0000
   1.0000   1.0000   1.0000
   1.0000   1.0000   1.0000
   1.0000   1.0000   1.0000
   1.0000   1.0000   1.0000
   1.0000   1.0000   1.0000
   1.0000   1.0000   1.0000

applying weight : 1
applying weight : 1
applying weight : 1
Here are the weights in c++ : 
   1.0000   1.0000   1.0000
   1.0000   1.0000   1.0000
   1.0000   1.0000   1.0000
   1.0000   1.0000   1.0000
   1.0000   1.0000   1.0000
   1.0000   1.0000   1.0000
   1.0000   1.0000   1.0000
   1.0000   1.0000   1.0000
   1.0000   1.0000   1.0000
   1.0000   1.0000   1.0000
   1.0000   1.0000   1.0000
   1.0000   1.0000   1.0000
   1.0000   1.0000   1.0000
   1.0000   1.0000   1.0000
   1.0000   1.0000   1.0000
   1.0000   1.0000   1.0000
   1.0000   1.0000   1.0000
   1.0000   1.0000   1.0000
   1.0000   1.0000   1.0000
   1.0000   1.0000   1.0000
   1.0000   1.0000   1.0000
   1.0000   1.0000   1.0000
   1.0000   1.0000   1.0000
   1.0000   1.0000   1.0000
   1.0000   1.0000   1.0000
   1.0000   1.0000   1.0000
   1.0000   1.0000   1.0000
   1.0000   1.0000   1.0000
   1.0000   1.0000   1.0000
   1.0000   1.0000   1.0000
   1.0000   1.0000   1.0000
   1.0000   1.0000   1.0000
   1.0000   1.0000   1.0000
   1.0000   1.0000   1.0000
   1.0000   1.0000   1.0000
   1.0000   1.0000   1.0000
   1.0000   1.0000   1.0000
   1.0000   1.0000   1.0000
   1.0000   1.0000   1.0000
   1.0000   1.0000   1.0000
   1.0000   1.0000   1.0000
   1.0000   1.0000   1.0000
   1.0000   1.0000   1.0000
   1.0000   1.0000   1.0000
   1.0000   1.0000   1.0000
   1.0000   1.0000   1.0000
   1.0000   1.0000   1.0000
   1.0000   1.0000   1.0000
   1.0000   1.0000   1.0000

applying weight : 1
applying weight : 1
applying weight : 1
Here are the weights in c++ : 
   1.0000   1.0000   1.0000
   1.0000   1.0000   1.0000
   1.0000   1.0000   1.0000
   1.0000   1.0000   1.0000
   1.0000   1.0000   1.0000
   1.0000   1.0000   1.0000
   1.0000   1.0000   1.0000
   1.0000   1.0000   1.0000
   1.0000   1.0000   1.0000
   1.0000   1.0000   1.0000
   1.0000   1.0000   1.0000
   1.0000   1.0000   1.0000
   1.0000   1.0000   1.0000
   1.0000   1.0000   1.0000
   1.0000   1.0000   1.0000
   1.0000   1.0000   1.0000
   1.0000   1.0000   1.0000
   1.0000   1.0000   1.0000
   1.0000   1.0000   1.0000
   1.0000   1.0000   1.0000
   1.0000   1.0000   1.0000
   1.0000   1.0000   1.0000
   1.0000   1.0000   1.0000
   1.0000   1.0000   1.0000
   1.0000   1.0000   1.0000
   1.0000   1.0000   1.0000
   1.0000   1.0000   1.0000
   1.0000   1.0000   1.0000
   1.0000   1.0000   1.0000
   1.0000   1.0000   1.0000
   1.0000   1.0000   1.0000
   1.0000   1.0000   1.0000
   1.0000   1.0000   1.0000
   1.0000   1.0000   1.0000
   1.0000   1.0000   1.0000
   1.0000   1.0000   1.0000
   1.0000   1.0000   1.0000
   1.0000   1.0000   1.0000
   1.0000   1.0000   1.0000
   1.0000   1.0000   1.0000
   1.0000   1.0000   1.0000
   1.0000   1.0000   1.0000
   1.0000   1.0000   1.0000
   1.0000   1.0000   1.0000
   1.0000   1.0000   1.0000
   1.0000   1.0000   1.0000
   1.0000   1.0000   1.0000
   1.0000   1.0000   1.0000
   1.0000   1.0000   1.0000

applying weight : 1
applying weight : 1
applying weight : 1
Here are the weights in c++ : 
   1.0000   1.0000   1.0000
   1.0000   1.0000   1.0000
   1.0000   1.0000   1.0000
   1.0000   1.0000   1.0000
   1.0000   1.0000   1.0000
   1.0000   1.0000   1.0000
   1.0000   1.0000   1.0000
   1.0000   1.0000   1.0000
   1.0000   1.0000   1.0000
   1.0000   1.0000   1.0000
   1.0000   1.0000   1.0000
   1.0000   1.0000   1.0000
   1.0000   1.0000   1.0000
   1.0000   1.0000   1.0000
   1.0000   1.0000   1.0000
   1.0000   1.0000   1.0000
   1.0000   1.0000   1.0000
   1.0000   1.0000   1.0000
   1.0000   1.0000   1.0000
   1.0000   1.0000   1.0000
   1.0000   1.0000   1.0000
   1.0000   1.0000   1.0000
   1.0000   1.0000   1.0000
   1.0000   1.0000   1.0000
   1.0000   1.0000   1.0000
   1.0000   1.0000   1.0000
   1.0000   1.0000   1.0000
   1.0000   1.0000   1.0000
   1.0000   1.0000   1.0000
   1.0000   1.0000   1.0000
   1.0000   1.0000   1.0000
   1.0000   1.0000   1.0000
   1.0000   1.0000   1.0000
   1.0000   1.0000   1.0000
   1.0000   1.0000   1.0000
   1.0000   1.0000   1.0000
   1.0000   1.0000   1.0000
   1.0000   1.0000   1.0000
   1.0000   1.0000   1.0000
   1.0000   1.0000   1.0000
   1.0000   1.0000   1.0000
   1.0000   1.0000   1.0000
   1.0000   1.0000   1.0000
   1.0000   1.0000   1.0000
   1.0000   1.0000   1.0000
   1.0000   1.0000   1.0000
   1.0000   1.0000   1.0000
   1.0000   1.0000   1.0000
   1.0000   1.0000   1.0000

applying weight : 1
applying weight : 1
applying weight : 1
Here are the weights in c++ : 
   1.0000   1.0000   1.0000
   1.0000   1.0000   1.0000
   1.0000   1.0000   1.0000
   1.0000   1.0000   1.0000
   1.0000   1.0000   1.0000
   1.0000   1.0000   1.0000
   1.0000   1.0000   1.0000
   1.0000   1.0000   1.0000
   1.0000   1.0000   1.0000
   1.0000   1.0000   1.0000
   1.0000   1.0000   1.0000
   1.0000   1.0000   1.0000
   1.0000   1.0000   1.0000
   1.0000   1.0000   1.0000
   1.0000   1.0000   1.0000
   1.0000   1.0000   1.0000
   1.0000   1.0000   1.0000
   1.0000   1.0000   1.0000
   1.0000   1.0000   1.0000
   1.0000   1.0000   1.0000
   1.0000   1.0000   1.0000
   1.0000   1.0000   1.0000
   1.0000   1.0000   1.0000
   1.0000   1.0000   1.0000
   1.0000   1.0000   1.0000
   1.0000   1.0000   1.0000
   1.0000   1.0000   1.0000
   1.0000   1.0000   1.0000
   1.0000   1.0000   1.0000
   1.0000   1.0000   1.0000
   1.0000   1.0000   1.0000
   1.0000   1.0000   1.0000
   1.0000   1.0000   1.0000
   1.0000   1.0000   1.0000
   1.0000   1.0000   1.0000
   1.0000   1.0000   1.0000
   1.0000   1.0000   1.0000
   1.0000   1.0000   1.0000
   1.0000   1.0000   1.0000
   1.0000   1.0000   1.0000
   1.0000   1.0000   1.0000
   1.0000   1.0000   1.0000
   1.0000   1.0000   1.0000
   1.0000   1.0000   1.0000
   1.0000   1.0000   1.0000
   1.0000   1.0000   1.0000
   1.0000   1.0000   1.0000
   1.0000   1.0000   1.0000
   1.0000   1.0000   1.0000

applying weight : 1
applying weight : 1
applying weight : 1
Here are the weights in c++ : 
   1.0000   1.0000   1.0000
   1.0000   1.0000   1.0000
   1.0000   1.0000   1.0000
   1.0000   1.0000   1.0000
   1.0000   1.0000   1.0000
   1.0000   1.0000   1.0000
   1.0000   1.0000   1.0000
   1.0000   1.0000   1.0000
   1.0000   1.0000   1.0000
   1.0000   1.0000   1.0000
   1.0000   1.0000   1.0000
   1.0000   1.0000   1.0000
   1.0000   1.0000   1.0000
   1.0000   1.0000   1.0000
   1.0000   1.0000   1.0000
   1.0000   1.0000   1.0000
   1.0000   1.0000   1.0000
   1.0000   1.0000   1.0000
   1.0000   1.0000   1.0000
   1.0000   1.0000   1.0000
   1.0000   1.0000   1.0000
   1.0000   1.0000   1.0000
   1.0000   1.0000   1.0000
   1.0000   1.0000   1.0000
   1.0000   1.0000   1.0000
   1.0000   1.0000   1.0000
   1.0000   1.0000   1.0000
   1.0000   1.0000   1.0000
   1.0000   1.0000   1.0000
   1.0000   1.0000   1.0000
   1.0000   1.0000   1.0000
   1.0000   1.0000   1.0000
   1.0000   1.0000   1.0000
   1.0000   1.0000   1.0000
   1.0000   1.0000   1.0000
   1.0000   1.0000   1.0000
   1.0000   1.0000   1.0000
   1.0000   1.0000   1.0000
   1.0000   1.0000   1.0000
   1.0000   1.0000   1.0000
   1.0000   1.0000   1.0000
   1.0000   1.0000   1.0000
   1.0000   1.0000   1.0000
   1.0000   1.0000   1.0000
   1.0000   1.0000   1.0000
   1.0000   1.0000   1.0000
   1.0000   1.0000   1.0000
   1.0000   1.0000   1.0000
   1.0000   1.0000   1.0000

applying weight : 1
applying weight : 1
applying weight : 1
Here are the weights in c++ : 
   1.0000   1.0000   1.0000
   1.0000   1.0000   1.0000
   1.0000   1.0000   1.0000
   1.0000   1.0000   1.0000
   1.0000   1.0000   1.0000
   1.0000   1.0000   1.0000
   1.0000   1.0000   1.0000
   1.0000   1.0000   1.0000
   1.0000   1.0000   1.0000
   1.0000   1.0000   1.0000
   1.0000   1.0000   1.0000
   1.0000   1.0000   1.0000
   1.0000   1.0000   1.0000
   1.0000   1.0000   1.0000
   1.0000   1.0000   1.0000
   1.0000   1.0000   1.0000
   1.0000   1.0000   1.0000
   1.0000   1.0000   1.0000
   1.0000   1.0000   1.0000
   1.0000   1.0000   1.0000
   1.0000   1.0000   1.0000
   1.0000   1.0000   1.0000
   1.0000   1.0000   1.0000
   1.0000   1.0000   1.0000
   1.0000   1.0000   1.0000
   1.0000   1.0000   1.0000
   1.0000   1.0000   1.0000
   1.0000   1.0000   1.0000
   1.0000   1.0000   1.0000
   1.0000   1.0000   1.0000
   1.0000   1.0000   1.0000
   1.0000   1.0000   1.0000
   1.0000   1.0000   1.0000
   1.0000   1.0000   1.0000
   1.0000   1.0000   1.0000
   1.0000   1.0000   1.0000
   1.0000   1.0000   1.0000
   1.0000   1.0000   1.0000
   1.0000   1.0000   1.0000
   1.0000   1.0000   1.0000
   1.0000   1.0000   1.0000
   1.0000   1.0000   1.0000
   1.0000   1.0000   1.0000
   1.0000   1.0000   1.0000
   1.0000   1.0000   1.0000
   1.0000   1.0000   1.0000
   1.0000   1.0000   1.0000
   1.0000   1.0000   1.0000
   1.0000   1.0000   1.0000

applying weight : 1
applying weight : 1
applying weight : 1
Here are the weights in c++ : 
   1.0000   1.0000   1.0000
   1.0000   1.0000   1.0000
   1.0000   1.0000   1.0000
   1.0000   1.0000   1.0000
   1.0000   1.0000   1.0000
   1.0000   1.0000   1.0000
   1.0000   1.0000   1.0000
   1.0000   1.0000   1.0000
   1.0000   1.0000   1.0000
   1.0000   1.0000   1.0000
   1.0000   1.0000   1.0000
   1.0000   1.0000   1.0000
   1.0000   1.0000   1.0000
   1.0000   1.0000   1.0000
   1.0000   1.0000   1.0000
   1.0000   1.0000   1.0000
   1.0000   1.0000   1.0000
   1.0000   1.0000   1.0000
   1.0000   1.0000   1.0000
   1.0000   1.0000   1.0000
   1.0000   1.0000   1.0000
   1.0000   1.0000   1.0000
   1.0000   1.0000   1.0000
   1.0000   1.0000   1.0000
   1.0000   1.0000   1.0000
   1.0000   1.0000   1.0000
   1.0000   1.0000   1.0000
   1.0000   1.0000   1.0000
   1.0000   1.0000   1.0000
   1.0000   1.0000   1.0000
   1.0000   1.0000   1.0000
   1.0000   1.0000   1.0000
   1.0000   1.0000   1.0000
   1.0000   1.0000   1.0000
   1.0000   1.0000   1.0000
   1.0000   1.0000   1.0000
   1.0000   1.0000   1.0000
   1.0000   1.0000   1.0000
   1.0000   1.0000   1.0000
   1.0000   1.0000   1.0000
   1.0000   1.0000   1.0000
   1.0000   1.0000   1.0000
   1.0000   1.0000   1.0000
   1.0000   1.0000   1.0000
   1.0000   1.0000   1.0000
   1.0000   1.0000   1.0000
   1.0000   1.0000   1.0000
   1.0000   1.0000   1.0000
   1.0000   1.0000   1.0000

applying weight : 1
applying weight : 1
applying weight : 1
Here are the weights in c++ : 
   1.0000   1.0000   1.0000
   1.0000   1.0000   1.0000
   1.0000   1.0000   1.0000
   1.0000   1.0000   1.0000
   1.0000   1.0000   1.0000
   1.0000   1.0000   1.0000
   1.0000   1.0000   1.0000
   1.0000   1.0000   1.0000
   1.0000   1.0000   1.0000
   1.0000   1.0000   1.0000
   1.0000   1.0000   1.0000
   1.0000   1.0000   1.0000
   1.0000   1.0000   1.0000
   1.0000   1.0000   1.0000
   1.0000   1.0000   1.0000
   1.0000   1.0000   1.0000
   1.0000   1.0000   1.0000
   1.0000   1.0000   1.0000
   1.0000   1.0000   1.0000
   1.0000   1.0000   1.0000
   1.0000   1.0000   1.0000
   1.0000   1.0000   1.0000
   1.0000   1.0000   1.0000
   1.0000   1.0000   1.0000
   1.0000   1.0000   1.0000
   1.0000   1.0000   1.0000
   1.0000   1.0000   1.0000
   1.0000   1.0000   1.0000
   1.0000   1.0000   1.0000
   1.0000   1.0000   1.0000
   1.0000   1.0000   1.0000
   1.0000   1.0000   1.0000
   1.0000   1.0000   1.0000
   1.0000   1.0000   1.0000
   1.0000   1.0000   1.0000
   1.0000   1.0000   1.0000
   1.0000   1.0000   1.0000
   1.0000   1.0000   1.0000
   1.0000   1.0000   1.0000
   1.0000   1.0000   1.0000
   1.0000   1.0000   1.0000
   1.0000   1.0000   1.0000
   1.0000   1.0000   1.0000
   1.0000   1.0000   1.0000
   1.0000   1.0000   1.0000
   1.0000   1.0000   1.0000
   1.0000   1.0000   1.0000
   1.0000   1.0000   1.0000
   1.0000   1.0000   1.0000

applying weight : 1
applying weight : 1
applying weight : 1
Here are the weights in c++ : 
   1.0000   1.0000   1.0000
   1.0000   1.0000   1.0000
   1.0000   1.0000   1.0000
   1.0000   1.0000   1.0000
   1.0000   1.0000   1.0000
   1.0000   1.0000   1.0000
   1.0000   1.0000   1.0000
   1.0000   1.0000   1.0000
   1.0000   1.0000   1.0000
   1.0000   1.0000   1.0000
   1.0000   1.0000   1.0000
   1.0000   1.0000   1.0000
   1.0000   1.0000   1.0000
   1.0000   1.0000   1.0000
   1.0000   1.0000   1.0000
   1.0000   1.0000   1.0000
   1.0000   1.0000   1.0000
   1.0000   1.0000   1.0000
   1.0000   1.0000   1.0000
   1.0000   1.0000   1.0000
   1.0000   1.0000   1.0000
   1.0000   1.0000   1.0000
   1.0000   1.0000   1.0000
   1.0000   1.0000   1.0000
   1.0000   1.0000   1.0000
   1.0000   1.0000   1.0000
   1.0000   1.0000   1.0000
   1.0000   1.0000   1.0000
   1.0000   1.0000   1.0000
   1.0000   1.0000   1.0000
   1.0000   1.0000   1.0000
   1.0000   1.0000   1.0000
   1.0000   1.0000   1.0000
   1.0000   1.0000   1.0000
   1.0000   1.0000   1.0000
   1.0000   1.0000   1.0000
   1.0000   1.0000   1.0000
   1.0000   1.0000   1.0000
   1.0000   1.0000   1.0000
   1.0000   1.0000   1.0000
   1.0000   1.0000   1.0000
   1.0000   1.0000   1.0000
   1.0000   1.0000   1.0000
   1.0000   1.0000   1.0000
   1.0000   1.0000   1.0000
   1.0000   1.0000   1.0000
   1.0000   1.0000   1.0000
   1.0000   1.0000   1.0000
   1.0000   1.0000   1.0000

applying weight : 1
applying weight : 1
applying weight : 1
Here are the weights in c++ : 
   1.0000   1.0000   1.0000
   1.0000   1.0000   1.0000
   1.0000   1.0000   1.0000
   1.0000   1.0000   1.0000
   1.0000   1.0000   1.0000
   1.0000   1.0000   1.0000
   1.0000   1.0000   1.0000
   1.0000   1.0000   1.0000
   1.0000   1.0000   1.0000
   1.0000   1.0000   1.0000
   1.0000   1.0000   1.0000
   1.0000   1.0000   1.0000
   1.0000   1.0000   1.0000
   1.0000   1.0000   1.0000
   1.0000   1.0000   1.0000
   1.0000   1.0000   1.0000
   1.0000   1.0000   1.0000
   1.0000   1.0000   1.0000
   1.0000   1.0000   1.0000
   1.0000   1.0000   1.0000
   1.0000   1.0000   1.0000
   1.0000   1.0000   1.0000
   1.0000   1.0000   1.0000
   1.0000   1.0000   1.0000
   1.0000   1.0000   1.0000
   1.0000   1.0000   1.0000
   1.0000   1.0000   1.0000
   1.0000   1.0000   1.0000
   1.0000   1.0000   1.0000
   1.0000   1.0000   1.0000
   1.0000   1.0000   1.0000
   1.0000   1.0000   1.0000
   1.0000   1.0000   1.0000
   1.0000   1.0000   1.0000
   1.0000   1.0000   1.0000
   1.0000   1.0000   1.0000
   1.0000   1.0000   1.0000
   1.0000   1.0000   1.0000
   1.0000   1.0000   1.0000
   1.0000   1.0000   1.0000
   1.0000   1.0000   1.0000
   1.0000   1.0000   1.0000
   1.0000   1.0000   1.0000
   1.0000   1.0000   1.0000
   1.0000   1.0000   1.0000
   1.0000   1.0000   1.0000
   1.0000   1.0000   1.0000
   1.0000   1.0000   1.0000
   1.0000   1.0000   1.0000

applying weight : 1
applying weight : 1
applying weight : 1
Here are the weights in c++ : 
   1.0000   1.0000   1.0000
   1.0000   1.0000   1.0000
   1.0000   1.0000   1.0000
   1.0000   1.0000   1.0000
   1.0000   1.0000   1.0000
   1.0000   1.0000   1.0000
   1.0000   1.0000   1.0000
   1.0000   1.0000   1.0000
   1.0000   1.0000   1.0000
   1.0000   1.0000   1.0000
   1.0000   1.0000   1.0000
   1.0000   1.0000   1.0000
   1.0000   1.0000   1.0000
   1.0000   1.0000   1.0000
   1.0000   1.0000   1.0000
   1.0000   1.0000   1.0000
   1.0000   1.0000   1.0000
   1.0000   1.0000   1.0000
   1.0000   1.0000   1.0000
   1.0000   1.0000   1.0000
   1.0000   1.0000   1.0000
   1.0000   1.0000   1.0000
   1.0000   1.0000   1.0000
   1.0000   1.0000   1.0000
   1.0000   1.0000   1.0000
   1.0000   1.0000   1.0000
   1.0000   1.0000   1.0000
   1.0000   1.0000   1.0000
   1.0000   1.0000   1.0000
   1.0000   1.0000   1.0000
   1.0000   1.0000   1.0000
   1.0000   1.0000   1.0000
   1.0000   1.0000   1.0000
   1.0000   1.0000   1.0000
   1.0000   1.0000   1.0000
   1.0000   1.0000   1.0000
   1.0000   1.0000   1.0000
   1.0000   1.0000   1.0000
   1.0000   1.0000   1.0000
   1.0000   1.0000   1.0000
   1.0000   1.0000   1.0000
   1.0000   1.0000   1.0000
   1.0000   1.0000   1.0000
   1.0000   1.0000   1.0000
   1.0000   1.0000   1.0000
   1.0000   1.0000   1.0000
   1.0000   1.0000   1.0000
   1.0000   1.0000   1.0000
   1.0000   1.0000   1.0000

applying weight : 1
applying weight : 1
applying weight : 1
Here are the weights in c++ : 
   1.0000   1.0000   1.0000
   1.0000   1.0000   1.0000
   1.0000   1.0000   1.0000
   1.0000   1.0000   1.0000
   1.0000   1.0000   1.0000
   1.0000   1.0000   1.0000
   1.0000   1.0000   1.0000
   1.0000   1.0000   1.0000
   1.0000   1.0000   1.0000
   1.0000   1.0000   1.0000
   1.0000   1.0000   1.0000
   1.0000   1.0000   1.0000
   1.0000   1.0000   1.0000
   1.0000   1.0000   1.0000
   1.0000   1.0000   1.0000
   1.0000   1.0000   1.0000
   1.0000   1.0000   1.0000
   1.0000   1.0000   1.0000
   1.0000   1.0000   1.0000
   1.0000   1.0000   1.0000
   1.0000   1.0000   1.0000
   1.0000   1.0000   1.0000
   1.0000   1.0000   1.0000
   1.0000   1.0000   1.0000
   1.0000   1.0000   1.0000
   1.0000   1.0000   1.0000
   1.0000   1.0000   1.0000
   1.0000   1.0000   1.0000
   1.0000   1.0000   1.0000
   1.0000   1.0000   1.0000
   1.0000   1.0000   1.0000
   1.0000   1.0000   1.0000
   1.0000   1.0000   1.0000
   1.0000   1.0000   1.0000
   1.0000   1.0000   1.0000
   1.0000   1.0000   1.0000
   1.0000   1.0000   1.0000
   1.0000   1.0000   1.0000
   1.0000   1.0000   1.0000
   1.0000   1.0000   1.0000
   1.0000   1.0000   1.0000
   1.0000   1.0000   1.0000
   1.0000   1.0000   1.0000
   1.0000   1.0000   1.0000
   1.0000   1.0000   1.0000
   1.0000   1.0000   1.0000
   1.0000   1.0000   1.0000
   1.0000   1.0000   1.0000
   1.0000   1.0000   1.0000

applying weight : 1
applying weight : 1
applying weight : 1
Here are the weights in c++ : 
   1.0000   1.0000   1.0000
   1.0000   1.0000   1.0000
   1.0000   1.0000   1.0000
   1.0000   1.0000   1.0000
   1.0000   1.0000   1.0000
   1.0000   1.0000   1.0000
   1.0000   1.0000   1.0000
   1.0000   1.0000   1.0000
   1.0000   1.0000   1.0000
   1.0000   1.0000   1.0000
   1.0000   1.0000   1.0000
   1.0000   1.0000   1.0000
   1.0000   1.0000   1.0000
   1.0000   1.0000   1.0000
   1.0000   1.0000   1.0000
   1.0000   1.0000   1.0000
   1.0000   1.0000   1.0000
   1.0000   1.0000   1.0000
   1.0000   1.0000   1.0000
   1.0000   1.0000   1.0000
   1.0000   1.0000   1.0000
   1.0000   1.0000   1.0000
   1.0000   1.0000   1.0000
   1.0000   1.0000   1.0000
   1.0000   1.0000   1.0000
   1.0000   1.0000   1.0000
   1.0000   1.0000   1.0000
   1.0000   1.0000   1.0000
   1.0000   1.0000   1.0000
   1.0000   1.0000   1.0000
   1.0000   1.0000   1.0000
   1.0000   1.0000   1.0000
   1.0000   1.0000   1.0000
   1.0000   1.0000   1.0000
   1.0000   1.0000   1.0000
   1.0000   1.0000   1.0000
   1.0000   1.0000   1.0000
   1.0000   1.0000   1.0000
   1.0000   1.0000   1.0000
   1.0000   1.0000   1.0000
   1.0000   1.0000   1.0000
   1.0000   1.0000   1.0000
   1.0000   1.0000   1.0000
   1.0000   1.0000   1.0000
   1.0000   1.0000   1.0000
   1.0000   1.0000   1.0000
   1.0000   1.0000   1.0000
   1.0000   1.0000   1.0000
   1.0000   1.0000   1.0000

applying weight : 1
applying weight : 1
applying weight : 1
Here are the weights in c++ : 
   1.0000   1.0000   1.0000
   1.0000   1.0000   1.0000
   1.0000   1.0000   1.0000
   1.0000   1.0000   1.0000
   1.0000   1.0000   1.0000
   1.0000   1.0000   1.0000
   1.0000   1.0000   1.0000
   1.0000   1.0000   1.0000
   1.0000   1.0000   1.0000
   1.0000   1.0000   1.0000
   1.0000   1.0000   1.0000
   1.0000   1.0000   1.0000
   1.0000   1.0000   1.0000
   1.0000   1.0000   1.0000
   1.0000   1.0000   1.0000
   1.0000   1.0000   1.0000
   1.0000   1.0000   1.0000
   1.0000   1.0000   1.0000
   1.0000   1.0000   1.0000
   1.0000   1.0000   1.0000
   1.0000   1.0000   1.0000
   1.0000   1.0000   1.0000
   1.0000   1.0000   1.0000
   1.0000   1.0000   1.0000
   1.0000   1.0000   1.0000
   1.0000   1.0000   1.0000
   1.0000   1.0000   1.0000
   1.0000   1.0000   1.0000
   1.0000   1.0000   1.0000
   1.0000   1.0000   1.0000
   1.0000   1.0000   1.0000
   1.0000   1.0000   1.0000
   1.0000   1.0000   1.0000
   1.0000   1.0000   1.0000
   1.0000   1.0000   1.0000
   1.0000   1.0000   1.0000
   1.0000   1.0000   1.0000
   1.0000   1.0000   1.0000
   1.0000   1.0000   1.0000
   1.0000   1.0000   1.0000
   1.0000   1.0000   1.0000
   1.0000   1.0000   1.0000
   1.0000   1.0000   1.0000
   1.0000   1.0000   1.0000
   1.0000   1.0000   1.0000
   1.0000   1.0000   1.0000
   1.0000   1.0000   1.0000
   1.0000   1.0000   1.0000
   1.0000   1.0000   1.0000

applying weight : 1
applying weight : 1
applying weight : 1
Here are the weights in c++ : 
   1.0000   1.0000   1.0000
   1.0000   1.0000   1.0000
   1.0000   1.0000   1.0000
   1.0000   1.0000   1.0000
   1.0000   1.0000   1.0000
   1.0000   1.0000   1.0000
   1.0000   1.0000   1.0000
   1.0000   1.0000   1.0000
   1.0000   1.0000   1.0000
   1.0000   1.0000   1.0000
   1.0000   1.0000   1.0000
   1.0000   1.0000   1.0000
   1.0000   1.0000   1.0000
   1.0000   1.0000   1.0000
   1.0000   1.0000   1.0000
   1.0000   1.0000   1.0000
   1.0000   1.0000   1.0000
   1.0000   1.0000   1.0000
   1.0000   1.0000   1.0000
   1.0000   1.0000   1.0000
   1.0000   1.0000   1.0000
   1.0000   1.0000   1.0000
   1.0000   1.0000   1.0000
   1.0000   1.0000   1.0000
   1.0000   1.0000   1.0000
   1.0000   1.0000   1.0000
   1.0000   1.0000   1.0000
   1.0000   1.0000   1.0000
   1.0000   1.0000   1.0000
   1.0000   1.0000   1.0000
   1.0000   1.0000   1.0000
   1.0000   1.0000   1.0000
   1.0000   1.0000   1.0000
   1.0000   1.0000   1.0000
   1.0000   1.0000   1.0000
   1.0000   1.0000   1.0000
   1.0000   1.0000   1.0000
   1.0000   1.0000   1.0000
   1.0000   1.0000   1.0000
   1.0000   1.0000   1.0000
   1.0000   1.0000   1.0000
   1.0000   1.0000   1.0000
   1.0000   1.0000   1.0000
   1.0000   1.0000   1.0000
   1.0000   1.0000   1.0000
   1.0000   1.0000   1.0000
   1.0000   1.0000   1.0000
   1.0000   1.0000   1.0000
   1.0000   1.0000   1.0000

applying weight : 1
applying weight : 1
applying weight : 1
Here are the weights in c++ : 
   1.0000   1.0000   1.0000
   1.0000   1.0000   1.0000
   1.0000   1.0000   1.0000
   1.0000   1.0000   1.0000
   1.0000   1.0000   1.0000
   1.0000   1.0000   1.0000
   1.0000   1.0000   1.0000
   1.0000   1.0000   1.0000
   1.0000   1.0000   1.0000
   1.0000   1.0000   1.0000
   1.0000   1.0000   1.0000
   1.0000   1.0000   1.0000
   1.0000   1.0000   1.0000
   1.0000   1.0000   1.0000
   1.0000   1.0000   1.0000
   1.0000   1.0000   1.0000
   1.0000   1.0000   1.0000
   1.0000   1.0000   1.0000
   1.0000   1.0000   1.0000
   1.0000   1.0000   1.0000
   1.0000   1.0000   1.0000
   1.0000   1.0000   1.0000
   1.0000   1.0000   1.0000
   1.0000   1.0000   1.0000
   1.0000   1.0000   1.0000
   1.0000   1.0000   1.0000
   1.0000   1.0000   1.0000
   1.0000   1.0000   1.0000
   1.0000   1.0000   1.0000
   1.0000   1.0000   1.0000
   1.0000   1.0000   1.0000
   1.0000   1.0000   1.0000
   1.0000   1.0000   1.0000
   1.0000   1.0000   1.0000
   1.0000   1.0000   1.0000
   1.0000   1.0000   1.0000
   1.0000   1.0000   1.0000
   1.0000   1.0000   1.0000
   1.0000   1.0000   1.0000
   1.0000   1.0000   1.0000
   1.0000   1.0000   1.0000
   1.0000   1.0000   1.0000
   1.0000   1.0000   1.0000
   1.0000   1.0000   1.0000
   1.0000   1.0000   1.0000
   1.0000   1.0000   1.0000
   1.0000   1.0000   1.0000
   1.0000   1.0000   1.0000
   1.0000   1.0000   1.0000

applying weight : 1
applying weight : 1
applying weight : 1
Here are the weights in c++ : 
   1.0000   1.0000   1.0000
   1.0000   1.0000   1.0000
   1.0000   1.0000   1.0000
   1.0000   1.0000   1.0000
   1.0000   1.0000   1.0000
   1.0000   1.0000   1.0000
   1.0000   1.0000   1.0000
   1.0000   1.0000   1.0000
   1.0000   1.0000   1.0000
   1.0000   1.0000   1.0000
   1.0000   1.0000   1.0000
   1.0000   1.0000   1.0000
   1.0000   1.0000   1.0000
   1.0000   1.0000   1.0000
   1.0000   1.0000   1.0000
   1.0000   1.0000   1.0000
   1.0000   1.0000   1.0000
   1.0000   1.0000   1.0000
   1.0000   1.0000   1.0000
   1.0000   1.0000   1.0000
   1.0000   1.0000   1.0000
   1.0000   1.0000   1.0000
   1.0000   1.0000   1.0000
   1.0000   1.0000   1.0000
   1.0000   1.0000   1.0000
   1.0000   1.0000   1.0000
   1.0000   1.0000   1.0000
   1.0000   1.0000   1.0000
   1.0000   1.0000   1.0000
   1.0000   1.0000   1.0000
   1.0000   1.0000   1.0000
   1.0000   1.0000   1.0000
   1.0000   1.0000   1.0000
   1.0000   1.0000   1.0000
   1.0000   1.0000   1.0000
   1.0000   1.0000   1.0000
   1.0000   1.0000   1.0000
   1.0000   1.0000   1.0000
   1.0000   1.0000   1.0000
   1.0000   1.0000   1.0000
   1.0000   1.0000   1.0000
   1.0000   1.0000   1.0000
   1.0000   1.0000   1.0000
   1.0000   1.0000   1.0000
   1.0000   1.0000   1.0000
   1.0000   1.0000   1.0000
   1.0000   1.0000   1.0000
   1.0000   1.0000   1.0000
   1.0000   1.0000   1.0000

applying weight : 1
applying weight : 1
applying weight : 1
Here are the weights in c++ : 
   1.0000   1.0000   1.0000
   1.0000   1.0000   1.0000
   1.0000   1.0000   1.0000
   1.0000   1.0000   1.0000
   1.0000   1.0000   1.0000
   1.0000   1.0000   1.0000
   1.0000   1.0000   1.0000
   1.0000   1.0000   1.0000
   1.0000   1.0000   1.0000
   1.0000   1.0000   1.0000
   1.0000   1.0000   1.0000
   1.0000   1.0000   1.0000
   1.0000   1.0000   1.0000
   1.0000   1.0000   1.0000
   1.0000   1.0000   1.0000
   1.0000   1.0000   1.0000
   1.0000   1.0000   1.0000
   1.0000   1.0000   1.0000
   1.0000   1.0000   1.0000
   1.0000   1.0000   1.0000
   1.0000   1.0000   1.0000
   1.0000   1.0000   1.0000
   1.0000   1.0000   1.0000
   1.0000   1.0000   1.0000
   1.0000   1.0000   1.0000
   1.0000   1.0000   1.0000
   1.0000   1.0000   1.0000
   1.0000   1.0000   1.0000
   1.0000   1.0000   1.0000
   1.0000   1.0000   1.0000
   1.0000   1.0000   1.0000
   1.0000   1.0000   1.0000
   1.0000   1.0000   1.0000
   1.0000   1.0000   1.0000
   1.0000   1.0000   1.0000
   1.0000   1.0000   1.0000
   1.0000   1.0000   1.0000
   1.0000   1.0000   1.0000
   1.0000   1.0000   1.0000
   1.0000   1.0000   1.0000
   1.0000   1.0000   1.0000
   1.0000   1.0000   1.0000
   1.0000   1.0000   1.0000
   1.0000   1.0000   1.0000
   1.0000   1.0000   1.0000
   1.0000   1.0000   1.0000
   1.0000   1.0000   1.0000
   1.0000   1.0000   1.0000
   1.0000   1.0000   1.0000

applying weight : 1
applying weight : 1
applying weight : 1
Here are the weights in c++ : 
   1.0000   1.0000   1.0000
   1.0000   1.0000   1.0000
   1.0000   1.0000   1.0000
   1.0000   1.0000   1.0000
   1.0000   1.0000   1.0000
   1.0000   1.0000   1.0000
   1.0000   1.0000   1.0000
   1.0000   1.0000   1.0000
   1.0000   1.0000   1.0000
   1.0000   1.0000   1.0000
   1.0000   1.0000   1.0000
   1.0000   1.0000   1.0000
   1.0000   1.0000   1.0000
   1.0000   1.0000   1.0000
   1.0000   1.0000   1.0000
   1.0000   1.0000   1.0000
   1.0000   1.0000   1.0000
   1.0000   1.0000   1.0000
   1.0000   1.0000   1.0000
   1.0000   1.0000   1.0000
   1.0000   1.0000   1.0000
   1.0000   1.0000   1.0000
   1.0000   1.0000   1.0000
   1.0000   1.0000   1.0000
   1.0000   1.0000   1.0000
   1.0000   1.0000   1.0000
   1.0000   1.0000   1.0000
   1.0000   1.0000   1.0000
   1.0000   1.0000   1.0000
   1.0000   1.0000   1.0000
   1.0000   1.0000   1.0000
   1.0000   1.0000   1.0000
   1.0000   1.0000   1.0000
   1.0000   1.0000   1.0000
   1.0000   1.0000   1.0000
   1.0000   1.0000   1.0000
   1.0000   1.0000   1.0000
   1.0000   1.0000   1.0000
   1.0000   1.0000   1.0000
   1.0000   1.0000   1.0000
   1.0000   1.0000   1.0000
   1.0000   1.0000   1.0000
   1.0000   1.0000   1.0000
   1.0000   1.0000   1.0000
   1.0000   1.0000   1.0000
   1.0000   1.0000   1.0000
   1.0000   1.0000   1.0000
   1.0000   1.0000   1.0000
   1.0000   1.0000   1.0000

applying weight : 1
applying weight : 1
applying weight : 1
Here are the weights in c++ : 
   1.0000   1.0000   1.0000
   1.0000   1.0000   1.0000
   1.0000   1.0000   1.0000
   1.0000   1.0000   1.0000
   1.0000   1.0000   1.0000
   1.0000   1.0000   1.0000
   1.0000   1.0000   1.0000
   1.0000   1.0000   1.0000
   1.0000   1.0000   1.0000
   1.0000   1.0000   1.0000
   1.0000   1.0000   1.0000
   1.0000   1.0000   1.0000
   1.0000   1.0000   1.0000
   1.0000   1.0000   1.0000
   1.0000   1.0000   1.0000
   1.0000   1.0000   1.0000
   1.0000   1.0000   1.0000
   1.0000   1.0000   1.0000
   1.0000   1.0000   1.0000
   1.0000   1.0000   1.0000
   1.0000   1.0000   1.0000
   1.0000   1.0000   1.0000
   1.0000   1.0000   1.0000
   1.0000   1.0000   1.0000
   1.0000   1.0000   1.0000
   1.0000   1.0000   1.0000
   1.0000   1.0000   1.0000
   1.0000   1.0000   1.0000
   1.0000   1.0000   1.0000
   1.0000   1.0000   1.0000
   1.0000   1.0000   1.0000
   1.0000   1.0000   1.0000
   1.0000   1.0000   1.0000
   1.0000   1.0000   1.0000
   1.0000   1.0000   1.0000
   1.0000   1.0000   1.0000
   1.0000   1.0000   1.0000
   1.0000   1.0000   1.0000
   1.0000   1.0000   1.0000
   1.0000   1.0000   1.0000
   1.0000   1.0000   1.0000
   1.0000   1.0000   1.0000
   1.0000   1.0000   1.0000
   1.0000   1.0000   1.0000
   1.0000   1.0000   1.0000
   1.0000   1.0000   1.0000
   1.0000   1.0000   1.0000
   1.0000   1.0000   1.0000
   1.0000   1.0000   1.0000

applying weight : 1
applying weight : 1
applying weight : 1
Here are the weights in c++ : 
   1.0000   1.0000   1.0000
   1.0000   1.0000   1.0000
   1.0000   1.0000   1.0000
   1.0000   1.0000   1.0000
   1.0000   1.0000   1.0000
   1.0000   1.0000   1.0000
   1.0000   1.0000   1.0000
   1.0000   1.0000   1.0000
   1.0000   1.0000   1.0000
   1.0000   1.0000   1.0000
   1.0000   1.0000   1.0000
   1.0000   1.0000   1.0000
   1.0000   1.0000   1.0000
   1.0000   1.0000   1.0000
   1.0000   1.0000   1.0000
   1.0000   1.0000   1.0000
   1.0000   1.0000   1.0000
   1.0000   1.0000   1.0000
   1.0000   1.0000   1.0000
   1.0000   1.0000   1.0000
   1.0000   1.0000   1.0000
   1.0000   1.0000   1.0000
   1.0000   1.0000   1.0000
   1.0000   1.0000   1.0000
   1.0000   1.0000   1.0000
   1.0000   1.0000   1.0000
   1.0000   1.0000   1.0000
   1.0000   1.0000   1.0000
   1.0000   1.0000   1.0000
   1.0000   1.0000   1.0000
   1.0000   1.0000   1.0000
   1.0000   1.0000   1.0000
   1.0000   1.0000   1.0000
   1.0000   1.0000   1.0000
   1.0000   1.0000   1.0000
   1.0000   1.0000   1.0000
   1.0000   1.0000   1.0000
   1.0000   1.0000   1.0000
   1.0000   1.0000   1.0000
   1.0000   1.0000   1.0000
   1.0000   1.0000   1.0000
   1.0000   1.0000   1.0000
   1.0000   1.0000   1.0000
   1.0000   1.0000   1.0000
   1.0000   1.0000   1.0000
   1.0000   1.0000   1.0000
   1.0000   1.0000   1.0000
   1.0000   1.0000   1.0000
   1.0000   1.0000   1.0000

applying weight : 1
applying weight : 1
applying weight : 1
Here are the weights in c++ : 
   1.0000   1.0000   1.0000
   1.0000   1.0000   1.0000
   1.0000   1.0000   1.0000
   1.0000   1.0000   1.0000
   1.0000   1.0000   1.0000
   1.0000   1.0000   1.0000
   1.0000   1.0000   1.0000
   1.0000   1.0000   1.0000
   1.0000   1.0000   1.0000
   1.0000   1.0000   1.0000
   1.0000   1.0000   1.0000
   1.0000   1.0000   1.0000
   1.0000   1.0000   1.0000
   1.0000   1.0000   1.0000
   1.0000   1.0000   1.0000
   1.0000   1.0000   1.0000
   1.0000   1.0000   1.0000
   1.0000   1.0000   1.0000
   1.0000   1.0000   1.0000
   1.0000   1.0000   1.0000
   1.0000   1.0000   1.0000
   1.0000   1.0000   1.0000
   1.0000   1.0000   1.0000
   1.0000   1.0000   1.0000
   1.0000   1.0000   1.0000
   1.0000   1.0000   1.0000
   1.0000   1.0000   1.0000
   1.0000   1.0000   1.0000
   1.0000   1.0000   1.0000
   1.0000   1.0000   1.0000
   1.0000   1.0000   1.0000
   1.0000   1.0000   1.0000
   1.0000   1.0000   1.0000
   1.0000   1.0000   1.0000
   1.0000   1.0000   1.0000
   1.0000   1.0000   1.0000
   1.0000   1.0000   1.0000
   1.0000   1.0000   1.0000
   1.0000   1.0000   1.0000
   1.0000   1.0000   1.0000
   1.0000   1.0000   1.0000
   1.0000   1.0000   1.0000
   1.0000   1.0000   1.0000
   1.0000   1.0000   1.0000
   1.0000   1.0000   1.0000
   1.0000   1.0000   1.0000
   1.0000   1.0000   1.0000
   1.0000   1.0000   1.0000
   1.0000   1.0000   1.0000

applying weight : 1
applying weight : 1
applying weight : 1
Here are the weights in c++ : 
   1.0000   1.0000   1.0000
   1.0000   1.0000   1.0000
   1.0000   1.0000   1.0000
   1.0000   1.0000   1.0000
   1.0000   1.0000   1.0000
   1.0000   1.0000   1.0000
   1.0000   1.0000   1.0000
   1.0000   1.0000   1.0000
   1.0000   1.0000   1.0000
   1.0000   1.0000   1.0000
   1.0000   1.0000   1.0000
   1.0000   1.0000   1.0000
   1.0000   1.0000   1.0000
   1.0000   1.0000   1.0000
   1.0000   1.0000   1.0000
   1.0000   1.0000   1.0000
   1.0000   1.0000   1.0000
   1.0000   1.0000   1.0000
   1.0000   1.0000   1.0000
   1.0000   1.0000   1.0000
   1.0000   1.0000   1.0000
   1.0000   1.0000   1.0000
   1.0000   1.0000   1.0000
   1.0000   1.0000   1.0000
   1.0000   1.0000   1.0000
   1.0000   1.0000   1.0000
   1.0000   1.0000   1.0000
   1.0000   1.0000   1.0000
   1.0000   1.0000   1.0000
   1.0000   1.0000   1.0000
   1.0000   1.0000   1.0000
   1.0000   1.0000   1.0000
   1.0000   1.0000   1.0000
   1.0000   1.0000   1.0000
   1.0000   1.0000   1.0000
   1.0000   1.0000   1.0000
   1.0000   1.0000   1.0000
   1.0000   1.0000   1.0000
   1.0000   1.0000   1.0000
   1.0000   1.0000   1.0000
   1.0000   1.0000   1.0000
   1.0000   1.0000   1.0000
   1.0000   1.0000   1.0000
   1.0000   1.0000   1.0000
   1.0000   1.0000   1.0000
   1.0000   1.0000   1.0000
   1.0000   1.0000   1.0000
   1.0000   1.0000   1.0000
   1.0000   1.0000   1.0000

applying weight : 1
applying weight : 1
applying weight : 1
Here are the weights in c++ : 
   1.0000   1.0000   1.0000
   1.0000   1.0000   1.0000
   1.0000   1.0000   1.0000
   1.0000   1.0000   1.0000
   1.0000   1.0000   1.0000
   1.0000   1.0000   1.0000
   1.0000   1.0000   1.0000
   1.0000   1.0000   1.0000
   1.0000   1.0000   1.0000
   1.0000   1.0000   1.0000
   1.0000   1.0000   1.0000
   1.0000   1.0000   1.0000
   1.0000   1.0000   1.0000
   1.0000   1.0000   1.0000
   1.0000   1.0000   1.0000
   1.0000   1.0000   1.0000
   1.0000   1.0000   1.0000
   1.0000   1.0000   1.0000
   1.0000   1.0000   1.0000
   1.0000   1.0000   1.0000
   1.0000   1.0000   1.0000
   1.0000   1.0000   1.0000
   1.0000   1.0000   1.0000
   1.0000   1.0000   1.0000
   1.0000   1.0000   1.0000
   1.0000   1.0000   1.0000
   1.0000   1.0000   1.0000
   1.0000   1.0000   1.0000
   1.0000   1.0000   1.0000
   1.0000   1.0000   1.0000
   1.0000   1.0000   1.0000
   1.0000   1.0000   1.0000
   1.0000   1.0000   1.0000
   1.0000   1.0000   1.0000
   1.0000   1.0000   1.0000
   1.0000   1.0000   1.0000
   1.0000   1.0000   1.0000
   1.0000   1.0000   1.0000
   1.0000   1.0000   1.0000
   1.0000   1.0000   1.0000
   1.0000   1.0000   1.0000
   1.0000   1.0000   1.0000
   1.0000   1.0000   1.0000
   1.0000   1.0000   1.0000
   1.0000   1.0000   1.0000
   1.0000   1.0000   1.0000
   1.0000   1.0000   1.0000
   1.0000   1.0000   1.0000
   1.0000   1.0000   1.0000

applying weight : 1
applying weight : 1
applying weight : 1
Here are the weights in c++ : 
   1.0000   1.0000   1.0000
   1.0000   1.0000   1.0000
   1.0000   1.0000   1.0000
   1.0000   1.0000   1.0000
   1.0000   1.0000   1.0000
   1.0000   1.0000   1.0000
   1.0000   1.0000   1.0000
   1.0000   1.0000   1.0000
   1.0000   1.0000   1.0000
   1.0000   1.0000   1.0000
   1.0000   1.0000   1.0000
   1.0000   1.0000   1.0000
   1.0000   1.0000   1.0000
   1.0000   1.0000   1.0000
   1.0000   1.0000   1.0000
   1.0000   1.0000   1.0000
   1.0000   1.0000   1.0000
   1.0000   1.0000   1.0000
   1.0000   1.0000   1.0000
   1.0000   1.0000   1.0000
   1.0000   1.0000   1.0000
   1.0000   1.0000   1.0000
   1.0000   1.0000   1.0000
   1.0000   1.0000   1.0000
   1.0000   1.0000   1.0000
   1.0000   1.0000   1.0000
   1.0000   1.0000   1.0000
   1.0000   1.0000   1.0000
   1.0000   1.0000   1.0000
   1.0000   1.0000   1.0000
   1.0000   1.0000   1.0000
   1.0000   1.0000   1.0000
   1.0000   1.0000   1.0000
   1.0000   1.0000   1.0000
   1.0000   1.0000   1.0000
   1.0000   1.0000   1.0000
   1.0000   1.0000   1.0000
   1.0000   1.0000   1.0000
   1.0000   1.0000   1.0000
   1.0000   1.0000   1.0000
   1.0000   1.0000   1.0000
   1.0000   1.0000   1.0000
   1.0000   1.0000   1.0000
   1.0000   1.0000   1.0000
   1.0000   1.0000   1.0000
   1.0000   1.0000   1.0000
   1.0000   1.0000   1.0000
   1.0000   1.0000   1.0000
   1.0000   1.0000   1.0000

applying weight : 1
applying weight : 1
applying weight : 1
Here are the weights in c++ : 
   1.0000   1.0000   1.0000
   1.0000   1.0000   1.0000
   1.0000   1.0000   1.0000
   1.0000   1.0000   1.0000
   1.0000   1.0000   1.0000
   1.0000   1.0000   1.0000
   1.0000   1.0000   1.0000
   1.0000   1.0000   1.0000
   1.0000   1.0000   1.0000
   1.0000   1.0000   1.0000
   1.0000   1.0000   1.0000
   1.0000   1.0000   1.0000
   1.0000   1.0000   1.0000
   1.0000   1.0000   1.0000
   1.0000   1.0000   1.0000
   1.0000   1.0000   1.0000
   1.0000   1.0000   1.0000
   1.0000   1.0000   1.0000
   1.0000   1.0000   1.0000
   1.0000   1.0000   1.0000
   1.0000   1.0000   1.0000
   1.0000   1.0000   1.0000
   1.0000   1.0000   1.0000
   1.0000   1.0000   1.0000
   1.0000   1.0000   1.0000
   1.0000   1.0000   1.0000
   1.0000   1.0000   1.0000
   1.0000   1.0000   1.0000
   1.0000   1.0000   1.0000
   1.0000   1.0000   1.0000
   1.0000   1.0000   1.0000
   1.0000   1.0000   1.0000
   1.0000   1.0000   1.0000
   1.0000   1.0000   1.0000
   1.0000   1.0000   1.0000
   1.0000   1.0000   1.0000
   1.0000   1.0000   1.0000
   1.0000   1.0000   1.0000
   1.0000   1.0000   1.0000
   1.0000   1.0000   1.0000
   1.0000   1.0000   1.0000
   1.0000   1.0000   1.0000
   1.0000   1.0000   1.0000
   1.0000   1.0000   1.0000
   1.0000   1.0000   1.0000
   1.0000   1.0000   1.0000
   1.0000   1.0000   1.0000
   1.0000   1.0000   1.0000
   1.0000   1.0000   1.0000

applying weight : 1
applying weight : 1
applying weight : 1
Here are the weights in c++ : 
   1.0000   1.0000   1.0000
   1.0000   1.0000   1.0000
   1.0000   1.0000   1.0000
   1.0000   1.0000   1.0000
   1.0000   1.0000   1.0000
   1.0000   1.0000   1.0000
   1.0000   1.0000   1.0000
   1.0000   1.0000   1.0000
   1.0000   1.0000   1.0000
   1.0000   1.0000   1.0000
   1.0000   1.0000   1.0000
   1.0000   1.0000   1.0000
   1.0000   1.0000   1.0000
   1.0000   1.0000   1.0000
   1.0000   1.0000   1.0000
   1.0000   1.0000   1.0000
   1.0000   1.0000   1.0000
   1.0000   1.0000   1.0000
   1.0000   1.0000   1.0000
   1.0000   1.0000   1.0000
   1.0000   1.0000   1.0000
   1.0000   1.0000   1.0000
   1.0000   1.0000   1.0000
   1.0000   1.0000   1.0000
   1.0000   1.0000   1.0000
   1.0000   1.0000   1.0000
   1.0000   1.0000   1.0000
   1.0000   1.0000   1.0000
   1.0000   1.0000   1.0000
   1.0000   1.0000   1.0000
   1.0000   1.0000   1.0000
   1.0000   1.0000   1.0000
   1.0000   1.0000   1.0000
   1.0000   1.0000   1.0000
   1.0000   1.0000   1.0000
   1.0000   1.0000   1.0000
   1.0000   1.0000   1.0000
   1.0000   1.0000   1.0000
   1.0000   1.0000   1.0000
   1.0000   1.0000   1.0000
   1.0000   1.0000   1.0000
   1.0000   1.0000   1.0000
   1.0000   1.0000   1.0000
   1.0000   1.0000   1.0000
   1.0000   1.0000   1.0000
   1.0000   1.0000   1.0000
   1.0000   1.0000   1.0000
   1.0000   1.0000   1.0000
   1.0000   1.0000   1.0000

applying weight : 1
applying weight : 1
applying weight : 1
Here are the weights in c++ : 
   1.0000   1.0000   1.0000
   1.0000   1.0000   1.0000
   1.0000   1.0000   1.0000
   1.0000   1.0000   1.0000
   1.0000   1.0000   1.0000
   1.0000   1.0000   1.0000
   1.0000   1.0000   1.0000
   1.0000   1.0000   1.0000
   1.0000   1.0000   1.0000
   1.0000   1.0000   1.0000
   1.0000   1.0000   1.0000
   1.0000   1.0000   1.0000
   1.0000   1.0000   1.0000
   1.0000   1.0000   1.0000
   1.0000   1.0000   1.0000
   1.0000   1.0000   1.0000
   1.0000   1.0000   1.0000
   1.0000   1.0000   1.0000
   1.0000   1.0000   1.0000
   1.0000   1.0000   1.0000
   1.0000   1.0000   1.0000
   1.0000   1.0000   1.0000
   1.0000   1.0000   1.0000
   1.0000   1.0000   1.0000
   1.0000   1.0000   1.0000
   1.0000   1.0000   1.0000
   1.0000   1.0000   1.0000
   1.0000   1.0000   1.0000
   1.0000   1.0000   1.0000
   1.0000   1.0000   1.0000
   1.0000   1.0000   1.0000
   1.0000   1.0000   1.0000
   1.0000   1.0000   1.0000
   1.0000   1.0000   1.0000
   1.0000   1.0000   1.0000
   1.0000   1.0000   1.0000
   1.0000   1.0000   1.0000
   1.0000   1.0000   1.0000
   1.0000   1.0000   1.0000
   1.0000   1.0000   1.0000
   1.0000   1.0000   1.0000
   1.0000   1.0000   1.0000
   1.0000   1.0000   1.0000
   1.0000   1.0000   1.0000
   1.0000   1.0000   1.0000
   1.0000   1.0000   1.0000
   1.0000   1.0000   1.0000
   1.0000   1.0000   1.0000
   1.0000   1.0000   1.0000

applying weight : 1
applying weight : 1
applying weight : 1
Here are the weights in c++ : 
   1.0000   1.0000   1.0000
   1.0000   1.0000   1.0000
   1.0000   1.0000   1.0000
   1.0000   1.0000   1.0000
   1.0000   1.0000   1.0000
   1.0000   1.0000   1.0000
   1.0000   1.0000   1.0000
   1.0000   1.0000   1.0000
   1.0000   1.0000   1.0000
   1.0000   1.0000   1.0000
   1.0000   1.0000   1.0000
   1.0000   1.0000   1.0000
   1.0000   1.0000   1.0000
   1.0000   1.0000   1.0000
   1.0000   1.0000   1.0000
   1.0000   1.0000   1.0000
   1.0000   1.0000   1.0000
   1.0000   1.0000   1.0000
   1.0000   1.0000   1.0000
   1.0000   1.0000   1.0000
   1.0000   1.0000   1.0000
   1.0000   1.0000   1.0000
   1.0000   1.0000   1.0000
   1.0000   1.0000   1.0000
   1.0000   1.0000   1.0000
   1.0000   1.0000   1.0000
   1.0000   1.0000   1.0000
   1.0000   1.0000   1.0000
   1.0000   1.0000   1.0000
   1.0000   1.0000   1.0000
   1.0000   1.0000   1.0000
   1.0000   1.0000   1.0000
   1.0000   1.0000   1.0000
   1.0000   1.0000   1.0000
   1.0000   1.0000   1.0000
   1.0000   1.0000   1.0000
   1.0000   1.0000   1.0000
   1.0000   1.0000   1.0000
   1.0000   1.0000   1.0000
   1.0000   1.0000   1.0000
   1.0000   1.0000   1.0000
   1.0000   1.0000   1.0000
   1.0000   1.0000   1.0000
   1.0000   1.0000   1.0000
   1.0000   1.0000   1.0000
   1.0000   1.0000   1.0000
   1.0000   1.0000   1.0000
   1.0000   1.0000   1.0000
   1.0000   1.0000   1.0000

applying weight : 1
applying weight : 1
applying weight : 1
Here are the weights in c++ : 
   1.0000   1.0000   1.0000
   1.0000   1.0000   1.0000
   1.0000   1.0000   1.0000
   1.0000   1.0000   1.0000
   1.0000   1.0000   1.0000
   1.0000   1.0000   1.0000
   1.0000   1.0000   1.0000
   1.0000   1.0000   1.0000
   1.0000   1.0000   1.0000
   1.0000   1.0000   1.0000
   1.0000   1.0000   1.0000
   1.0000   1.0000   1.0000
   1.0000   1.0000   1.0000
   1.0000   1.0000   1.0000
   1.0000   1.0000   1.0000
   1.0000   1.0000   1.0000
   1.0000   1.0000   1.0000
   1.0000   1.0000   1.0000
   1.0000   1.0000   1.0000
   1.0000   1.0000   1.0000
   1.0000   1.0000   1.0000
   1.0000   1.0000   1.0000
   1.0000   1.0000   1.0000
   1.0000   1.0000   1.0000
   1.0000   1.0000   1.0000
   1.0000   1.0000   1.0000
   1.0000   1.0000   1.0000
   1.0000   1.0000   1.0000
   1.0000   1.0000   1.0000
   1.0000   1.0000   1.0000
   1.0000   1.0000   1.0000
   1.0000   1.0000   1.0000
   1.0000   1.0000   1.0000
   1.0000   1.0000   1.0000
   1.0000   1.0000   1.0000
   1.0000   1.0000   1.0000
   1.0000   1.0000   1.0000
   1.0000   1.0000   1.0000
   1.0000   1.0000   1.0000
   1.0000   1.0000   1.0000
   1.0000   1.0000   1.0000
   1.0000   1.0000   1.0000
   1.0000   1.0000   1.0000
   1.0000   1.0000   1.0000
   1.0000   1.0000   1.0000
   1.0000   1.0000   1.0000
   1.0000   1.0000   1.0000
   1.0000   1.0000   1.0000
   1.0000   1.0000   1.0000

applying weight : 1
applying weight : 1
applying weight : 1
Here are the weights in c++ : 
   1.0000   1.0000   1.0000
   1.0000   1.0000   1.0000
   1.0000   1.0000   1.0000
   1.0000   1.0000   1.0000
   1.0000   1.0000   1.0000
   1.0000   1.0000   1.0000
   1.0000   1.0000   1.0000
   1.0000   1.0000   1.0000
   1.0000   1.0000   1.0000
   1.0000   1.0000   1.0000
   1.0000   1.0000   1.0000
   1.0000   1.0000   1.0000
   1.0000   1.0000   1.0000
   1.0000   1.0000   1.0000
   1.0000   1.0000   1.0000
   1.0000   1.0000   1.0000
   1.0000   1.0000   1.0000
   1.0000   1.0000   1.0000
   1.0000   1.0000   1.0000
   1.0000   1.0000   1.0000
   1.0000   1.0000   1.0000
   1.0000   1.0000   1.0000
   1.0000   1.0000   1.0000
   1.0000   1.0000   1.0000
   1.0000   1.0000   1.0000
   1.0000   1.0000   1.0000
   1.0000   1.0000   1.0000
   1.0000   1.0000   1.0000
   1.0000   1.0000   1.0000
   1.0000   1.0000   1.0000
   1.0000   1.0000   1.0000
   1.0000   1.0000   1.0000
   1.0000   1.0000   1.0000
   1.0000   1.0000   1.0000
   1.0000   1.0000   1.0000
   1.0000   1.0000   1.0000
   1.0000   1.0000   1.0000
   1.0000   1.0000   1.0000
   1.0000   1.0000   1.0000
   1.0000   1.0000   1.0000
   1.0000   1.0000   1.0000
   1.0000   1.0000   1.0000
   1.0000   1.0000   1.0000
   1.0000   1.0000   1.0000
   1.0000   1.0000   1.0000
   1.0000   1.0000   1.0000
   1.0000   1.0000   1.0000
   1.0000   1.0000   1.0000
   1.0000   1.0000   1.0000

applying weight : 1
applying weight : 1
applying weight : 1
Here are the weights in c++ : 
   1.0000   1.0000   1.0000
   1.0000   1.0000   1.0000
   1.0000   1.0000   1.0000
   1.0000   1.0000   1.0000
   1.0000   1.0000   1.0000
   1.0000   1.0000   1.0000
   1.0000   1.0000   1.0000
   1.0000   1.0000   1.0000
   1.0000   1.0000   1.0000
   1.0000   1.0000   1.0000
   1.0000   1.0000   1.0000
   1.0000   1.0000   1.0000
   1.0000   1.0000   1.0000
   1.0000   1.0000   1.0000
   1.0000   1.0000   1.0000
   1.0000   1.0000   1.0000
   1.0000   1.0000   1.0000
   1.0000   1.0000   1.0000
   1.0000   1.0000   1.0000
   1.0000   1.0000   1.0000
   1.0000   1.0000   1.0000
   1.0000   1.0000   1.0000
   1.0000   1.0000   1.0000
   1.0000   1.0000   1.0000
   1.0000   1.0000   1.0000
   1.0000   1.0000   1.0000
   1.0000   1.0000   1.0000
   1.0000   1.0000   1.0000
   1.0000   1.0000   1.0000
   1.0000   1.0000   1.0000
   1.0000   1.0000   1.0000
   1.0000   1.0000   1.0000
   1.0000   1.0000   1.0000
   1.0000   1.0000   1.0000
   1.0000   1.0000   1.0000
   1.0000   1.0000   1.0000
   1.0000   1.0000   1.0000
   1.0000   1.0000   1.0000
   1.0000   1.0000   1.0000
   1.0000   1.0000   1.0000
   1.0000   1.0000   1.0000
   1.0000   1.0000   1.0000
   1.0000   1.0000   1.0000
   1.0000   1.0000   1.0000
   1.0000   1.0000   1.0000
   1.0000   1.0000   1.0000
   1.0000   1.0000   1.0000
   1.0000   1.0000   1.0000
   1.0000   1.0000   1.0000

applying weight : 1
applying weight : 1
applying weight : 1
Here are the weights in c++ : 
   1.0000   1.0000   1.0000
   1.0000   1.0000   1.0000
   1.0000   1.0000   1.0000
   1.0000   1.0000   1.0000
   1.0000   1.0000   1.0000
   1.0000   1.0000   1.0000
   1.0000   1.0000   1.0000
   1.0000   1.0000   1.0000
   1.0000   1.0000   1.0000
   1.0000   1.0000   1.0000
   1.0000   1.0000   1.0000
   1.0000   1.0000   1.0000
   1.0000   1.0000   1.0000
   1.0000   1.0000   1.0000
   1.0000   1.0000   1.0000
   1.0000   1.0000   1.0000
   1.0000   1.0000   1.0000
   1.0000   1.0000   1.0000
   1.0000   1.0000   1.0000
   1.0000   1.0000   1.0000
   1.0000   1.0000   1.0000
   1.0000   1.0000   1.0000
   1.0000   1.0000   1.0000
   1.0000   1.0000   1.0000
   1.0000   1.0000   1.0000
   1.0000   1.0000   1.0000
   1.0000   1.0000   1.0000
   1.0000   1.0000   1.0000
   1.0000   1.0000   1.0000
   1.0000   1.0000   1.0000
   1.0000   1.0000   1.0000
   1.0000   1.0000   1.0000
   1.0000   1.0000   1.0000
   1.0000   1.0000   1.0000
   1.0000   1.0000   1.0000
   1.0000   1.0000   1.0000
   1.0000   1.0000   1.0000
   1.0000   1.0000   1.0000
   1.0000   1.0000   1.0000
   1.0000   1.0000   1.0000
   1.0000   1.0000   1.0000
   1.0000   1.0000   1.0000
   1.0000   1.0000   1.0000
   1.0000   1.0000   1.0000
   1.0000   1.0000   1.0000
   1.0000   1.0000   1.0000
   1.0000   1.0000   1.0000
   1.0000   1.0000   1.0000
   1.0000   1.0000   1.0000

applying weight : 1
applying weight : 1
applying weight : 1
Here are the weights in c++ : 
   1.0000   1.0000   1.0000
   1.0000   1.0000   1.0000
   1.0000   1.0000   1.0000
   1.0000   1.0000   1.0000
   1.0000   1.0000   1.0000
   1.0000   1.0000   1.0000
   1.0000   1.0000   1.0000
   1.0000   1.0000   1.0000
   1.0000   1.0000   1.0000
   1.0000   1.0000   1.0000
   1.0000   1.0000   1.0000
   1.0000   1.0000   1.0000
   1.0000   1.0000   1.0000
   1.0000   1.0000   1.0000
   1.0000   1.0000   1.0000
   1.0000   1.0000   1.0000
   1.0000   1.0000   1.0000
   1.0000   1.0000   1.0000
   1.0000   1.0000   1.0000
   1.0000   1.0000   1.0000
   1.0000   1.0000   1.0000
   1.0000   1.0000   1.0000
   1.0000   1.0000   1.0000
   1.0000   1.0000   1.0000
   1.0000   1.0000   1.0000
   1.0000   1.0000   1.0000
   1.0000   1.0000   1.0000
   1.0000   1.0000   1.0000
   1.0000   1.0000   1.0000
   1.0000   1.0000   1.0000
   1.0000   1.0000   1.0000
   1.0000   1.0000   1.0000
   1.0000   1.0000   1.0000
   1.0000   1.0000   1.0000
   1.0000   1.0000   1.0000
   1.0000   1.0000   1.0000
   1.0000   1.0000   1.0000
   1.0000   1.0000   1.0000
   1.0000   1.0000   1.0000
   1.0000   1.0000   1.0000
   1.0000   1.0000   1.0000
   1.0000   1.0000   1.0000
   1.0000   1.0000   1.0000
   1.0000   1.0000   1.0000
   1.0000   1.0000   1.0000
   1.0000   1.0000   1.0000
   1.0000   1.0000   1.0000
   1.0000   1.0000   1.0000
   1.0000   1.0000   1.0000

applying weight : 1
applying weight : 1
applying weight : 1
Here are the weights in c++ : 
   1.0000   1.0000   1.0000
   1.0000   1.0000   1.0000
   1.0000   1.0000   1.0000
   1.0000   1.0000   1.0000
   1.0000   1.0000   1.0000
   1.0000   1.0000   1.0000
   1.0000   1.0000   1.0000
   1.0000   1.0000   1.0000
   1.0000   1.0000   1.0000
   1.0000   1.0000   1.0000
   1.0000   1.0000   1.0000
   1.0000   1.0000   1.0000
   1.0000   1.0000   1.0000
   1.0000   1.0000   1.0000
   1.0000   1.0000   1.0000
   1.0000   1.0000   1.0000
   1.0000   1.0000   1.0000
   1.0000   1.0000   1.0000
   1.0000   1.0000   1.0000
   1.0000   1.0000   1.0000
   1.0000   1.0000   1.0000
   1.0000   1.0000   1.0000
   1.0000   1.0000   1.0000
   1.0000   1.0000   1.0000
   1.0000   1.0000   1.0000
   1.0000   1.0000   1.0000
   1.0000   1.0000   1.0000
   1.0000   1.0000   1.0000
   1.0000   1.0000   1.0000
   1.0000   1.0000   1.0000
   1.0000   1.0000   1.0000
   1.0000   1.0000   1.0000
   1.0000   1.0000   1.0000
   1.0000   1.0000   1.0000
   1.0000   1.0000   1.0000
   1.0000   1.0000   1.0000
   1.0000   1.0000   1.0000
   1.0000   1.0000   1.0000
   1.0000   1.0000   1.0000
   1.0000   1.0000   1.0000
   1.0000   1.0000   1.0000
   1.0000   1.0000   1.0000
   1.0000   1.0000   1.0000
   1.0000   1.0000   1.0000
   1.0000   1.0000   1.0000
   1.0000   1.0000   1.0000
   1.0000   1.0000   1.0000
   1.0000   1.0000   1.0000
   1.0000   1.0000   1.0000

applying weight : 1
applying weight : 1
applying weight : 1
Here are the weights in c++ : 
   1.0000   1.0000   1.0000
   1.0000   1.0000   1.0000
   1.0000   1.0000   1.0000
   1.0000   1.0000   1.0000
   1.0000   1.0000   1.0000
   1.0000   1.0000   1.0000
   1.0000   1.0000   1.0000
   1.0000   1.0000   1.0000
   1.0000   1.0000   1.0000
   1.0000   1.0000   1.0000
   1.0000   1.0000   1.0000
   1.0000   1.0000   1.0000
   1.0000   1.0000   1.0000
   1.0000   1.0000   1.0000
   1.0000   1.0000   1.0000
   1.0000   1.0000   1.0000
   1.0000   1.0000   1.0000
   1.0000   1.0000   1.0000
   1.0000   1.0000   1.0000
   1.0000   1.0000   1.0000
   1.0000   1.0000   1.0000
   1.0000   1.0000   1.0000
   1.0000   1.0000   1.0000
   1.0000   1.0000   1.0000
   1.0000   1.0000   1.0000
   1.0000   1.0000   1.0000
   1.0000   1.0000   1.0000
   1.0000   1.0000   1.0000
   1.0000   1.0000   1.0000
   1.0000   1.0000   1.0000
   1.0000   1.0000   1.0000
   1.0000   1.0000   1.0000
   1.0000   1.0000   1.0000
   1.0000   1.0000   1.0000
   1.0000   1.0000   1.0000
   1.0000   1.0000   1.0000
   1.0000   1.0000   1.0000
   1.0000   1.0000   1.0000
   1.0000   1.0000   1.0000
   1.0000   1.0000   1.0000
   1.0000   1.0000   1.0000
   1.0000   1.0000   1.0000
   1.0000   1.0000   1.0000
   1.0000   1.0000   1.0000
   1.0000   1.0000   1.0000
   1.0000   1.0000   1.0000
   1.0000   1.0000   1.0000
   1.0000   1.0000   1.0000
   1.0000   1.0000   1.0000

applying weight : 1
applying weight : 1
applying weight : 1
Here are the weights in c++ : 
   1.0000   1.0000   1.0000
   1.0000   1.0000   1.0000
   1.0000   1.0000   1.0000
   1.0000   1.0000   1.0000
   1.0000   1.0000   1.0000
   1.0000   1.0000   1.0000
   1.0000   1.0000   1.0000
   1.0000   1.0000   1.0000
   1.0000   1.0000   1.0000
   1.0000   1.0000   1.0000
   1.0000   1.0000   1.0000
   1.0000   1.0000   1.0000
   1.0000   1.0000   1.0000
   1.0000   1.0000   1.0000
   1.0000   1.0000   1.0000
   1.0000   1.0000   1.0000
   1.0000   1.0000   1.0000
   1.0000   1.0000   1.0000
   1.0000   1.0000   1.0000
   1.0000   1.0000   1.0000
   1.0000   1.0000   1.0000
   1.0000   1.0000   1.0000
   1.0000   1.0000   1.0000
   1.0000   1.0000   1.0000
   1.0000   1.0000   1.0000
   1.0000   1.0000   1.0000
   1.0000   1.0000   1.0000
   1.0000   1.0000   1.0000
   1.0000   1.0000   1.0000
   1.0000   1.0000   1.0000
   1.0000   1.0000   1.0000
   1.0000   1.0000   1.0000
   1.0000   1.0000   1.0000
   1.0000   1.0000   1.0000
   1.0000   1.0000   1.0000
   1.0000   1.0000   1.0000
   1.0000   1.0000   1.0000
   1.0000   1.0000   1.0000
   1.0000   1.0000   1.0000
   1.0000   1.0000   1.0000
   1.0000   1.0000   1.0000
   1.0000   1.0000   1.0000
   1.0000   1.0000   1.0000
   1.0000   1.0000   1.0000
   1.0000   1.0000   1.0000
   1.0000   1.0000   1.0000
   1.0000   1.0000   1.0000
   1.0000   1.0000   1.0000
   1.0000   1.0000   1.0000

applying weight : 1
applying weight : 1
applying weight : 1
Here are the weights in c++ : 
   1.0000   1.0000   1.0000
   1.0000   1.0000   1.0000
   1.0000   1.0000   1.0000
   1.0000   1.0000   1.0000
   1.0000   1.0000   1.0000
   1.0000   1.0000   1.0000
   1.0000   1.0000   1.0000
   1.0000   1.0000   1.0000
   1.0000   1.0000   1.0000
   1.0000   1.0000   1.0000
   1.0000   1.0000   1.0000
   1.0000   1.0000   1.0000
   1.0000   1.0000   1.0000
   1.0000   1.0000   1.0000
   1.0000   1.0000   1.0000
   1.0000   1.0000   1.0000
   1.0000   1.0000   1.0000
   1.0000   1.0000   1.0000
   1.0000   1.0000   1.0000
   1.0000   1.0000   1.0000
   1.0000   1.0000   1.0000
   1.0000   1.0000   1.0000
   1.0000   1.0000   1.0000
   1.0000   1.0000   1.0000
   1.0000   1.0000   1.0000
   1.0000   1.0000   1.0000
   1.0000   1.0000   1.0000
   1.0000   1.0000   1.0000
   1.0000   1.0000   1.0000
   1.0000   1.0000   1.0000
   1.0000   1.0000   1.0000
   1.0000   1.0000   1.0000
   1.0000   1.0000   1.0000
   1.0000   1.0000   1.0000
   1.0000   1.0000   1.0000
   1.0000   1.0000   1.0000
   1.0000   1.0000   1.0000
   1.0000   1.0000   1.0000
   1.0000   1.0000   1.0000
   1.0000   1.0000   1.0000
   1.0000   1.0000   1.0000
   1.0000   1.0000   1.0000
   1.0000   1.0000   1.0000
   1.0000   1.0000   1.0000
   1.0000   1.0000   1.0000
   1.0000   1.0000   1.0000
   1.0000   1.0000   1.0000
   1.0000   1.0000   1.0000
   1.0000   1.0000   1.0000

applying weight : 1
applying weight : 1
applying weight : 1
Here are the weights in c++ : 
   1.0000   1.0000   1.0000
   1.0000   1.0000   1.0000
   1.0000   1.0000   1.0000
   1.0000   1.0000   1.0000
   1.0000   1.0000   1.0000
   1.0000   1.0000   1.0000
   1.0000   1.0000   1.0000
   1.0000   1.0000   1.0000
   1.0000   1.0000   1.0000
   1.0000   1.0000   1.0000
   1.0000   1.0000   1.0000
   1.0000   1.0000   1.0000
   1.0000   1.0000   1.0000
   1.0000   1.0000   1.0000
   1.0000   1.0000   1.0000
   1.0000   1.0000   1.0000
   1.0000   1.0000   1.0000
   1.0000   1.0000   1.0000
   1.0000   1.0000   1.0000
   1.0000   1.0000   1.0000
   1.0000   1.0000   1.0000
   1.0000   1.0000   1.0000
   1.0000   1.0000   1.0000
   1.0000   1.0000   1.0000
   1.0000   1.0000   1.0000
   1.0000   1.0000   1.0000
   1.0000   1.0000   1.0000
   1.0000   1.0000   1.0000
   1.0000   1.0000   1.0000
   1.0000   1.0000   1.0000
   1.0000   1.0000   1.0000
   1.0000   1.0000   1.0000
   1.0000   1.0000   1.0000
   1.0000   1.0000   1.0000
   1.0000   1.0000   1.0000
   1.0000   1.0000   1.0000
   1.0000   1.0000   1.0000
   1.0000   1.0000   1.0000
   1.0000   1.0000   1.0000
   1.0000   1.0000   1.0000
   1.0000   1.0000   1.0000
   1.0000   1.0000   1.0000
   1.0000   1.0000   1.0000
   1.0000   1.0000   1.0000
   1.0000   1.0000   1.0000
   1.0000   1.0000   1.0000
   1.0000   1.0000   1.0000
   1.0000   1.0000   1.0000
   1.0000   1.0000   1.0000

applying weight : 1
applying weight : 1
applying weight : 1
Here are the weights in c++ : 
   1.0000   1.0000   1.0000
   1.0000   1.0000   1.0000
   1.0000   1.0000   1.0000
   1.0000   1.0000   1.0000
   1.0000   1.0000   1.0000
   1.0000   1.0000   1.0000
   1.0000   1.0000   1.0000
   1.0000   1.0000   1.0000
   1.0000   1.0000   1.0000
   1.0000   1.0000   1.0000
   1.0000   1.0000   1.0000
   1.0000   1.0000   1.0000
   1.0000   1.0000   1.0000
   1.0000   1.0000   1.0000
   1.0000   1.0000   1.0000
   1.0000   1.0000   1.0000
   1.0000   1.0000   1.0000
   1.0000   1.0000   1.0000
   1.0000   1.0000   1.0000
   1.0000   1.0000   1.0000
   1.0000   1.0000   1.0000
   1.0000   1.0000   1.0000
   1.0000   1.0000   1.0000
   1.0000   1.0000   1.0000
   1.0000   1.0000   1.0000
   1.0000   1.0000   1.0000
   1.0000   1.0000   1.0000
   1.0000   1.0000   1.0000
   1.0000   1.0000   1.0000
   1.0000   1.0000   1.0000
   1.0000   1.0000   1.0000
   1.0000   1.0000   1.0000
   1.0000   1.0000   1.0000
   1.0000   1.0000   1.0000
   1.0000   1.0000   1.0000
   1.0000   1.0000   1.0000
   1.0000   1.0000   1.0000
   1.0000   1.0000   1.0000
   1.0000   1.0000   1.0000
   1.0000   1.0000   1.0000
   1.0000   1.0000   1.0000
   1.0000   1.0000   1.0000
   1.0000   1.0000   1.0000
   1.0000   1.0000   1.0000
   1.0000   1.0000   1.0000
   1.0000   1.0000   1.0000
   1.0000   1.0000   1.0000
   1.0000   1.0000   1.0000
   1.0000   1.0000   1.0000

applying weight : 1
applying weight : 1
applying weight : 1
Here are the weights in c++ : 
   1.0000   1.0000   1.0000
   1.0000   1.0000   1.0000
   1.0000   1.0000   1.0000
   1.0000   1.0000   1.0000
   1.0000   1.0000   1.0000
   1.0000   1.0000   1.0000
   1.0000   1.0000   1.0000
   1.0000   1.0000   1.0000
   1.0000   1.0000   1.0000
   1.0000   1.0000   1.0000
   1.0000   1.0000   1.0000
   1.0000   1.0000   1.0000
   1.0000   1.0000   1.0000
   1.0000   1.0000   1.0000
   1.0000   1.0000   1.0000
   1.0000   1.0000   1.0000
   1.0000   1.0000   1.0000
   1.0000   1.0000   1.0000
   1.0000   1.0000   1.0000
   1.0000   1.0000   1.0000
   1.0000   1.0000   1.0000
   1.0000   1.0000   1.0000
   1.0000   1.0000   1.0000
   1.0000   1.0000   1.0000
   1.0000   1.0000   1.0000
   1.0000   1.0000   1.0000
   1.0000   1.0000   1.0000
   1.0000   1.0000   1.0000
   1.0000   1.0000   1.0000
   1.0000   1.0000   1.0000
   1.0000   1.0000   1.0000
   1.0000   1.0000   1.0000
   1.0000   1.0000   1.0000
   1.0000   1.0000   1.0000
   1.0000   1.0000   1.0000
   1.0000   1.0000   1.0000
   1.0000   1.0000   1.0000
   1.0000   1.0000   1.0000
   1.0000   1.0000   1.0000
   1.0000   1.0000   1.0000
   1.0000   1.0000   1.0000
   1.0000   1.0000   1.0000
   1.0000   1.0000   1.0000
   1.0000   1.0000   1.0000
   1.0000   1.0000   1.0000
   1.0000   1.0000   1.0000
   1.0000   1.0000   1.0000
   1.0000   1.0000   1.0000
   1.0000   1.0000   1.0000

applying weight : 1
applying weight : 1
applying weight : 1
Here are the weights in c++ : 
   1.0000   1.0000   1.0000
   1.0000   1.0000   1.0000
   1.0000   1.0000   1.0000
   1.0000   1.0000   1.0000
   1.0000   1.0000   1.0000
   1.0000   1.0000   1.0000
   1.0000   1.0000   1.0000
   1.0000   1.0000   1.0000
   1.0000   1.0000   1.0000
   1.0000   1.0000   1.0000
   1.0000   1.0000   1.0000
   1.0000   1.0000   1.0000
   1.0000   1.0000   1.0000
   1.0000   1.0000   1.0000
   1.0000   1.0000   1.0000
   1.0000   1.0000   1.0000
   1.0000   1.0000   1.0000
   1.0000   1.0000   1.0000
   1.0000   1.0000   1.0000
   1.0000   1.0000   1.0000
   1.0000   1.0000   1.0000
   1.0000   1.0000   1.0000
   1.0000   1.0000   1.0000
   1.0000   1.0000   1.0000
   1.0000   1.0000   1.0000
   1.0000   1.0000   1.0000
   1.0000   1.0000   1.0000
   1.0000   1.0000   1.0000
   1.0000   1.0000   1.0000
   1.0000   1.0000   1.0000
   1.0000   1.0000   1.0000
   1.0000   1.0000   1.0000
   1.0000   1.0000   1.0000
   1.0000   1.0000   1.0000
   1.0000   1.0000   1.0000
   1.0000   1.0000   1.0000
   1.0000   1.0000   1.0000
   1.0000   1.0000   1.0000
   1.0000   1.0000   1.0000
   1.0000   1.0000   1.0000
   1.0000   1.0000   1.0000
   1.0000   1.0000   1.0000
   1.0000   1.0000   1.0000
   1.0000   1.0000   1.0000
   1.0000   1.0000   1.0000
   1.0000   1.0000   1.0000
   1.0000   1.0000   1.0000
   1.0000   1.0000   1.0000
   1.0000   1.0000   1.0000

applying weight : 1
applying weight : 1
applying weight : 1
Here are the weights in c++ : 
   1.0000   1.0000   1.0000
   1.0000   1.0000   1.0000
   1.0000   1.0000   1.0000
   1.0000   1.0000   1.0000
   1.0000   1.0000   1.0000
   1.0000   1.0000   1.0000
   1.0000   1.0000   1.0000
   1.0000   1.0000   1.0000
   1.0000   1.0000   1.0000
   1.0000   1.0000   1.0000
   1.0000   1.0000   1.0000
   1.0000   1.0000   1.0000
   1.0000   1.0000   1.0000
   1.0000   1.0000   1.0000
   1.0000   1.0000   1.0000
   1.0000   1.0000   1.0000
   1.0000   1.0000   1.0000
   1.0000   1.0000   1.0000
   1.0000   1.0000   1.0000
   1.0000   1.0000   1.0000
   1.0000   1.0000   1.0000
   1.0000   1.0000   1.0000
   1.0000   1.0000   1.0000
   1.0000   1.0000   1.0000
   1.0000   1.0000   1.0000
   1.0000   1.0000   1.0000
   1.0000   1.0000   1.0000
   1.0000   1.0000   1.0000
   1.0000   1.0000   1.0000
   1.0000   1.0000   1.0000
   1.0000   1.0000   1.0000
   1.0000   1.0000   1.0000
   1.0000   1.0000   1.0000
   1.0000   1.0000   1.0000
   1.0000   1.0000   1.0000
   1.0000   1.0000   1.0000
   1.0000   1.0000   1.0000
   1.0000   1.0000   1.0000
   1.0000   1.0000   1.0000
   1.0000   1.0000   1.0000
   1.0000   1.0000   1.0000
   1.0000   1.0000   1.0000
   1.0000   1.0000   1.0000
   1.0000   1.0000   1.0000
   1.0000   1.0000   1.0000
   1.0000   1.0000   1.0000
   1.0000   1.0000   1.0000
   1.0000   1.0000   1.0000
   1.0000   1.0000   1.0000

applying weight : 1
applying weight : 1
applying weight : 1
Here are the weights in c++ : 
   1.0000   1.0000   1.0000
   1.0000   1.0000   1.0000
   1.0000   1.0000   1.0000
   1.0000   1.0000   1.0000
   1.0000   1.0000   1.0000
   1.0000   1.0000   1.0000
   1.0000   1.0000   1.0000
   1.0000   1.0000   1.0000
   1.0000   1.0000   1.0000
   1.0000   1.0000   1.0000
   1.0000   1.0000   1.0000
   1.0000   1.0000   1.0000
   1.0000   1.0000   1.0000
   1.0000   1.0000   1.0000
   1.0000   1.0000   1.0000
   1.0000   1.0000   1.0000
   1.0000   1.0000   1.0000
   1.0000   1.0000   1.0000
   1.0000   1.0000   1.0000
   1.0000   1.0000   1.0000
   1.0000   1.0000   1.0000
   1.0000   1.0000   1.0000
   1.0000   1.0000   1.0000
   1.0000   1.0000   1.0000
   1.0000   1.0000   1.0000
   1.0000   1.0000   1.0000
   1.0000   1.0000   1.0000
   1.0000   1.0000   1.0000
   1.0000   1.0000   1.0000
   1.0000   1.0000   1.0000
   1.0000   1.0000   1.0000
   1.0000   1.0000   1.0000
   1.0000   1.0000   1.0000
   1.0000   1.0000   1.0000
   1.0000   1.0000   1.0000
   1.0000   1.0000   1.0000
   1.0000   1.0000   1.0000
   1.0000   1.0000   1.0000
   1.0000   1.0000   1.0000
   1.0000   1.0000   1.0000
   1.0000   1.0000   1.0000
   1.0000   1.0000   1.0000
   1.0000   1.0000   1.0000
   1.0000   1.0000   1.0000
   1.0000   1.0000   1.0000
   1.0000   1.0000   1.0000
   1.0000   1.0000   1.0000
   1.0000   1.0000   1.0000
   1.0000   1.0000   1.0000

applying weight : 1
applying weight : 1
applying weight : 1
Here are the weights in c++ : 
   1.0000   1.0000   1.0000
   1.0000   1.0000   1.0000
   1.0000   1.0000   1.0000
   1.0000   1.0000   1.0000
   1.0000   1.0000   1.0000
   1.0000   1.0000   1.0000
   1.0000   1.0000   1.0000
   1.0000   1.0000   1.0000
   1.0000   1.0000   1.0000
   1.0000   1.0000   1.0000
   1.0000   1.0000   1.0000
   1.0000   1.0000   1.0000
   1.0000   1.0000   1.0000
   1.0000   1.0000   1.0000
   1.0000   1.0000   1.0000
   1.0000   1.0000   1.0000
   1.0000   1.0000   1.0000
   1.0000   1.0000   1.0000
   1.0000   1.0000   1.0000
   1.0000   1.0000   1.0000
   1.0000   1.0000   1.0000
   1.0000   1.0000   1.0000
   1.0000   1.0000   1.0000
   1.0000   1.0000   1.0000
   1.0000   1.0000   1.0000
   1.0000   1.0000   1.0000
   1.0000   1.0000   1.0000
   1.0000   1.0000   1.0000
   1.0000   1.0000   1.0000
   1.0000   1.0000   1.0000
   1.0000   1.0000   1.0000
   1.0000   1.0000   1.0000
   1.0000   1.0000   1.0000
   1.0000   1.0000   1.0000
   1.0000   1.0000   1.0000
   1.0000   1.0000   1.0000
   1.0000   1.0000   1.0000
   1.0000   1.0000   1.0000
   1.0000   1.0000   1.0000
   1.0000   1.0000   1.0000
   1.0000   1.0000   1.0000
   1.0000   1.0000   1.0000
   1.0000   1.0000   1.0000
   1.0000   1.0000   1.0000
   1.0000   1.0000   1.0000
   1.0000   1.0000   1.0000
   1.0000   1.0000   1.0000
   1.0000   1.0000   1.0000
   1.0000   1.0000   1.0000

applying weight : 1
applying weight : 1
applying weight : 1
Here are the weights in c++ : 
   1.0000   1.0000   1.0000
   1.0000   1.0000   1.0000
   1.0000   1.0000   1.0000
   1.0000   1.0000   1.0000
   1.0000   1.0000   1.0000
   1.0000   1.0000   1.0000
   1.0000   1.0000   1.0000
   1.0000   1.0000   1.0000
   1.0000   1.0000   1.0000
   1.0000   1.0000   1.0000
   1.0000   1.0000   1.0000
   1.0000   1.0000   1.0000
   1.0000   1.0000   1.0000
   1.0000   1.0000   1.0000
   1.0000   1.0000   1.0000
   1.0000   1.0000   1.0000
   1.0000   1.0000   1.0000
   1.0000   1.0000   1.0000
   1.0000   1.0000   1.0000
   1.0000   1.0000   1.0000
   1.0000   1.0000   1.0000
   1.0000   1.0000   1.0000
   1.0000   1.0000   1.0000
   1.0000   1.0000   1.0000
   1.0000   1.0000   1.0000
   1.0000   1.0000   1.0000
   1.0000   1.0000   1.0000
   1.0000   1.0000   1.0000
   1.0000   1.0000   1.0000
   1.0000   1.0000   1.0000
   1.0000   1.0000   1.0000
   1.0000   1.0000   1.0000
   1.0000   1.0000   1.0000
   1.0000   1.0000   1.0000
   1.0000   1.0000   1.0000
   1.0000   1.0000   1.0000
   1.0000   1.0000   1.0000
   1.0000   1.0000   1.0000
   1.0000   1.0000   1.0000
   1.0000   1.0000   1.0000
   1.0000   1.0000   1.0000
   1.0000   1.0000   1.0000
   1.0000   1.0000   1.0000
   1.0000   1.0000   1.0000
   1.0000   1.0000   1.0000
   1.0000   1.0000   1.0000
   1.0000   1.0000   1.0000
   1.0000   1.0000   1.0000
   1.0000   1.0000   1.0000

applying weight : 1
applying weight : 1
applying weight : 1
  |                                                                                                                                 |===========================================================================================                              |  75%Here are the weights in c++ : 
   1.0000   1.0000   1.0000
   1.0000   1.0000   1.0000
   1.0000   1.0000   1.0000
   1.0000   1.0000   1.0000
   1.0000   1.0000   1.0000
   1.0000   1.0000   1.0000
   1.0000   1.0000   1.0000
   1.0000   1.0000   1.0000
   1.0000   1.0000   1.0000
   1.0000   1.0000   1.0000
   1.0000   1.0000   1.0000
   1.0000   1.0000   1.0000
   1.0000   1.0000   1.0000
   1.0000   1.0000   1.0000
   1.0000   1.0000   1.0000
   1.0000   1.0000   1.0000
   1.0000   1.0000   1.0000
   1.0000   1.0000   1.0000
   1.0000   1.0000   1.0000
   1.0000   1.0000   1.0000
   1.0000   1.0000   1.0000
   1.0000   1.0000   1.0000
   1.0000   1.0000   1.0000
   1.0000   1.0000   1.0000
   1.0000   1.0000   1.0000
   1.0000   1.0000   1.0000
   1.0000   1.0000   1.0000
   1.0000   1.0000   1.0000
   1.0000   1.0000   1.0000
   1.0000   1.0000   1.0000
   1.0000   1.0000   1.0000
   1.0000   1.0000   1.0000
   1.0000   1.0000   1.0000
   1.0000   1.0000   1.0000
   1.0000   1.0000   1.0000
   1.0000   1.0000   1.0000
   1.0000   1.0000   1.0000
   1.0000   1.0000   1.0000
   1.0000   1.0000   1.0000
   1.0000   1.0000   1.0000
   1.0000   1.0000   1.0000
   1.0000   1.0000   1.0000
   1.0000   1.0000   1.0000
   1.0000   1.0000   1.0000
   1.0000   1.0000   1.0000
   1.0000   1.0000   1.0000
   1.0000   1.0000   1.0000
   1.0000   1.0000   1.0000
   1.0000   1.0000   1.0000
   1.0000   1.0000   1.0000
   1.0000   1.0000   1.0000
   1.0000   1.0000   1.0000
   1.0000   1.0000   1.0000
   1.0000   1.0000   1.0000
   1.0000   1.0000   1.0000
   1.0000   1.0000   1.0000
   1.0000   1.0000   1.0000

applying weight : 1
applying weight : 1
applying weight : 1
Here are the weights in c++ : 
   1.0000   1.0000   1.0000
   1.0000   1.0000   1.0000
   1.0000   1.0000   1.0000
   1.0000   1.0000   1.0000
   1.0000   1.0000   1.0000
   1.0000   1.0000   1.0000
   1.0000   1.0000   1.0000
   1.0000   1.0000   1.0000
   1.0000   1.0000   1.0000
   1.0000   1.0000   1.0000
   1.0000   1.0000   1.0000
   1.0000   1.0000   1.0000
   1.0000   1.0000   1.0000
   1.0000   1.0000   1.0000
   1.0000   1.0000   1.0000
   1.0000   1.0000   1.0000
   1.0000   1.0000   1.0000
   1.0000   1.0000   1.0000
   1.0000   1.0000   1.0000
   1.0000   1.0000   1.0000
   1.0000   1.0000   1.0000
   1.0000   1.0000   1.0000
   1.0000   1.0000   1.0000
   1.0000   1.0000   1.0000
   1.0000   1.0000   1.0000
   1.0000   1.0000   1.0000
   1.0000   1.0000   1.0000
   1.0000   1.0000   1.0000
   1.0000   1.0000   1.0000
   1.0000   1.0000   1.0000
   1.0000   1.0000   1.0000
   1.0000   1.0000   1.0000
   1.0000   1.0000   1.0000
   1.0000   1.0000   1.0000
   1.0000   1.0000   1.0000
   1.0000   1.0000   1.0000
   1.0000   1.0000   1.0000
   1.0000   1.0000   1.0000
   1.0000   1.0000   1.0000
   1.0000   1.0000   1.0000
   1.0000   1.0000   1.0000
   1.0000   1.0000   1.0000
   1.0000   1.0000   1.0000
   1.0000   1.0000   1.0000
   1.0000   1.0000   1.0000
   1.0000   1.0000   1.0000
   1.0000   1.0000   1.0000
   1.0000   1.0000   1.0000
   1.0000   1.0000   1.0000
   1.0000   1.0000   1.0000
   1.0000   1.0000   1.0000
   1.0000   1.0000   1.0000
   1.0000   1.0000   1.0000
   1.0000   1.0000   1.0000
   1.0000   1.0000   1.0000
   1.0000   1.0000   1.0000
   1.0000   1.0000   1.0000

applying weight : 1
applying weight : 1
applying weight : 1
Here are the weights in c++ : 
   1.0000   1.0000   1.0000
   1.0000   1.0000   1.0000
   1.0000   1.0000   1.0000
   1.0000   1.0000   1.0000
   1.0000   1.0000   1.0000
   1.0000   1.0000   1.0000
   1.0000   1.0000   1.0000
   1.0000   1.0000   1.0000
   1.0000   1.0000   1.0000
   1.0000   1.0000   1.0000
   1.0000   1.0000   1.0000
   1.0000   1.0000   1.0000
   1.0000   1.0000   1.0000
   1.0000   1.0000   1.0000
   1.0000   1.0000   1.0000
   1.0000   1.0000   1.0000
   1.0000   1.0000   1.0000
   1.0000   1.0000   1.0000
   1.0000   1.0000   1.0000
   1.0000   1.0000   1.0000
   1.0000   1.0000   1.0000
   1.0000   1.0000   1.0000
   1.0000   1.0000   1.0000
   1.0000   1.0000   1.0000
   1.0000   1.0000   1.0000
   1.0000   1.0000   1.0000
   1.0000   1.0000   1.0000
   1.0000   1.0000   1.0000
   1.0000   1.0000   1.0000
   1.0000   1.0000   1.0000
   1.0000   1.0000   1.0000
   1.0000   1.0000   1.0000
   1.0000   1.0000   1.0000
   1.0000   1.0000   1.0000
   1.0000   1.0000   1.0000
   1.0000   1.0000   1.0000
   1.0000   1.0000   1.0000
   1.0000   1.0000   1.0000
   1.0000   1.0000   1.0000
   1.0000   1.0000   1.0000
   1.0000   1.0000   1.0000
   1.0000   1.0000   1.0000
   1.0000   1.0000   1.0000
   1.0000   1.0000   1.0000
   1.0000   1.0000   1.0000
   1.0000   1.0000   1.0000
   1.0000   1.0000   1.0000
   1.0000   1.0000   1.0000
   1.0000   1.0000   1.0000
   1.0000   1.0000   1.0000
   1.0000   1.0000   1.0000
   1.0000   1.0000   1.0000
   1.0000   1.0000   1.0000
   1.0000   1.0000   1.0000
   1.0000   1.0000   1.0000
   1.0000   1.0000   1.0000
   1.0000   1.0000   1.0000

applying weight : 1
applying weight : 1
applying weight : 1
Here are the weights in c++ : 
   1.0000   1.0000   1.0000
   1.0000   1.0000   1.0000
   1.0000   1.0000   1.0000
   1.0000   1.0000   1.0000
   1.0000   1.0000   1.0000
   1.0000   1.0000   1.0000
   1.0000   1.0000   1.0000
   1.0000   1.0000   1.0000
   1.0000   1.0000   1.0000
   1.0000   1.0000   1.0000
   1.0000   1.0000   1.0000
   1.0000   1.0000   1.0000
   1.0000   1.0000   1.0000
   1.0000   1.0000   1.0000
   1.0000   1.0000   1.0000
   1.0000   1.0000   1.0000
   1.0000   1.0000   1.0000
   1.0000   1.0000   1.0000
   1.0000   1.0000   1.0000
   1.0000   1.0000   1.0000
   1.0000   1.0000   1.0000
   1.0000   1.0000   1.0000
   1.0000   1.0000   1.0000
   1.0000   1.0000   1.0000
   1.0000   1.0000   1.0000
   1.0000   1.0000   1.0000
   1.0000   1.0000   1.0000
   1.0000   1.0000   1.0000
   1.0000   1.0000   1.0000
   1.0000   1.0000   1.0000
   1.0000   1.0000   1.0000
   1.0000   1.0000   1.0000
   1.0000   1.0000   1.0000
   1.0000   1.0000   1.0000
   1.0000   1.0000   1.0000
   1.0000   1.0000   1.0000
   1.0000   1.0000   1.0000
   1.0000   1.0000   1.0000
   1.0000   1.0000   1.0000
   1.0000   1.0000   1.0000
   1.0000   1.0000   1.0000
   1.0000   1.0000   1.0000
   1.0000   1.0000   1.0000
   1.0000   1.0000   1.0000
   1.0000   1.0000   1.0000
   1.0000   1.0000   1.0000
   1.0000   1.0000   1.0000
   1.0000   1.0000   1.0000
   1.0000   1.0000   1.0000
   1.0000   1.0000   1.0000
   1.0000   1.0000   1.0000
   1.0000   1.0000   1.0000
   1.0000   1.0000   1.0000
   1.0000   1.0000   1.0000
   1.0000   1.0000   1.0000
   1.0000   1.0000   1.0000
   1.0000   1.0000   1.0000

applying weight : 1
applying weight : 1
applying weight : 1
Here are the weights in c++ : 
   1.0000   1.0000   1.0000
   1.0000   1.0000   1.0000
   1.0000   1.0000   1.0000
   1.0000   1.0000   1.0000
   1.0000   1.0000   1.0000
   1.0000   1.0000   1.0000
   1.0000   1.0000   1.0000
   1.0000   1.0000   1.0000
   1.0000   1.0000   1.0000
   1.0000   1.0000   1.0000
   1.0000   1.0000   1.0000
   1.0000   1.0000   1.0000
   1.0000   1.0000   1.0000
   1.0000   1.0000   1.0000
   1.0000   1.0000   1.0000
   1.0000   1.0000   1.0000
   1.0000   1.0000   1.0000
   1.0000   1.0000   1.0000
   1.0000   1.0000   1.0000
   1.0000   1.0000   1.0000
   1.0000   1.0000   1.0000
   1.0000   1.0000   1.0000
   1.0000   1.0000   1.0000
   1.0000   1.0000   1.0000
   1.0000   1.0000   1.0000
   1.0000   1.0000   1.0000
   1.0000   1.0000   1.0000
   1.0000   1.0000   1.0000
   1.0000   1.0000   1.0000
   1.0000   1.0000   1.0000
   1.0000   1.0000   1.0000
   1.0000   1.0000   1.0000
   1.0000   1.0000   1.0000
   1.0000   1.0000   1.0000
   1.0000   1.0000   1.0000
   1.0000   1.0000   1.0000
   1.0000   1.0000   1.0000
   1.0000   1.0000   1.0000
   1.0000   1.0000   1.0000
   1.0000   1.0000   1.0000
   1.0000   1.0000   1.0000
   1.0000   1.0000   1.0000
   1.0000   1.0000   1.0000
   1.0000   1.0000   1.0000
   1.0000   1.0000   1.0000
   1.0000   1.0000   1.0000
   1.0000   1.0000   1.0000
   1.0000   1.0000   1.0000
   1.0000   1.0000   1.0000
   1.0000   1.0000   1.0000
   1.0000   1.0000   1.0000
   1.0000   1.0000   1.0000
   1.0000   1.0000   1.0000
   1.0000   1.0000   1.0000
   1.0000   1.0000   1.0000
   1.0000   1.0000   1.0000
   1.0000   1.0000   1.0000

applying weight : 1
applying weight : 1
applying weight : 1
Here are the weights in c++ : 
   1.0000   1.0000   1.0000
   1.0000   1.0000   1.0000
   1.0000   1.0000   1.0000
   1.0000   1.0000   1.0000
   1.0000   1.0000   1.0000
   1.0000   1.0000   1.0000
   1.0000   1.0000   1.0000
   1.0000   1.0000   1.0000
   1.0000   1.0000   1.0000
   1.0000   1.0000   1.0000
   1.0000   1.0000   1.0000
   1.0000   1.0000   1.0000
   1.0000   1.0000   1.0000
   1.0000   1.0000   1.0000
   1.0000   1.0000   1.0000
   1.0000   1.0000   1.0000
   1.0000   1.0000   1.0000
   1.0000   1.0000   1.0000
   1.0000   1.0000   1.0000
   1.0000   1.0000   1.0000
   1.0000   1.0000   1.0000
   1.0000   1.0000   1.0000
   1.0000   1.0000   1.0000
   1.0000   1.0000   1.0000
   1.0000   1.0000   1.0000
   1.0000   1.0000   1.0000
   1.0000   1.0000   1.0000
   1.0000   1.0000   1.0000
   1.0000   1.0000   1.0000
   1.0000   1.0000   1.0000
   1.0000   1.0000   1.0000
   1.0000   1.0000   1.0000
   1.0000   1.0000   1.0000
   1.0000   1.0000   1.0000
   1.0000   1.0000   1.0000
   1.0000   1.0000   1.0000
   1.0000   1.0000   1.0000
   1.0000   1.0000   1.0000
   1.0000   1.0000   1.0000
   1.0000   1.0000   1.0000
   1.0000   1.0000   1.0000
   1.0000   1.0000   1.0000
   1.0000   1.0000   1.0000
   1.0000   1.0000   1.0000
   1.0000   1.0000   1.0000
   1.0000   1.0000   1.0000
   1.0000   1.0000   1.0000
   1.0000   1.0000   1.0000
   1.0000   1.0000   1.0000
   1.0000   1.0000   1.0000
   1.0000   1.0000   1.0000
   1.0000   1.0000   1.0000
   1.0000   1.0000   1.0000
   1.0000   1.0000   1.0000
   1.0000   1.0000   1.0000
   1.0000   1.0000   1.0000
   1.0000   1.0000   1.0000

applying weight : 1
applying weight : 1
applying weight : 1
Here are the weights in c++ : 
   1.0000   1.0000   1.0000
   1.0000   1.0000   1.0000
   1.0000   1.0000   1.0000
   1.0000   1.0000   1.0000
   1.0000   1.0000   1.0000
   1.0000   1.0000   1.0000
   1.0000   1.0000   1.0000
   1.0000   1.0000   1.0000
   1.0000   1.0000   1.0000
   1.0000   1.0000   1.0000
   1.0000   1.0000   1.0000
   1.0000   1.0000   1.0000
   1.0000   1.0000   1.0000
   1.0000   1.0000   1.0000
   1.0000   1.0000   1.0000
   1.0000   1.0000   1.0000
   1.0000   1.0000   1.0000
   1.0000   1.0000   1.0000
   1.0000   1.0000   1.0000
   1.0000   1.0000   1.0000
   1.0000   1.0000   1.0000
   1.0000   1.0000   1.0000
   1.0000   1.0000   1.0000
   1.0000   1.0000   1.0000
   1.0000   1.0000   1.0000
   1.0000   1.0000   1.0000
   1.0000   1.0000   1.0000
   1.0000   1.0000   1.0000
   1.0000   1.0000   1.0000
   1.0000   1.0000   1.0000
   1.0000   1.0000   1.0000
   1.0000   1.0000   1.0000
   1.0000   1.0000   1.0000
   1.0000   1.0000   1.0000
   1.0000   1.0000   1.0000
   1.0000   1.0000   1.0000
   1.0000   1.0000   1.0000
   1.0000   1.0000   1.0000
   1.0000   1.0000   1.0000
   1.0000   1.0000   1.0000
   1.0000   1.0000   1.0000
   1.0000   1.0000   1.0000
   1.0000   1.0000   1.0000
   1.0000   1.0000   1.0000
   1.0000   1.0000   1.0000
   1.0000   1.0000   1.0000
   1.0000   1.0000   1.0000
   1.0000   1.0000   1.0000
   1.0000   1.0000   1.0000
   1.0000   1.0000   1.0000
   1.0000   1.0000   1.0000
   1.0000   1.0000   1.0000
   1.0000   1.0000   1.0000
   1.0000   1.0000   1.0000
   1.0000   1.0000   1.0000
   1.0000   1.0000   1.0000
   1.0000   1.0000   1.0000

applying weight : 1
applying weight : 1
applying weight : 1
Here are the weights in c++ : 
   1.0000   1.0000   1.0000
   1.0000   1.0000   1.0000
   1.0000   1.0000   1.0000
   1.0000   1.0000   1.0000
   1.0000   1.0000   1.0000
   1.0000   1.0000   1.0000
   1.0000   1.0000   1.0000
   1.0000   1.0000   1.0000
   1.0000   1.0000   1.0000
   1.0000   1.0000   1.0000
   1.0000   1.0000   1.0000
   1.0000   1.0000   1.0000
   1.0000   1.0000   1.0000
   1.0000   1.0000   1.0000
   1.0000   1.0000   1.0000
   1.0000   1.0000   1.0000
   1.0000   1.0000   1.0000
   1.0000   1.0000   1.0000
   1.0000   1.0000   1.0000
   1.0000   1.0000   1.0000
   1.0000   1.0000   1.0000
   1.0000   1.0000   1.0000
   1.0000   1.0000   1.0000
   1.0000   1.0000   1.0000
   1.0000   1.0000   1.0000
   1.0000   1.0000   1.0000
   1.0000   1.0000   1.0000
   1.0000   1.0000   1.0000
   1.0000   1.0000   1.0000
   1.0000   1.0000   1.0000
   1.0000   1.0000   1.0000
   1.0000   1.0000   1.0000
   1.0000   1.0000   1.0000
   1.0000   1.0000   1.0000
   1.0000   1.0000   1.0000
   1.0000   1.0000   1.0000
   1.0000   1.0000   1.0000
   1.0000   1.0000   1.0000
   1.0000   1.0000   1.0000
   1.0000   1.0000   1.0000
   1.0000   1.0000   1.0000
   1.0000   1.0000   1.0000
   1.0000   1.0000   1.0000
   1.0000   1.0000   1.0000
   1.0000   1.0000   1.0000
   1.0000   1.0000   1.0000
   1.0000   1.0000   1.0000
   1.0000   1.0000   1.0000
   1.0000   1.0000   1.0000
   1.0000   1.0000   1.0000
   1.0000   1.0000   1.0000
   1.0000   1.0000   1.0000
   1.0000   1.0000   1.0000
   1.0000   1.0000   1.0000
   1.0000   1.0000   1.0000
   1.0000   1.0000   1.0000
   1.0000   1.0000   1.0000

applying weight : 1
applying weight : 1
applying weight : 1
Here are the weights in c++ : 
   1.0000   1.0000   1.0000
   1.0000   1.0000   1.0000
   1.0000   1.0000   1.0000
   1.0000   1.0000   1.0000
   1.0000   1.0000   1.0000
   1.0000   1.0000   1.0000
   1.0000   1.0000   1.0000
   1.0000   1.0000   1.0000
   1.0000   1.0000   1.0000
   1.0000   1.0000   1.0000
   1.0000   1.0000   1.0000
   1.0000   1.0000   1.0000
   1.0000   1.0000   1.0000
   1.0000   1.0000   1.0000
   1.0000   1.0000   1.0000
   1.0000   1.0000   1.0000
   1.0000   1.0000   1.0000
   1.0000   1.0000   1.0000
   1.0000   1.0000   1.0000
   1.0000   1.0000   1.0000
   1.0000   1.0000   1.0000
   1.0000   1.0000   1.0000
   1.0000   1.0000   1.0000
   1.0000   1.0000   1.0000
   1.0000   1.0000   1.0000
   1.0000   1.0000   1.0000
   1.0000   1.0000   1.0000
   1.0000   1.0000   1.0000
   1.0000   1.0000   1.0000
   1.0000   1.0000   1.0000
   1.0000   1.0000   1.0000
   1.0000   1.0000   1.0000
   1.0000   1.0000   1.0000
   1.0000   1.0000   1.0000
   1.0000   1.0000   1.0000
   1.0000   1.0000   1.0000
   1.0000   1.0000   1.0000
   1.0000   1.0000   1.0000
   1.0000   1.0000   1.0000
   1.0000   1.0000   1.0000
   1.0000   1.0000   1.0000
   1.0000   1.0000   1.0000
   1.0000   1.0000   1.0000
   1.0000   1.0000   1.0000
   1.0000   1.0000   1.0000
   1.0000   1.0000   1.0000
   1.0000   1.0000   1.0000
   1.0000   1.0000   1.0000
   1.0000   1.0000   1.0000
   1.0000   1.0000   1.0000
   1.0000   1.0000   1.0000
   1.0000   1.0000   1.0000
   1.0000   1.0000   1.0000
   1.0000   1.0000   1.0000
   1.0000   1.0000   1.0000
   1.0000   1.0000   1.0000
   1.0000   1.0000   1.0000

applying weight : 1
applying weight : 1
applying weight : 1
Here are the weights in c++ : 
   1.0000   1.0000   1.0000
   1.0000   1.0000   1.0000
   1.0000   1.0000   1.0000
   1.0000   1.0000   1.0000
   1.0000   1.0000   1.0000
   1.0000   1.0000   1.0000
   1.0000   1.0000   1.0000
   1.0000   1.0000   1.0000
   1.0000   1.0000   1.0000
   1.0000   1.0000   1.0000
   1.0000   1.0000   1.0000
   1.0000   1.0000   1.0000
   1.0000   1.0000   1.0000
   1.0000   1.0000   1.0000
   1.0000   1.0000   1.0000
   1.0000   1.0000   1.0000
   1.0000   1.0000   1.0000
   1.0000   1.0000   1.0000
   1.0000   1.0000   1.0000
   1.0000   1.0000   1.0000
   1.0000   1.0000   1.0000
   1.0000   1.0000   1.0000
   1.0000   1.0000   1.0000
   1.0000   1.0000   1.0000
   1.0000   1.0000   1.0000
   1.0000   1.0000   1.0000
   1.0000   1.0000   1.0000
   1.0000   1.0000   1.0000
   1.0000   1.0000   1.0000
   1.0000   1.0000   1.0000
   1.0000   1.0000   1.0000
   1.0000   1.0000   1.0000
   1.0000   1.0000   1.0000
   1.0000   1.0000   1.0000
   1.0000   1.0000   1.0000
   1.0000   1.0000   1.0000
   1.0000   1.0000   1.0000
   1.0000   1.0000   1.0000
   1.0000   1.0000   1.0000
   1.0000   1.0000   1.0000
   1.0000   1.0000   1.0000
   1.0000   1.0000   1.0000
   1.0000   1.0000   1.0000
   1.0000   1.0000   1.0000
   1.0000   1.0000   1.0000
   1.0000   1.0000   1.0000
   1.0000   1.0000   1.0000
   1.0000   1.0000   1.0000
   1.0000   1.0000   1.0000
   1.0000   1.0000   1.0000
   1.0000   1.0000   1.0000
   1.0000   1.0000   1.0000
   1.0000   1.0000   1.0000
   1.0000   1.0000   1.0000
   1.0000   1.0000   1.0000
   1.0000   1.0000   1.0000
   1.0000   1.0000   1.0000

applying weight : 1
applying weight : 1
applying weight : 1
Here are the weights in c++ : 
   1.0000   1.0000   1.0000
   1.0000   1.0000   1.0000
   1.0000   1.0000   1.0000
   1.0000   1.0000   1.0000
   1.0000   1.0000   1.0000
   1.0000   1.0000   1.0000
   1.0000   1.0000   1.0000
   1.0000   1.0000   1.0000
   1.0000   1.0000   1.0000
   1.0000   1.0000   1.0000
   1.0000   1.0000   1.0000
   1.0000   1.0000   1.0000
   1.0000   1.0000   1.0000
   1.0000   1.0000   1.0000
   1.0000   1.0000   1.0000
   1.0000   1.0000   1.0000
   1.0000   1.0000   1.0000
   1.0000   1.0000   1.0000
   1.0000   1.0000   1.0000
   1.0000   1.0000   1.0000
   1.0000   1.0000   1.0000
   1.0000   1.0000   1.0000
   1.0000   1.0000   1.0000
   1.0000   1.0000   1.0000
   1.0000   1.0000   1.0000
   1.0000   1.0000   1.0000
   1.0000   1.0000   1.0000
   1.0000   1.0000   1.0000
   1.0000   1.0000   1.0000
   1.0000   1.0000   1.0000
   1.0000   1.0000   1.0000
   1.0000   1.0000   1.0000
   1.0000   1.0000   1.0000
   1.0000   1.0000   1.0000
   1.0000   1.0000   1.0000
   1.0000   1.0000   1.0000
   1.0000   1.0000   1.0000
   1.0000   1.0000   1.0000
   1.0000   1.0000   1.0000
   1.0000   1.0000   1.0000
   1.0000   1.0000   1.0000
   1.0000   1.0000   1.0000
   1.0000   1.0000   1.0000
   1.0000   1.0000   1.0000
   1.0000   1.0000   1.0000
   1.0000   1.0000   1.0000
   1.0000   1.0000   1.0000
   1.0000   1.0000   1.0000
   1.0000   1.0000   1.0000
   1.0000   1.0000   1.0000
   1.0000   1.0000   1.0000
   1.0000   1.0000   1.0000
   1.0000   1.0000   1.0000
   1.0000   1.0000   1.0000
   1.0000   1.0000   1.0000
   1.0000   1.0000   1.0000
   1.0000   1.0000   1.0000

applying weight : 1
applying weight : 1
applying weight : 1
Here are the weights in c++ : 
   1.0000   1.0000   1.0000
   1.0000   1.0000   1.0000
   1.0000   1.0000   1.0000
   1.0000   1.0000   1.0000
   1.0000   1.0000   1.0000
   1.0000   1.0000   1.0000
   1.0000   1.0000   1.0000
   1.0000   1.0000   1.0000
   1.0000   1.0000   1.0000
   1.0000   1.0000   1.0000
   1.0000   1.0000   1.0000
   1.0000   1.0000   1.0000
   1.0000   1.0000   1.0000
   1.0000   1.0000   1.0000
   1.0000   1.0000   1.0000
   1.0000   1.0000   1.0000
   1.0000   1.0000   1.0000
   1.0000   1.0000   1.0000
   1.0000   1.0000   1.0000
   1.0000   1.0000   1.0000
   1.0000   1.0000   1.0000
   1.0000   1.0000   1.0000
   1.0000   1.0000   1.0000
   1.0000   1.0000   1.0000
   1.0000   1.0000   1.0000
   1.0000   1.0000   1.0000
   1.0000   1.0000   1.0000
   1.0000   1.0000   1.0000
   1.0000   1.0000   1.0000
   1.0000   1.0000   1.0000
   1.0000   1.0000   1.0000
   1.0000   1.0000   1.0000
   1.0000   1.0000   1.0000
   1.0000   1.0000   1.0000
   1.0000   1.0000   1.0000
   1.0000   1.0000   1.0000
   1.0000   1.0000   1.0000
   1.0000   1.0000   1.0000
   1.0000   1.0000   1.0000
   1.0000   1.0000   1.0000
   1.0000   1.0000   1.0000
   1.0000   1.0000   1.0000
   1.0000   1.0000   1.0000
   1.0000   1.0000   1.0000
   1.0000   1.0000   1.0000
   1.0000   1.0000   1.0000
   1.0000   1.0000   1.0000
   1.0000   1.0000   1.0000
   1.0000   1.0000   1.0000
   1.0000   1.0000   1.0000
   1.0000   1.0000   1.0000
   1.0000   1.0000   1.0000
   1.0000   1.0000   1.0000
   1.0000   1.0000   1.0000
   1.0000   1.0000   1.0000
   1.0000   1.0000   1.0000
   1.0000   1.0000   1.0000

applying weight : 1
applying weight : 1
applying weight : 1
Here are the weights in c++ : 
   1.0000   1.0000   1.0000
   1.0000   1.0000   1.0000
   1.0000   1.0000   1.0000
   1.0000   1.0000   1.0000
   1.0000   1.0000   1.0000
   1.0000   1.0000   1.0000
   1.0000   1.0000   1.0000
   1.0000   1.0000   1.0000
   1.0000   1.0000   1.0000
   1.0000   1.0000   1.0000
   1.0000   1.0000   1.0000
   1.0000   1.0000   1.0000
   1.0000   1.0000   1.0000
   1.0000   1.0000   1.0000
   1.0000   1.0000   1.0000
   1.0000   1.0000   1.0000
   1.0000   1.0000   1.0000
   1.0000   1.0000   1.0000
   1.0000   1.0000   1.0000
   1.0000   1.0000   1.0000
   1.0000   1.0000   1.0000
   1.0000   1.0000   1.0000
   1.0000   1.0000   1.0000
   1.0000   1.0000   1.0000
   1.0000   1.0000   1.0000
   1.0000   1.0000   1.0000
   1.0000   1.0000   1.0000
   1.0000   1.0000   1.0000
   1.0000   1.0000   1.0000
   1.0000   1.0000   1.0000
   1.0000   1.0000   1.0000
   1.0000   1.0000   1.0000
   1.0000   1.0000   1.0000
   1.0000   1.0000   1.0000
   1.0000   1.0000   1.0000
   1.0000   1.0000   1.0000
   1.0000   1.0000   1.0000
   1.0000   1.0000   1.0000
   1.0000   1.0000   1.0000
   1.0000   1.0000   1.0000
   1.0000   1.0000   1.0000
   1.0000   1.0000   1.0000
   1.0000   1.0000   1.0000
   1.0000   1.0000   1.0000
   1.0000   1.0000   1.0000
   1.0000   1.0000   1.0000
   1.0000   1.0000   1.0000
   1.0000   1.0000   1.0000
   1.0000   1.0000   1.0000
   1.0000   1.0000   1.0000
   1.0000   1.0000   1.0000
   1.0000   1.0000   1.0000
   1.0000   1.0000   1.0000
   1.0000   1.0000   1.0000
   1.0000   1.0000   1.0000
   1.0000   1.0000   1.0000
   1.0000   1.0000   1.0000

applying weight : 1
applying weight : 1
applying weight : 1
Here are the weights in c++ : 
   1.0000   1.0000   1.0000
   1.0000   1.0000   1.0000
   1.0000   1.0000   1.0000
   1.0000   1.0000   1.0000
   1.0000   1.0000   1.0000
   1.0000   1.0000   1.0000
   1.0000   1.0000   1.0000
   1.0000   1.0000   1.0000
   1.0000   1.0000   1.0000
   1.0000   1.0000   1.0000
   1.0000   1.0000   1.0000
   1.0000   1.0000   1.0000
   1.0000   1.0000   1.0000
   1.0000   1.0000   1.0000
   1.0000   1.0000   1.0000
   1.0000   1.0000   1.0000
   1.0000   1.0000   1.0000
   1.0000   1.0000   1.0000
   1.0000   1.0000   1.0000
   1.0000   1.0000   1.0000
   1.0000   1.0000   1.0000
   1.0000   1.0000   1.0000
   1.0000   1.0000   1.0000
   1.0000   1.0000   1.0000
   1.0000   1.0000   1.0000
   1.0000   1.0000   1.0000
   1.0000   1.0000   1.0000
   1.0000   1.0000   1.0000
   1.0000   1.0000   1.0000
   1.0000   1.0000   1.0000
   1.0000   1.0000   1.0000
   1.0000   1.0000   1.0000
   1.0000   1.0000   1.0000
   1.0000   1.0000   1.0000
   1.0000   1.0000   1.0000
   1.0000   1.0000   1.0000
   1.0000   1.0000   1.0000
   1.0000   1.0000   1.0000
   1.0000   1.0000   1.0000
   1.0000   1.0000   1.0000
   1.0000   1.0000   1.0000
   1.0000   1.0000   1.0000
   1.0000   1.0000   1.0000
   1.0000   1.0000   1.0000
   1.0000   1.0000   1.0000
   1.0000   1.0000   1.0000
   1.0000   1.0000   1.0000
   1.0000   1.0000   1.0000
   1.0000   1.0000   1.0000
   1.0000   1.0000   1.0000
   1.0000   1.0000   1.0000
   1.0000   1.0000   1.0000
   1.0000   1.0000   1.0000
   1.0000   1.0000   1.0000
   1.0000   1.0000   1.0000
   1.0000   1.0000   1.0000
   1.0000   1.0000   1.0000

applying weight : 1
applying weight : 1
applying weight : 1
Here are the weights in c++ : 
   1.0000   1.0000   1.0000
   1.0000   1.0000   1.0000
   1.0000   1.0000   1.0000
   1.0000   1.0000   1.0000
   1.0000   1.0000   1.0000
   1.0000   1.0000   1.0000
   1.0000   1.0000   1.0000
   1.0000   1.0000   1.0000
   1.0000   1.0000   1.0000
   1.0000   1.0000   1.0000
   1.0000   1.0000   1.0000
   1.0000   1.0000   1.0000
   1.0000   1.0000   1.0000
   1.0000   1.0000   1.0000
   1.0000   1.0000   1.0000
   1.0000   1.0000   1.0000
   1.0000   1.0000   1.0000
   1.0000   1.0000   1.0000
   1.0000   1.0000   1.0000
   1.0000   1.0000   1.0000
   1.0000   1.0000   1.0000
   1.0000   1.0000   1.0000
   1.0000   1.0000   1.0000
   1.0000   1.0000   1.0000
   1.0000   1.0000   1.0000
   1.0000   1.0000   1.0000
   1.0000   1.0000   1.0000
   1.0000   1.0000   1.0000
   1.0000   1.0000   1.0000
   1.0000   1.0000   1.0000
   1.0000   1.0000   1.0000
   1.0000   1.0000   1.0000
   1.0000   1.0000   1.0000
   1.0000   1.0000   1.0000
   1.0000   1.0000   1.0000
   1.0000   1.0000   1.0000
   1.0000   1.0000   1.0000
   1.0000   1.0000   1.0000
   1.0000   1.0000   1.0000
   1.0000   1.0000   1.0000
   1.0000   1.0000   1.0000
   1.0000   1.0000   1.0000
   1.0000   1.0000   1.0000
   1.0000   1.0000   1.0000
   1.0000   1.0000   1.0000
   1.0000   1.0000   1.0000
   1.0000   1.0000   1.0000
   1.0000   1.0000   1.0000
   1.0000   1.0000   1.0000
   1.0000   1.0000   1.0000
   1.0000   1.0000   1.0000
   1.0000   1.0000   1.0000
   1.0000   1.0000   1.0000
   1.0000   1.0000   1.0000
   1.0000   1.0000   1.0000
   1.0000   1.0000   1.0000
   1.0000   1.0000   1.0000

applying weight : 1
applying weight : 1
applying weight : 1
Here are the weights in c++ : 
   1.0000   1.0000   1.0000
   1.0000   1.0000   1.0000
   1.0000   1.0000   1.0000
   1.0000   1.0000   1.0000
   1.0000   1.0000   1.0000
   1.0000   1.0000   1.0000
   1.0000   1.0000   1.0000
   1.0000   1.0000   1.0000
   1.0000   1.0000   1.0000
   1.0000   1.0000   1.0000
   1.0000   1.0000   1.0000
   1.0000   1.0000   1.0000
   1.0000   1.0000   1.0000
   1.0000   1.0000   1.0000
   1.0000   1.0000   1.0000
   1.0000   1.0000   1.0000
   1.0000   1.0000   1.0000
   1.0000   1.0000   1.0000
   1.0000   1.0000   1.0000
   1.0000   1.0000   1.0000
   1.0000   1.0000   1.0000
   1.0000   1.0000   1.0000
   1.0000   1.0000   1.0000
   1.0000   1.0000   1.0000
   1.0000   1.0000   1.0000
   1.0000   1.0000   1.0000
   1.0000   1.0000   1.0000
   1.0000   1.0000   1.0000
   1.0000   1.0000   1.0000
   1.0000   1.0000   1.0000
   1.0000   1.0000   1.0000
   1.0000   1.0000   1.0000
   1.0000   1.0000   1.0000
   1.0000   1.0000   1.0000
   1.0000   1.0000   1.0000
   1.0000   1.0000   1.0000
   1.0000   1.0000   1.0000
   1.0000   1.0000   1.0000
   1.0000   1.0000   1.0000
   1.0000   1.0000   1.0000
   1.0000   1.0000   1.0000
   1.0000   1.0000   1.0000
   1.0000   1.0000   1.0000
   1.0000   1.0000   1.0000
   1.0000   1.0000   1.0000
   1.0000   1.0000   1.0000
   1.0000   1.0000   1.0000
   1.0000   1.0000   1.0000
   1.0000   1.0000   1.0000
   1.0000   1.0000   1.0000
   1.0000   1.0000   1.0000
   1.0000   1.0000   1.0000
   1.0000   1.0000   1.0000
   1.0000   1.0000   1.0000
   1.0000   1.0000   1.0000
   1.0000   1.0000   1.0000
   1.0000   1.0000   1.0000

applying weight : 1
applying weight : 1
applying weight : 1
Here are the weights in c++ : 
   1.0000   1.0000   1.0000
   1.0000   1.0000   1.0000
   1.0000   1.0000   1.0000
   1.0000   1.0000   1.0000
   1.0000   1.0000   1.0000
   1.0000   1.0000   1.0000
   1.0000   1.0000   1.0000
   1.0000   1.0000   1.0000
   1.0000   1.0000   1.0000
   1.0000   1.0000   1.0000
   1.0000   1.0000   1.0000
   1.0000   1.0000   1.0000
   1.0000   1.0000   1.0000
   1.0000   1.0000   1.0000
   1.0000   1.0000   1.0000
   1.0000   1.0000   1.0000
   1.0000   1.0000   1.0000
   1.0000   1.0000   1.0000
   1.0000   1.0000   1.0000
   1.0000   1.0000   1.0000
   1.0000   1.0000   1.0000
   1.0000   1.0000   1.0000
   1.0000   1.0000   1.0000
   1.0000   1.0000   1.0000
   1.0000   1.0000   1.0000
   1.0000   1.0000   1.0000
   1.0000   1.0000   1.0000
   1.0000   1.0000   1.0000
   1.0000   1.0000   1.0000
   1.0000   1.0000   1.0000
   1.0000   1.0000   1.0000
   1.0000   1.0000   1.0000
   1.0000   1.0000   1.0000
   1.0000   1.0000   1.0000
   1.0000   1.0000   1.0000
   1.0000   1.0000   1.0000
   1.0000   1.0000   1.0000
   1.0000   1.0000   1.0000
   1.0000   1.0000   1.0000
   1.0000   1.0000   1.0000
   1.0000   1.0000   1.0000
   1.0000   1.0000   1.0000
   1.0000   1.0000   1.0000
   1.0000   1.0000   1.0000
   1.0000   1.0000   1.0000
   1.0000   1.0000   1.0000
   1.0000   1.0000   1.0000
   1.0000   1.0000   1.0000
   1.0000   1.0000   1.0000
   1.0000   1.0000   1.0000
   1.0000   1.0000   1.0000
   1.0000   1.0000   1.0000
   1.0000   1.0000   1.0000
   1.0000   1.0000   1.0000
   1.0000   1.0000   1.0000
   1.0000   1.0000   1.0000
   1.0000   1.0000   1.0000

applying weight : 1
applying weight : 1
applying weight : 1
Here are the weights in c++ : 
   1.0000   1.0000   1.0000
   1.0000   1.0000   1.0000
   1.0000   1.0000   1.0000
   1.0000   1.0000   1.0000
   1.0000   1.0000   1.0000
   1.0000   1.0000   1.0000
   1.0000   1.0000   1.0000
   1.0000   1.0000   1.0000
   1.0000   1.0000   1.0000
   1.0000   1.0000   1.0000
   1.0000   1.0000   1.0000
   1.0000   1.0000   1.0000
   1.0000   1.0000   1.0000
   1.0000   1.0000   1.0000
   1.0000   1.0000   1.0000
   1.0000   1.0000   1.0000
   1.0000   1.0000   1.0000
   1.0000   1.0000   1.0000
   1.0000   1.0000   1.0000
   1.0000   1.0000   1.0000
   1.0000   1.0000   1.0000
   1.0000   1.0000   1.0000
   1.0000   1.0000   1.0000
   1.0000   1.0000   1.0000
   1.0000   1.0000   1.0000
   1.0000   1.0000   1.0000
   1.0000   1.0000   1.0000
   1.0000   1.0000   1.0000
   1.0000   1.0000   1.0000
   1.0000   1.0000   1.0000
   1.0000   1.0000   1.0000
   1.0000   1.0000   1.0000
   1.0000   1.0000   1.0000
   1.0000   1.0000   1.0000
   1.0000   1.0000   1.0000
   1.0000   1.0000   1.0000
   1.0000   1.0000   1.0000
   1.0000   1.0000   1.0000
   1.0000   1.0000   1.0000
   1.0000   1.0000   1.0000
   1.0000   1.0000   1.0000
   1.0000   1.0000   1.0000
   1.0000   1.0000   1.0000
   1.0000   1.0000   1.0000
   1.0000   1.0000   1.0000
   1.0000   1.0000   1.0000
   1.0000   1.0000   1.0000
   1.0000   1.0000   1.0000
   1.0000   1.0000   1.0000
   1.0000   1.0000   1.0000
   1.0000   1.0000   1.0000
   1.0000   1.0000   1.0000
   1.0000   1.0000   1.0000
   1.0000   1.0000   1.0000
   1.0000   1.0000   1.0000
   1.0000   1.0000   1.0000
   1.0000   1.0000   1.0000

applying weight : 1
applying weight : 1
applying weight : 1
Here are the weights in c++ : 
   1.0000   1.0000   1.0000
   1.0000   1.0000   1.0000
   1.0000   1.0000   1.0000
   1.0000   1.0000   1.0000
   1.0000   1.0000   1.0000
   1.0000   1.0000   1.0000
   1.0000   1.0000   1.0000
   1.0000   1.0000   1.0000
   1.0000   1.0000   1.0000
   1.0000   1.0000   1.0000
   1.0000   1.0000   1.0000
   1.0000   1.0000   1.0000
   1.0000   1.0000   1.0000
   1.0000   1.0000   1.0000
   1.0000   1.0000   1.0000
   1.0000   1.0000   1.0000
   1.0000   1.0000   1.0000
   1.0000   1.0000   1.0000
   1.0000   1.0000   1.0000
   1.0000   1.0000   1.0000
   1.0000   1.0000   1.0000
   1.0000   1.0000   1.0000
   1.0000   1.0000   1.0000
   1.0000   1.0000   1.0000
   1.0000   1.0000   1.0000
   1.0000   1.0000   1.0000
   1.0000   1.0000   1.0000
   1.0000   1.0000   1.0000
   1.0000   1.0000   1.0000
   1.0000   1.0000   1.0000
   1.0000   1.0000   1.0000
   1.0000   1.0000   1.0000
   1.0000   1.0000   1.0000
   1.0000   1.0000   1.0000
   1.0000   1.0000   1.0000
   1.0000   1.0000   1.0000
   1.0000   1.0000   1.0000
   1.0000   1.0000   1.0000
   1.0000   1.0000   1.0000
   1.0000   1.0000   1.0000
   1.0000   1.0000   1.0000
   1.0000   1.0000   1.0000
   1.0000   1.0000   1.0000
   1.0000   1.0000   1.0000
   1.0000   1.0000   1.0000
   1.0000   1.0000   1.0000
   1.0000   1.0000   1.0000
   1.0000   1.0000   1.0000
   1.0000   1.0000   1.0000
   1.0000   1.0000   1.0000
   1.0000   1.0000   1.0000
   1.0000   1.0000   1.0000
   1.0000   1.0000   1.0000
   1.0000   1.0000   1.0000
   1.0000   1.0000   1.0000
   1.0000   1.0000   1.0000
   1.0000   1.0000   1.0000

applying weight : 1
applying weight : 1
applying weight : 1
Here are the weights in c++ : 
   1.0000   1.0000   1.0000
   1.0000   1.0000   1.0000
   1.0000   1.0000   1.0000
   1.0000   1.0000   1.0000
   1.0000   1.0000   1.0000
   1.0000   1.0000   1.0000
   1.0000   1.0000   1.0000
   1.0000   1.0000   1.0000
   1.0000   1.0000   1.0000
   1.0000   1.0000   1.0000
   1.0000   1.0000   1.0000
   1.0000   1.0000   1.0000
   1.0000   1.0000   1.0000
   1.0000   1.0000   1.0000
   1.0000   1.0000   1.0000
   1.0000   1.0000   1.0000
   1.0000   1.0000   1.0000
   1.0000   1.0000   1.0000
   1.0000   1.0000   1.0000
   1.0000   1.0000   1.0000
   1.0000   1.0000   1.0000
   1.0000   1.0000   1.0000
   1.0000   1.0000   1.0000
   1.0000   1.0000   1.0000
   1.0000   1.0000   1.0000
   1.0000   1.0000   1.0000
   1.0000   1.0000   1.0000
   1.0000   1.0000   1.0000
   1.0000   1.0000   1.0000
   1.0000   1.0000   1.0000
   1.0000   1.0000   1.0000
   1.0000   1.0000   1.0000
   1.0000   1.0000   1.0000
   1.0000   1.0000   1.0000
   1.0000   1.0000   1.0000
   1.0000   1.0000   1.0000
   1.0000   1.0000   1.0000
   1.0000   1.0000   1.0000
   1.0000   1.0000   1.0000
   1.0000   1.0000   1.0000
   1.0000   1.0000   1.0000
   1.0000   1.0000   1.0000
   1.0000   1.0000   1.0000
   1.0000   1.0000   1.0000
   1.0000   1.0000   1.0000
   1.0000   1.0000   1.0000
   1.0000   1.0000   1.0000
   1.0000   1.0000   1.0000
   1.0000   1.0000   1.0000
   1.0000   1.0000   1.0000
   1.0000   1.0000   1.0000
   1.0000   1.0000   1.0000
   1.0000   1.0000   1.0000
   1.0000   1.0000   1.0000
   1.0000   1.0000   1.0000
   1.0000   1.0000   1.0000
   1.0000   1.0000   1.0000

applying weight : 1
applying weight : 1
applying weight : 1
Here are the weights in c++ : 
   1.0000   1.0000   1.0000
   1.0000   1.0000   1.0000
   1.0000   1.0000   1.0000
   1.0000   1.0000   1.0000
   1.0000   1.0000   1.0000
   1.0000   1.0000   1.0000
   1.0000   1.0000   1.0000
   1.0000   1.0000   1.0000
   1.0000   1.0000   1.0000
   1.0000   1.0000   1.0000
   1.0000   1.0000   1.0000
   1.0000   1.0000   1.0000
   1.0000   1.0000   1.0000
   1.0000   1.0000   1.0000
   1.0000   1.0000   1.0000
   1.0000   1.0000   1.0000
   1.0000   1.0000   1.0000
   1.0000   1.0000   1.0000
   1.0000   1.0000   1.0000
   1.0000   1.0000   1.0000
   1.0000   1.0000   1.0000
   1.0000   1.0000   1.0000
   1.0000   1.0000   1.0000
   1.0000   1.0000   1.0000
   1.0000   1.0000   1.0000
   1.0000   1.0000   1.0000
   1.0000   1.0000   1.0000
   1.0000   1.0000   1.0000
   1.0000   1.0000   1.0000
   1.0000   1.0000   1.0000
   1.0000   1.0000   1.0000
   1.0000   1.0000   1.0000
   1.0000   1.0000   1.0000
   1.0000   1.0000   1.0000
   1.0000   1.0000   1.0000
   1.0000   1.0000   1.0000
   1.0000   1.0000   1.0000
   1.0000   1.0000   1.0000
   1.0000   1.0000   1.0000
   1.0000   1.0000   1.0000
   1.0000   1.0000   1.0000
   1.0000   1.0000   1.0000
   1.0000   1.0000   1.0000
   1.0000   1.0000   1.0000
   1.0000   1.0000   1.0000
   1.0000   1.0000   1.0000
   1.0000   1.0000   1.0000
   1.0000   1.0000   1.0000
   1.0000   1.0000   1.0000
   1.0000   1.0000   1.0000
   1.0000   1.0000   1.0000
   1.0000   1.0000   1.0000
   1.0000   1.0000   1.0000
   1.0000   1.0000   1.0000
   1.0000   1.0000   1.0000
   1.0000   1.0000   1.0000
   1.0000   1.0000   1.0000

applying weight : 1
applying weight : 1
applying weight : 1
Here are the weights in c++ : 
   1.0000   1.0000   1.0000
   1.0000   1.0000   1.0000
   1.0000   1.0000   1.0000
   1.0000   1.0000   1.0000
   1.0000   1.0000   1.0000
   1.0000   1.0000   1.0000
   1.0000   1.0000   1.0000
   1.0000   1.0000   1.0000
   1.0000   1.0000   1.0000
   1.0000   1.0000   1.0000
   1.0000   1.0000   1.0000
   1.0000   1.0000   1.0000
   1.0000   1.0000   1.0000
   1.0000   1.0000   1.0000
   1.0000   1.0000   1.0000
   1.0000   1.0000   1.0000
   1.0000   1.0000   1.0000
   1.0000   1.0000   1.0000
   1.0000   1.0000   1.0000
   1.0000   1.0000   1.0000
   1.0000   1.0000   1.0000
   1.0000   1.0000   1.0000
   1.0000   1.0000   1.0000
   1.0000   1.0000   1.0000
   1.0000   1.0000   1.0000
   1.0000   1.0000   1.0000
   1.0000   1.0000   1.0000
   1.0000   1.0000   1.0000
   1.0000   1.0000   1.0000
   1.0000   1.0000   1.0000
   1.0000   1.0000   1.0000
   1.0000   1.0000   1.0000
   1.0000   1.0000   1.0000
   1.0000   1.0000   1.0000
   1.0000   1.0000   1.0000
   1.0000   1.0000   1.0000
   1.0000   1.0000   1.0000
   1.0000   1.0000   1.0000
   1.0000   1.0000   1.0000
   1.0000   1.0000   1.0000
   1.0000   1.0000   1.0000
   1.0000   1.0000   1.0000
   1.0000   1.0000   1.0000
   1.0000   1.0000   1.0000
   1.0000   1.0000   1.0000
   1.0000   1.0000   1.0000
   1.0000   1.0000   1.0000
   1.0000   1.0000   1.0000
   1.0000   1.0000   1.0000
   1.0000   1.0000   1.0000
   1.0000   1.0000   1.0000
   1.0000   1.0000   1.0000
   1.0000   1.0000   1.0000
   1.0000   1.0000   1.0000
   1.0000   1.0000   1.0000
   1.0000   1.0000   1.0000
   1.0000   1.0000   1.0000

applying weight : 1
applying weight : 1
applying weight : 1
Here are the weights in c++ : 
   1.0000   1.0000   1.0000
   1.0000   1.0000   1.0000
   1.0000   1.0000   1.0000
   1.0000   1.0000   1.0000
   1.0000   1.0000   1.0000
   1.0000   1.0000   1.0000
   1.0000   1.0000   1.0000
   1.0000   1.0000   1.0000
   1.0000   1.0000   1.0000
   1.0000   1.0000   1.0000
   1.0000   1.0000   1.0000
   1.0000   1.0000   1.0000
   1.0000   1.0000   1.0000
   1.0000   1.0000   1.0000
   1.0000   1.0000   1.0000
   1.0000   1.0000   1.0000
   1.0000   1.0000   1.0000
   1.0000   1.0000   1.0000
   1.0000   1.0000   1.0000
   1.0000   1.0000   1.0000
   1.0000   1.0000   1.0000
   1.0000   1.0000   1.0000
   1.0000   1.0000   1.0000
   1.0000   1.0000   1.0000
   1.0000   1.0000   1.0000
   1.0000   1.0000   1.0000
   1.0000   1.0000   1.0000
   1.0000   1.0000   1.0000
   1.0000   1.0000   1.0000
   1.0000   1.0000   1.0000
   1.0000   1.0000   1.0000
   1.0000   1.0000   1.0000
   1.0000   1.0000   1.0000
   1.0000   1.0000   1.0000
   1.0000   1.0000   1.0000
   1.0000   1.0000   1.0000
   1.0000   1.0000   1.0000
   1.0000   1.0000   1.0000
   1.0000   1.0000   1.0000
   1.0000   1.0000   1.0000
   1.0000   1.0000   1.0000
   1.0000   1.0000   1.0000
   1.0000   1.0000   1.0000
   1.0000   1.0000   1.0000
   1.0000   1.0000   1.0000
   1.0000   1.0000   1.0000
   1.0000   1.0000   1.0000
   1.0000   1.0000   1.0000
   1.0000   1.0000   1.0000
   1.0000   1.0000   1.0000
   1.0000   1.0000   1.0000
   1.0000   1.0000   1.0000
   1.0000   1.0000   1.0000
   1.0000   1.0000   1.0000
   1.0000   1.0000   1.0000
   1.0000   1.0000   1.0000
   1.0000   1.0000   1.0000

applying weight : 1
applying weight : 1
applying weight : 1
Here are the weights in c++ : 
   1.0000   1.0000   1.0000
   1.0000   1.0000   1.0000
   1.0000   1.0000   1.0000
   1.0000   1.0000   1.0000
   1.0000   1.0000   1.0000
   1.0000   1.0000   1.0000
   1.0000   1.0000   1.0000
   1.0000   1.0000   1.0000
   1.0000   1.0000   1.0000
   1.0000   1.0000   1.0000
   1.0000   1.0000   1.0000
   1.0000   1.0000   1.0000
   1.0000   1.0000   1.0000
   1.0000   1.0000   1.0000
   1.0000   1.0000   1.0000
   1.0000   1.0000   1.0000
   1.0000   1.0000   1.0000
   1.0000   1.0000   1.0000
   1.0000   1.0000   1.0000
   1.0000   1.0000   1.0000
   1.0000   1.0000   1.0000
   1.0000   1.0000   1.0000
   1.0000   1.0000   1.0000
   1.0000   1.0000   1.0000
   1.0000   1.0000   1.0000
   1.0000   1.0000   1.0000
   1.0000   1.0000   1.0000
   1.0000   1.0000   1.0000
   1.0000   1.0000   1.0000
   1.0000   1.0000   1.0000
   1.0000   1.0000   1.0000
   1.0000   1.0000   1.0000
   1.0000   1.0000   1.0000
   1.0000   1.0000   1.0000
   1.0000   1.0000   1.0000
   1.0000   1.0000   1.0000
   1.0000   1.0000   1.0000
   1.0000   1.0000   1.0000
   1.0000   1.0000   1.0000
   1.0000   1.0000   1.0000
   1.0000   1.0000   1.0000
   1.0000   1.0000   1.0000
   1.0000   1.0000   1.0000
   1.0000   1.0000   1.0000
   1.0000   1.0000   1.0000
   1.0000   1.0000   1.0000
   1.0000   1.0000   1.0000
   1.0000   1.0000   1.0000
   1.0000   1.0000   1.0000
   1.0000   1.0000   1.0000
   1.0000   1.0000   1.0000
   1.0000   1.0000   1.0000
   1.0000   1.0000   1.0000
   1.0000   1.0000   1.0000
   1.0000   1.0000   1.0000
   1.0000   1.0000   1.0000
   1.0000   1.0000   1.0000

applying weight : 1
applying weight : 1
applying weight : 1
Here are the weights in c++ : 
   1.0000   1.0000   1.0000
   1.0000   1.0000   1.0000
   1.0000   1.0000   1.0000
   1.0000   1.0000   1.0000
   1.0000   1.0000   1.0000
   1.0000   1.0000   1.0000
   1.0000   1.0000   1.0000
   1.0000   1.0000   1.0000
   1.0000   1.0000   1.0000
   1.0000   1.0000   1.0000
   1.0000   1.0000   1.0000
   1.0000   1.0000   1.0000
   1.0000   1.0000   1.0000
   1.0000   1.0000   1.0000
   1.0000   1.0000   1.0000
   1.0000   1.0000   1.0000
   1.0000   1.0000   1.0000
   1.0000   1.0000   1.0000
   1.0000   1.0000   1.0000
   1.0000   1.0000   1.0000
   1.0000   1.0000   1.0000
   1.0000   1.0000   1.0000
   1.0000   1.0000   1.0000
   1.0000   1.0000   1.0000
   1.0000   1.0000   1.0000
   1.0000   1.0000   1.0000
   1.0000   1.0000   1.0000
   1.0000   1.0000   1.0000
   1.0000   1.0000   1.0000
   1.0000   1.0000   1.0000
   1.0000   1.0000   1.0000
   1.0000   1.0000   1.0000
   1.0000   1.0000   1.0000
   1.0000   1.0000   1.0000
   1.0000   1.0000   1.0000
   1.0000   1.0000   1.0000
   1.0000   1.0000   1.0000
   1.0000   1.0000   1.0000
   1.0000   1.0000   1.0000
   1.0000   1.0000   1.0000
   1.0000   1.0000   1.0000
   1.0000   1.0000   1.0000
   1.0000   1.0000   1.0000
   1.0000   1.0000   1.0000
   1.0000   1.0000   1.0000
   1.0000   1.0000   1.0000
   1.0000   1.0000   1.0000
   1.0000   1.0000   1.0000
   1.0000   1.0000   1.0000
   1.0000   1.0000   1.0000
   1.0000   1.0000   1.0000
   1.0000   1.0000   1.0000
   1.0000   1.0000   1.0000
   1.0000   1.0000   1.0000
   1.0000   1.0000   1.0000
   1.0000   1.0000   1.0000
   1.0000   1.0000   1.0000

applying weight : 1
applying weight : 1
applying weight : 1
Here are the weights in c++ : 
   1.0000   1.0000   1.0000
   1.0000   1.0000   1.0000
   1.0000   1.0000   1.0000
   1.0000   1.0000   1.0000
   1.0000   1.0000   1.0000
   1.0000   1.0000   1.0000
   1.0000   1.0000   1.0000
   1.0000   1.0000   1.0000
   1.0000   1.0000   1.0000
   1.0000   1.0000   1.0000
   1.0000   1.0000   1.0000
   1.0000   1.0000   1.0000
   1.0000   1.0000   1.0000
   1.0000   1.0000   1.0000
   1.0000   1.0000   1.0000
   1.0000   1.0000   1.0000
   1.0000   1.0000   1.0000
   1.0000   1.0000   1.0000
   1.0000   1.0000   1.0000
   1.0000   1.0000   1.0000
   1.0000   1.0000   1.0000
   1.0000   1.0000   1.0000
   1.0000   1.0000   1.0000
   1.0000   1.0000   1.0000
   1.0000   1.0000   1.0000
   1.0000   1.0000   1.0000
   1.0000   1.0000   1.0000
   1.0000   1.0000   1.0000
   1.0000   1.0000   1.0000
   1.0000   1.0000   1.0000
   1.0000   1.0000   1.0000
   1.0000   1.0000   1.0000
   1.0000   1.0000   1.0000
   1.0000   1.0000   1.0000
   1.0000   1.0000   1.0000
   1.0000   1.0000   1.0000
   1.0000   1.0000   1.0000
   1.0000   1.0000   1.0000
   1.0000   1.0000   1.0000
   1.0000   1.0000   1.0000
   1.0000   1.0000   1.0000
   1.0000   1.0000   1.0000
   1.0000   1.0000   1.0000
   1.0000   1.0000   1.0000
   1.0000   1.0000   1.0000
   1.0000   1.0000   1.0000
   1.0000   1.0000   1.0000
   1.0000   1.0000   1.0000
   1.0000   1.0000   1.0000
   1.0000   1.0000   1.0000
   1.0000   1.0000   1.0000
   1.0000   1.0000   1.0000
   1.0000   1.0000   1.0000
   1.0000   1.0000   1.0000
   1.0000   1.0000   1.0000
   1.0000   1.0000   1.0000
   1.0000   1.0000   1.0000

applying weight : 1
applying weight : 1
applying weight : 1
Here are the weights in c++ : 
   1.0000   1.0000   1.0000
   1.0000   1.0000   1.0000
   1.0000   1.0000   1.0000
   1.0000   1.0000   1.0000
   1.0000   1.0000   1.0000
   1.0000   1.0000   1.0000
   1.0000   1.0000   1.0000
   1.0000   1.0000   1.0000
   1.0000   1.0000   1.0000
   1.0000   1.0000   1.0000
   1.0000   1.0000   1.0000
   1.0000   1.0000   1.0000
   1.0000   1.0000   1.0000
   1.0000   1.0000   1.0000
   1.0000   1.0000   1.0000
   1.0000   1.0000   1.0000
   1.0000   1.0000   1.0000
   1.0000   1.0000   1.0000
   1.0000   1.0000   1.0000
   1.0000   1.0000   1.0000
   1.0000   1.0000   1.0000
   1.0000   1.0000   1.0000
   1.0000   1.0000   1.0000
   1.0000   1.0000   1.0000
   1.0000   1.0000   1.0000
   1.0000   1.0000   1.0000
   1.0000   1.0000   1.0000
   1.0000   1.0000   1.0000
   1.0000   1.0000   1.0000
   1.0000   1.0000   1.0000
   1.0000   1.0000   1.0000
   1.0000   1.0000   1.0000
   1.0000   1.0000   1.0000
   1.0000   1.0000   1.0000
   1.0000   1.0000   1.0000
   1.0000   1.0000   1.0000
   1.0000   1.0000   1.0000
   1.0000   1.0000   1.0000
   1.0000   1.0000   1.0000
   1.0000   1.0000   1.0000
   1.0000   1.0000   1.0000
   1.0000   1.0000   1.0000
   1.0000   1.0000   1.0000
   1.0000   1.0000   1.0000
   1.0000   1.0000   1.0000
   1.0000   1.0000   1.0000
   1.0000   1.0000   1.0000
   1.0000   1.0000   1.0000
   1.0000   1.0000   1.0000
   1.0000   1.0000   1.0000
   1.0000   1.0000   1.0000
   1.0000   1.0000   1.0000
   1.0000   1.0000   1.0000
   1.0000   1.0000   1.0000
   1.0000   1.0000   1.0000
   1.0000   1.0000   1.0000
   1.0000   1.0000   1.0000

applying weight : 1
applying weight : 1
applying weight : 1
Here are the weights in c++ : 
   1.0000   1.0000   1.0000
   1.0000   1.0000   1.0000
   1.0000   1.0000   1.0000
   1.0000   1.0000   1.0000
   1.0000   1.0000   1.0000
   1.0000   1.0000   1.0000
   1.0000   1.0000   1.0000
   1.0000   1.0000   1.0000
   1.0000   1.0000   1.0000
   1.0000   1.0000   1.0000
   1.0000   1.0000   1.0000
   1.0000   1.0000   1.0000
   1.0000   1.0000   1.0000
   1.0000   1.0000   1.0000
   1.0000   1.0000   1.0000
   1.0000   1.0000   1.0000
   1.0000   1.0000   1.0000
   1.0000   1.0000   1.0000
   1.0000   1.0000   1.0000
   1.0000   1.0000   1.0000
   1.0000   1.0000   1.0000
   1.0000   1.0000   1.0000
   1.0000   1.0000   1.0000
   1.0000   1.0000   1.0000
   1.0000   1.0000   1.0000
   1.0000   1.0000   1.0000
   1.0000   1.0000   1.0000
   1.0000   1.0000   1.0000
   1.0000   1.0000   1.0000
   1.0000   1.0000   1.0000
   1.0000   1.0000   1.0000
   1.0000   1.0000   1.0000
   1.0000   1.0000   1.0000
   1.0000   1.0000   1.0000
   1.0000   1.0000   1.0000
   1.0000   1.0000   1.0000
   1.0000   1.0000   1.0000
   1.0000   1.0000   1.0000
   1.0000   1.0000   1.0000
   1.0000   1.0000   1.0000
   1.0000   1.0000   1.0000
   1.0000   1.0000   1.0000
   1.0000   1.0000   1.0000
   1.0000   1.0000   1.0000
   1.0000   1.0000   1.0000
   1.0000   1.0000   1.0000
   1.0000   1.0000   1.0000
   1.0000   1.0000   1.0000
   1.0000   1.0000   1.0000
   1.0000   1.0000   1.0000
   1.0000   1.0000   1.0000
   1.0000   1.0000   1.0000
   1.0000   1.0000   1.0000
   1.0000   1.0000   1.0000
   1.0000   1.0000   1.0000
   1.0000   1.0000   1.0000
   1.0000   1.0000   1.0000

applying weight : 1
applying weight : 1
applying weight : 1
Here are the weights in c++ : 
   1.0000   1.0000   1.0000
   1.0000   1.0000   1.0000
   1.0000   1.0000   1.0000
   1.0000   1.0000   1.0000
   1.0000   1.0000   1.0000
   1.0000   1.0000   1.0000
   1.0000   1.0000   1.0000
   1.0000   1.0000   1.0000
   1.0000   1.0000   1.0000
   1.0000   1.0000   1.0000
   1.0000   1.0000   1.0000
   1.0000   1.0000   1.0000
   1.0000   1.0000   1.0000
   1.0000   1.0000   1.0000
   1.0000   1.0000   1.0000
   1.0000   1.0000   1.0000
   1.0000   1.0000   1.0000
   1.0000   1.0000   1.0000
   1.0000   1.0000   1.0000
   1.0000   1.0000   1.0000
   1.0000   1.0000   1.0000
   1.0000   1.0000   1.0000
   1.0000   1.0000   1.0000
   1.0000   1.0000   1.0000
   1.0000   1.0000   1.0000
   1.0000   1.0000   1.0000
   1.0000   1.0000   1.0000
   1.0000   1.0000   1.0000
   1.0000   1.0000   1.0000
   1.0000   1.0000   1.0000
   1.0000   1.0000   1.0000
   1.0000   1.0000   1.0000
   1.0000   1.0000   1.0000
   1.0000   1.0000   1.0000
   1.0000   1.0000   1.0000
   1.0000   1.0000   1.0000
   1.0000   1.0000   1.0000
   1.0000   1.0000   1.0000
   1.0000   1.0000   1.0000
   1.0000   1.0000   1.0000
   1.0000   1.0000   1.0000
   1.0000   1.0000   1.0000
   1.0000   1.0000   1.0000
   1.0000   1.0000   1.0000
   1.0000   1.0000   1.0000
   1.0000   1.0000   1.0000
   1.0000   1.0000   1.0000
   1.0000   1.0000   1.0000
   1.0000   1.0000   1.0000
   1.0000   1.0000   1.0000
   1.0000   1.0000   1.0000
   1.0000   1.0000   1.0000
   1.0000   1.0000   1.0000
   1.0000   1.0000   1.0000
   1.0000   1.0000   1.0000
   1.0000   1.0000   1.0000
   1.0000   1.0000   1.0000

applying weight : 1
applying weight : 1
applying weight : 1
Here are the weights in c++ : 
   1.0000   1.0000   1.0000
   1.0000   1.0000   1.0000
   1.0000   1.0000   1.0000
   1.0000   1.0000   1.0000
   1.0000   1.0000   1.0000
   1.0000   1.0000   1.0000
   1.0000   1.0000   1.0000
   1.0000   1.0000   1.0000
   1.0000   1.0000   1.0000
   1.0000   1.0000   1.0000
   1.0000   1.0000   1.0000
   1.0000   1.0000   1.0000
   1.0000   1.0000   1.0000
   1.0000   1.0000   1.0000
   1.0000   1.0000   1.0000
   1.0000   1.0000   1.0000
   1.0000   1.0000   1.0000
   1.0000   1.0000   1.0000
   1.0000   1.0000   1.0000
   1.0000   1.0000   1.0000
   1.0000   1.0000   1.0000
   1.0000   1.0000   1.0000
   1.0000   1.0000   1.0000
   1.0000   1.0000   1.0000
   1.0000   1.0000   1.0000
   1.0000   1.0000   1.0000
   1.0000   1.0000   1.0000
   1.0000   1.0000   1.0000
   1.0000   1.0000   1.0000
   1.0000   1.0000   1.0000
   1.0000   1.0000   1.0000
   1.0000   1.0000   1.0000
   1.0000   1.0000   1.0000
   1.0000   1.0000   1.0000
   1.0000   1.0000   1.0000
   1.0000   1.0000   1.0000
   1.0000   1.0000   1.0000
   1.0000   1.0000   1.0000
   1.0000   1.0000   1.0000
   1.0000   1.0000   1.0000
   1.0000   1.0000   1.0000
   1.0000   1.0000   1.0000
   1.0000   1.0000   1.0000
   1.0000   1.0000   1.0000
   1.0000   1.0000   1.0000
   1.0000   1.0000   1.0000
   1.0000   1.0000   1.0000
   1.0000   1.0000   1.0000
   1.0000   1.0000   1.0000
   1.0000   1.0000   1.0000
   1.0000   1.0000   1.0000
   1.0000   1.0000   1.0000
   1.0000   1.0000   1.0000
   1.0000   1.0000   1.0000
   1.0000   1.0000   1.0000
   1.0000   1.0000   1.0000
   1.0000   1.0000   1.0000

applying weight : 1
applying weight : 1
applying weight : 1
Here are the weights in c++ : 
   1.0000   1.0000   1.0000
   1.0000   1.0000   1.0000
   1.0000   1.0000   1.0000
   1.0000   1.0000   1.0000
   1.0000   1.0000   1.0000
   1.0000   1.0000   1.0000
   1.0000   1.0000   1.0000
   1.0000   1.0000   1.0000
   1.0000   1.0000   1.0000
   1.0000   1.0000   1.0000
   1.0000   1.0000   1.0000
   1.0000   1.0000   1.0000
   1.0000   1.0000   1.0000
   1.0000   1.0000   1.0000
   1.0000   1.0000   1.0000
   1.0000   1.0000   1.0000
   1.0000   1.0000   1.0000
   1.0000   1.0000   1.0000
   1.0000   1.0000   1.0000
   1.0000   1.0000   1.0000
   1.0000   1.0000   1.0000
   1.0000   1.0000   1.0000
   1.0000   1.0000   1.0000
   1.0000   1.0000   1.0000
   1.0000   1.0000   1.0000
   1.0000   1.0000   1.0000
   1.0000   1.0000   1.0000
   1.0000   1.0000   1.0000
   1.0000   1.0000   1.0000
   1.0000   1.0000   1.0000
   1.0000   1.0000   1.0000
   1.0000   1.0000   1.0000
   1.0000   1.0000   1.0000
   1.0000   1.0000   1.0000
   1.0000   1.0000   1.0000
   1.0000   1.0000   1.0000
   1.0000   1.0000   1.0000
   1.0000   1.0000   1.0000
   1.0000   1.0000   1.0000
   1.0000   1.0000   1.0000
   1.0000   1.0000   1.0000
   1.0000   1.0000   1.0000
   1.0000   1.0000   1.0000
   1.0000   1.0000   1.0000
   1.0000   1.0000   1.0000
   1.0000   1.0000   1.0000
   1.0000   1.0000   1.0000
   1.0000   1.0000   1.0000
   1.0000   1.0000   1.0000
   1.0000   1.0000   1.0000
   1.0000   1.0000   1.0000
   1.0000   1.0000   1.0000
   1.0000   1.0000   1.0000
   1.0000   1.0000   1.0000
   1.0000   1.0000   1.0000
   1.0000   1.0000   1.0000
   1.0000   1.0000   1.0000

applying weight : 1
applying weight : 1
applying weight : 1
Here are the weights in c++ : 
   1.0000   1.0000   1.0000
   1.0000   1.0000   1.0000
   1.0000   1.0000   1.0000
   1.0000   1.0000   1.0000
   1.0000   1.0000   1.0000
   1.0000   1.0000   1.0000
   1.0000   1.0000   1.0000
   1.0000   1.0000   1.0000
   1.0000   1.0000   1.0000
   1.0000   1.0000   1.0000
   1.0000   1.0000   1.0000
   1.0000   1.0000   1.0000
   1.0000   1.0000   1.0000
   1.0000   1.0000   1.0000
   1.0000   1.0000   1.0000
   1.0000   1.0000   1.0000
   1.0000   1.0000   1.0000
   1.0000   1.0000   1.0000
   1.0000   1.0000   1.0000
   1.0000   1.0000   1.0000
   1.0000   1.0000   1.0000
   1.0000   1.0000   1.0000
   1.0000   1.0000   1.0000
   1.0000   1.0000   1.0000
   1.0000   1.0000   1.0000
   1.0000   1.0000   1.0000
   1.0000   1.0000   1.0000
   1.0000   1.0000   1.0000
   1.0000   1.0000   1.0000
   1.0000   1.0000   1.0000
   1.0000   1.0000   1.0000
   1.0000   1.0000   1.0000
   1.0000   1.0000   1.0000
   1.0000   1.0000   1.0000
   1.0000   1.0000   1.0000
   1.0000   1.0000   1.0000
   1.0000   1.0000   1.0000
   1.0000   1.0000   1.0000
   1.0000   1.0000   1.0000
   1.0000   1.0000   1.0000
   1.0000   1.0000   1.0000
   1.0000   1.0000   1.0000
   1.0000   1.0000   1.0000
   1.0000   1.0000   1.0000
   1.0000   1.0000   1.0000
   1.0000   1.0000   1.0000
   1.0000   1.0000   1.0000
   1.0000   1.0000   1.0000
   1.0000   1.0000   1.0000
   1.0000   1.0000   1.0000
   1.0000   1.0000   1.0000
   1.0000   1.0000   1.0000
   1.0000   1.0000   1.0000
   1.0000   1.0000   1.0000
   1.0000   1.0000   1.0000
   1.0000   1.0000   1.0000
   1.0000   1.0000   1.0000

applying weight : 1
applying weight : 1
applying weight : 1
Here are the weights in c++ : 
   1.0000   1.0000   1.0000
   1.0000   1.0000   1.0000
   1.0000   1.0000   1.0000
   1.0000   1.0000   1.0000
   1.0000   1.0000   1.0000
   1.0000   1.0000   1.0000
   1.0000   1.0000   1.0000
   1.0000   1.0000   1.0000
   1.0000   1.0000   1.0000
   1.0000   1.0000   1.0000
   1.0000   1.0000   1.0000
   1.0000   1.0000   1.0000
   1.0000   1.0000   1.0000
   1.0000   1.0000   1.0000
   1.0000   1.0000   1.0000
   1.0000   1.0000   1.0000
   1.0000   1.0000   1.0000
   1.0000   1.0000   1.0000
   1.0000   1.0000   1.0000
   1.0000   1.0000   1.0000
   1.0000   1.0000   1.0000
   1.0000   1.0000   1.0000
   1.0000   1.0000   1.0000
   1.0000   1.0000   1.0000
   1.0000   1.0000   1.0000
   1.0000   1.0000   1.0000
   1.0000   1.0000   1.0000
   1.0000   1.0000   1.0000
   1.0000   1.0000   1.0000
   1.0000   1.0000   1.0000
   1.0000   1.0000   1.0000
   1.0000   1.0000   1.0000
   1.0000   1.0000   1.0000
   1.0000   1.0000   1.0000
   1.0000   1.0000   1.0000
   1.0000   1.0000   1.0000
   1.0000   1.0000   1.0000
   1.0000   1.0000   1.0000
   1.0000   1.0000   1.0000
   1.0000   1.0000   1.0000
   1.0000   1.0000   1.0000
   1.0000   1.0000   1.0000
   1.0000   1.0000   1.0000
   1.0000   1.0000   1.0000
   1.0000   1.0000   1.0000
   1.0000   1.0000   1.0000
   1.0000   1.0000   1.0000
   1.0000   1.0000   1.0000
   1.0000   1.0000   1.0000
   1.0000   1.0000   1.0000
   1.0000   1.0000   1.0000
   1.0000   1.0000   1.0000
   1.0000   1.0000   1.0000
   1.0000   1.0000   1.0000
   1.0000   1.0000   1.0000
   1.0000   1.0000   1.0000
   1.0000   1.0000   1.0000

applying weight : 1
applying weight : 1
applying weight : 1
Here are the weights in c++ : 
   1.0000   1.0000   1.0000
   1.0000   1.0000   1.0000
   1.0000   1.0000   1.0000
   1.0000   1.0000   1.0000
   1.0000   1.0000   1.0000
   1.0000   1.0000   1.0000
   1.0000   1.0000   1.0000
   1.0000   1.0000   1.0000
   1.0000   1.0000   1.0000
   1.0000   1.0000   1.0000
   1.0000   1.0000   1.0000
   1.0000   1.0000   1.0000
   1.0000   1.0000   1.0000
   1.0000   1.0000   1.0000
   1.0000   1.0000   1.0000
   1.0000   1.0000   1.0000
   1.0000   1.0000   1.0000
   1.0000   1.0000   1.0000
   1.0000   1.0000   1.0000
   1.0000   1.0000   1.0000
   1.0000   1.0000   1.0000
   1.0000   1.0000   1.0000
   1.0000   1.0000   1.0000
   1.0000   1.0000   1.0000
   1.0000   1.0000   1.0000
   1.0000   1.0000   1.0000
   1.0000   1.0000   1.0000
   1.0000   1.0000   1.0000
   1.0000   1.0000   1.0000
   1.0000   1.0000   1.0000
   1.0000   1.0000   1.0000
   1.0000   1.0000   1.0000
   1.0000   1.0000   1.0000
   1.0000   1.0000   1.0000
   1.0000   1.0000   1.0000
   1.0000   1.0000   1.0000
   1.0000   1.0000   1.0000
   1.0000   1.0000   1.0000
   1.0000   1.0000   1.0000
   1.0000   1.0000   1.0000
   1.0000   1.0000   1.0000
   1.0000   1.0000   1.0000
   1.0000   1.0000   1.0000
   1.0000   1.0000   1.0000
   1.0000   1.0000   1.0000
   1.0000   1.0000   1.0000
   1.0000   1.0000   1.0000
   1.0000   1.0000   1.0000
   1.0000   1.0000   1.0000
   1.0000   1.0000   1.0000
   1.0000   1.0000   1.0000
   1.0000   1.0000   1.0000
   1.0000   1.0000   1.0000
   1.0000   1.0000   1.0000
   1.0000   1.0000   1.0000
   1.0000   1.0000   1.0000
   1.0000   1.0000   1.0000

applying weight : 1
applying weight : 1
applying weight : 1
Here are the weights in c++ : 
   1.0000   1.0000   1.0000
   1.0000   1.0000   1.0000
   1.0000   1.0000   1.0000
   1.0000   1.0000   1.0000
   1.0000   1.0000   1.0000
   1.0000   1.0000   1.0000
   1.0000   1.0000   1.0000
   1.0000   1.0000   1.0000
   1.0000   1.0000   1.0000
   1.0000   1.0000   1.0000
   1.0000   1.0000   1.0000
   1.0000   1.0000   1.0000
   1.0000   1.0000   1.0000
   1.0000   1.0000   1.0000
   1.0000   1.0000   1.0000
   1.0000   1.0000   1.0000
   1.0000   1.0000   1.0000
   1.0000   1.0000   1.0000
   1.0000   1.0000   1.0000
   1.0000   1.0000   1.0000
   1.0000   1.0000   1.0000
   1.0000   1.0000   1.0000
   1.0000   1.0000   1.0000
   1.0000   1.0000   1.0000
   1.0000   1.0000   1.0000
   1.0000   1.0000   1.0000
   1.0000   1.0000   1.0000
   1.0000   1.0000   1.0000
   1.0000   1.0000   1.0000
   1.0000   1.0000   1.0000
   1.0000   1.0000   1.0000
   1.0000   1.0000   1.0000
   1.0000   1.0000   1.0000
   1.0000   1.0000   1.0000
   1.0000   1.0000   1.0000
   1.0000   1.0000   1.0000
   1.0000   1.0000   1.0000
   1.0000   1.0000   1.0000
   1.0000   1.0000   1.0000
   1.0000   1.0000   1.0000
   1.0000   1.0000   1.0000
   1.0000   1.0000   1.0000
   1.0000   1.0000   1.0000
   1.0000   1.0000   1.0000
   1.0000   1.0000   1.0000
   1.0000   1.0000   1.0000
   1.0000   1.0000   1.0000
   1.0000   1.0000   1.0000
   1.0000   1.0000   1.0000
   1.0000   1.0000   1.0000
   1.0000   1.0000   1.0000
   1.0000   1.0000   1.0000
   1.0000   1.0000   1.0000
   1.0000   1.0000   1.0000
   1.0000   1.0000   1.0000
   1.0000   1.0000   1.0000
   1.0000   1.0000   1.0000

applying weight : 1
applying weight : 1
applying weight : 1
Here are the weights in c++ : 
   1.0000   1.0000   1.0000
   1.0000   1.0000   1.0000
   1.0000   1.0000   1.0000
   1.0000   1.0000   1.0000
   1.0000   1.0000   1.0000
   1.0000   1.0000   1.0000
   1.0000   1.0000   1.0000
   1.0000   1.0000   1.0000
   1.0000   1.0000   1.0000
   1.0000   1.0000   1.0000
   1.0000   1.0000   1.0000
   1.0000   1.0000   1.0000
   1.0000   1.0000   1.0000
   1.0000   1.0000   1.0000
   1.0000   1.0000   1.0000
   1.0000   1.0000   1.0000
   1.0000   1.0000   1.0000
   1.0000   1.0000   1.0000
   1.0000   1.0000   1.0000
   1.0000   1.0000   1.0000
   1.0000   1.0000   1.0000
   1.0000   1.0000   1.0000
   1.0000   1.0000   1.0000
   1.0000   1.0000   1.0000
   1.0000   1.0000   1.0000
   1.0000   1.0000   1.0000
   1.0000   1.0000   1.0000
   1.0000   1.0000   1.0000
   1.0000   1.0000   1.0000
   1.0000   1.0000   1.0000
   1.0000   1.0000   1.0000
   1.0000   1.0000   1.0000
   1.0000   1.0000   1.0000
   1.0000   1.0000   1.0000
   1.0000   1.0000   1.0000
   1.0000   1.0000   1.0000
   1.0000   1.0000   1.0000
   1.0000   1.0000   1.0000
   1.0000   1.0000   1.0000
   1.0000   1.0000   1.0000
   1.0000   1.0000   1.0000
   1.0000   1.0000   1.0000
   1.0000   1.0000   1.0000
   1.0000   1.0000   1.0000
   1.0000   1.0000   1.0000
   1.0000   1.0000   1.0000
   1.0000   1.0000   1.0000
   1.0000   1.0000   1.0000
   1.0000   1.0000   1.0000
   1.0000   1.0000   1.0000
   1.0000   1.0000   1.0000
   1.0000   1.0000   1.0000
   1.0000   1.0000   1.0000
   1.0000   1.0000   1.0000
   1.0000   1.0000   1.0000
   1.0000   1.0000   1.0000
   1.0000   1.0000   1.0000

applying weight : 1
applying weight : 1
applying weight : 1
Here are the weights in c++ : 
   1.0000   1.0000   1.0000
   1.0000   1.0000   1.0000
   1.0000   1.0000   1.0000
   1.0000   1.0000   1.0000
   1.0000   1.0000   1.0000
   1.0000   1.0000   1.0000
   1.0000   1.0000   1.0000
   1.0000   1.0000   1.0000
   1.0000   1.0000   1.0000
   1.0000   1.0000   1.0000
   1.0000   1.0000   1.0000
   1.0000   1.0000   1.0000
   1.0000   1.0000   1.0000
   1.0000   1.0000   1.0000
   1.0000   1.0000   1.0000
   1.0000   1.0000   1.0000
   1.0000   1.0000   1.0000
   1.0000   1.0000   1.0000
   1.0000   1.0000   1.0000
   1.0000   1.0000   1.0000
   1.0000   1.0000   1.0000
   1.0000   1.0000   1.0000
   1.0000   1.0000   1.0000
   1.0000   1.0000   1.0000
   1.0000   1.0000   1.0000
   1.0000   1.0000   1.0000
   1.0000   1.0000   1.0000
   1.0000   1.0000   1.0000
   1.0000   1.0000   1.0000
   1.0000   1.0000   1.0000
   1.0000   1.0000   1.0000
   1.0000   1.0000   1.0000
   1.0000   1.0000   1.0000
   1.0000   1.0000   1.0000
   1.0000   1.0000   1.0000
   1.0000   1.0000   1.0000
   1.0000   1.0000   1.0000
   1.0000   1.0000   1.0000
   1.0000   1.0000   1.0000
   1.0000   1.0000   1.0000
   1.0000   1.0000   1.0000
   1.0000   1.0000   1.0000
   1.0000   1.0000   1.0000
   1.0000   1.0000   1.0000
   1.0000   1.0000   1.0000
   1.0000   1.0000   1.0000
   1.0000   1.0000   1.0000
   1.0000   1.0000   1.0000
   1.0000   1.0000   1.0000
   1.0000   1.0000   1.0000
   1.0000   1.0000   1.0000
   1.0000   1.0000   1.0000
   1.0000   1.0000   1.0000
   1.0000   1.0000   1.0000
   1.0000   1.0000   1.0000
   1.0000   1.0000   1.0000
   1.0000   1.0000   1.0000

applying weight : 1
applying weight : 1
applying weight : 1
Here are the weights in c++ : 
   1.0000   1.0000   1.0000
   1.0000   1.0000   1.0000
   1.0000   1.0000   1.0000
   1.0000   1.0000   1.0000
   1.0000   1.0000   1.0000
   1.0000   1.0000   1.0000
   1.0000   1.0000   1.0000
   1.0000   1.0000   1.0000
   1.0000   1.0000   1.0000
   1.0000   1.0000   1.0000
   1.0000   1.0000   1.0000
   1.0000   1.0000   1.0000
   1.0000   1.0000   1.0000
   1.0000   1.0000   1.0000
   1.0000   1.0000   1.0000
   1.0000   1.0000   1.0000
   1.0000   1.0000   1.0000
   1.0000   1.0000   1.0000
   1.0000   1.0000   1.0000
   1.0000   1.0000   1.0000
   1.0000   1.0000   1.0000
   1.0000   1.0000   1.0000
   1.0000   1.0000   1.0000
   1.0000   1.0000   1.0000
   1.0000   1.0000   1.0000
   1.0000   1.0000   1.0000
   1.0000   1.0000   1.0000
   1.0000   1.0000   1.0000
   1.0000   1.0000   1.0000
   1.0000   1.0000   1.0000
   1.0000   1.0000   1.0000
   1.0000   1.0000   1.0000
   1.0000   1.0000   1.0000
   1.0000   1.0000   1.0000
   1.0000   1.0000   1.0000
   1.0000   1.0000   1.0000
   1.0000   1.0000   1.0000
   1.0000   1.0000   1.0000
   1.0000   1.0000   1.0000
   1.0000   1.0000   1.0000
   1.0000   1.0000   1.0000
   1.0000   1.0000   1.0000
   1.0000   1.0000   1.0000
   1.0000   1.0000   1.0000
   1.0000   1.0000   1.0000
   1.0000   1.0000   1.0000
   1.0000   1.0000   1.0000
   1.0000   1.0000   1.0000
   1.0000   1.0000   1.0000
   1.0000   1.0000   1.0000
   1.0000   1.0000   1.0000
   1.0000   1.0000   1.0000
   1.0000   1.0000   1.0000
   1.0000   1.0000   1.0000
   1.0000   1.0000   1.0000
   1.0000   1.0000   1.0000
   1.0000   1.0000   1.0000

applying weight : 1
applying weight : 1
applying weight : 1
Here are the weights in c++ : 
   1.0000   1.0000   1.0000
   1.0000   1.0000   1.0000
   1.0000   1.0000   1.0000
   1.0000   1.0000   1.0000
   1.0000   1.0000   1.0000
   1.0000   1.0000   1.0000
   1.0000   1.0000   1.0000
   1.0000   1.0000   1.0000
   1.0000   1.0000   1.0000
   1.0000   1.0000   1.0000
   1.0000   1.0000   1.0000
   1.0000   1.0000   1.0000
   1.0000   1.0000   1.0000
   1.0000   1.0000   1.0000
   1.0000   1.0000   1.0000
   1.0000   1.0000   1.0000
   1.0000   1.0000   1.0000
   1.0000   1.0000   1.0000
   1.0000   1.0000   1.0000
   1.0000   1.0000   1.0000
   1.0000   1.0000   1.0000
   1.0000   1.0000   1.0000
   1.0000   1.0000   1.0000
   1.0000   1.0000   1.0000
   1.0000   1.0000   1.0000
   1.0000   1.0000   1.0000
   1.0000   1.0000   1.0000
   1.0000   1.0000   1.0000
   1.0000   1.0000   1.0000
   1.0000   1.0000   1.0000
   1.0000   1.0000   1.0000
   1.0000   1.0000   1.0000
   1.0000   1.0000   1.0000
   1.0000   1.0000   1.0000
   1.0000   1.0000   1.0000
   1.0000   1.0000   1.0000
   1.0000   1.0000   1.0000
   1.0000   1.0000   1.0000
   1.0000   1.0000   1.0000
   1.0000   1.0000   1.0000
   1.0000   1.0000   1.0000
   1.0000   1.0000   1.0000
   1.0000   1.0000   1.0000
   1.0000   1.0000   1.0000
   1.0000   1.0000   1.0000
   1.0000   1.0000   1.0000
   1.0000   1.0000   1.0000
   1.0000   1.0000   1.0000
   1.0000   1.0000   1.0000
   1.0000   1.0000   1.0000
   1.0000   1.0000   1.0000
   1.0000   1.0000   1.0000
   1.0000   1.0000   1.0000
   1.0000   1.0000   1.0000
   1.0000   1.0000   1.0000
   1.0000   1.0000   1.0000
   1.0000   1.0000   1.0000

applying weight : 1
applying weight : 1
applying weight : 1
Here are the weights in c++ : 
   1.0000   1.0000   1.0000
   1.0000   1.0000   1.0000
   1.0000   1.0000   1.0000
   1.0000   1.0000   1.0000
   1.0000   1.0000   1.0000
   1.0000   1.0000   1.0000
   1.0000   1.0000   1.0000
   1.0000   1.0000   1.0000
   1.0000   1.0000   1.0000
   1.0000   1.0000   1.0000
   1.0000   1.0000   1.0000
   1.0000   1.0000   1.0000
   1.0000   1.0000   1.0000
   1.0000   1.0000   1.0000
   1.0000   1.0000   1.0000
   1.0000   1.0000   1.0000
   1.0000   1.0000   1.0000
   1.0000   1.0000   1.0000
   1.0000   1.0000   1.0000
   1.0000   1.0000   1.0000
   1.0000   1.0000   1.0000
   1.0000   1.0000   1.0000
   1.0000   1.0000   1.0000
   1.0000   1.0000   1.0000
   1.0000   1.0000   1.0000
   1.0000   1.0000   1.0000
   1.0000   1.0000   1.0000
   1.0000   1.0000   1.0000
   1.0000   1.0000   1.0000
   1.0000   1.0000   1.0000
   1.0000   1.0000   1.0000
   1.0000   1.0000   1.0000
   1.0000   1.0000   1.0000
   1.0000   1.0000   1.0000
   1.0000   1.0000   1.0000
   1.0000   1.0000   1.0000
   1.0000   1.0000   1.0000
   1.0000   1.0000   1.0000
   1.0000   1.0000   1.0000
   1.0000   1.0000   1.0000
   1.0000   1.0000   1.0000
   1.0000   1.0000   1.0000
   1.0000   1.0000   1.0000
   1.0000   1.0000   1.0000
   1.0000   1.0000   1.0000
   1.0000   1.0000   1.0000
   1.0000   1.0000   1.0000
   1.0000   1.0000   1.0000
   1.0000   1.0000   1.0000
   1.0000   1.0000   1.0000
   1.0000   1.0000   1.0000
   1.0000   1.0000   1.0000
   1.0000   1.0000   1.0000
   1.0000   1.0000   1.0000
   1.0000   1.0000   1.0000
   1.0000   1.0000   1.0000
   1.0000   1.0000   1.0000

applying weight : 1
applying weight : 1
applying weight : 1
Here are the weights in c++ : 
   1.0000   1.0000   1.0000
   1.0000   1.0000   1.0000
   1.0000   1.0000   1.0000
   1.0000   1.0000   1.0000
   1.0000   1.0000   1.0000
   1.0000   1.0000   1.0000
   1.0000   1.0000   1.0000
   1.0000   1.0000   1.0000
   1.0000   1.0000   1.0000
   1.0000   1.0000   1.0000
   1.0000   1.0000   1.0000
   1.0000   1.0000   1.0000
   1.0000   1.0000   1.0000
   1.0000   1.0000   1.0000
   1.0000   1.0000   1.0000
   1.0000   1.0000   1.0000
   1.0000   1.0000   1.0000
   1.0000   1.0000   1.0000
   1.0000   1.0000   1.0000
   1.0000   1.0000   1.0000
   1.0000   1.0000   1.0000
   1.0000   1.0000   1.0000
   1.0000   1.0000   1.0000
   1.0000   1.0000   1.0000
   1.0000   1.0000   1.0000
   1.0000   1.0000   1.0000
   1.0000   1.0000   1.0000
   1.0000   1.0000   1.0000
   1.0000   1.0000   1.0000
   1.0000   1.0000   1.0000
   1.0000   1.0000   1.0000
   1.0000   1.0000   1.0000
   1.0000   1.0000   1.0000
   1.0000   1.0000   1.0000
   1.0000   1.0000   1.0000
   1.0000   1.0000   1.0000
   1.0000   1.0000   1.0000
   1.0000   1.0000   1.0000
   1.0000   1.0000   1.0000
   1.0000   1.0000   1.0000
   1.0000   1.0000   1.0000
   1.0000   1.0000   1.0000
   1.0000   1.0000   1.0000
   1.0000   1.0000   1.0000
   1.0000   1.0000   1.0000
   1.0000   1.0000   1.0000
   1.0000   1.0000   1.0000
   1.0000   1.0000   1.0000
   1.0000   1.0000   1.0000
   1.0000   1.0000   1.0000
   1.0000   1.0000   1.0000
   1.0000   1.0000   1.0000
   1.0000   1.0000   1.0000
   1.0000   1.0000   1.0000
   1.0000   1.0000   1.0000
   1.0000   1.0000   1.0000
   1.0000   1.0000   1.0000

applying weight : 1
applying weight : 1
applying weight : 1
Here are the weights in c++ : 
   1.0000   1.0000   1.0000
   1.0000   1.0000   1.0000
   1.0000   1.0000   1.0000
   1.0000   1.0000   1.0000
   1.0000   1.0000   1.0000
   1.0000   1.0000   1.0000
   1.0000   1.0000   1.0000
   1.0000   1.0000   1.0000
   1.0000   1.0000   1.0000
   1.0000   1.0000   1.0000
   1.0000   1.0000   1.0000
   1.0000   1.0000   1.0000
   1.0000   1.0000   1.0000
   1.0000   1.0000   1.0000
   1.0000   1.0000   1.0000
   1.0000   1.0000   1.0000
   1.0000   1.0000   1.0000
   1.0000   1.0000   1.0000
   1.0000   1.0000   1.0000
   1.0000   1.0000   1.0000
   1.0000   1.0000   1.0000
   1.0000   1.0000   1.0000
   1.0000   1.0000   1.0000
   1.0000   1.0000   1.0000
   1.0000   1.0000   1.0000
   1.0000   1.0000   1.0000
   1.0000   1.0000   1.0000
   1.0000   1.0000   1.0000
   1.0000   1.0000   1.0000
   1.0000   1.0000   1.0000
   1.0000   1.0000   1.0000
   1.0000   1.0000   1.0000
   1.0000   1.0000   1.0000
   1.0000   1.0000   1.0000
   1.0000   1.0000   1.0000
   1.0000   1.0000   1.0000
   1.0000   1.0000   1.0000
   1.0000   1.0000   1.0000
   1.0000   1.0000   1.0000
   1.0000   1.0000   1.0000
   1.0000   1.0000   1.0000
   1.0000   1.0000   1.0000
   1.0000   1.0000   1.0000
   1.0000   1.0000   1.0000
   1.0000   1.0000   1.0000
   1.0000   1.0000   1.0000
   1.0000   1.0000   1.0000
   1.0000   1.0000   1.0000
   1.0000   1.0000   1.0000
   1.0000   1.0000   1.0000
   1.0000   1.0000   1.0000
   1.0000   1.0000   1.0000
   1.0000   1.0000   1.0000
   1.0000   1.0000   1.0000
   1.0000   1.0000   1.0000
   1.0000   1.0000   1.0000
   1.0000   1.0000   1.0000

applying weight : 1
applying weight : 1
applying weight : 1
Here are the weights in c++ : 
   1.0000   1.0000   1.0000
   1.0000   1.0000   1.0000
   1.0000   1.0000   1.0000
   1.0000   1.0000   1.0000
   1.0000   1.0000   1.0000
   1.0000   1.0000   1.0000
   1.0000   1.0000   1.0000
   1.0000   1.0000   1.0000
   1.0000   1.0000   1.0000
   1.0000   1.0000   1.0000
   1.0000   1.0000   1.0000
   1.0000   1.0000   1.0000
   1.0000   1.0000   1.0000
   1.0000   1.0000   1.0000
   1.0000   1.0000   1.0000
   1.0000   1.0000   1.0000
   1.0000   1.0000   1.0000
   1.0000   1.0000   1.0000
   1.0000   1.0000   1.0000
   1.0000   1.0000   1.0000
   1.0000   1.0000   1.0000
   1.0000   1.0000   1.0000
   1.0000   1.0000   1.0000
   1.0000   1.0000   1.0000
   1.0000   1.0000   1.0000
   1.0000   1.0000   1.0000
   1.0000   1.0000   1.0000
   1.0000   1.0000   1.0000
   1.0000   1.0000   1.0000
   1.0000   1.0000   1.0000
   1.0000   1.0000   1.0000
   1.0000   1.0000   1.0000
   1.0000   1.0000   1.0000
   1.0000   1.0000   1.0000
   1.0000   1.0000   1.0000
   1.0000   1.0000   1.0000
   1.0000   1.0000   1.0000
   1.0000   1.0000   1.0000
   1.0000   1.0000   1.0000
   1.0000   1.0000   1.0000
   1.0000   1.0000   1.0000
   1.0000   1.0000   1.0000
   1.0000   1.0000   1.0000
   1.0000   1.0000   1.0000
   1.0000   1.0000   1.0000
   1.0000   1.0000   1.0000
   1.0000   1.0000   1.0000
   1.0000   1.0000   1.0000
   1.0000   1.0000   1.0000
   1.0000   1.0000   1.0000
   1.0000   1.0000   1.0000
   1.0000   1.0000   1.0000
   1.0000   1.0000   1.0000
   1.0000   1.0000   1.0000
   1.0000   1.0000   1.0000
   1.0000   1.0000   1.0000
   1.0000   1.0000   1.0000

applying weight : 1
applying weight : 1
applying weight : 1
Here are the weights in c++ : 
   1.0000   1.0000   1.0000
   1.0000   1.0000   1.0000
   1.0000   1.0000   1.0000
   1.0000   1.0000   1.0000
   1.0000   1.0000   1.0000
   1.0000   1.0000   1.0000
   1.0000   1.0000   1.0000
   1.0000   1.0000   1.0000
   1.0000   1.0000   1.0000
   1.0000   1.0000   1.0000
   1.0000   1.0000   1.0000
   1.0000   1.0000   1.0000
   1.0000   1.0000   1.0000
   1.0000   1.0000   1.0000
   1.0000   1.0000   1.0000
   1.0000   1.0000   1.0000
   1.0000   1.0000   1.0000
   1.0000   1.0000   1.0000
   1.0000   1.0000   1.0000
   1.0000   1.0000   1.0000
   1.0000   1.0000   1.0000
   1.0000   1.0000   1.0000
   1.0000   1.0000   1.0000
   1.0000   1.0000   1.0000
   1.0000   1.0000   1.0000
   1.0000   1.0000   1.0000
   1.0000   1.0000   1.0000
   1.0000   1.0000   1.0000
   1.0000   1.0000   1.0000
   1.0000   1.0000   1.0000
   1.0000   1.0000   1.0000
   1.0000   1.0000   1.0000
   1.0000   1.0000   1.0000
   1.0000   1.0000   1.0000
   1.0000   1.0000   1.0000
   1.0000   1.0000   1.0000
   1.0000   1.0000   1.0000
   1.0000   1.0000   1.0000
   1.0000   1.0000   1.0000
   1.0000   1.0000   1.0000
   1.0000   1.0000   1.0000
   1.0000   1.0000   1.0000
   1.0000   1.0000   1.0000
   1.0000   1.0000   1.0000
   1.0000   1.0000   1.0000
   1.0000   1.0000   1.0000
   1.0000   1.0000   1.0000
   1.0000   1.0000   1.0000
   1.0000   1.0000   1.0000
   1.0000   1.0000   1.0000
   1.0000   1.0000   1.0000
   1.0000   1.0000   1.0000
   1.0000   1.0000   1.0000
   1.0000   1.0000   1.0000
   1.0000   1.0000   1.0000
   1.0000   1.0000   1.0000
   1.0000   1.0000   1.0000

applying weight : 1
applying weight : 1
applying weight : 1
Here are the weights in c++ : 
   1.0000   1.0000   1.0000
   1.0000   1.0000   1.0000
   1.0000   1.0000   1.0000
   1.0000   1.0000   1.0000
   1.0000   1.0000   1.0000
   1.0000   1.0000   1.0000
   1.0000   1.0000   1.0000
   1.0000   1.0000   1.0000
   1.0000   1.0000   1.0000
   1.0000   1.0000   1.0000
   1.0000   1.0000   1.0000
   1.0000   1.0000   1.0000
   1.0000   1.0000   1.0000
   1.0000   1.0000   1.0000
   1.0000   1.0000   1.0000
   1.0000   1.0000   1.0000
   1.0000   1.0000   1.0000
   1.0000   1.0000   1.0000
   1.0000   1.0000   1.0000
   1.0000   1.0000   1.0000
   1.0000   1.0000   1.0000
   1.0000   1.0000   1.0000
   1.0000   1.0000   1.0000
   1.0000   1.0000   1.0000
   1.0000   1.0000   1.0000
   1.0000   1.0000   1.0000
   1.0000   1.0000   1.0000
   1.0000   1.0000   1.0000
   1.0000   1.0000   1.0000
   1.0000   1.0000   1.0000
   1.0000   1.0000   1.0000
   1.0000   1.0000   1.0000
   1.0000   1.0000   1.0000
   1.0000   1.0000   1.0000
   1.0000   1.0000   1.0000
   1.0000   1.0000   1.0000
   1.0000   1.0000   1.0000
   1.0000   1.0000   1.0000
   1.0000   1.0000   1.0000
   1.0000   1.0000   1.0000
   1.0000   1.0000   1.0000
   1.0000   1.0000   1.0000
   1.0000   1.0000   1.0000
   1.0000   1.0000   1.0000
   1.0000   1.0000   1.0000
   1.0000   1.0000   1.0000
   1.0000   1.0000   1.0000
   1.0000   1.0000   1.0000
   1.0000   1.0000   1.0000
   1.0000   1.0000   1.0000
   1.0000   1.0000   1.0000
   1.0000   1.0000   1.0000
   1.0000   1.0000   1.0000
   1.0000   1.0000   1.0000
   1.0000   1.0000   1.0000
   1.0000   1.0000   1.0000
   1.0000   1.0000   1.0000

applying weight : 1
applying weight : 1
applying weight : 1
Here are the weights in c++ : 
   1.0000   1.0000   1.0000
   1.0000   1.0000   1.0000
   1.0000   1.0000   1.0000
   1.0000   1.0000   1.0000
   1.0000   1.0000   1.0000
   1.0000   1.0000   1.0000
   1.0000   1.0000   1.0000
   1.0000   1.0000   1.0000
   1.0000   1.0000   1.0000
   1.0000   1.0000   1.0000
   1.0000   1.0000   1.0000
   1.0000   1.0000   1.0000
   1.0000   1.0000   1.0000
   1.0000   1.0000   1.0000
   1.0000   1.0000   1.0000
   1.0000   1.0000   1.0000
   1.0000   1.0000   1.0000
   1.0000   1.0000   1.0000
   1.0000   1.0000   1.0000
   1.0000   1.0000   1.0000
   1.0000   1.0000   1.0000
   1.0000   1.0000   1.0000
   1.0000   1.0000   1.0000
   1.0000   1.0000   1.0000
   1.0000   1.0000   1.0000
   1.0000   1.0000   1.0000
   1.0000   1.0000   1.0000
   1.0000   1.0000   1.0000
   1.0000   1.0000   1.0000
   1.0000   1.0000   1.0000
   1.0000   1.0000   1.0000
   1.0000   1.0000   1.0000
   1.0000   1.0000   1.0000
   1.0000   1.0000   1.0000
   1.0000   1.0000   1.0000
   1.0000   1.0000   1.0000
   1.0000   1.0000   1.0000
   1.0000   1.0000   1.0000
   1.0000   1.0000   1.0000
   1.0000   1.0000   1.0000
   1.0000   1.0000   1.0000
   1.0000   1.0000   1.0000
   1.0000   1.0000   1.0000
   1.0000   1.0000   1.0000
   1.0000   1.0000   1.0000
   1.0000   1.0000   1.0000
   1.0000   1.0000   1.0000
   1.0000   1.0000   1.0000
   1.0000   1.0000   1.0000
   1.0000   1.0000   1.0000
   1.0000   1.0000   1.0000
   1.0000   1.0000   1.0000
   1.0000   1.0000   1.0000
   1.0000   1.0000   1.0000
   1.0000   1.0000   1.0000
   1.0000   1.0000   1.0000
   1.0000   1.0000   1.0000

applying weight : 1
applying weight : 1
applying weight : 1
Here are the weights in c++ : 
   1.0000   1.0000   1.0000
   1.0000   1.0000   1.0000
   1.0000   1.0000   1.0000
   1.0000   1.0000   1.0000
   1.0000   1.0000   1.0000
   1.0000   1.0000   1.0000
   1.0000   1.0000   1.0000
   1.0000   1.0000   1.0000
   1.0000   1.0000   1.0000
   1.0000   1.0000   1.0000
   1.0000   1.0000   1.0000
   1.0000   1.0000   1.0000
   1.0000   1.0000   1.0000
   1.0000   1.0000   1.0000
   1.0000   1.0000   1.0000
   1.0000   1.0000   1.0000
   1.0000   1.0000   1.0000
   1.0000   1.0000   1.0000
   1.0000   1.0000   1.0000
   1.0000   1.0000   1.0000
   1.0000   1.0000   1.0000
   1.0000   1.0000   1.0000
   1.0000   1.0000   1.0000
   1.0000   1.0000   1.0000
   1.0000   1.0000   1.0000
   1.0000   1.0000   1.0000
   1.0000   1.0000   1.0000
   1.0000   1.0000   1.0000
   1.0000   1.0000   1.0000
   1.0000   1.0000   1.0000
   1.0000   1.0000   1.0000
   1.0000   1.0000   1.0000
   1.0000   1.0000   1.0000
   1.0000   1.0000   1.0000
   1.0000   1.0000   1.0000
   1.0000   1.0000   1.0000
   1.0000   1.0000   1.0000
   1.0000   1.0000   1.0000
   1.0000   1.0000   1.0000
   1.0000   1.0000   1.0000
   1.0000   1.0000   1.0000
   1.0000   1.0000   1.0000
   1.0000   1.0000   1.0000
   1.0000   1.0000   1.0000
   1.0000   1.0000   1.0000
   1.0000   1.0000   1.0000
   1.0000   1.0000   1.0000
   1.0000   1.0000   1.0000
   1.0000   1.0000   1.0000
   1.0000   1.0000   1.0000
   1.0000   1.0000   1.0000
   1.0000   1.0000   1.0000
   1.0000   1.0000   1.0000
   1.0000   1.0000   1.0000
   1.0000   1.0000   1.0000
   1.0000   1.0000   1.0000
   1.0000   1.0000   1.0000

applying weight : 1
applying weight : 1
applying weight : 1
Here are the weights in c++ : 
   1.0000   1.0000   1.0000
   1.0000   1.0000   1.0000
   1.0000   1.0000   1.0000
   1.0000   1.0000   1.0000
   1.0000   1.0000   1.0000
   1.0000   1.0000   1.0000
   1.0000   1.0000   1.0000
   1.0000   1.0000   1.0000
   1.0000   1.0000   1.0000
   1.0000   1.0000   1.0000
   1.0000   1.0000   1.0000
   1.0000   1.0000   1.0000
   1.0000   1.0000   1.0000
   1.0000   1.0000   1.0000
   1.0000   1.0000   1.0000
   1.0000   1.0000   1.0000
   1.0000   1.0000   1.0000
   1.0000   1.0000   1.0000
   1.0000   1.0000   1.0000
   1.0000   1.0000   1.0000
   1.0000   1.0000   1.0000
   1.0000   1.0000   1.0000
   1.0000   1.0000   1.0000
   1.0000   1.0000   1.0000
   1.0000   1.0000   1.0000
   1.0000   1.0000   1.0000
   1.0000   1.0000   1.0000
   1.0000   1.0000   1.0000
   1.0000   1.0000   1.0000
   1.0000   1.0000   1.0000
   1.0000   1.0000   1.0000
   1.0000   1.0000   1.0000
   1.0000   1.0000   1.0000
   1.0000   1.0000   1.0000
   1.0000   1.0000   1.0000
   1.0000   1.0000   1.0000
   1.0000   1.0000   1.0000
   1.0000   1.0000   1.0000
   1.0000   1.0000   1.0000
   1.0000   1.0000   1.0000
   1.0000   1.0000   1.0000
   1.0000   1.0000   1.0000
   1.0000   1.0000   1.0000
   1.0000   1.0000   1.0000
   1.0000   1.0000   1.0000
   1.0000   1.0000   1.0000
   1.0000   1.0000   1.0000
   1.0000   1.0000   1.0000
   1.0000   1.0000   1.0000
   1.0000   1.0000   1.0000
   1.0000   1.0000   1.0000
   1.0000   1.0000   1.0000
   1.0000   1.0000   1.0000
   1.0000   1.0000   1.0000
   1.0000   1.0000   1.0000
   1.0000   1.0000   1.0000
   1.0000   1.0000   1.0000

applying weight : 1
applying weight : 1
applying weight : 1
Here are the weights in c++ : 
   1.0000   1.0000   1.0000
   1.0000   1.0000   1.0000
   1.0000   1.0000   1.0000
   1.0000   1.0000   1.0000
   1.0000   1.0000   1.0000
   1.0000   1.0000   1.0000
   1.0000   1.0000   1.0000
   1.0000   1.0000   1.0000
   1.0000   1.0000   1.0000
   1.0000   1.0000   1.0000
   1.0000   1.0000   1.0000
   1.0000   1.0000   1.0000
   1.0000   1.0000   1.0000
   1.0000   1.0000   1.0000
   1.0000   1.0000   1.0000
   1.0000   1.0000   1.0000
   1.0000   1.0000   1.0000
   1.0000   1.0000   1.0000
   1.0000   1.0000   1.0000
   1.0000   1.0000   1.0000
   1.0000   1.0000   1.0000
   1.0000   1.0000   1.0000
   1.0000   1.0000   1.0000
   1.0000   1.0000   1.0000
   1.0000   1.0000   1.0000
   1.0000   1.0000   1.0000
   1.0000   1.0000   1.0000
   1.0000   1.0000   1.0000
   1.0000   1.0000   1.0000
   1.0000   1.0000   1.0000
   1.0000   1.0000   1.0000
   1.0000   1.0000   1.0000
   1.0000   1.0000   1.0000
   1.0000   1.0000   1.0000
   1.0000   1.0000   1.0000
   1.0000   1.0000   1.0000
   1.0000   1.0000   1.0000
   1.0000   1.0000   1.0000
   1.0000   1.0000   1.0000
   1.0000   1.0000   1.0000
   1.0000   1.0000   1.0000
   1.0000   1.0000   1.0000
   1.0000   1.0000   1.0000
   1.0000   1.0000   1.0000
   1.0000   1.0000   1.0000
   1.0000   1.0000   1.0000
   1.0000   1.0000   1.0000
   1.0000   1.0000   1.0000
   1.0000   1.0000   1.0000
   1.0000   1.0000   1.0000
   1.0000   1.0000   1.0000
   1.0000   1.0000   1.0000
   1.0000   1.0000   1.0000
   1.0000   1.0000   1.0000
   1.0000   1.0000   1.0000
   1.0000   1.0000   1.0000
   1.0000   1.0000   1.0000

applying weight : 1
applying weight : 1
applying weight : 1
Here are the weights in c++ : 
   1.0000   1.0000   1.0000
   1.0000   1.0000   1.0000
   1.0000   1.0000   1.0000
   1.0000   1.0000   1.0000
   1.0000   1.0000   1.0000
   1.0000   1.0000   1.0000
   1.0000   1.0000   1.0000
   1.0000   1.0000   1.0000
   1.0000   1.0000   1.0000
   1.0000   1.0000   1.0000
   1.0000   1.0000   1.0000
   1.0000   1.0000   1.0000
   1.0000   1.0000   1.0000
   1.0000   1.0000   1.0000
   1.0000   1.0000   1.0000
   1.0000   1.0000   1.0000
   1.0000   1.0000   1.0000
   1.0000   1.0000   1.0000
   1.0000   1.0000   1.0000
   1.0000   1.0000   1.0000
   1.0000   1.0000   1.0000
   1.0000   1.0000   1.0000
   1.0000   1.0000   1.0000
   1.0000   1.0000   1.0000
   1.0000   1.0000   1.0000
   1.0000   1.0000   1.0000
   1.0000   1.0000   1.0000
   1.0000   1.0000   1.0000
   1.0000   1.0000   1.0000
   1.0000   1.0000   1.0000
   1.0000   1.0000   1.0000
   1.0000   1.0000   1.0000
   1.0000   1.0000   1.0000
   1.0000   1.0000   1.0000
   1.0000   1.0000   1.0000
   1.0000   1.0000   1.0000
   1.0000   1.0000   1.0000
   1.0000   1.0000   1.0000
   1.0000   1.0000   1.0000
   1.0000   1.0000   1.0000
   1.0000   1.0000   1.0000
   1.0000   1.0000   1.0000
   1.0000   1.0000   1.0000
   1.0000   1.0000   1.0000
   1.0000   1.0000   1.0000
   1.0000   1.0000   1.0000
   1.0000   1.0000   1.0000
   1.0000   1.0000   1.0000
   1.0000   1.0000   1.0000
   1.0000   1.0000   1.0000
   1.0000   1.0000   1.0000
   1.0000   1.0000   1.0000
   1.0000   1.0000   1.0000
   1.0000   1.0000   1.0000
   1.0000   1.0000   1.0000
   1.0000   1.0000   1.0000
   1.0000   1.0000   1.0000

applying weight : 1
applying weight : 1
applying weight : 1
Here are the weights in c++ : 
   1.0000   1.0000   1.0000
   1.0000   1.0000   1.0000
   1.0000   1.0000   1.0000
   1.0000   1.0000   1.0000
   1.0000   1.0000   1.0000
   1.0000   1.0000   1.0000
   1.0000   1.0000   1.0000
   1.0000   1.0000   1.0000
   1.0000   1.0000   1.0000
   1.0000   1.0000   1.0000
   1.0000   1.0000   1.0000
   1.0000   1.0000   1.0000
   1.0000   1.0000   1.0000
   1.0000   1.0000   1.0000
   1.0000   1.0000   1.0000
   1.0000   1.0000   1.0000
   1.0000   1.0000   1.0000
   1.0000   1.0000   1.0000
   1.0000   1.0000   1.0000
   1.0000   1.0000   1.0000
   1.0000   1.0000   1.0000
   1.0000   1.0000   1.0000
   1.0000   1.0000   1.0000
   1.0000   1.0000   1.0000
   1.0000   1.0000   1.0000
   1.0000   1.0000   1.0000
   1.0000   1.0000   1.0000
   1.0000   1.0000   1.0000
   1.0000   1.0000   1.0000
   1.0000   1.0000   1.0000
   1.0000   1.0000   1.0000
   1.0000   1.0000   1.0000
   1.0000   1.0000   1.0000
   1.0000   1.0000   1.0000
   1.0000   1.0000   1.0000
   1.0000   1.0000   1.0000
   1.0000   1.0000   1.0000
   1.0000   1.0000   1.0000
   1.0000   1.0000   1.0000
   1.0000   1.0000   1.0000
   1.0000   1.0000   1.0000
   1.0000   1.0000   1.0000
   1.0000   1.0000   1.0000
   1.0000   1.0000   1.0000
   1.0000   1.0000   1.0000
   1.0000   1.0000   1.0000
   1.0000   1.0000   1.0000
   1.0000   1.0000   1.0000
   1.0000   1.0000   1.0000
   1.0000   1.0000   1.0000
   1.0000   1.0000   1.0000
   1.0000   1.0000   1.0000
   1.0000   1.0000   1.0000
   1.0000   1.0000   1.0000
   1.0000   1.0000   1.0000
   1.0000   1.0000   1.0000
   1.0000   1.0000   1.0000

applying weight : 1
applying weight : 1
applying weight : 1
Here are the weights in c++ : 
   1.0000   1.0000   1.0000
   1.0000   1.0000   1.0000
   1.0000   1.0000   1.0000
   1.0000   1.0000   1.0000
   1.0000   1.0000   1.0000
   1.0000   1.0000   1.0000
   1.0000   1.0000   1.0000
   1.0000   1.0000   1.0000
   1.0000   1.0000   1.0000
   1.0000   1.0000   1.0000
   1.0000   1.0000   1.0000
   1.0000   1.0000   1.0000
   1.0000   1.0000   1.0000
   1.0000   1.0000   1.0000
   1.0000   1.0000   1.0000
   1.0000   1.0000   1.0000
   1.0000   1.0000   1.0000
   1.0000   1.0000   1.0000
   1.0000   1.0000   1.0000
   1.0000   1.0000   1.0000
   1.0000   1.0000   1.0000
   1.0000   1.0000   1.0000
   1.0000   1.0000   1.0000
   1.0000   1.0000   1.0000
   1.0000   1.0000   1.0000
   1.0000   1.0000   1.0000
   1.0000   1.0000   1.0000
   1.0000   1.0000   1.0000
   1.0000   1.0000   1.0000
   1.0000   1.0000   1.0000
   1.0000   1.0000   1.0000
   1.0000   1.0000   1.0000
   1.0000   1.0000   1.0000
   1.0000   1.0000   1.0000
   1.0000   1.0000   1.0000
   1.0000   1.0000   1.0000
   1.0000   1.0000   1.0000
   1.0000   1.0000   1.0000
   1.0000   1.0000   1.0000
   1.0000   1.0000   1.0000
   1.0000   1.0000   1.0000
   1.0000   1.0000   1.0000
   1.0000   1.0000   1.0000
   1.0000   1.0000   1.0000
   1.0000   1.0000   1.0000
   1.0000   1.0000   1.0000
   1.0000   1.0000   1.0000
   1.0000   1.0000   1.0000
   1.0000   1.0000   1.0000
   1.0000   1.0000   1.0000
   1.0000   1.0000   1.0000
   1.0000   1.0000   1.0000
   1.0000   1.0000   1.0000
   1.0000   1.0000   1.0000
   1.0000   1.0000   1.0000
   1.0000   1.0000   1.0000
   1.0000   1.0000   1.0000

applying weight : 1
applying weight : 1
applying weight : 1
Here are the weights in c++ : 
   1.0000   1.0000   1.0000
   1.0000   1.0000   1.0000
   1.0000   1.0000   1.0000
   1.0000   1.0000   1.0000
   1.0000   1.0000   1.0000
   1.0000   1.0000   1.0000
   1.0000   1.0000   1.0000
   1.0000   1.0000   1.0000
   1.0000   1.0000   1.0000
   1.0000   1.0000   1.0000
   1.0000   1.0000   1.0000
   1.0000   1.0000   1.0000
   1.0000   1.0000   1.0000
   1.0000   1.0000   1.0000
   1.0000   1.0000   1.0000
   1.0000   1.0000   1.0000
   1.0000   1.0000   1.0000
   1.0000   1.0000   1.0000
   1.0000   1.0000   1.0000
   1.0000   1.0000   1.0000
   1.0000   1.0000   1.0000
   1.0000   1.0000   1.0000
   1.0000   1.0000   1.0000
   1.0000   1.0000   1.0000
   1.0000   1.0000   1.0000
   1.0000   1.0000   1.0000
   1.0000   1.0000   1.0000
   1.0000   1.0000   1.0000
   1.0000   1.0000   1.0000
   1.0000   1.0000   1.0000
   1.0000   1.0000   1.0000
   1.0000   1.0000   1.0000
   1.0000   1.0000   1.0000
   1.0000   1.0000   1.0000
   1.0000   1.0000   1.0000
   1.0000   1.0000   1.0000
   1.0000   1.0000   1.0000
   1.0000   1.0000   1.0000
   1.0000   1.0000   1.0000
   1.0000   1.0000   1.0000
   1.0000   1.0000   1.0000
   1.0000   1.0000   1.0000
   1.0000   1.0000   1.0000
   1.0000   1.0000   1.0000
   1.0000   1.0000   1.0000
   1.0000   1.0000   1.0000
   1.0000   1.0000   1.0000
   1.0000   1.0000   1.0000
   1.0000   1.0000   1.0000
   1.0000   1.0000   1.0000
   1.0000   1.0000   1.0000
   1.0000   1.0000   1.0000
   1.0000   1.0000   1.0000
   1.0000   1.0000   1.0000
   1.0000   1.0000   1.0000
   1.0000   1.0000   1.0000
   1.0000   1.0000   1.0000

applying weight : 1
applying weight : 1
applying weight : 1
Here are the weights in c++ : 
   1.0000   1.0000   1.0000
   1.0000   1.0000   1.0000
   1.0000   1.0000   1.0000
   1.0000   1.0000   1.0000
   1.0000   1.0000   1.0000
   1.0000   1.0000   1.0000
   1.0000   1.0000   1.0000
   1.0000   1.0000   1.0000
   1.0000   1.0000   1.0000
   1.0000   1.0000   1.0000
   1.0000   1.0000   1.0000
   1.0000   1.0000   1.0000
   1.0000   1.0000   1.0000
   1.0000   1.0000   1.0000
   1.0000   1.0000   1.0000
   1.0000   1.0000   1.0000
   1.0000   1.0000   1.0000
   1.0000   1.0000   1.0000
   1.0000   1.0000   1.0000
   1.0000   1.0000   1.0000
   1.0000   1.0000   1.0000
   1.0000   1.0000   1.0000
   1.0000   1.0000   1.0000
   1.0000   1.0000   1.0000
   1.0000   1.0000   1.0000
   1.0000   1.0000   1.0000
   1.0000   1.0000   1.0000
   1.0000   1.0000   1.0000
   1.0000   1.0000   1.0000
   1.0000   1.0000   1.0000
   1.0000   1.0000   1.0000
   1.0000   1.0000   1.0000
   1.0000   1.0000   1.0000
   1.0000   1.0000   1.0000
   1.0000   1.0000   1.0000
   1.0000   1.0000   1.0000
   1.0000   1.0000   1.0000
   1.0000   1.0000   1.0000
   1.0000   1.0000   1.0000
   1.0000   1.0000   1.0000
   1.0000   1.0000   1.0000
   1.0000   1.0000   1.0000
   1.0000   1.0000   1.0000
   1.0000   1.0000   1.0000
   1.0000   1.0000   1.0000
   1.0000   1.0000   1.0000
   1.0000   1.0000   1.0000
   1.0000   1.0000   1.0000
   1.0000   1.0000   1.0000
   1.0000   1.0000   1.0000
   1.0000   1.0000   1.0000
   1.0000   1.0000   1.0000
   1.0000   1.0000   1.0000
   1.0000   1.0000   1.0000
   1.0000   1.0000   1.0000
   1.0000   1.0000   1.0000
   1.0000   1.0000   1.0000

applying weight : 1
applying weight : 1
applying weight : 1
Here are the weights in c++ : 
   1.0000   1.0000   1.0000
   1.0000   1.0000   1.0000
   1.0000   1.0000   1.0000
   1.0000   1.0000   1.0000
   1.0000   1.0000   1.0000
   1.0000   1.0000   1.0000
   1.0000   1.0000   1.0000
   1.0000   1.0000   1.0000
   1.0000   1.0000   1.0000
   1.0000   1.0000   1.0000
   1.0000   1.0000   1.0000
   1.0000   1.0000   1.0000
   1.0000   1.0000   1.0000
   1.0000   1.0000   1.0000
   1.0000   1.0000   1.0000
   1.0000   1.0000   1.0000
   1.0000   1.0000   1.0000
   1.0000   1.0000   1.0000
   1.0000   1.0000   1.0000
   1.0000   1.0000   1.0000
   1.0000   1.0000   1.0000
   1.0000   1.0000   1.0000
   1.0000   1.0000   1.0000
   1.0000   1.0000   1.0000
   1.0000   1.0000   1.0000
   1.0000   1.0000   1.0000
   1.0000   1.0000   1.0000
   1.0000   1.0000   1.0000
   1.0000   1.0000   1.0000
   1.0000   1.0000   1.0000
   1.0000   1.0000   1.0000
   1.0000   1.0000   1.0000
   1.0000   1.0000   1.0000
   1.0000   1.0000   1.0000
   1.0000   1.0000   1.0000
   1.0000   1.0000   1.0000
   1.0000   1.0000   1.0000
   1.0000   1.0000   1.0000
   1.0000   1.0000   1.0000
   1.0000   1.0000   1.0000
   1.0000   1.0000   1.0000
   1.0000   1.0000   1.0000
   1.0000   1.0000   1.0000
   1.0000   1.0000   1.0000
   1.0000   1.0000   1.0000
   1.0000   1.0000   1.0000
   1.0000   1.0000   1.0000
   1.0000   1.0000   1.0000
   1.0000   1.0000   1.0000
   1.0000   1.0000   1.0000
   1.0000   1.0000   1.0000
   1.0000   1.0000   1.0000
   1.0000   1.0000   1.0000
   1.0000   1.0000   1.0000
   1.0000   1.0000   1.0000
   1.0000   1.0000   1.0000
   1.0000   1.0000   1.0000

applying weight : 1
applying weight : 1
applying weight : 1
Here are the weights in c++ : 
   1.0000   1.0000   1.0000
   1.0000   1.0000   1.0000
   1.0000   1.0000   1.0000
   1.0000   1.0000   1.0000
   1.0000   1.0000   1.0000
   1.0000   1.0000   1.0000
   1.0000   1.0000   1.0000
   1.0000   1.0000   1.0000
   1.0000   1.0000   1.0000
   1.0000   1.0000   1.0000
   1.0000   1.0000   1.0000
   1.0000   1.0000   1.0000
   1.0000   1.0000   1.0000
   1.0000   1.0000   1.0000
   1.0000   1.0000   1.0000
   1.0000   1.0000   1.0000
   1.0000   1.0000   1.0000
   1.0000   1.0000   1.0000
   1.0000   1.0000   1.0000
   1.0000   1.0000   1.0000
   1.0000   1.0000   1.0000
   1.0000   1.0000   1.0000
   1.0000   1.0000   1.0000
   1.0000   1.0000   1.0000
   1.0000   1.0000   1.0000
   1.0000   1.0000   1.0000
   1.0000   1.0000   1.0000
   1.0000   1.0000   1.0000
   1.0000   1.0000   1.0000
   1.0000   1.0000   1.0000
   1.0000   1.0000   1.0000
   1.0000   1.0000   1.0000
   1.0000   1.0000   1.0000
   1.0000   1.0000   1.0000
   1.0000   1.0000   1.0000
   1.0000   1.0000   1.0000
   1.0000   1.0000   1.0000
   1.0000   1.0000   1.0000
   1.0000   1.0000   1.0000
   1.0000   1.0000   1.0000
   1.0000   1.0000   1.0000
   1.0000   1.0000   1.0000
   1.0000   1.0000   1.0000
   1.0000   1.0000   1.0000
   1.0000   1.0000   1.0000
   1.0000   1.0000   1.0000
   1.0000   1.0000   1.0000
   1.0000   1.0000   1.0000
   1.0000   1.0000   1.0000
   1.0000   1.0000   1.0000
   1.0000   1.0000   1.0000
   1.0000   1.0000   1.0000
   1.0000   1.0000   1.0000
   1.0000   1.0000   1.0000
   1.0000   1.0000   1.0000
   1.0000   1.0000   1.0000
   1.0000   1.0000   1.0000

applying weight : 1
applying weight : 1
applying weight : 1
Here are the weights in c++ : 
   1.0000   1.0000   1.0000
   1.0000   1.0000   1.0000
   1.0000   1.0000   1.0000
   1.0000   1.0000   1.0000
   1.0000   1.0000   1.0000
   1.0000   1.0000   1.0000
   1.0000   1.0000   1.0000
   1.0000   1.0000   1.0000
   1.0000   1.0000   1.0000
   1.0000   1.0000   1.0000
   1.0000   1.0000   1.0000
   1.0000   1.0000   1.0000
   1.0000   1.0000   1.0000
   1.0000   1.0000   1.0000
   1.0000   1.0000   1.0000
   1.0000   1.0000   1.0000
   1.0000   1.0000   1.0000
   1.0000   1.0000   1.0000
   1.0000   1.0000   1.0000
   1.0000   1.0000   1.0000
   1.0000   1.0000   1.0000
   1.0000   1.0000   1.0000
   1.0000   1.0000   1.0000
   1.0000   1.0000   1.0000
   1.0000   1.0000   1.0000
   1.0000   1.0000   1.0000
   1.0000   1.0000   1.0000
   1.0000   1.0000   1.0000
   1.0000   1.0000   1.0000
   1.0000   1.0000   1.0000
   1.0000   1.0000   1.0000
   1.0000   1.0000   1.0000
   1.0000   1.0000   1.0000
   1.0000   1.0000   1.0000
   1.0000   1.0000   1.0000
   1.0000   1.0000   1.0000
   1.0000   1.0000   1.0000
   1.0000   1.0000   1.0000
   1.0000   1.0000   1.0000
   1.0000   1.0000   1.0000
   1.0000   1.0000   1.0000
   1.0000   1.0000   1.0000
   1.0000   1.0000   1.0000
   1.0000   1.0000   1.0000
   1.0000   1.0000   1.0000
   1.0000   1.0000   1.0000
   1.0000   1.0000   1.0000
   1.0000   1.0000   1.0000
   1.0000   1.0000   1.0000
   1.0000   1.0000   1.0000
   1.0000   1.0000   1.0000
   1.0000   1.0000   1.0000
   1.0000   1.0000   1.0000
   1.0000   1.0000   1.0000
   1.0000   1.0000   1.0000
   1.0000   1.0000   1.0000
   1.0000   1.0000   1.0000

applying weight : 1
applying weight : 1
applying weight : 1
  |                                                                                                                                 |=========================================================================================================================| 100%⠋ |   2     9 | testing the bandwidth selection functions                                                                          Here are the weights in c++ : 
   1.0000   1.0000   1.0000
   1.0000   1.0000   1.0000
   1.0000   1.0000   1.0000
   1.0000   1.0000   1.0000
   1.0000   1.0000   1.0000
   1.0000   1.0000   1.0000
   1.0000   1.0000   1.0000
   1.0000   1.0000   1.0000
   1.0000   1.0000   1.0000
   1.0000   1.0000   1.0000
   1.0000   1.0000   1.0000
   1.0000   1.0000   1.0000
   1.0000   1.0000   1.0000
   1.0000   1.0000   1.0000
   1.0000   1.0000   1.0000
   1.0000   1.0000   1.0000
   1.0000   1.0000   1.0000
   1.0000   1.0000   1.0000
   1.0000   1.0000   1.0000
   1.0000   1.0000   1.0000
   1.0000   1.0000   1.0000
   1.0000   1.0000   1.0000
   1.0000   1.0000   1.0000
   1.0000   1.0000   1.0000
   1.0000   1.0000   1.0000
   1.0000   1.0000   1.0000
   1.0000   1.0000   1.0000
   1.0000   1.0000   1.0000
   1.0000   1.0000   1.0000
   1.0000   1.0000   1.0000
   1.0000   1.0000   1.0000
   1.0000   1.0000   1.0000
   1.0000   1.0000   1.0000
   1.0000   1.0000   1.0000
   1.0000   1.0000   1.0000
   1.0000   1.0000   1.0000
   1.0000   1.0000   1.0000
   1.0000   1.0000   1.0000

applying weight : 1
applying weight : 1
applying weight : 1
Here are the weights in c++ : 
   1.0000   1.0000   1.0000
   1.0000   1.0000   1.0000
   1.0000   1.0000   1.0000
   1.0000   1.0000   1.0000
   1.0000   1.0000   1.0000
   1.0000   1.0000   1.0000
   1.0000   1.0000   1.0000
   1.0000   1.0000   1.0000
   1.0000   1.0000   1.0000
   1.0000   1.0000   1.0000
   1.0000   1.0000   1.0000
   1.0000   1.0000   1.0000
   1.0000   1.0000   1.0000
   1.0000   1.0000   1.0000
   1.0000   1.0000   1.0000
   1.0000   1.0000   1.0000
   1.0000   1.0000   1.0000
   1.0000   1.0000   1.0000
   1.0000   1.0000   1.0000
   1.0000   1.0000   1.0000
   1.0000   1.0000   1.0000
   1.0000   1.0000   1.0000
   1.0000   1.0000   1.0000
   1.0000   1.0000   1.0000
   1.0000   1.0000   1.0000
   1.0000   1.0000   1.0000
   1.0000   1.0000   1.0000
   1.0000   1.0000   1.0000
   1.0000   1.0000   1.0000
   1.0000   1.0000   1.0000
   1.0000   1.0000   1.0000
   1.0000   1.0000   1.0000
   1.0000   1.0000   1.0000
   1.0000   1.0000   1.0000
   1.0000   1.0000   1.0000
   1.0000   1.0000   1.0000
   1.0000   1.0000   1.0000
   1.0000   1.0000   1.0000

applying weight : 1
applying weight : 1
applying weight : 1
Here are the weights in c++ : 
   1.0000   1.0000   1.0000
   1.0000   1.0000   1.0000
   1.0000   1.0000   1.0000
   1.0000   1.0000   1.0000
   1.0000   1.0000   1.0000
   1.0000   1.0000   1.0000
   1.0000   1.0000   1.0000
   1.0000   1.0000   1.0000
   1.0000   1.0000   1.0000
   1.0000   1.0000   1.0000
   1.0000   1.0000   1.0000
   1.0000   1.0000   1.0000
   1.0000   1.0000   1.0000
   1.0000   1.0000   1.0000
   1.0000   1.0000   1.0000
   1.0000   1.0000   1.0000
   1.0000   1.0000   1.0000
   1.0000   1.0000   1.0000
   1.0000   1.0000   1.0000
   1.0000   1.0000   1.0000
   1.0000   1.0000   1.0000
   1.0000   1.0000   1.0000
   1.0000   1.0000   1.0000
   1.0000   1.0000   1.0000
   1.0000   1.0000   1.0000
   1.0000   1.0000   1.0000
   1.0000   1.0000   1.0000
   1.0000   1.0000   1.0000
   1.0000   1.0000   1.0000
   1.0000   1.0000   1.0000
   1.0000   1.0000   1.0000
   1.0000   1.0000   1.0000
   1.0000   1.0000   1.0000
   1.0000   1.0000   1.0000
   1.0000   1.0000   1.0000
   1.0000   1.0000   1.0000
   1.0000   1.0000   1.0000
   1.0000   1.0000   1.0000

applying weight : 1
applying weight : 1
applying weight : 1
Here are the weights in c++ : 
   1.0000   1.0000   1.0000
   1.0000   1.0000   1.0000
   1.0000   1.0000   1.0000
   1.0000   1.0000   1.0000
   1.0000   1.0000   1.0000
   1.0000   1.0000   1.0000
   1.0000   1.0000   1.0000
   1.0000   1.0000   1.0000
   1.0000   1.0000   1.0000
   1.0000   1.0000   1.0000
   1.0000   1.0000   1.0000
   1.0000   1.0000   1.0000
   1.0000   1.0000   1.0000
   1.0000   1.0000   1.0000
   1.0000   1.0000   1.0000
   1.0000   1.0000   1.0000
   1.0000   1.0000   1.0000
   1.0000   1.0000   1.0000
   1.0000   1.0000   1.0000
   1.0000   1.0000   1.0000
   1.0000   1.0000   1.0000
   1.0000   1.0000   1.0000
   1.0000   1.0000   1.0000
   1.0000   1.0000   1.0000
   1.0000   1.0000   1.0000
   1.0000   1.0000   1.0000
   1.0000   1.0000   1.0000
   1.0000   1.0000   1.0000
   1.0000   1.0000   1.0000
   1.0000   1.0000   1.0000
   1.0000   1.0000   1.0000
   1.0000   1.0000   1.0000
   1.0000   1.0000   1.0000
   1.0000   1.0000   1.0000
   1.0000   1.0000   1.0000
   1.0000   1.0000   1.0000
   1.0000   1.0000   1.0000
   1.0000   1.0000   1.0000

applying weight : 1
applying weight : 1
applying weight : 1
Here are the weights in c++ : 
   1.0000   1.0000   1.0000
   1.0000   1.0000   1.0000
   1.0000   1.0000   1.0000
   1.0000   1.0000   1.0000
   1.0000   1.0000   1.0000
   1.0000   1.0000   1.0000
   1.0000   1.0000   1.0000
   1.0000   1.0000   1.0000
   1.0000   1.0000   1.0000
   1.0000   1.0000   1.0000
   1.0000   1.0000   1.0000
   1.0000   1.0000   1.0000
   1.0000   1.0000   1.0000
   1.0000   1.0000   1.0000
   1.0000   1.0000   1.0000
   1.0000   1.0000   1.0000
   1.0000   1.0000   1.0000
   1.0000   1.0000   1.0000
   1.0000   1.0000   1.0000
   1.0000   1.0000   1.0000
   1.0000   1.0000   1.0000
   1.0000   1.0000   1.0000
   1.0000   1.0000   1.0000
   1.0000   1.0000   1.0000
   1.0000   1.0000   1.0000
   1.0000   1.0000   1.0000
   1.0000   1.0000   1.0000
   1.0000   1.0000   1.0000
   1.0000   1.0000   1.0000
   1.0000   1.0000   1.0000
   1.0000   1.0000   1.0000
   1.0000   1.0000   1.0000
   1.0000   1.0000   1.0000
   1.0000   1.0000   1.0000
   1.0000   1.0000   1.0000
   1.0000   1.0000   1.0000
   1.0000   1.0000   1.0000
   1.0000   1.0000   1.0000

applying weight : 1
applying weight : 1
applying weight : 1
Here are the weights in c++ : 
   1.0000   1.0000   1.0000
   1.0000   1.0000   1.0000
   1.0000   1.0000   1.0000
   1.0000   1.0000   1.0000
   1.0000   1.0000   1.0000
   1.0000   1.0000   1.0000
   1.0000   1.0000   1.0000
   1.0000   1.0000   1.0000
   1.0000   1.0000   1.0000
   1.0000   1.0000   1.0000
   1.0000   1.0000   1.0000
   1.0000   1.0000   1.0000
   1.0000   1.0000   1.0000
   1.0000   1.0000   1.0000
   1.0000   1.0000   1.0000
   1.0000   1.0000   1.0000
   1.0000   1.0000   1.0000
   1.0000   1.0000   1.0000
   1.0000   1.0000   1.0000
   1.0000   1.0000   1.0000
   1.0000   1.0000   1.0000
   1.0000   1.0000   1.0000
   1.0000   1.0000   1.0000
   1.0000   1.0000   1.0000
   1.0000   1.0000   1.0000
   1.0000   1.0000   1.0000
   1.0000   1.0000   1.0000
   1.0000   1.0000   1.0000
   1.0000   1.0000   1.0000
   1.0000   1.0000   1.0000
   1.0000   1.0000   1.0000
   1.0000   1.0000   1.0000
   1.0000   1.0000   1.0000
   1.0000   1.0000   1.0000
   1.0000   1.0000   1.0000
   1.0000   1.0000   1.0000
   1.0000   1.0000   1.0000
   1.0000   1.0000   1.0000

applying weight : 1
applying weight : 1
applying weight : 1
Here are the weights in c++ : 
   1.0000   1.0000   1.0000
   1.0000   1.0000   1.0000
   1.0000   1.0000   1.0000
   1.0000   1.0000   1.0000
   1.0000   1.0000   1.0000
   1.0000   1.0000   1.0000
   1.0000   1.0000   1.0000
   1.0000   1.0000   1.0000
   1.0000   1.0000   1.0000
   1.0000   1.0000   1.0000
   1.0000   1.0000   1.0000
   1.0000   1.0000   1.0000
   1.0000   1.0000   1.0000
   1.0000   1.0000   1.0000
   1.0000   1.0000   1.0000
   1.0000   1.0000   1.0000
   1.0000   1.0000   1.0000
   1.0000   1.0000   1.0000
   1.0000   1.0000   1.0000
   1.0000   1.0000   1.0000
   1.0000   1.0000   1.0000
   1.0000   1.0000   1.0000
   1.0000   1.0000   1.0000
   1.0000   1.0000   1.0000
   1.0000   1.0000   1.0000
   1.0000   1.0000   1.0000
   1.0000   1.0000   1.0000
   1.0000   1.0000   1.0000
   1.0000   1.0000   1.0000
   1.0000   1.0000   1.0000
   1.0000   1.0000   1.0000
   1.0000   1.0000   1.0000
   1.0000   1.0000   1.0000
   1.0000   1.0000   1.0000
   1.0000   1.0000   1.0000
   1.0000   1.0000   1.0000
   1.0000   1.0000   1.0000
   1.0000   1.0000   1.0000

applying weight : 1
applying weight : 1
applying weight : 1
Here are the weights in c++ : 
   1.0000   1.0000   1.0000
   1.0000   1.0000   1.0000
   1.0000   1.0000   1.0000
   1.0000   1.0000   1.0000
   1.0000   1.0000   1.0000
   1.0000   1.0000   1.0000
   1.0000   1.0000   1.0000
   1.0000   1.0000   1.0000
   1.0000   1.0000   1.0000
   1.0000   1.0000   1.0000
   1.0000   1.0000   1.0000
   1.0000   1.0000   1.0000
   1.0000   1.0000   1.0000
   1.0000   1.0000   1.0000
   1.0000   1.0000   1.0000
   1.0000   1.0000   1.0000
   1.0000   1.0000   1.0000
   1.0000   1.0000   1.0000
   1.0000   1.0000   1.0000
   1.0000   1.0000   1.0000
   1.0000   1.0000   1.0000
   1.0000   1.0000   1.0000
   1.0000   1.0000   1.0000
   1.0000   1.0000   1.0000
   1.0000   1.0000   1.0000
   1.0000   1.0000   1.0000
   1.0000   1.0000   1.0000
   1.0000   1.0000   1.0000
   1.0000   1.0000   1.0000
   1.0000   1.0000   1.0000
   1.0000   1.0000   1.0000
   1.0000   1.0000   1.0000
   1.0000   1.0000   1.0000
   1.0000   1.0000   1.0000
   1.0000   1.0000   1.0000
   1.0000   1.0000   1.0000
   1.0000   1.0000   1.0000
   1.0000   1.0000   1.0000

applying weight : 1
applying weight : 1
applying weight : 1
Here are the weights in c++ : 
   1.0000   1.0000   1.0000
   1.0000   1.0000   1.0000
   1.0000   1.0000   1.0000
   1.0000   1.0000   1.0000
   1.0000   1.0000   1.0000
   1.0000   1.0000   1.0000
   1.0000   1.0000   1.0000
   1.0000   1.0000   1.0000
   1.0000   1.0000   1.0000
   1.0000   1.0000   1.0000
   1.0000   1.0000   1.0000
   1.0000   1.0000   1.0000
   1.0000   1.0000   1.0000
   1.0000   1.0000   1.0000
   1.0000   1.0000   1.0000
   1.0000   1.0000   1.0000
   1.0000   1.0000   1.0000
   1.0000   1.0000   1.0000
   1.0000   1.0000   1.0000
   1.0000   1.0000   1.0000
   1.0000   1.0000   1.0000
   1.0000   1.0000   1.0000
   1.0000   1.0000   1.0000
   1.0000   1.0000   1.0000
   1.0000   1.0000   1.0000
   1.0000   1.0000   1.0000
   1.0000   1.0000   1.0000
   1.0000   1.0000   1.0000
   1.0000   1.0000   1.0000
   1.0000   1.0000   1.0000
   1.0000   1.0000   1.0000
   1.0000   1.0000   1.0000
   1.0000   1.0000   1.0000
   1.0000   1.0000   1.0000
   1.0000   1.0000   1.0000
   1.0000   1.0000   1.0000
   1.0000   1.0000   1.0000
   1.0000   1.0000   1.0000

applying weight : 1
applying weight : 1
applying weight : 1
Here are the weights in c++ : 
   1.0000   1.0000   1.0000
   1.0000   1.0000   1.0000
   1.0000   1.0000   1.0000
   1.0000   1.0000   1.0000
   1.0000   1.0000   1.0000
   1.0000   1.0000   1.0000
   1.0000   1.0000   1.0000
   1.0000   1.0000   1.0000
   1.0000   1.0000   1.0000
   1.0000   1.0000   1.0000
   1.0000   1.0000   1.0000
   1.0000   1.0000   1.0000
   1.0000   1.0000   1.0000
   1.0000   1.0000   1.0000
   1.0000   1.0000   1.0000
   1.0000   1.0000   1.0000
   1.0000   1.0000   1.0000
   1.0000   1.0000   1.0000
   1.0000   1.0000   1.0000
   1.0000   1.0000   1.0000
   1.0000   1.0000   1.0000
   1.0000   1.0000   1.0000
   1.0000   1.0000   1.0000
   1.0000   1.0000   1.0000
   1.0000   1.0000   1.0000
   1.0000   1.0000   1.0000
   1.0000   1.0000   1.0000
   1.0000   1.0000   1.0000
   1.0000   1.0000   1.0000
   1.0000   1.0000   1.0000
   1.0000   1.0000   1.0000
   1.0000   1.0000   1.0000
   1.0000   1.0000   1.0000
   1.0000   1.0000   1.0000
   1.0000   1.0000   1.0000
   1.0000   1.0000   1.0000
   1.0000   1.0000   1.0000
   1.0000   1.0000   1.0000

applying weight : 1
applying weight : 1
applying weight : 1
Here are the weights in c++ : 
   1.0000   1.0000   1.0000
   1.0000   1.0000   1.0000
   1.0000   1.0000   1.0000
   1.0000   1.0000   1.0000
   1.0000   1.0000   1.0000
   1.0000   1.0000   1.0000
   1.0000   1.0000   1.0000
   1.0000   1.0000   1.0000
   1.0000   1.0000   1.0000
   1.0000   1.0000   1.0000
   1.0000   1.0000   1.0000
   1.0000   1.0000   1.0000
   1.0000   1.0000   1.0000
   1.0000   1.0000   1.0000
   1.0000   1.0000   1.0000
   1.0000   1.0000   1.0000
   1.0000   1.0000   1.0000
   1.0000   1.0000   1.0000
   1.0000   1.0000   1.0000
   1.0000   1.0000   1.0000
   1.0000   1.0000   1.0000
   1.0000   1.0000   1.0000
   1.0000   1.0000   1.0000
   1.0000   1.0000   1.0000
   1.0000   1.0000   1.0000
   1.0000   1.0000   1.0000
   1.0000   1.0000   1.0000
   1.0000   1.0000   1.0000
   1.0000   1.0000   1.0000
   1.0000   1.0000   1.0000
   1.0000   1.0000   1.0000
   1.0000   1.0000   1.0000
   1.0000   1.0000   1.0000
   1.0000   1.0000   1.0000
   1.0000   1.0000   1.0000
   1.0000   1.0000   1.0000
   1.0000   1.0000   1.0000
   1.0000   1.0000   1.0000

applying weight : 1
applying weight : 1
applying weight : 1
Here are the weights in c++ : 
   1.0000   1.0000   1.0000
   1.0000   1.0000   1.0000
   1.0000   1.0000   1.0000
   1.0000   1.0000   1.0000
   1.0000   1.0000   1.0000
   1.0000   1.0000   1.0000
   1.0000   1.0000   1.0000
   1.0000   1.0000   1.0000
   1.0000   1.0000   1.0000
   1.0000   1.0000   1.0000
   1.0000   1.0000   1.0000
   1.0000   1.0000   1.0000
   1.0000   1.0000   1.0000
   1.0000   1.0000   1.0000
   1.0000   1.0000   1.0000
   1.0000   1.0000   1.0000
   1.0000   1.0000   1.0000
   1.0000   1.0000   1.0000
   1.0000   1.0000   1.0000
   1.0000   1.0000   1.0000
   1.0000   1.0000   1.0000
   1.0000   1.0000   1.0000
   1.0000   1.0000   1.0000
   1.0000   1.0000   1.0000
   1.0000   1.0000   1.0000
   1.0000   1.0000   1.0000
   1.0000   1.0000   1.0000
   1.0000   1.0000   1.0000
   1.0000   1.0000   1.0000
   1.0000   1.0000   1.0000
   1.0000   1.0000   1.0000
   1.0000   1.0000   1.0000
   1.0000   1.0000   1.0000
   1.0000   1.0000   1.0000
   1.0000   1.0000   1.0000
   1.0000   1.0000   1.0000
   1.0000   1.0000   1.0000
   1.0000   1.0000   1.0000

applying weight : 1
applying weight : 1
applying weight : 1
Here are the weights in c++ : 
   1.0000   1.0000   1.0000
   1.0000   1.0000   1.0000
   1.0000   1.0000   1.0000
   1.0000   1.0000   1.0000
   1.0000   1.0000   1.0000
   1.0000   1.0000   1.0000
   1.0000   1.0000   1.0000
   1.0000   1.0000   1.0000
   1.0000   1.0000   1.0000
   1.0000   1.0000   1.0000
   1.0000   1.0000   1.0000
   1.0000   1.0000   1.0000
   1.0000   1.0000   1.0000
   1.0000   1.0000   1.0000
   1.0000   1.0000   1.0000
   1.0000   1.0000   1.0000
   1.0000   1.0000   1.0000
   1.0000   1.0000   1.0000
   1.0000   1.0000   1.0000
   1.0000   1.0000   1.0000
   1.0000   1.0000   1.0000
   1.0000   1.0000   1.0000
   1.0000   1.0000   1.0000
   1.0000   1.0000   1.0000
   1.0000   1.0000   1.0000
   1.0000   1.0000   1.0000
   1.0000   1.0000   1.0000
   1.0000   1.0000   1.0000
   1.0000   1.0000   1.0000
   1.0000   1.0000   1.0000
   1.0000   1.0000   1.0000
   1.0000   1.0000   1.0000
   1.0000   1.0000   1.0000
   1.0000   1.0000   1.0000
   1.0000   1.0000   1.0000
   1.0000   1.0000   1.0000
   1.0000   1.0000   1.0000
   1.0000   1.0000   1.0000

applying weight : 1
applying weight : 1
applying weight : 1
Here are the weights in c++ : 
   1.0000   1.0000   1.0000
   1.0000   1.0000   1.0000
   1.0000   1.0000   1.0000
   1.0000   1.0000   1.0000
   1.0000   1.0000   1.0000
   1.0000   1.0000   1.0000
   1.0000   1.0000   1.0000
   1.0000   1.0000   1.0000
   1.0000   1.0000   1.0000
   1.0000   1.0000   1.0000
   1.0000   1.0000   1.0000
   1.0000   1.0000   1.0000
   1.0000   1.0000   1.0000
   1.0000   1.0000   1.0000
   1.0000   1.0000   1.0000
   1.0000   1.0000   1.0000
   1.0000   1.0000   1.0000
   1.0000   1.0000   1.0000
   1.0000   1.0000   1.0000
   1.0000   1.0000   1.0000
   1.0000   1.0000   1.0000
   1.0000   1.0000   1.0000
   1.0000   1.0000   1.0000
   1.0000   1.0000   1.0000
   1.0000   1.0000   1.0000
   1.0000   1.0000   1.0000
   1.0000   1.0000   1.0000
   1.0000   1.0000   1.0000
   1.0000   1.0000   1.0000
   1.0000   1.0000   1.0000
   1.0000   1.0000   1.0000
   1.0000   1.0000   1.0000
   1.0000   1.0000   1.0000
   1.0000   1.0000   1.0000
   1.0000   1.0000   1.0000
   1.0000   1.0000   1.0000
   1.0000   1.0000   1.0000
   1.0000   1.0000   1.0000

applying weight : 1
applying weight : 1
applying weight : 1
Here are the weights in c++ : 
   1.0000   1.0000   1.0000
   1.0000   1.0000   1.0000
   1.0000   1.0000   1.0000
   1.0000   1.0000   1.0000
   1.0000   1.0000   1.0000
   1.0000   1.0000   1.0000
   1.0000   1.0000   1.0000
   1.0000   1.0000   1.0000
   1.0000   1.0000   1.0000
   1.0000   1.0000   1.0000
   1.0000   1.0000   1.0000
   1.0000   1.0000   1.0000
   1.0000   1.0000   1.0000
   1.0000   1.0000   1.0000
   1.0000   1.0000   1.0000
   1.0000   1.0000   1.0000
   1.0000   1.0000   1.0000
   1.0000   1.0000   1.0000
   1.0000   1.0000   1.0000
   1.0000   1.0000   1.0000
   1.0000   1.0000   1.0000
   1.0000   1.0000   1.0000
   1.0000   1.0000   1.0000
   1.0000   1.0000   1.0000
   1.0000   1.0000   1.0000
   1.0000   1.0000   1.0000
   1.0000   1.0000   1.0000
   1.0000   1.0000   1.0000
   1.0000   1.0000   1.0000
   1.0000   1.0000   1.0000
   1.0000   1.0000   1.0000
   1.0000   1.0000   1.0000
   1.0000   1.0000   1.0000
   1.0000   1.0000   1.0000
   1.0000   1.0000   1.0000
   1.0000   1.0000   1.0000
   1.0000   1.0000   1.0000
   1.0000   1.0000   1.0000

applying weight : 1
applying weight : 1
applying weight : 1
Here are the weights in c++ : 
   1.0000   1.0000   1.0000
   1.0000   1.0000   1.0000
   1.0000   1.0000   1.0000
   1.0000   1.0000   1.0000
   1.0000   1.0000   1.0000
   1.0000   1.0000   1.0000
   1.0000   1.0000   1.0000
   1.0000   1.0000   1.0000
   1.0000   1.0000   1.0000
   1.0000   1.0000   1.0000
   1.0000   1.0000   1.0000
   1.0000   1.0000   1.0000
   1.0000   1.0000   1.0000
   1.0000   1.0000   1.0000
   1.0000   1.0000   1.0000
   1.0000   1.0000   1.0000
   1.0000   1.0000   1.0000
   1.0000   1.0000   1.0000
   1.0000   1.0000   1.0000
   1.0000   1.0000   1.0000
   1.0000   1.0000   1.0000
   1.0000   1.0000   1.0000
   1.0000   1.0000   1.0000
   1.0000   1.0000   1.0000
   1.0000   1.0000   1.0000
   1.0000   1.0000   1.0000
   1.0000   1.0000   1.0000
   1.0000   1.0000   1.0000
   1.0000   1.0000   1.0000
   1.0000   1.0000   1.0000
   1.0000   1.0000   1.0000
   1.0000   1.0000   1.0000
   1.0000   1.0000   1.0000
   1.0000   1.0000   1.0000
   1.0000   1.0000   1.0000
   1.0000   1.0000   1.0000
   1.0000   1.0000   1.0000
   1.0000   1.0000   1.0000

applying weight : 1
applying weight : 1
applying weight : 1
Here are the weights in c++ : 
   1.0000   1.0000   1.0000
   1.0000   1.0000   1.0000
   1.0000   1.0000   1.0000
   1.0000   1.0000   1.0000
   1.0000   1.0000   1.0000
   1.0000   1.0000   1.0000
   1.0000   1.0000   1.0000
   1.0000   1.0000   1.0000
   1.0000   1.0000   1.0000
   1.0000   1.0000   1.0000
   1.0000   1.0000   1.0000
   1.0000   1.0000   1.0000
   1.0000   1.0000   1.0000
   1.0000   1.0000   1.0000
   1.0000   1.0000   1.0000
   1.0000   1.0000   1.0000
   1.0000   1.0000   1.0000
   1.0000   1.0000   1.0000
   1.0000   1.0000   1.0000
   1.0000   1.0000   1.0000
   1.0000   1.0000   1.0000
   1.0000   1.0000   1.0000
   1.0000   1.0000   1.0000
   1.0000   1.0000   1.0000
   1.0000   1.0000   1.0000
   1.0000   1.0000   1.0000
   1.0000   1.0000   1.0000
   1.0000   1.0000   1.0000
   1.0000   1.0000   1.0000
   1.0000   1.0000   1.0000
   1.0000   1.0000   1.0000
   1.0000   1.0000   1.0000
   1.0000   1.0000   1.0000
   1.0000   1.0000   1.0000
   1.0000   1.0000   1.0000
   1.0000   1.0000   1.0000
   1.0000   1.0000   1.0000
   1.0000   1.0000   1.0000

applying weight : 1
applying weight : 1
applying weight : 1
Here are the weights in c++ : 
   1.0000   1.0000   1.0000
   1.0000   1.0000   1.0000
   1.0000   1.0000   1.0000
   1.0000   1.0000   1.0000
   1.0000   1.0000   1.0000
   1.0000   1.0000   1.0000
   1.0000   1.0000   1.0000
   1.0000   1.0000   1.0000
   1.0000   1.0000   1.0000
   1.0000   1.0000   1.0000
   1.0000   1.0000   1.0000
   1.0000   1.0000   1.0000
   1.0000   1.0000   1.0000
   1.0000   1.0000   1.0000
   1.0000   1.0000   1.0000
   1.0000   1.0000   1.0000
   1.0000   1.0000   1.0000
   1.0000   1.0000   1.0000
   1.0000   1.0000   1.0000
   1.0000   1.0000   1.0000
   1.0000   1.0000   1.0000
   1.0000   1.0000   1.0000
   1.0000   1.0000   1.0000
   1.0000   1.0000   1.0000
   1.0000   1.0000   1.0000
   1.0000   1.0000   1.0000
   1.0000   1.0000   1.0000
   1.0000   1.0000   1.0000
   1.0000   1.0000   1.0000
   1.0000   1.0000   1.0000
   1.0000   1.0000   1.0000
   1.0000   1.0000   1.0000
   1.0000   1.0000   1.0000
   1.0000   1.0000   1.0000
   1.0000   1.0000   1.0000
   1.0000   1.0000   1.0000
   1.0000   1.0000   1.0000
   1.0000   1.0000   1.0000

applying weight : 1
applying weight : 1
applying weight : 1
Here are the weights in c++ : 
   1.0000   1.0000   1.0000
   1.0000   1.0000   1.0000
   1.0000   1.0000   1.0000
   1.0000   1.0000   1.0000
   1.0000   1.0000   1.0000
   1.0000   1.0000   1.0000
   1.0000   1.0000   1.0000
   1.0000   1.0000   1.0000
   1.0000   1.0000   1.0000
   1.0000   1.0000   1.0000
   1.0000   1.0000   1.0000
   1.0000   1.0000   1.0000
   1.0000   1.0000   1.0000
   1.0000   1.0000   1.0000
   1.0000   1.0000   1.0000
   1.0000   1.0000   1.0000
   1.0000   1.0000   1.0000
   1.0000   1.0000   1.0000
   1.0000   1.0000   1.0000
   1.0000   1.0000   1.0000
   1.0000   1.0000   1.0000
   1.0000   1.0000   1.0000
   1.0000   1.0000   1.0000
   1.0000   1.0000   1.0000
   1.0000   1.0000   1.0000
   1.0000   1.0000   1.0000
   1.0000   1.0000   1.0000
   1.0000   1.0000   1.0000
   1.0000   1.0000   1.0000
   1.0000   1.0000   1.0000
   1.0000   1.0000   1.0000
   1.0000   1.0000   1.0000
   1.0000   1.0000   1.0000
   1.0000   1.0000   1.0000
   1.0000   1.0000   1.0000
   1.0000   1.0000   1.0000
   1.0000   1.0000   1.0000
   1.0000   1.0000   1.0000

applying weight : 1
applying weight : 1
applying weight : 1
Here are the weights in c++ : 
   1.0000   1.0000   1.0000
   1.0000   1.0000   1.0000
   1.0000   1.0000   1.0000
   1.0000   1.0000   1.0000
   1.0000   1.0000   1.0000
   1.0000   1.0000   1.0000
   1.0000   1.0000   1.0000
   1.0000   1.0000   1.0000
   1.0000   1.0000   1.0000
   1.0000   1.0000   1.0000
   1.0000   1.0000   1.0000
   1.0000   1.0000   1.0000
   1.0000   1.0000   1.0000
   1.0000   1.0000   1.0000
   1.0000   1.0000   1.0000
   1.0000   1.0000   1.0000
   1.0000   1.0000   1.0000
   1.0000   1.0000   1.0000
   1.0000   1.0000   1.0000
   1.0000   1.0000   1.0000
   1.0000   1.0000   1.0000
   1.0000   1.0000   1.0000
   1.0000   1.0000   1.0000
   1.0000   1.0000   1.0000
   1.0000   1.0000   1.0000
   1.0000   1.0000   1.0000
   1.0000   1.0000   1.0000
   1.0000   1.0000   1.0000
   1.0000   1.0000   1.0000
   1.0000   1.0000   1.0000
   1.0000   1.0000   1.0000
   1.0000   1.0000   1.0000
   1.0000   1.0000   1.0000
   1.0000   1.0000   1.0000
   1.0000   1.0000   1.0000
   1.0000   1.0000   1.0000
   1.0000   1.0000   1.0000
   1.0000   1.0000   1.0000

applying weight : 1
applying weight : 1
applying weight : 1
Here are the weights in c++ : 
   1.0000   1.0000   1.0000
   1.0000   1.0000   1.0000
   1.0000   1.0000   1.0000
   1.0000   1.0000   1.0000
   1.0000   1.0000   1.0000
   1.0000   1.0000   1.0000
   1.0000   1.0000   1.0000
   1.0000   1.0000   1.0000
   1.0000   1.0000   1.0000
   1.0000   1.0000   1.0000
   1.0000   1.0000   1.0000
   1.0000   1.0000   1.0000
   1.0000   1.0000   1.0000
   1.0000   1.0000   1.0000
   1.0000   1.0000   1.0000
   1.0000   1.0000   1.0000
   1.0000   1.0000   1.0000
   1.0000   1.0000   1.0000
   1.0000   1.0000   1.0000
   1.0000   1.0000   1.0000
   1.0000   1.0000   1.0000
   1.0000   1.0000   1.0000
   1.0000   1.0000   1.0000
   1.0000   1.0000   1.0000
   1.0000   1.0000   1.0000
   1.0000   1.0000   1.0000
   1.0000   1.0000   1.0000
   1.0000   1.0000   1.0000
   1.0000   1.0000   1.0000
   1.0000   1.0000   1.0000
   1.0000   1.0000   1.0000
   1.0000   1.0000   1.0000
   1.0000   1.0000   1.0000
   1.0000   1.0000   1.0000
   1.0000   1.0000   1.0000
   1.0000   1.0000   1.0000
   1.0000   1.0000   1.0000
   1.0000   1.0000   1.0000

applying weight : 1
applying weight : 1
applying weight : 1
Here are the weights in c++ : 
   1.0000   1.0000   1.0000
   1.0000   1.0000   1.0000
   1.0000   1.0000   1.0000
   1.0000   1.0000   1.0000
   1.0000   1.0000   1.0000
   1.0000   1.0000   1.0000
   1.0000   1.0000   1.0000
   1.0000   1.0000   1.0000
   1.0000   1.0000   1.0000
   1.0000   1.0000   1.0000
   1.0000   1.0000   1.0000
   1.0000   1.0000   1.0000
   1.0000   1.0000   1.0000
   1.0000   1.0000   1.0000
   1.0000   1.0000   1.0000
   1.0000   1.0000   1.0000
   1.0000   1.0000   1.0000
   1.0000   1.0000   1.0000
   1.0000   1.0000   1.0000
   1.0000   1.0000   1.0000
   1.0000   1.0000   1.0000
   1.0000   1.0000   1.0000
   1.0000   1.0000   1.0000
   1.0000   1.0000   1.0000
   1.0000   1.0000   1.0000
   1.0000   1.0000   1.0000
   1.0000   1.0000   1.0000
   1.0000   1.0000   1.0000
   1.0000   1.0000   1.0000
   1.0000   1.0000   1.0000
   1.0000   1.0000   1.0000
   1.0000   1.0000   1.0000
   1.0000   1.0000   1.0000
   1.0000   1.0000   1.0000
   1.0000   1.0000   1.0000
   1.0000   1.0000   1.0000
   1.0000   1.0000   1.0000
   1.0000   1.0000   1.0000

applying weight : 1
applying weight : 1
applying weight : 1
Here are the weights in c++ : 
   1.0000   1.0000   1.0000
   1.0000   1.0000   1.0000
   1.0000   1.0000   1.0000
   1.0000   1.0000   1.0000
   1.0000   1.0000   1.0000
   1.0000   1.0000   1.0000
   1.0000   1.0000   1.0000
   1.0000   1.0000   1.0000
   1.0000   1.0000   1.0000
   1.0000   1.0000   1.0000
   1.0000   1.0000   1.0000
   1.0000   1.0000   1.0000
   1.0000   1.0000   1.0000
   1.0000   1.0000   1.0000
   1.0000   1.0000   1.0000
   1.0000   1.0000   1.0000
   1.0000   1.0000   1.0000
   1.0000   1.0000   1.0000
   1.0000   1.0000   1.0000
   1.0000   1.0000   1.0000
   1.0000   1.0000   1.0000
   1.0000   1.0000   1.0000
   1.0000   1.0000   1.0000
   1.0000   1.0000   1.0000
   1.0000   1.0000   1.0000
   1.0000   1.0000   1.0000
   1.0000   1.0000   1.0000
   1.0000   1.0000   1.0000
   1.0000   1.0000   1.0000
   1.0000   1.0000   1.0000
   1.0000   1.0000   1.0000
   1.0000   1.0000   1.0000
   1.0000   1.0000   1.0000
   1.0000   1.0000   1.0000
   1.0000   1.0000   1.0000
   1.0000   1.0000   1.0000
   1.0000   1.0000   1.0000
   1.0000   1.0000   1.0000

applying weight : 1
applying weight : 1
applying weight : 1
Here are the weights in c++ : 
   1.0000   1.0000   1.0000
   1.0000   1.0000   1.0000
   1.0000   1.0000   1.0000
   1.0000   1.0000   1.0000
   1.0000   1.0000   1.0000
   1.0000   1.0000   1.0000
   1.0000   1.0000   1.0000
   1.0000   1.0000   1.0000
   1.0000   1.0000   1.0000
   1.0000   1.0000   1.0000
   1.0000   1.0000   1.0000
   1.0000   1.0000   1.0000
   1.0000   1.0000   1.0000
   1.0000   1.0000   1.0000
   1.0000   1.0000   1.0000
   1.0000   1.0000   1.0000
   1.0000   1.0000   1.0000
   1.0000   1.0000   1.0000
   1.0000   1.0000   1.0000
   1.0000   1.0000   1.0000
   1.0000   1.0000   1.0000
   1.0000   1.0000   1.0000
   1.0000   1.0000   1.0000
   1.0000   1.0000   1.0000
   1.0000   1.0000   1.0000
   1.0000   1.0000   1.0000
   1.0000   1.0000   1.0000
   1.0000   1.0000   1.0000
   1.0000   1.0000   1.0000
   1.0000   1.0000   1.0000
   1.0000   1.0000   1.0000
   1.0000   1.0000   1.0000
   1.0000   1.0000   1.0000
   1.0000   1.0000   1.0000
   1.0000   1.0000   1.0000
   1.0000   1.0000   1.0000
   1.0000   1.0000   1.0000
   1.0000   1.0000   1.0000

applying weight : 1
applying weight : 1
applying weight : 1
Here are the weights in c++ : 
   1.0000   1.0000   1.0000
   1.0000   1.0000   1.0000
   1.0000   1.0000   1.0000
   1.0000   1.0000   1.0000
   1.0000   1.0000   1.0000
   1.0000   1.0000   1.0000
   1.0000   1.0000   1.0000
   1.0000   1.0000   1.0000
   1.0000   1.0000   1.0000
   1.0000   1.0000   1.0000
   1.0000   1.0000   1.0000
   1.0000   1.0000   1.0000
   1.0000   1.0000   1.0000
   1.0000   1.0000   1.0000
   1.0000   1.0000   1.0000
   1.0000   1.0000   1.0000
   1.0000   1.0000   1.0000
   1.0000   1.0000   1.0000
   1.0000   1.0000   1.0000
   1.0000   1.0000   1.0000
   1.0000   1.0000   1.0000
   1.0000   1.0000   1.0000
   1.0000   1.0000   1.0000
   1.0000   1.0000   1.0000
   1.0000   1.0000   1.0000
   1.0000   1.0000   1.0000
   1.0000   1.0000   1.0000
   1.0000   1.0000   1.0000
   1.0000   1.0000   1.0000
   1.0000   1.0000   1.0000
   1.0000   1.0000   1.0000
   1.0000   1.0000   1.0000
   1.0000   1.0000   1.0000
   1.0000   1.0000   1.0000
   1.0000   1.0000   1.0000
   1.0000   1.0000   1.0000
   1.0000   1.0000   1.0000
   1.0000   1.0000   1.0000

applying weight : 1
applying weight : 1
applying weight : 1
Here are the weights in c++ : 
   1.0000   1.0000   1.0000
   1.0000   1.0000   1.0000
   1.0000   1.0000   1.0000
   1.0000   1.0000   1.0000
   1.0000   1.0000   1.0000
   1.0000   1.0000   1.0000
   1.0000   1.0000   1.0000
   1.0000   1.0000   1.0000
   1.0000   1.0000   1.0000
   1.0000   1.0000   1.0000
   1.0000   1.0000   1.0000
   1.0000   1.0000   1.0000
   1.0000   1.0000   1.0000
   1.0000   1.0000   1.0000
   1.0000   1.0000   1.0000
   1.0000   1.0000   1.0000
   1.0000   1.0000   1.0000
   1.0000   1.0000   1.0000
   1.0000   1.0000   1.0000
   1.0000   1.0000   1.0000
   1.0000   1.0000   1.0000
   1.0000   1.0000   1.0000
   1.0000   1.0000   1.0000
   1.0000   1.0000   1.0000
   1.0000   1.0000   1.0000
   1.0000   1.0000   1.0000
   1.0000   1.0000   1.0000
   1.0000   1.0000   1.0000
   1.0000   1.0000   1.0000
   1.0000   1.0000   1.0000
   1.0000   1.0000   1.0000
   1.0000   1.0000   1.0000
   1.0000   1.0000   1.0000
   1.0000   1.0000   1.0000
   1.0000   1.0000   1.0000
   1.0000   1.0000   1.0000
   1.0000   1.0000   1.0000
   1.0000   1.0000   1.0000

applying weight : 1
applying weight : 1
applying weight : 1
Here are the weights in c++ : 
   1.0000   1.0000   1.0000
   1.0000   1.0000   1.0000
   1.0000   1.0000   1.0000
   1.0000   1.0000   1.0000
   1.0000   1.0000   1.0000
   1.0000   1.0000   1.0000
   1.0000   1.0000   1.0000
   1.0000   1.0000   1.0000
   1.0000   1.0000   1.0000
   1.0000   1.0000   1.0000
   1.0000   1.0000   1.0000
   1.0000   1.0000   1.0000
   1.0000   1.0000   1.0000
   1.0000   1.0000   1.0000
   1.0000   1.0000   1.0000
   1.0000   1.0000   1.0000
   1.0000   1.0000   1.0000
   1.0000   1.0000   1.0000
   1.0000   1.0000   1.0000
   1.0000   1.0000   1.0000
   1.0000   1.0000   1.0000
   1.0000   1.0000   1.0000
   1.0000   1.0000   1.0000
   1.0000   1.0000   1.0000
   1.0000   1.0000   1.0000
   1.0000   1.0000   1.0000
   1.0000   1.0000   1.0000
   1.0000   1.0000   1.0000
   1.0000   1.0000   1.0000
   1.0000   1.0000   1.0000
   1.0000   1.0000   1.0000
   1.0000   1.0000   1.0000
   1.0000   1.0000   1.0000
   1.0000   1.0000   1.0000
   1.0000   1.0000   1.0000
   1.0000   1.0000   1.0000
   1.0000   1.0000   1.0000
   1.0000   1.0000   1.0000

applying weight : 1
applying weight : 1
applying weight : 1
Here are the weights in c++ : 
   1.0000   1.0000   1.0000
   1.0000   1.0000   1.0000
   1.0000   1.0000   1.0000
   1.0000   1.0000   1.0000
   1.0000   1.0000   1.0000
   1.0000   1.0000   1.0000
   1.0000   1.0000   1.0000
   1.0000   1.0000   1.0000
   1.0000   1.0000   1.0000
   1.0000   1.0000   1.0000
   1.0000   1.0000   1.0000
   1.0000   1.0000   1.0000
   1.0000   1.0000   1.0000
   1.0000   1.0000   1.0000
   1.0000   1.0000   1.0000
   1.0000   1.0000   1.0000
   1.0000   1.0000   1.0000
   1.0000   1.0000   1.0000
   1.0000   1.0000   1.0000
   1.0000   1.0000   1.0000
   1.0000   1.0000   1.0000
   1.0000   1.0000   1.0000
   1.0000   1.0000   1.0000
   1.0000   1.0000   1.0000
   1.0000   1.0000   1.0000
   1.0000   1.0000   1.0000
   1.0000   1.0000   1.0000
   1.0000   1.0000   1.0000
   1.0000   1.0000   1.0000
   1.0000   1.0000   1.0000
   1.0000   1.0000   1.0000
   1.0000   1.0000   1.0000
   1.0000   1.0000   1.0000
   1.0000   1.0000   1.0000
   1.0000   1.0000   1.0000
   1.0000   1.0000   1.0000
   1.0000   1.0000   1.0000
   1.0000   1.0000   1.0000

applying weight : 1
applying weight : 1
applying weight : 1
Here are the weights in c++ : 
   1.0000   1.0000   1.0000
   1.0000   1.0000   1.0000
   1.0000   1.0000   1.0000
   1.0000   1.0000   1.0000
   1.0000   1.0000   1.0000
   1.0000   1.0000   1.0000
   1.0000   1.0000   1.0000
   1.0000   1.0000   1.0000
   1.0000   1.0000   1.0000
   1.0000   1.0000   1.0000
   1.0000   1.0000   1.0000
   1.0000   1.0000   1.0000
   1.0000   1.0000   1.0000
   1.0000   1.0000   1.0000
   1.0000   1.0000   1.0000
   1.0000   1.0000   1.0000
   1.0000   1.0000   1.0000
   1.0000   1.0000   1.0000
   1.0000   1.0000   1.0000
   1.0000   1.0000   1.0000
   1.0000   1.0000   1.0000
   1.0000   1.0000   1.0000
   1.0000   1.0000   1.0000
   1.0000   1.0000   1.0000
   1.0000   1.0000   1.0000
   1.0000   1.0000   1.0000
   1.0000   1.0000   1.0000
   1.0000   1.0000   1.0000
   1.0000   1.0000   1.0000
   1.0000   1.0000   1.0000
   1.0000   1.0000   1.0000
   1.0000   1.0000   1.0000
   1.0000   1.0000   1.0000
   1.0000   1.0000   1.0000
   1.0000   1.0000   1.0000
   1.0000   1.0000   1.0000
   1.0000   1.0000   1.0000
   1.0000   1.0000   1.0000

applying weight : 1
applying weight : 1
applying weight : 1
Here are the weights in c++ : 
   1.0000   1.0000   1.0000
   1.0000   1.0000   1.0000
   1.0000   1.0000   1.0000
   1.0000   1.0000   1.0000
   1.0000   1.0000   1.0000
   1.0000   1.0000   1.0000
   1.0000   1.0000   1.0000
   1.0000   1.0000   1.0000
   1.0000   1.0000   1.0000
   1.0000   1.0000   1.0000
   1.0000   1.0000   1.0000
   1.0000   1.0000   1.0000
   1.0000   1.0000   1.0000
   1.0000   1.0000   1.0000
   1.0000   1.0000   1.0000
   1.0000   1.0000   1.0000
   1.0000   1.0000   1.0000
   1.0000   1.0000   1.0000
   1.0000   1.0000   1.0000
   1.0000   1.0000   1.0000
   1.0000   1.0000   1.0000
   1.0000   1.0000   1.0000
   1.0000   1.0000   1.0000
   1.0000   1.0000   1.0000
   1.0000   1.0000   1.0000
   1.0000   1.0000   1.0000
   1.0000   1.0000   1.0000
   1.0000   1.0000   1.0000
   1.0000   1.0000   1.0000
   1.0000   1.0000   1.0000
   1.0000   1.0000   1.0000
   1.0000   1.0000   1.0000
   1.0000   1.0000   1.0000
   1.0000   1.0000   1.0000
   1.0000   1.0000   1.0000
   1.0000   1.0000   1.0000
   1.0000   1.0000   1.0000
   1.0000   1.0000   1.0000

applying weight : 1
applying weight : 1
applying weight : 1
Here are the weights in c++ : 
   1.0000   1.0000   1.0000
   1.0000   1.0000   1.0000
   1.0000   1.0000   1.0000
   1.0000   1.0000   1.0000
   1.0000   1.0000   1.0000
   1.0000   1.0000   1.0000
   1.0000   1.0000   1.0000
   1.0000   1.0000   1.0000
   1.0000   1.0000   1.0000
   1.0000   1.0000   1.0000
   1.0000   1.0000   1.0000
   1.0000   1.0000   1.0000
   1.0000   1.0000   1.0000
   1.0000   1.0000   1.0000
   1.0000   1.0000   1.0000
   1.0000   1.0000   1.0000
   1.0000   1.0000   1.0000
   1.0000   1.0000   1.0000
   1.0000   1.0000   1.0000
   1.0000   1.0000   1.0000
   1.0000   1.0000   1.0000
   1.0000   1.0000   1.0000
   1.0000   1.0000   1.0000
   1.0000   1.0000   1.0000
   1.0000   1.0000   1.0000
   1.0000   1.0000   1.0000
   1.0000   1.0000   1.0000
   1.0000   1.0000   1.0000
   1.0000   1.0000   1.0000
   1.0000   1.0000   1.0000
   1.0000   1.0000   1.0000
   1.0000   1.0000   1.0000
   1.0000   1.0000   1.0000
   1.0000   1.0000   1.0000
   1.0000   1.0000   1.0000
   1.0000   1.0000   1.0000
   1.0000   1.0000   1.0000
   1.0000   1.0000   1.0000

applying weight : 1
applying weight : 1
applying weight : 1
Here are the weights in c++ : 
   1.0000   1.0000   1.0000
   1.0000   1.0000   1.0000
   1.0000   1.0000   1.0000
   1.0000   1.0000   1.0000
   1.0000   1.0000   1.0000
   1.0000   1.0000   1.0000
   1.0000   1.0000   1.0000
   1.0000   1.0000   1.0000
   1.0000   1.0000   1.0000
   1.0000   1.0000   1.0000
   1.0000   1.0000   1.0000
   1.0000   1.0000   1.0000
   1.0000   1.0000   1.0000
   1.0000   1.0000   1.0000
   1.0000   1.0000   1.0000
   1.0000   1.0000   1.0000
   1.0000   1.0000   1.0000
   1.0000   1.0000   1.0000
   1.0000   1.0000   1.0000
   1.0000   1.0000   1.0000
   1.0000   1.0000   1.0000
   1.0000   1.0000   1.0000
   1.0000   1.0000   1.0000
   1.0000   1.0000   1.0000
   1.0000   1.0000   1.0000
   1.0000   1.0000   1.0000
   1.0000   1.0000   1.0000
   1.0000   1.0000   1.0000
   1.0000   1.0000   1.0000
   1.0000   1.0000   1.0000
   1.0000   1.0000   1.0000
   1.0000   1.0000   1.0000
   1.0000   1.0000   1.0000
   1.0000   1.0000   1.0000
   1.0000   1.0000   1.0000
   1.0000   1.0000   1.0000
   1.0000   1.0000   1.0000
   1.0000   1.0000   1.0000

applying weight : 1
applying weight : 1
applying weight : 1
Here are the weights in c++ : 
   1.0000   1.0000   1.0000
   1.0000   1.0000   1.0000
   1.0000   1.0000   1.0000
   1.0000   1.0000   1.0000
   1.0000   1.0000   1.0000
   1.0000   1.0000   1.0000
   1.0000   1.0000   1.0000
   1.0000   1.0000   1.0000
   1.0000   1.0000   1.0000
   1.0000   1.0000   1.0000
   1.0000   1.0000   1.0000
   1.0000   1.0000   1.0000
   1.0000   1.0000   1.0000
   1.0000   1.0000   1.0000
   1.0000   1.0000   1.0000
   1.0000   1.0000   1.0000
   1.0000   1.0000   1.0000
   1.0000   1.0000   1.0000
   1.0000   1.0000   1.0000
   1.0000   1.0000   1.0000
   1.0000   1.0000   1.0000
   1.0000   1.0000   1.0000
   1.0000   1.0000   1.0000
   1.0000   1.0000   1.0000
   1.0000   1.0000   1.0000
   1.0000   1.0000   1.0000
   1.0000   1.0000   1.0000
   1.0000   1.0000   1.0000
   1.0000   1.0000   1.0000
   1.0000   1.0000   1.0000
   1.0000   1.0000   1.0000
   1.0000   1.0000   1.0000
   1.0000   1.0000   1.0000
   1.0000   1.0000   1.0000
   1.0000   1.0000   1.0000
   1.0000   1.0000   1.0000
   1.0000   1.0000   1.0000
   1.0000   1.0000   1.0000

applying weight : 1
applying weight : 1
applying weight : 1
Here are the weights in c++ : 
   1.0000   1.0000   1.0000
   1.0000   1.0000   1.0000
   1.0000   1.0000   1.0000
   1.0000   1.0000   1.0000
   1.0000   1.0000   1.0000
   1.0000   1.0000   1.0000
   1.0000   1.0000   1.0000
   1.0000   1.0000   1.0000
   1.0000   1.0000   1.0000
   1.0000   1.0000   1.0000
   1.0000   1.0000   1.0000
   1.0000   1.0000   1.0000
   1.0000   1.0000   1.0000
   1.0000   1.0000   1.0000
   1.0000   1.0000   1.0000
   1.0000   1.0000   1.0000
   1.0000   1.0000   1.0000
   1.0000   1.0000   1.0000
   1.0000   1.0000   1.0000
   1.0000   1.0000   1.0000
   1.0000   1.0000   1.0000
   1.0000   1.0000   1.0000
   1.0000   1.0000   1.0000
   1.0000   1.0000   1.0000
   1.0000   1.0000   1.0000
   1.0000   1.0000   1.0000
   1.0000   1.0000   1.0000
   1.0000   1.0000   1.0000
   1.0000   1.0000   1.0000
   1.0000   1.0000   1.0000
   1.0000   1.0000   1.0000
   1.0000   1.0000   1.0000
   1.0000   1.0000   1.0000
   1.0000   1.0000   1.0000
   1.0000   1.0000   1.0000
   1.0000   1.0000   1.0000
   1.0000   1.0000   1.0000
   1.0000   1.0000   1.0000

applying weight : 1
applying weight : 1
applying weight : 1
Here are the weights in c++ : 
   1.0000   1.0000   1.0000
   1.0000   1.0000   1.0000
   1.0000   1.0000   1.0000
   1.0000   1.0000   1.0000
   1.0000   1.0000   1.0000
   1.0000   1.0000   1.0000
   1.0000   1.0000   1.0000
   1.0000   1.0000   1.0000
   1.0000   1.0000   1.0000
   1.0000   1.0000   1.0000
   1.0000   1.0000   1.0000
   1.0000   1.0000   1.0000
   1.0000   1.0000   1.0000
   1.0000   1.0000   1.0000
   1.0000   1.0000   1.0000
   1.0000   1.0000   1.0000
   1.0000   1.0000   1.0000
   1.0000   1.0000   1.0000
   1.0000   1.0000   1.0000
   1.0000   1.0000   1.0000
   1.0000   1.0000   1.0000
   1.0000   1.0000   1.0000
   1.0000   1.0000   1.0000
   1.0000   1.0000   1.0000
   1.0000   1.0000   1.0000
   1.0000   1.0000   1.0000
   1.0000   1.0000   1.0000
   1.0000   1.0000   1.0000
   1.0000   1.0000   1.0000
   1.0000   1.0000   1.0000
   1.0000   1.0000   1.0000
   1.0000   1.0000   1.0000
   1.0000   1.0000   1.0000
   1.0000   1.0000   1.0000
   1.0000   1.0000   1.0000
   1.0000   1.0000   1.0000
   1.0000   1.0000   1.0000
   1.0000   1.0000   1.0000

applying weight : 1
applying weight : 1
applying weight : 1
Here are the weights in c++ : 
   1.0000   1.0000   1.0000
   1.0000   1.0000   1.0000
   1.0000   1.0000   1.0000
   1.0000   1.0000   1.0000
   1.0000   1.0000   1.0000
   1.0000   1.0000   1.0000
   1.0000   1.0000   1.0000
   1.0000   1.0000   1.0000
   1.0000   1.0000   1.0000
   1.0000   1.0000   1.0000
   1.0000   1.0000   1.0000
   1.0000   1.0000   1.0000
   1.0000   1.0000   1.0000
   1.0000   1.0000   1.0000
   1.0000   1.0000   1.0000
   1.0000   1.0000   1.0000
   1.0000   1.0000   1.0000
   1.0000   1.0000   1.0000
   1.0000   1.0000   1.0000
   1.0000   1.0000   1.0000
   1.0000   1.0000   1.0000
   1.0000   1.0000   1.0000
   1.0000   1.0000   1.0000
   1.0000   1.0000   1.0000
   1.0000   1.0000   1.0000
   1.0000   1.0000   1.0000
   1.0000   1.0000   1.0000
   1.0000   1.0000   1.0000
   1.0000   1.0000   1.0000
   1.0000   1.0000   1.0000
   1.0000   1.0000   1.0000
   1.0000   1.0000   1.0000
   1.0000   1.0000   1.0000
   1.0000   1.0000   1.0000
   1.0000   1.0000   1.0000
   1.0000   1.0000   1.0000
   1.0000   1.0000   1.0000
   1.0000   1.0000   1.0000

applying weight : 1
applying weight : 1
applying weight : 1
Here are the weights in c++ : 
   1.0000   1.0000   1.0000
   1.0000   1.0000   1.0000
   1.0000   1.0000   1.0000
   1.0000   1.0000   1.0000
   1.0000   1.0000   1.0000
   1.0000   1.0000   1.0000
   1.0000   1.0000   1.0000
   1.0000   1.0000   1.0000
   1.0000   1.0000   1.0000
   1.0000   1.0000   1.0000
   1.0000   1.0000   1.0000
   1.0000   1.0000   1.0000
   1.0000   1.0000   1.0000
   1.0000   1.0000   1.0000
   1.0000   1.0000   1.0000
   1.0000   1.0000   1.0000
   1.0000   1.0000   1.0000
   1.0000   1.0000   1.0000
   1.0000   1.0000   1.0000
   1.0000   1.0000   1.0000
   1.0000   1.0000   1.0000
   1.0000   1.0000   1.0000
   1.0000   1.0000   1.0000
   1.0000   1.0000   1.0000
   1.0000   1.0000   1.0000
   1.0000   1.0000   1.0000
   1.0000   1.0000   1.0000
   1.0000   1.0000   1.0000
   1.0000   1.0000   1.0000
   1.0000   1.0000   1.0000
   1.0000   1.0000   1.0000
   1.0000   1.0000   1.0000
   1.0000   1.0000   1.0000
   1.0000   1.0000   1.0000
   1.0000   1.0000   1.0000
   1.0000   1.0000   1.0000
   1.0000   1.0000   1.0000
   1.0000   1.0000   1.0000

applying weight : 1
applying weight : 1
applying weight : 1
Here are the weights in c++ : 
   1.0000   1.0000   1.0000
   1.0000   1.0000   1.0000
   1.0000   1.0000   1.0000
   1.0000   1.0000   1.0000
   1.0000   1.0000   1.0000
   1.0000   1.0000   1.0000
   1.0000   1.0000   1.0000
   1.0000   1.0000   1.0000
   1.0000   1.0000   1.0000
   1.0000   1.0000   1.0000
   1.0000   1.0000   1.0000
   1.0000   1.0000   1.0000
   1.0000   1.0000   1.0000
   1.0000   1.0000   1.0000
   1.0000   1.0000   1.0000
   1.0000   1.0000   1.0000
   1.0000   1.0000   1.0000
   1.0000   1.0000   1.0000
   1.0000   1.0000   1.0000
   1.0000   1.0000   1.0000
   1.0000   1.0000   1.0000
   1.0000   1.0000   1.0000
   1.0000   1.0000   1.0000
   1.0000   1.0000   1.0000
   1.0000   1.0000   1.0000
   1.0000   1.0000   1.0000
   1.0000   1.0000   1.0000
   1.0000   1.0000   1.0000
   1.0000   1.0000   1.0000
   1.0000   1.0000   1.0000
   1.0000   1.0000   1.0000
   1.0000   1.0000   1.0000
   1.0000   1.0000   1.0000
   1.0000   1.0000   1.0000
   1.0000   1.0000   1.0000
   1.0000   1.0000   1.0000
   1.0000   1.0000   1.0000
   1.0000   1.0000   1.0000

applying weight : 1
applying weight : 1
applying weight : 1
Here are the weights in c++ : 
   1.0000   1.0000   1.0000
   1.0000   1.0000   1.0000
   1.0000   1.0000   1.0000
   1.0000   1.0000   1.0000
   1.0000   1.0000   1.0000
   1.0000   1.0000   1.0000
   1.0000   1.0000   1.0000
   1.0000   1.0000   1.0000
   1.0000   1.0000   1.0000
   1.0000   1.0000   1.0000
   1.0000   1.0000   1.0000
   1.0000   1.0000   1.0000
   1.0000   1.0000   1.0000
   1.0000   1.0000   1.0000
   1.0000   1.0000   1.0000
   1.0000   1.0000   1.0000
   1.0000   1.0000   1.0000
   1.0000   1.0000   1.0000
   1.0000   1.0000   1.0000
   1.0000   1.0000   1.0000
   1.0000   1.0000   1.0000
   1.0000   1.0000   1.0000
   1.0000   1.0000   1.0000
   1.0000   1.0000   1.0000
   1.0000   1.0000   1.0000
   1.0000   1.0000   1.0000
   1.0000   1.0000   1.0000
   1.0000   1.0000   1.0000
   1.0000   1.0000   1.0000
   1.0000   1.0000   1.0000
   1.0000   1.0000   1.0000
   1.0000   1.0000   1.0000
   1.0000   1.0000   1.0000
   1.0000   1.0000   1.0000
   1.0000   1.0000   1.0000
   1.0000   1.0000   1.0000
   1.0000   1.0000   1.0000
   1.0000   1.0000   1.0000
   1.0000   1.0000   1.0000
   1.0000   1.0000   1.0000
   1.0000   1.0000   1.0000
   1.0000   1.0000   1.0000
   1.0000   1.0000   1.0000
   1.0000   1.0000   1.0000
   1.0000   1.0000   1.0000

applying weight : 1
applying weight : 1
applying weight : 1
Here are the weights in c++ : 
   1.0000   1.0000   1.0000
   1.0000   1.0000   1.0000
   1.0000   1.0000   1.0000
   1.0000   1.0000   1.0000
   1.0000   1.0000   1.0000
   1.0000   1.0000   1.0000
   1.0000   1.0000   1.0000
   1.0000   1.0000   1.0000
   1.0000   1.0000   1.0000
   1.0000   1.0000   1.0000
   1.0000   1.0000   1.0000
   1.0000   1.0000   1.0000
   1.0000   1.0000   1.0000
   1.0000   1.0000   1.0000
   1.0000   1.0000   1.0000
   1.0000   1.0000   1.0000
   1.0000   1.0000   1.0000
   1.0000   1.0000   1.0000
   1.0000   1.0000   1.0000
   1.0000   1.0000   1.0000
   1.0000   1.0000   1.0000
   1.0000   1.0000   1.0000
   1.0000   1.0000   1.0000
   1.0000   1.0000   1.0000
   1.0000   1.0000   1.0000
   1.0000   1.0000   1.0000
   1.0000   1.0000   1.0000
   1.0000   1.0000   1.0000
   1.0000   1.0000   1.0000
   1.0000   1.0000   1.0000
   1.0000   1.0000   1.0000
   1.0000   1.0000   1.0000
   1.0000   1.0000   1.0000
   1.0000   1.0000   1.0000
   1.0000   1.0000   1.0000
   1.0000   1.0000   1.0000
   1.0000   1.0000   1.0000
   1.0000   1.0000   1.0000
   1.0000   1.0000   1.0000
   1.0000   1.0000   1.0000
   1.0000   1.0000   1.0000
   1.0000   1.0000   1.0000
   1.0000   1.0000   1.0000
   1.0000   1.0000   1.0000
   1.0000   1.0000   1.0000

applying weight : 1
applying weight : 1
applying weight : 1
Here are the weights in c++ : 
   1.0000   1.0000   1.0000
   1.0000   1.0000   1.0000
   1.0000   1.0000   1.0000
   1.0000   1.0000   1.0000
   1.0000   1.0000   1.0000
   1.0000   1.0000   1.0000
   1.0000   1.0000   1.0000
   1.0000   1.0000   1.0000
   1.0000   1.0000   1.0000
   1.0000   1.0000   1.0000
   1.0000   1.0000   1.0000
   1.0000   1.0000   1.0000
   1.0000   1.0000   1.0000
   1.0000   1.0000   1.0000
   1.0000   1.0000   1.0000
   1.0000   1.0000   1.0000
   1.0000   1.0000   1.0000
   1.0000   1.0000   1.0000
   1.0000   1.0000   1.0000
   1.0000   1.0000   1.0000
   1.0000   1.0000   1.0000
   1.0000   1.0000   1.0000
   1.0000   1.0000   1.0000
   1.0000   1.0000   1.0000
   1.0000   1.0000   1.0000
   1.0000   1.0000   1.0000
   1.0000   1.0000   1.0000
   1.0000   1.0000   1.0000
   1.0000   1.0000   1.0000
   1.0000   1.0000   1.0000
   1.0000   1.0000   1.0000
   1.0000   1.0000   1.0000
   1.0000   1.0000   1.0000
   1.0000   1.0000   1.0000
   1.0000   1.0000   1.0000
   1.0000   1.0000   1.0000
   1.0000   1.0000   1.0000
   1.0000   1.0000   1.0000
   1.0000   1.0000   1.0000
   1.0000   1.0000   1.0000
   1.0000   1.0000   1.0000
   1.0000   1.0000   1.0000
   1.0000   1.0000   1.0000
   1.0000   1.0000   1.0000
   1.0000   1.0000   1.0000

applying weight : 1
applying weight : 1
applying weight : 1
Here are the weights in c++ : 
   1.0000   1.0000   1.0000
   1.0000   1.0000   1.0000
   1.0000   1.0000   1.0000
   1.0000   1.0000   1.0000
   1.0000   1.0000   1.0000
   1.0000   1.0000   1.0000
   1.0000   1.0000   1.0000
   1.0000   1.0000   1.0000
   1.0000   1.0000   1.0000
   1.0000   1.0000   1.0000
   1.0000   1.0000   1.0000
   1.0000   1.0000   1.0000
   1.0000   1.0000   1.0000
   1.0000   1.0000   1.0000
   1.0000   1.0000   1.0000
   1.0000   1.0000   1.0000
   1.0000   1.0000   1.0000
   1.0000   1.0000   1.0000
   1.0000   1.0000   1.0000
   1.0000   1.0000   1.0000
   1.0000   1.0000   1.0000
   1.0000   1.0000   1.0000
   1.0000   1.0000   1.0000
   1.0000   1.0000   1.0000
   1.0000   1.0000   1.0000
   1.0000   1.0000   1.0000
   1.0000   1.0000   1.0000
   1.0000   1.0000   1.0000
   1.0000   1.0000   1.0000
   1.0000   1.0000   1.0000
   1.0000   1.0000   1.0000
   1.0000   1.0000   1.0000
   1.0000   1.0000   1.0000
   1.0000   1.0000   1.0000
   1.0000   1.0000   1.0000
   1.0000   1.0000   1.0000
   1.0000   1.0000   1.0000
   1.0000   1.0000   1.0000
   1.0000   1.0000   1.0000
   1.0000   1.0000   1.0000
   1.0000   1.0000   1.0000
   1.0000   1.0000   1.0000
   1.0000   1.0000   1.0000
   1.0000   1.0000   1.0000
   1.0000   1.0000   1.0000

applying weight : 1
applying weight : 1
applying weight : 1
Here are the weights in c++ : 
   1.0000   1.0000   1.0000
   1.0000   1.0000   1.0000
   1.0000   1.0000   1.0000
   1.0000   1.0000   1.0000
   1.0000   1.0000   1.0000
   1.0000   1.0000   1.0000
   1.0000   1.0000   1.0000
   1.0000   1.0000   1.0000
   1.0000   1.0000   1.0000
   1.0000   1.0000   1.0000
   1.0000   1.0000   1.0000
   1.0000   1.0000   1.0000
   1.0000   1.0000   1.0000
   1.0000   1.0000   1.0000
   1.0000   1.0000   1.0000
   1.0000   1.0000   1.0000
   1.0000   1.0000   1.0000
   1.0000   1.0000   1.0000
   1.0000   1.0000   1.0000
   1.0000   1.0000   1.0000
   1.0000   1.0000   1.0000
   1.0000   1.0000   1.0000
   1.0000   1.0000   1.0000
   1.0000   1.0000   1.0000
   1.0000   1.0000   1.0000
   1.0000   1.0000   1.0000
   1.0000   1.0000   1.0000
   1.0000   1.0000   1.0000
   1.0000   1.0000   1.0000
   1.0000   1.0000   1.0000
   1.0000   1.0000   1.0000
   1.0000   1.0000   1.0000
   1.0000   1.0000   1.0000
   1.0000   1.0000   1.0000
   1.0000   1.0000   1.0000
   1.0000   1.0000   1.0000
   1.0000   1.0000   1.0000
   1.0000   1.0000   1.0000
   1.0000   1.0000   1.0000
   1.0000   1.0000   1.0000
   1.0000   1.0000   1.0000
   1.0000   1.0000   1.0000
   1.0000   1.0000   1.0000
   1.0000   1.0000   1.0000
   1.0000   1.0000   1.0000

applying weight : 1
applying weight : 1
applying weight : 1
Here are the weights in c++ : 
   1.0000   1.0000   1.0000
   1.0000   1.0000   1.0000
   1.0000   1.0000   1.0000
   1.0000   1.0000   1.0000
   1.0000   1.0000   1.0000
   1.0000   1.0000   1.0000
   1.0000   1.0000   1.0000
   1.0000   1.0000   1.0000
   1.0000   1.0000   1.0000
   1.0000   1.0000   1.0000
   1.0000   1.0000   1.0000
   1.0000   1.0000   1.0000
   1.0000   1.0000   1.0000
   1.0000   1.0000   1.0000
   1.0000   1.0000   1.0000
   1.0000   1.0000   1.0000
   1.0000   1.0000   1.0000
   1.0000   1.0000   1.0000
   1.0000   1.0000   1.0000
   1.0000   1.0000   1.0000
   1.0000   1.0000   1.0000
   1.0000   1.0000   1.0000
   1.0000   1.0000   1.0000
   1.0000   1.0000   1.0000
   1.0000   1.0000   1.0000
   1.0000   1.0000   1.0000
   1.0000   1.0000   1.0000
   1.0000   1.0000   1.0000
   1.0000   1.0000   1.0000
   1.0000   1.0000   1.0000
   1.0000   1.0000   1.0000
   1.0000   1.0000   1.0000
   1.0000   1.0000   1.0000
   1.0000   1.0000   1.0000
   1.0000   1.0000   1.0000
   1.0000   1.0000   1.0000
   1.0000   1.0000   1.0000
   1.0000   1.0000   1.0000
   1.0000   1.0000   1.0000
   1.0000   1.0000   1.0000
   1.0000   1.0000   1.0000
   1.0000   1.0000   1.0000
   1.0000   1.0000   1.0000
   1.0000   1.0000   1.0000
   1.0000   1.0000   1.0000

applying weight : 1
applying weight : 1
applying weight : 1
Here are the weights in c++ : 
   1.0000   1.0000   1.0000
   1.0000   1.0000   1.0000
   1.0000   1.0000   1.0000
   1.0000   1.0000   1.0000
   1.0000   1.0000   1.0000
   1.0000   1.0000   1.0000
   1.0000   1.0000   1.0000
   1.0000   1.0000   1.0000
   1.0000   1.0000   1.0000
   1.0000   1.0000   1.0000
   1.0000   1.0000   1.0000
   1.0000   1.0000   1.0000
   1.0000   1.0000   1.0000
   1.0000   1.0000   1.0000
   1.0000   1.0000   1.0000
   1.0000   1.0000   1.0000
   1.0000   1.0000   1.0000
   1.0000   1.0000   1.0000
   1.0000   1.0000   1.0000
   1.0000   1.0000   1.0000
   1.0000   1.0000   1.0000
   1.0000   1.0000   1.0000
   1.0000   1.0000   1.0000
   1.0000   1.0000   1.0000
   1.0000   1.0000   1.0000
   1.0000   1.0000   1.0000
   1.0000   1.0000   1.0000
   1.0000   1.0000   1.0000
   1.0000   1.0000   1.0000
   1.0000   1.0000   1.0000
   1.0000   1.0000   1.0000
   1.0000   1.0000   1.0000
   1.0000   1.0000   1.0000
   1.0000   1.0000   1.0000
   1.0000   1.0000   1.0000
   1.0000   1.0000   1.0000
   1.0000   1.0000   1.0000
   1.0000   1.0000   1.0000
   1.0000   1.0000   1.0000
   1.0000   1.0000   1.0000
   1.0000   1.0000   1.0000
   1.0000   1.0000   1.0000
   1.0000   1.0000   1.0000
   1.0000   1.0000   1.0000
   1.0000   1.0000   1.0000

applying weight : 1
applying weight : 1
applying weight : 1
Here are the weights in c++ : 
   1.0000   1.0000   1.0000
   1.0000   1.0000   1.0000
   1.0000   1.0000   1.0000
   1.0000   1.0000   1.0000
   1.0000   1.0000   1.0000
   1.0000   1.0000   1.0000
   1.0000   1.0000   1.0000
   1.0000   1.0000   1.0000
   1.0000   1.0000   1.0000
   1.0000   1.0000   1.0000
   1.0000   1.0000   1.0000
   1.0000   1.0000   1.0000
   1.0000   1.0000   1.0000
   1.0000   1.0000   1.0000
   1.0000   1.0000   1.0000
   1.0000   1.0000   1.0000
   1.0000   1.0000   1.0000
   1.0000   1.0000   1.0000
   1.0000   1.0000   1.0000
   1.0000   1.0000   1.0000
   1.0000   1.0000   1.0000
   1.0000   1.0000   1.0000
   1.0000   1.0000   1.0000
   1.0000   1.0000   1.0000
   1.0000   1.0000   1.0000
   1.0000   1.0000   1.0000
   1.0000   1.0000   1.0000
   1.0000   1.0000   1.0000
   1.0000   1.0000   1.0000
   1.0000   1.0000   1.0000
   1.0000   1.0000   1.0000
   1.0000   1.0000   1.0000
   1.0000   1.0000   1.0000
   1.0000   1.0000   1.0000
   1.0000   1.0000   1.0000
   1.0000   1.0000   1.0000
   1.0000   1.0000   1.0000
   1.0000   1.0000   1.0000
   1.0000   1.0000   1.0000
   1.0000   1.0000   1.0000
   1.0000   1.0000   1.0000
   1.0000   1.0000   1.0000
   1.0000   1.0000   1.0000
   1.0000   1.0000   1.0000
   1.0000   1.0000   1.0000

applying weight : 1
applying weight : 1
applying weight : 1
Here are the weights in c++ : 
   1.0000   1.0000   1.0000
   1.0000   1.0000   1.0000
   1.0000   1.0000   1.0000
   1.0000   1.0000   1.0000
   1.0000   1.0000   1.0000
   1.0000   1.0000   1.0000
   1.0000   1.0000   1.0000
   1.0000   1.0000   1.0000
   1.0000   1.0000   1.0000
   1.0000   1.0000   1.0000
   1.0000   1.0000   1.0000
   1.0000   1.0000   1.0000
   1.0000   1.0000   1.0000
   1.0000   1.0000   1.0000
   1.0000   1.0000   1.0000
   1.0000   1.0000   1.0000
   1.0000   1.0000   1.0000
   1.0000   1.0000   1.0000
   1.0000   1.0000   1.0000
   1.0000   1.0000   1.0000
   1.0000   1.0000   1.0000
   1.0000   1.0000   1.0000
   1.0000   1.0000   1.0000
   1.0000   1.0000   1.0000
   1.0000   1.0000   1.0000
   1.0000   1.0000   1.0000
   1.0000   1.0000   1.0000
   1.0000   1.0000   1.0000
   1.0000   1.0000   1.0000
   1.0000   1.0000   1.0000
   1.0000   1.0000   1.0000
   1.0000   1.0000   1.0000
   1.0000   1.0000   1.0000
   1.0000   1.0000   1.0000
   1.0000   1.0000   1.0000
   1.0000   1.0000   1.0000
   1.0000   1.0000   1.0000
   1.0000   1.0000   1.0000
   1.0000   1.0000   1.0000
   1.0000   1.0000   1.0000
   1.0000   1.0000   1.0000
   1.0000   1.0000   1.0000
   1.0000   1.0000   1.0000
   1.0000   1.0000   1.0000
   1.0000   1.0000   1.0000

applying weight : 1
applying weight : 1
applying weight : 1
Here are the weights in c++ : 
   1.0000   1.0000   1.0000
   1.0000   1.0000   1.0000
   1.0000   1.0000   1.0000
   1.0000   1.0000   1.0000
   1.0000   1.0000   1.0000
   1.0000   1.0000   1.0000
   1.0000   1.0000   1.0000
   1.0000   1.0000   1.0000
   1.0000   1.0000   1.0000
   1.0000   1.0000   1.0000
   1.0000   1.0000   1.0000
   1.0000   1.0000   1.0000
   1.0000   1.0000   1.0000
   1.0000   1.0000   1.0000
   1.0000   1.0000   1.0000
   1.0000   1.0000   1.0000
   1.0000   1.0000   1.0000
   1.0000   1.0000   1.0000
   1.0000   1.0000   1.0000
   1.0000   1.0000   1.0000
   1.0000   1.0000   1.0000
   1.0000   1.0000   1.0000
   1.0000   1.0000   1.0000
   1.0000   1.0000   1.0000
   1.0000   1.0000   1.0000
   1.0000   1.0000   1.0000
   1.0000   1.0000   1.0000
   1.0000   1.0000   1.0000
   1.0000   1.0000   1.0000
   1.0000   1.0000   1.0000
   1.0000   1.0000   1.0000
   1.0000   1.0000   1.0000
   1.0000   1.0000   1.0000
   1.0000   1.0000   1.0000
   1.0000   1.0000   1.0000
   1.0000   1.0000   1.0000
   1.0000   1.0000   1.0000
   1.0000   1.0000   1.0000
   1.0000   1.0000   1.0000
   1.0000   1.0000   1.0000
   1.0000   1.0000   1.0000
   1.0000   1.0000   1.0000
   1.0000   1.0000   1.0000
   1.0000   1.0000   1.0000
   1.0000   1.0000   1.0000

applying weight : 1
applying weight : 1
applying weight : 1
Here are the weights in c++ : 
   1.0000   1.0000   1.0000
   1.0000   1.0000   1.0000
   1.0000   1.0000   1.0000
   1.0000   1.0000   1.0000
   1.0000   1.0000   1.0000
   1.0000   1.0000   1.0000
   1.0000   1.0000   1.0000
   1.0000   1.0000   1.0000
   1.0000   1.0000   1.0000
   1.0000   1.0000   1.0000
   1.0000   1.0000   1.0000
   1.0000   1.0000   1.0000
   1.0000   1.0000   1.0000
   1.0000   1.0000   1.0000
   1.0000   1.0000   1.0000
   1.0000   1.0000   1.0000
   1.0000   1.0000   1.0000
   1.0000   1.0000   1.0000
   1.0000   1.0000   1.0000
   1.0000   1.0000   1.0000
   1.0000   1.0000   1.0000
   1.0000   1.0000   1.0000
   1.0000   1.0000   1.0000
   1.0000   1.0000   1.0000
   1.0000   1.0000   1.0000
   1.0000   1.0000   1.0000
   1.0000   1.0000   1.0000
   1.0000   1.0000   1.0000
   1.0000   1.0000   1.0000
   1.0000   1.0000   1.0000
   1.0000   1.0000   1.0000
   1.0000   1.0000   1.0000
   1.0000   1.0000   1.0000
   1.0000   1.0000   1.0000
   1.0000   1.0000   1.0000
   1.0000   1.0000   1.0000
   1.0000   1.0000   1.0000
   1.0000   1.0000   1.0000
   1.0000   1.0000   1.0000
   1.0000   1.0000   1.0000
   1.0000   1.0000   1.0000
   1.0000   1.0000   1.0000
   1.0000   1.0000   1.0000
   1.0000   1.0000   1.0000
   1.0000   1.0000   1.0000

applying weight : 1
applying weight : 1
applying weight : 1
Here are the weights in c++ : 
   1.0000   1.0000   1.0000
   1.0000   1.0000   1.0000
   1.0000   1.0000   1.0000
   1.0000   1.0000   1.0000
   1.0000   1.0000   1.0000
   1.0000   1.0000   1.0000
   1.0000   1.0000   1.0000
   1.0000   1.0000   1.0000
   1.0000   1.0000   1.0000
   1.0000   1.0000   1.0000
   1.0000   1.0000   1.0000
   1.0000   1.0000   1.0000
   1.0000   1.0000   1.0000
   1.0000   1.0000   1.0000
   1.0000   1.0000   1.0000
   1.0000   1.0000   1.0000
   1.0000   1.0000   1.0000
   1.0000   1.0000   1.0000
   1.0000   1.0000   1.0000
   1.0000   1.0000   1.0000
   1.0000   1.0000   1.0000
   1.0000   1.0000   1.0000
   1.0000   1.0000   1.0000
   1.0000   1.0000   1.0000
   1.0000   1.0000   1.0000
   1.0000   1.0000   1.0000
   1.0000   1.0000   1.0000
   1.0000   1.0000   1.0000
   1.0000   1.0000   1.0000
   1.0000   1.0000   1.0000
   1.0000   1.0000   1.0000
   1.0000   1.0000   1.0000
   1.0000   1.0000   1.0000
   1.0000   1.0000   1.0000
   1.0000   1.0000   1.0000
   1.0000   1.0000   1.0000
   1.0000   1.0000   1.0000
   1.0000   1.0000   1.0000
   1.0000   1.0000   1.0000
   1.0000   1.0000   1.0000
   1.0000   1.0000   1.0000
   1.0000   1.0000   1.0000
   1.0000   1.0000   1.0000
   1.0000   1.0000   1.0000
   1.0000   1.0000   1.0000

applying weight : 1
applying weight : 1
applying weight : 1
Here are the weights in c++ : 
   1.0000   1.0000   1.0000
   1.0000   1.0000   1.0000
   1.0000   1.0000   1.0000
   1.0000   1.0000   1.0000
   1.0000   1.0000   1.0000
   1.0000   1.0000   1.0000
   1.0000   1.0000   1.0000
   1.0000   1.0000   1.0000
   1.0000   1.0000   1.0000
   1.0000   1.0000   1.0000
   1.0000   1.0000   1.0000
   1.0000   1.0000   1.0000
   1.0000   1.0000   1.0000
   1.0000   1.0000   1.0000
   1.0000   1.0000   1.0000
   1.0000   1.0000   1.0000
   1.0000   1.0000   1.0000
   1.0000   1.0000   1.0000
   1.0000   1.0000   1.0000
   1.0000   1.0000   1.0000
   1.0000   1.0000   1.0000
   1.0000   1.0000   1.0000
   1.0000   1.0000   1.0000
   1.0000   1.0000   1.0000
   1.0000   1.0000   1.0000
   1.0000   1.0000   1.0000
   1.0000   1.0000   1.0000
   1.0000   1.0000   1.0000
   1.0000   1.0000   1.0000
   1.0000   1.0000   1.0000
   1.0000   1.0000   1.0000
   1.0000   1.0000   1.0000
   1.0000   1.0000   1.0000
   1.0000   1.0000   1.0000
   1.0000   1.0000   1.0000
   1.0000   1.0000   1.0000
   1.0000   1.0000   1.0000
   1.0000   1.0000   1.0000
   1.0000   1.0000   1.0000
   1.0000   1.0000   1.0000
   1.0000   1.0000   1.0000
   1.0000   1.0000   1.0000
   1.0000   1.0000   1.0000
   1.0000   1.0000   1.0000
   1.0000   1.0000   1.0000

applying weight : 1
applying weight : 1
applying weight : 1
Here are the weights in c++ : 
   1.0000   1.0000   1.0000
   1.0000   1.0000   1.0000
   1.0000   1.0000   1.0000
   1.0000   1.0000   1.0000
   1.0000   1.0000   1.0000
   1.0000   1.0000   1.0000
   1.0000   1.0000   1.0000
   1.0000   1.0000   1.0000
   1.0000   1.0000   1.0000
   1.0000   1.0000   1.0000
   1.0000   1.0000   1.0000
   1.0000   1.0000   1.0000
   1.0000   1.0000   1.0000
   1.0000   1.0000   1.0000
   1.0000   1.0000   1.0000
   1.0000   1.0000   1.0000
   1.0000   1.0000   1.0000
   1.0000   1.0000   1.0000
   1.0000   1.0000   1.0000
   1.0000   1.0000   1.0000
   1.0000   1.0000   1.0000
   1.0000   1.0000   1.0000
   1.0000   1.0000   1.0000
   1.0000   1.0000   1.0000
   1.0000   1.0000   1.0000
   1.0000   1.0000   1.0000
   1.0000   1.0000   1.0000
   1.0000   1.0000   1.0000
   1.0000   1.0000   1.0000
   1.0000   1.0000   1.0000
   1.0000   1.0000   1.0000
   1.0000   1.0000   1.0000
   1.0000   1.0000   1.0000
   1.0000   1.0000   1.0000
   1.0000   1.0000   1.0000
   1.0000   1.0000   1.0000
   1.0000   1.0000   1.0000
   1.0000   1.0000   1.0000
   1.0000   1.0000   1.0000
   1.0000   1.0000   1.0000
   1.0000   1.0000   1.0000
   1.0000   1.0000   1.0000
   1.0000   1.0000   1.0000
   1.0000   1.0000   1.0000
   1.0000   1.0000   1.0000

applying weight : 1
applying weight : 1
applying weight : 1
Here are the weights in c++ : 
   1.0000   1.0000   1.0000
   1.0000   1.0000   1.0000
   1.0000   1.0000   1.0000
   1.0000   1.0000   1.0000
   1.0000   1.0000   1.0000
   1.0000   1.0000   1.0000
   1.0000   1.0000   1.0000
   1.0000   1.0000   1.0000
   1.0000   1.0000   1.0000
   1.0000   1.0000   1.0000
   1.0000   1.0000   1.0000
   1.0000   1.0000   1.0000
   1.0000   1.0000   1.0000
   1.0000   1.0000   1.0000
   1.0000   1.0000   1.0000
   1.0000   1.0000   1.0000
   1.0000   1.0000   1.0000
   1.0000   1.0000   1.0000
   1.0000   1.0000   1.0000
   1.0000   1.0000   1.0000
   1.0000   1.0000   1.0000
   1.0000   1.0000   1.0000
   1.0000   1.0000   1.0000
   1.0000   1.0000   1.0000
   1.0000   1.0000   1.0000
   1.0000   1.0000   1.0000
   1.0000   1.0000   1.0000
   1.0000   1.0000   1.0000
   1.0000   1.0000   1.0000
   1.0000   1.0000   1.0000
   1.0000   1.0000   1.0000
   1.0000   1.0000   1.0000
   1.0000   1.0000   1.0000
   1.0000   1.0000   1.0000
   1.0000   1.0000   1.0000
   1.0000   1.0000   1.0000
   1.0000   1.0000   1.0000
   1.0000   1.0000   1.0000
   1.0000   1.0000   1.0000
   1.0000   1.0000   1.0000
   1.0000   1.0000   1.0000
   1.0000   1.0000   1.0000
   1.0000   1.0000   1.0000
   1.0000   1.0000   1.0000
   1.0000   1.0000   1.0000

applying weight : 1
applying weight : 1
applying weight : 1
Here are the weights in c++ : 
   1.0000   1.0000   1.0000
   1.0000   1.0000   1.0000
   1.0000   1.0000   1.0000
   1.0000   1.0000   1.0000
   1.0000   1.0000   1.0000
   1.0000   1.0000   1.0000
   1.0000   1.0000   1.0000
   1.0000   1.0000   1.0000
   1.0000   1.0000   1.0000
   1.0000   1.0000   1.0000
   1.0000   1.0000   1.0000
   1.0000   1.0000   1.0000
   1.0000   1.0000   1.0000
   1.0000   1.0000   1.0000
   1.0000   1.0000   1.0000
   1.0000   1.0000   1.0000
   1.0000   1.0000   1.0000
   1.0000   1.0000   1.0000
   1.0000   1.0000   1.0000
   1.0000   1.0000   1.0000
   1.0000   1.0000   1.0000
   1.0000   1.0000   1.0000
   1.0000   1.0000   1.0000
   1.0000   1.0000   1.0000
   1.0000   1.0000   1.0000
   1.0000   1.0000   1.0000
   1.0000   1.0000   1.0000
   1.0000   1.0000   1.0000
   1.0000   1.0000   1.0000
   1.0000   1.0000   1.0000
   1.0000   1.0000   1.0000
   1.0000   1.0000   1.0000
   1.0000   1.0000   1.0000
   1.0000   1.0000   1.0000
   1.0000   1.0000   1.0000
   1.0000   1.0000   1.0000
   1.0000   1.0000   1.0000
   1.0000   1.0000   1.0000
   1.0000   1.0000   1.0000
   1.0000   1.0000   1.0000
   1.0000   1.0000   1.0000
   1.0000   1.0000   1.0000
   1.0000   1.0000   1.0000
   1.0000   1.0000   1.0000
   1.0000   1.0000   1.0000

applying weight : 1
applying weight : 1
applying weight : 1
Here are the weights in c++ : 
   1.0000   1.0000   1.0000
   1.0000   1.0000   1.0000
   1.0000   1.0000   1.0000
   1.0000   1.0000   1.0000
   1.0000   1.0000   1.0000
   1.0000   1.0000   1.0000
   1.0000   1.0000   1.0000
   1.0000   1.0000   1.0000
   1.0000   1.0000   1.0000
   1.0000   1.0000   1.0000
   1.0000   1.0000   1.0000
   1.0000   1.0000   1.0000
   1.0000   1.0000   1.0000
   1.0000   1.0000   1.0000
   1.0000   1.0000   1.0000
   1.0000   1.0000   1.0000
   1.0000   1.0000   1.0000
   1.0000   1.0000   1.0000
   1.0000   1.0000   1.0000
   1.0000   1.0000   1.0000
   1.0000   1.0000   1.0000
   1.0000   1.0000   1.0000
   1.0000   1.0000   1.0000
   1.0000   1.0000   1.0000
   1.0000   1.0000   1.0000
   1.0000   1.0000   1.0000
   1.0000   1.0000   1.0000
   1.0000   1.0000   1.0000
   1.0000   1.0000   1.0000
   1.0000   1.0000   1.0000
   1.0000   1.0000   1.0000
   1.0000   1.0000   1.0000
   1.0000   1.0000   1.0000
   1.0000   1.0000   1.0000
   1.0000   1.0000   1.0000
   1.0000   1.0000   1.0000
   1.0000   1.0000   1.0000
   1.0000   1.0000   1.0000
   1.0000   1.0000   1.0000
   1.0000   1.0000   1.0000
   1.0000   1.0000   1.0000
   1.0000   1.0000   1.0000
   1.0000   1.0000   1.0000
   1.0000   1.0000   1.0000
   1.0000   1.0000   1.0000

applying weight : 1
applying weight : 1
applying weight : 1
Here are the weights in c++ : 
   1.0000   1.0000   1.0000
   1.0000   1.0000   1.0000
   1.0000   1.0000   1.0000
   1.0000   1.0000   1.0000
   1.0000   1.0000   1.0000
   1.0000   1.0000   1.0000
   1.0000   1.0000   1.0000
   1.0000   1.0000   1.0000
   1.0000   1.0000   1.0000
   1.0000   1.0000   1.0000
   1.0000   1.0000   1.0000
   1.0000   1.0000   1.0000
   1.0000   1.0000   1.0000
   1.0000   1.0000   1.0000
   1.0000   1.0000   1.0000
   1.0000   1.0000   1.0000
   1.0000   1.0000   1.0000
   1.0000   1.0000   1.0000
   1.0000   1.0000   1.0000
   1.0000   1.0000   1.0000
   1.0000   1.0000   1.0000
   1.0000   1.0000   1.0000
   1.0000   1.0000   1.0000
   1.0000   1.0000   1.0000
   1.0000   1.0000   1.0000
   1.0000   1.0000   1.0000
   1.0000   1.0000   1.0000
   1.0000   1.0000   1.0000
   1.0000   1.0000   1.0000
   1.0000   1.0000   1.0000
   1.0000   1.0000   1.0000
   1.0000   1.0000   1.0000
   1.0000   1.0000   1.0000
   1.0000   1.0000   1.0000
   1.0000   1.0000   1.0000
   1.0000   1.0000   1.0000
   1.0000   1.0000   1.0000
   1.0000   1.0000   1.0000
   1.0000   1.0000   1.0000
   1.0000   1.0000   1.0000
   1.0000   1.0000   1.0000
   1.0000   1.0000   1.0000
   1.0000   1.0000   1.0000
   1.0000   1.0000   1.0000
   1.0000   1.0000   1.0000

applying weight : 1
applying weight : 1
applying weight : 1
Here are the weights in c++ : 
   1.0000   1.0000   1.0000
   1.0000   1.0000   1.0000
   1.0000   1.0000   1.0000
   1.0000   1.0000   1.0000
   1.0000   1.0000   1.0000
   1.0000   1.0000   1.0000
   1.0000   1.0000   1.0000
   1.0000   1.0000   1.0000
   1.0000   1.0000   1.0000
   1.0000   1.0000   1.0000
   1.0000   1.0000   1.0000
   1.0000   1.0000   1.0000
   1.0000   1.0000   1.0000
   1.0000   1.0000   1.0000
   1.0000   1.0000   1.0000
   1.0000   1.0000   1.0000
   1.0000   1.0000   1.0000
   1.0000   1.0000   1.0000
   1.0000   1.0000   1.0000
   1.0000   1.0000   1.0000
   1.0000   1.0000   1.0000
   1.0000   1.0000   1.0000
   1.0000   1.0000   1.0000
   1.0000   1.0000   1.0000
   1.0000   1.0000   1.0000
   1.0000   1.0000   1.0000
   1.0000   1.0000   1.0000
   1.0000   1.0000   1.0000
   1.0000   1.0000   1.0000
   1.0000   1.0000   1.0000
   1.0000   1.0000   1.0000
   1.0000   1.0000   1.0000
   1.0000   1.0000   1.0000
   1.0000   1.0000   1.0000
   1.0000   1.0000   1.0000
   1.0000   1.0000   1.0000
   1.0000   1.0000   1.0000
   1.0000   1.0000   1.0000
   1.0000   1.0000   1.0000
   1.0000   1.0000   1.0000
   1.0000   1.0000   1.0000
   1.0000   1.0000   1.0000
   1.0000   1.0000   1.0000
   1.0000   1.0000   1.0000
   1.0000   1.0000   1.0000

applying weight : 1
applying weight : 1
applying weight : 1
Here are the weights in c++ : 
   1.0000   1.0000   1.0000
   1.0000   1.0000   1.0000
   1.0000   1.0000   1.0000
   1.0000   1.0000   1.0000
   1.0000   1.0000   1.0000
   1.0000   1.0000   1.0000
   1.0000   1.0000   1.0000
   1.0000   1.0000   1.0000
   1.0000   1.0000   1.0000
   1.0000   1.0000   1.0000
   1.0000   1.0000   1.0000
   1.0000   1.0000   1.0000
   1.0000   1.0000   1.0000
   1.0000   1.0000   1.0000
   1.0000   1.0000   1.0000
   1.0000   1.0000   1.0000
   1.0000   1.0000   1.0000
   1.0000   1.0000   1.0000
   1.0000   1.0000   1.0000
   1.0000   1.0000   1.0000
   1.0000   1.0000   1.0000
   1.0000   1.0000   1.0000
   1.0000   1.0000   1.0000
   1.0000   1.0000   1.0000
   1.0000   1.0000   1.0000
   1.0000   1.0000   1.0000
   1.0000   1.0000   1.0000
   1.0000   1.0000   1.0000
   1.0000   1.0000   1.0000
   1.0000   1.0000   1.0000
   1.0000   1.0000   1.0000
   1.0000   1.0000   1.0000
   1.0000   1.0000   1.0000
   1.0000   1.0000   1.0000
   1.0000   1.0000   1.0000
   1.0000   1.0000   1.0000
   1.0000   1.0000   1.0000
   1.0000   1.0000   1.0000
   1.0000   1.0000   1.0000
   1.0000   1.0000   1.0000
   1.0000   1.0000   1.0000
   1.0000   1.0000   1.0000
   1.0000   1.0000   1.0000
   1.0000   1.0000   1.0000
   1.0000   1.0000   1.0000

applying weight : 1
applying weight : 1
applying weight : 1
Here are the weights in c++ : 
   1.0000   1.0000   1.0000
   1.0000   1.0000   1.0000
   1.0000   1.0000   1.0000
   1.0000   1.0000   1.0000
   1.0000   1.0000   1.0000
   1.0000   1.0000   1.0000
   1.0000   1.0000   1.0000
   1.0000   1.0000   1.0000
   1.0000   1.0000   1.0000
   1.0000   1.0000   1.0000
   1.0000   1.0000   1.0000
   1.0000   1.0000   1.0000
   1.0000   1.0000   1.0000
   1.0000   1.0000   1.0000
   1.0000   1.0000   1.0000
   1.0000   1.0000   1.0000
   1.0000   1.0000   1.0000
   1.0000   1.0000   1.0000
   1.0000   1.0000   1.0000
   1.0000   1.0000   1.0000
   1.0000   1.0000   1.0000
   1.0000   1.0000   1.0000
   1.0000   1.0000   1.0000
   1.0000   1.0000   1.0000
   1.0000   1.0000   1.0000
   1.0000   1.0000   1.0000
   1.0000   1.0000   1.0000
   1.0000   1.0000   1.0000
   1.0000   1.0000   1.0000
   1.0000   1.0000   1.0000
   1.0000   1.0000   1.0000
   1.0000   1.0000   1.0000
   1.0000   1.0000   1.0000
   1.0000   1.0000   1.0000
   1.0000   1.0000   1.0000
   1.0000   1.0000   1.0000
   1.0000   1.0000   1.0000
   1.0000   1.0000   1.0000
   1.0000   1.0000   1.0000
   1.0000   1.0000   1.0000
   1.0000   1.0000   1.0000
   1.0000   1.0000   1.0000
   1.0000   1.0000   1.0000
   1.0000   1.0000   1.0000
   1.0000   1.0000   1.0000

applying weight : 1
applying weight : 1
applying weight : 1
Here are the weights in c++ : 
   1.0000   1.0000   1.0000
   1.0000   1.0000   1.0000
   1.0000   1.0000   1.0000
   1.0000   1.0000   1.0000
   1.0000   1.0000   1.0000
   1.0000   1.0000   1.0000
   1.0000   1.0000   1.0000
   1.0000   1.0000   1.0000
   1.0000   1.0000   1.0000
   1.0000   1.0000   1.0000
   1.0000   1.0000   1.0000
   1.0000   1.0000   1.0000
   1.0000   1.0000   1.0000
   1.0000   1.0000   1.0000
   1.0000   1.0000   1.0000
   1.0000   1.0000   1.0000
   1.0000   1.0000   1.0000
   1.0000   1.0000   1.0000
   1.0000   1.0000   1.0000
   1.0000   1.0000   1.0000
   1.0000   1.0000   1.0000
   1.0000   1.0000   1.0000
   1.0000   1.0000   1.0000
   1.0000   1.0000   1.0000
   1.0000   1.0000   1.0000
   1.0000   1.0000   1.0000
   1.0000   1.0000   1.0000
   1.0000   1.0000   1.0000
   1.0000   1.0000   1.0000
   1.0000   1.0000   1.0000
   1.0000   1.0000   1.0000
   1.0000   1.0000   1.0000
   1.0000   1.0000   1.0000
   1.0000   1.0000   1.0000
   1.0000   1.0000   1.0000
   1.0000   1.0000   1.0000
   1.0000   1.0000   1.0000
   1.0000   1.0000   1.0000
   1.0000   1.0000   1.0000
   1.0000   1.0000   1.0000
   1.0000   1.0000   1.0000
   1.0000   1.0000   1.0000
   1.0000   1.0000   1.0000
   1.0000   1.0000   1.0000
   1.0000   1.0000   1.0000

applying weight : 1
applying weight : 1
applying weight : 1
Here are the weights in c++ : 
   1.0000   1.0000   1.0000
   1.0000   1.0000   1.0000
   1.0000   1.0000   1.0000
   1.0000   1.0000   1.0000
   1.0000   1.0000   1.0000
   1.0000   1.0000   1.0000
   1.0000   1.0000   1.0000
   1.0000   1.0000   1.0000
   1.0000   1.0000   1.0000
   1.0000   1.0000   1.0000
   1.0000   1.0000   1.0000
   1.0000   1.0000   1.0000
   1.0000   1.0000   1.0000
   1.0000   1.0000   1.0000
   1.0000   1.0000   1.0000
   1.0000   1.0000   1.0000
   1.0000   1.0000   1.0000
   1.0000   1.0000   1.0000
   1.0000   1.0000   1.0000
   1.0000   1.0000   1.0000
   1.0000   1.0000   1.0000
   1.0000   1.0000   1.0000
   1.0000   1.0000   1.0000
   1.0000   1.0000   1.0000
   1.0000   1.0000   1.0000
   1.0000   1.0000   1.0000
   1.0000   1.0000   1.0000
   1.0000   1.0000   1.0000
   1.0000   1.0000   1.0000
   1.0000   1.0000   1.0000
   1.0000   1.0000   1.0000
   1.0000   1.0000   1.0000
   1.0000   1.0000   1.0000
   1.0000   1.0000   1.0000
   1.0000   1.0000   1.0000
   1.0000   1.0000   1.0000
   1.0000   1.0000   1.0000
   1.0000   1.0000   1.0000
   1.0000   1.0000   1.0000
   1.0000   1.0000   1.0000
   1.0000   1.0000   1.0000
   1.0000   1.0000   1.0000
   1.0000   1.0000   1.0000
   1.0000   1.0000   1.0000
   1.0000   1.0000   1.0000

applying weight : 1
applying weight : 1
applying weight : 1
Here are the weights in c++ : 
   1.0000   1.0000   1.0000
   1.0000   1.0000   1.0000
   1.0000   1.0000   1.0000
   1.0000   1.0000   1.0000
   1.0000   1.0000   1.0000
   1.0000   1.0000   1.0000
   1.0000   1.0000   1.0000
   1.0000   1.0000   1.0000
   1.0000   1.0000   1.0000
   1.0000   1.0000   1.0000
   1.0000   1.0000   1.0000
   1.0000   1.0000   1.0000
   1.0000   1.0000   1.0000
   1.0000   1.0000   1.0000
   1.0000   1.0000   1.0000
   1.0000   1.0000   1.0000
   1.0000   1.0000   1.0000
   1.0000   1.0000   1.0000
   1.0000   1.0000   1.0000
   1.0000   1.0000   1.0000
   1.0000   1.0000   1.0000
   1.0000   1.0000   1.0000
   1.0000   1.0000   1.0000
   1.0000   1.0000   1.0000
   1.0000   1.0000   1.0000
   1.0000   1.0000   1.0000
   1.0000   1.0000   1.0000
   1.0000   1.0000   1.0000
   1.0000   1.0000   1.0000
   1.0000   1.0000   1.0000
   1.0000   1.0000   1.0000
   1.0000   1.0000   1.0000
   1.0000   1.0000   1.0000
   1.0000   1.0000   1.0000
   1.0000   1.0000   1.0000
   1.0000   1.0000   1.0000
   1.0000   1.0000   1.0000
   1.0000   1.0000   1.0000
   1.0000   1.0000   1.0000
   1.0000   1.0000   1.0000
   1.0000   1.0000   1.0000
   1.0000   1.0000   1.0000
   1.0000   1.0000   1.0000
   1.0000   1.0000   1.0000
   1.0000   1.0000   1.0000

applying weight : 1
applying weight : 1
applying weight : 1
Here are the weights in c++ : 
   1.0000   1.0000   1.0000
   1.0000   1.0000   1.0000
   1.0000   1.0000   1.0000
   1.0000   1.0000   1.0000
   1.0000   1.0000   1.0000
   1.0000   1.0000   1.0000
   1.0000   1.0000   1.0000
   1.0000   1.0000   1.0000
   1.0000   1.0000   1.0000
   1.0000   1.0000   1.0000
   1.0000   1.0000   1.0000
   1.0000   1.0000   1.0000
   1.0000   1.0000   1.0000
   1.0000   1.0000   1.0000
   1.0000   1.0000   1.0000
   1.0000   1.0000   1.0000
   1.0000   1.0000   1.0000
   1.0000   1.0000   1.0000
   1.0000   1.0000   1.0000
   1.0000   1.0000   1.0000
   1.0000   1.0000   1.0000
   1.0000   1.0000   1.0000
   1.0000   1.0000   1.0000
   1.0000   1.0000   1.0000
   1.0000   1.0000   1.0000
   1.0000   1.0000   1.0000
   1.0000   1.0000   1.0000
   1.0000   1.0000   1.0000
   1.0000   1.0000   1.0000
   1.0000   1.0000   1.0000
   1.0000   1.0000   1.0000
   1.0000   1.0000   1.0000
   1.0000   1.0000   1.0000
   1.0000   1.0000   1.0000
   1.0000   1.0000   1.0000
   1.0000   1.0000   1.0000
   1.0000   1.0000   1.0000
   1.0000   1.0000   1.0000
   1.0000   1.0000   1.0000
   1.0000   1.0000   1.0000
   1.0000   1.0000   1.0000
   1.0000   1.0000   1.0000
   1.0000   1.0000   1.0000
   1.0000   1.0000   1.0000
   1.0000   1.0000   1.0000

applying weight : 1
applying weight : 1
applying weight : 1
Here are the weights in c++ : 
   1.0000   1.0000   1.0000
   1.0000   1.0000   1.0000
   1.0000   1.0000   1.0000
   1.0000   1.0000   1.0000
   1.0000   1.0000   1.0000
   1.0000   1.0000   1.0000
   1.0000   1.0000   1.0000
   1.0000   1.0000   1.0000
   1.0000   1.0000   1.0000
   1.0000   1.0000   1.0000
   1.0000   1.0000   1.0000
   1.0000   1.0000   1.0000
   1.0000   1.0000   1.0000
   1.0000   1.0000   1.0000
   1.0000   1.0000   1.0000
   1.0000   1.0000   1.0000
   1.0000   1.0000   1.0000
   1.0000   1.0000   1.0000
   1.0000   1.0000   1.0000
   1.0000   1.0000   1.0000
   1.0000   1.0000   1.0000
   1.0000   1.0000   1.0000
   1.0000   1.0000   1.0000
   1.0000   1.0000   1.0000
   1.0000   1.0000   1.0000
   1.0000   1.0000   1.0000
   1.0000   1.0000   1.0000
   1.0000   1.0000   1.0000
   1.0000   1.0000   1.0000
   1.0000   1.0000   1.0000
   1.0000   1.0000   1.0000
   1.0000   1.0000   1.0000
   1.0000   1.0000   1.0000
   1.0000   1.0000   1.0000
   1.0000   1.0000   1.0000
   1.0000   1.0000   1.0000
   1.0000   1.0000   1.0000
   1.0000   1.0000   1.0000
   1.0000   1.0000   1.0000
   1.0000   1.0000   1.0000
   1.0000   1.0000   1.0000
   1.0000   1.0000   1.0000
   1.0000   1.0000   1.0000
   1.0000   1.0000   1.0000
   1.0000   1.0000   1.0000

applying weight : 1
applying weight : 1
applying weight : 1
Here are the weights in c++ : 
   1.0000   1.0000   1.0000
   1.0000   1.0000   1.0000
   1.0000   1.0000   1.0000
   1.0000   1.0000   1.0000
   1.0000   1.0000   1.0000
   1.0000   1.0000   1.0000
   1.0000   1.0000   1.0000
   1.0000   1.0000   1.0000
   1.0000   1.0000   1.0000
   1.0000   1.0000   1.0000
   1.0000   1.0000   1.0000
   1.0000   1.0000   1.0000
   1.0000   1.0000   1.0000
   1.0000   1.0000   1.0000
   1.0000   1.0000   1.0000
   1.0000   1.0000   1.0000
   1.0000   1.0000   1.0000
   1.0000   1.0000   1.0000
   1.0000   1.0000   1.0000
   1.0000   1.0000   1.0000
   1.0000   1.0000   1.0000
   1.0000   1.0000   1.0000
   1.0000   1.0000   1.0000
   1.0000   1.0000   1.0000
   1.0000   1.0000   1.0000
   1.0000   1.0000   1.0000
   1.0000   1.0000   1.0000
   1.0000   1.0000   1.0000
   1.0000   1.0000   1.0000
   1.0000   1.0000   1.0000
   1.0000   1.0000   1.0000
   1.0000   1.0000   1.0000
   1.0000   1.0000   1.0000
   1.0000   1.0000   1.0000
   1.0000   1.0000   1.0000
   1.0000   1.0000   1.0000
   1.0000   1.0000   1.0000
   1.0000   1.0000   1.0000
   1.0000   1.0000   1.0000
   1.0000   1.0000   1.0000
   1.0000   1.0000   1.0000
   1.0000   1.0000   1.0000
   1.0000   1.0000   1.0000
   1.0000   1.0000   1.0000
   1.0000   1.0000   1.0000

applying weight : 1
applying weight : 1
applying weight : 1
Here are the weights in c++ : 
   1.0000   1.0000   1.0000
   1.0000   1.0000   1.0000
   1.0000   1.0000   1.0000
   1.0000   1.0000   1.0000
   1.0000   1.0000   1.0000
   1.0000   1.0000   1.0000
   1.0000   1.0000   1.0000
   1.0000   1.0000   1.0000
   1.0000   1.0000   1.0000
   1.0000   1.0000   1.0000
   1.0000   1.0000   1.0000
   1.0000   1.0000   1.0000
   1.0000   1.0000   1.0000
   1.0000   1.0000   1.0000
   1.0000   1.0000   1.0000
   1.0000   1.0000   1.0000
   1.0000   1.0000   1.0000
   1.0000   1.0000   1.0000
   1.0000   1.0000   1.0000
   1.0000   1.0000   1.0000
   1.0000   1.0000   1.0000
   1.0000   1.0000   1.0000
   1.0000   1.0000   1.0000
   1.0000   1.0000   1.0000
   1.0000   1.0000   1.0000
   1.0000   1.0000   1.0000
   1.0000   1.0000   1.0000
   1.0000   1.0000   1.0000
   1.0000   1.0000   1.0000
   1.0000   1.0000   1.0000
   1.0000   1.0000   1.0000
   1.0000   1.0000   1.0000
   1.0000   1.0000   1.0000
   1.0000   1.0000   1.0000
   1.0000   1.0000   1.0000
   1.0000   1.0000   1.0000
   1.0000   1.0000   1.0000
   1.0000   1.0000   1.0000
   1.0000   1.0000   1.0000
   1.0000   1.0000   1.0000
   1.0000   1.0000   1.0000
   1.0000   1.0000   1.0000
   1.0000   1.0000   1.0000
   1.0000   1.0000   1.0000
   1.0000   1.0000   1.0000

applying weight : 1
applying weight : 1
applying weight : 1
Here are the weights in c++ : 
   1.0000   1.0000   1.0000
   1.0000   1.0000   1.0000
   1.0000   1.0000   1.0000
   1.0000   1.0000   1.0000
   1.0000   1.0000   1.0000
   1.0000   1.0000   1.0000
   1.0000   1.0000   1.0000
   1.0000   1.0000   1.0000
   1.0000   1.0000   1.0000
   1.0000   1.0000   1.0000
   1.0000   1.0000   1.0000
   1.0000   1.0000   1.0000
   1.0000   1.0000   1.0000
   1.0000   1.0000   1.0000
   1.0000   1.0000   1.0000
   1.0000   1.0000   1.0000
   1.0000   1.0000   1.0000
   1.0000   1.0000   1.0000
   1.0000   1.0000   1.0000
   1.0000   1.0000   1.0000
   1.0000   1.0000   1.0000
   1.0000   1.0000   1.0000
   1.0000   1.0000   1.0000
   1.0000   1.0000   1.0000
   1.0000   1.0000   1.0000
   1.0000   1.0000   1.0000
   1.0000   1.0000   1.0000
   1.0000   1.0000   1.0000
   1.0000   1.0000   1.0000
   1.0000   1.0000   1.0000
   1.0000   1.0000   1.0000
   1.0000   1.0000   1.0000
   1.0000   1.0000   1.0000
   1.0000   1.0000   1.0000
   1.0000   1.0000   1.0000
   1.0000   1.0000   1.0000
   1.0000   1.0000   1.0000
   1.0000   1.0000   1.0000
   1.0000   1.0000   1.0000
   1.0000   1.0000   1.0000
   1.0000   1.0000   1.0000
   1.0000   1.0000   1.0000
   1.0000   1.0000   1.0000
   1.0000   1.0000   1.0000
   1.0000   1.0000   1.0000

applying weight : 1
applying weight : 1
applying weight : 1
Here are the weights in c++ : 
   1.0000   1.0000   1.0000
   1.0000   1.0000   1.0000
   1.0000   1.0000   1.0000
   1.0000   1.0000   1.0000
   1.0000   1.0000   1.0000
   1.0000   1.0000   1.0000
   1.0000   1.0000   1.0000
   1.0000   1.0000   1.0000
   1.0000   1.0000   1.0000
   1.0000   1.0000   1.0000
   1.0000   1.0000   1.0000
   1.0000   1.0000   1.0000
   1.0000   1.0000   1.0000
   1.0000   1.0000   1.0000
   1.0000   1.0000   1.0000
   1.0000   1.0000   1.0000
   1.0000   1.0000   1.0000
   1.0000   1.0000   1.0000
   1.0000   1.0000   1.0000
   1.0000   1.0000   1.0000
   1.0000   1.0000   1.0000
   1.0000   1.0000   1.0000
   1.0000   1.0000   1.0000
   1.0000   1.0000   1.0000
   1.0000   1.0000   1.0000
   1.0000   1.0000   1.0000
   1.0000   1.0000   1.0000
   1.0000   1.0000   1.0000
   1.0000   1.0000   1.0000
   1.0000   1.0000   1.0000
   1.0000   1.0000   1.0000
   1.0000   1.0000   1.0000
   1.0000   1.0000   1.0000
   1.0000   1.0000   1.0000
   1.0000   1.0000   1.0000
   1.0000   1.0000   1.0000
   1.0000   1.0000   1.0000
   1.0000   1.0000   1.0000
   1.0000   1.0000   1.0000
   1.0000   1.0000   1.0000
   1.0000   1.0000   1.0000
   1.0000   1.0000   1.0000
   1.0000   1.0000   1.0000
   1.0000   1.0000   1.0000
   1.0000   1.0000   1.0000

applying weight : 1
applying weight : 1
applying weight : 1
Here are the weights in c++ : 
   1.0000   1.0000   1.0000
   1.0000   1.0000   1.0000
   1.0000   1.0000   1.0000
   1.0000   1.0000   1.0000
   1.0000   1.0000   1.0000
   1.0000   1.0000   1.0000
   1.0000   1.0000   1.0000
   1.0000   1.0000   1.0000
   1.0000   1.0000   1.0000
   1.0000   1.0000   1.0000
   1.0000   1.0000   1.0000
   1.0000   1.0000   1.0000
   1.0000   1.0000   1.0000
   1.0000   1.0000   1.0000
   1.0000   1.0000   1.0000
   1.0000   1.0000   1.0000
   1.0000   1.0000   1.0000
   1.0000   1.0000   1.0000
   1.0000   1.0000   1.0000
   1.0000   1.0000   1.0000
   1.0000   1.0000   1.0000
   1.0000   1.0000   1.0000
   1.0000   1.0000   1.0000
   1.0000   1.0000   1.0000
   1.0000   1.0000   1.0000
   1.0000   1.0000   1.0000
   1.0000   1.0000   1.0000
   1.0000   1.0000   1.0000
   1.0000   1.0000   1.0000
   1.0000   1.0000   1.0000
   1.0000   1.0000   1.0000
   1.0000   1.0000   1.0000
   1.0000   1.0000   1.0000
   1.0000   1.0000   1.0000
   1.0000   1.0000   1.0000
   1.0000   1.0000   1.0000
   1.0000   1.0000   1.0000
   1.0000   1.0000   1.0000
   1.0000   1.0000   1.0000
   1.0000   1.0000   1.0000
   1.0000   1.0000   1.0000
   1.0000   1.0000   1.0000
   1.0000   1.0000   1.0000
   1.0000   1.0000   1.0000
   1.0000   1.0000   1.0000

applying weight : 1
applying weight : 1
applying weight : 1
Here are the weights in c++ : 
   1.0000   1.0000   1.0000
   1.0000   1.0000   1.0000
   1.0000   1.0000   1.0000
   1.0000   1.0000   1.0000
   1.0000   1.0000   1.0000
   1.0000   1.0000   1.0000
   1.0000   1.0000   1.0000
   1.0000   1.0000   1.0000
   1.0000   1.0000   1.0000
   1.0000   1.0000   1.0000
   1.0000   1.0000   1.0000
   1.0000   1.0000   1.0000
   1.0000   1.0000   1.0000
   1.0000   1.0000   1.0000
   1.0000   1.0000   1.0000
   1.0000   1.0000   1.0000
   1.0000   1.0000   1.0000
   1.0000   1.0000   1.0000
   1.0000   1.0000   1.0000
   1.0000   1.0000   1.0000
   1.0000   1.0000   1.0000
   1.0000   1.0000   1.0000
   1.0000   1.0000   1.0000
   1.0000   1.0000   1.0000
   1.0000   1.0000   1.0000
   1.0000   1.0000   1.0000
   1.0000   1.0000   1.0000
   1.0000   1.0000   1.0000
   1.0000   1.0000   1.0000
   1.0000   1.0000   1.0000
   1.0000   1.0000   1.0000
   1.0000   1.0000   1.0000
   1.0000   1.0000   1.0000
   1.0000   1.0000   1.0000
   1.0000   1.0000   1.0000
   1.0000   1.0000   1.0000
   1.0000   1.0000   1.0000
   1.0000   1.0000   1.0000
   1.0000   1.0000   1.0000
   1.0000   1.0000   1.0000
   1.0000   1.0000   1.0000
   1.0000   1.0000   1.0000
   1.0000   1.0000   1.0000
   1.0000   1.0000   1.0000
   1.0000   1.0000   1.0000

applying weight : 1
applying weight : 1
applying weight : 1
Here are the weights in c++ : 
   1.0000   1.0000   1.0000
   1.0000   1.0000   1.0000
   1.0000   1.0000   1.0000
   1.0000   1.0000   1.0000
   1.0000   1.0000   1.0000
   1.0000   1.0000   1.0000
   1.0000   1.0000   1.0000
   1.0000   1.0000   1.0000
   1.0000   1.0000   1.0000
   1.0000   1.0000   1.0000
   1.0000   1.0000   1.0000
   1.0000   1.0000   1.0000
   1.0000   1.0000   1.0000
   1.0000   1.0000   1.0000
   1.0000   1.0000   1.0000
   1.0000   1.0000   1.0000
   1.0000   1.0000   1.0000
   1.0000   1.0000   1.0000
   1.0000   1.0000   1.0000
   1.0000   1.0000   1.0000
   1.0000   1.0000   1.0000
   1.0000   1.0000   1.0000
   1.0000   1.0000   1.0000
   1.0000   1.0000   1.0000
   1.0000   1.0000   1.0000
   1.0000   1.0000   1.0000
   1.0000   1.0000   1.0000
   1.0000   1.0000   1.0000
   1.0000   1.0000   1.0000
   1.0000   1.0000   1.0000
   1.0000   1.0000   1.0000
   1.0000   1.0000   1.0000
   1.0000   1.0000   1.0000
   1.0000   1.0000   1.0000
   1.0000   1.0000   1.0000
   1.0000   1.0000   1.0000
   1.0000   1.0000   1.0000
   1.0000   1.0000   1.0000
   1.0000   1.0000   1.0000
   1.0000   1.0000   1.0000
   1.0000   1.0000   1.0000
   1.0000   1.0000   1.0000
   1.0000   1.0000   1.0000
   1.0000   1.0000   1.0000
   1.0000   1.0000   1.0000

applying weight : 1
applying weight : 1
applying weight : 1
Here are the weights in c++ : 
   1.0000   1.0000   1.0000
   1.0000   1.0000   1.0000
   1.0000   1.0000   1.0000
   1.0000   1.0000   1.0000
   1.0000   1.0000   1.0000
   1.0000   1.0000   1.0000
   1.0000   1.0000   1.0000
   1.0000   1.0000   1.0000
   1.0000   1.0000   1.0000
   1.0000   1.0000   1.0000
   1.0000   1.0000   1.0000
   1.0000   1.0000   1.0000
   1.0000   1.0000   1.0000
   1.0000   1.0000   1.0000
   1.0000   1.0000   1.0000
   1.0000   1.0000   1.0000
   1.0000   1.0000   1.0000
   1.0000   1.0000   1.0000
   1.0000   1.0000   1.0000
   1.0000   1.0000   1.0000
   1.0000   1.0000   1.0000
   1.0000   1.0000   1.0000
   1.0000   1.0000   1.0000
   1.0000   1.0000   1.0000
   1.0000   1.0000   1.0000
   1.0000   1.0000   1.0000
   1.0000   1.0000   1.0000
   1.0000   1.0000   1.0000
   1.0000   1.0000   1.0000
   1.0000   1.0000   1.0000
   1.0000   1.0000   1.0000
   1.0000   1.0000   1.0000
   1.0000   1.0000   1.0000
   1.0000   1.0000   1.0000
   1.0000   1.0000   1.0000
   1.0000   1.0000   1.0000
   1.0000   1.0000   1.0000
   1.0000   1.0000   1.0000
   1.0000   1.0000   1.0000
   1.0000   1.0000   1.0000
   1.0000   1.0000   1.0000
   1.0000   1.0000   1.0000
   1.0000   1.0000   1.0000
   1.0000   1.0000   1.0000
   1.0000   1.0000   1.0000

applying weight : 1
applying weight : 1
applying weight : 1
Here are the weights in c++ : 
   1.0000   1.0000   1.0000
   1.0000   1.0000   1.0000
   1.0000   1.0000   1.0000
   1.0000   1.0000   1.0000
   1.0000   1.0000   1.0000
   1.0000   1.0000   1.0000
   1.0000   1.0000   1.0000
   1.0000   1.0000   1.0000
   1.0000   1.0000   1.0000
   1.0000   1.0000   1.0000
   1.0000   1.0000   1.0000
   1.0000   1.0000   1.0000
   1.0000   1.0000   1.0000
   1.0000   1.0000   1.0000
   1.0000   1.0000   1.0000
   1.0000   1.0000   1.0000
   1.0000   1.0000   1.0000
   1.0000   1.0000   1.0000
   1.0000   1.0000   1.0000
   1.0000   1.0000   1.0000
   1.0000   1.0000   1.0000
   1.0000   1.0000   1.0000
   1.0000   1.0000   1.0000
   1.0000   1.0000   1.0000
   1.0000   1.0000   1.0000
   1.0000   1.0000   1.0000
   1.0000   1.0000   1.0000
   1.0000   1.0000   1.0000
   1.0000   1.0000   1.0000
   1.0000   1.0000   1.0000
   1.0000   1.0000   1.0000
   1.0000   1.0000   1.0000
   1.0000   1.0000   1.0000
   1.0000   1.0000   1.0000
   1.0000   1.0000   1.0000
   1.0000   1.0000   1.0000
   1.0000   1.0000   1.0000
   1.0000   1.0000   1.0000
   1.0000   1.0000   1.0000
   1.0000   1.0000   1.0000
   1.0000   1.0000   1.0000
   1.0000   1.0000   1.0000
   1.0000   1.0000   1.0000
   1.0000   1.0000   1.0000
   1.0000   1.0000   1.0000

applying weight : 1
applying weight : 1
applying weight : 1
Here are the weights in c++ : 
   1.0000   1.0000   1.0000
   1.0000   1.0000   1.0000
   1.0000   1.0000   1.0000
   1.0000   1.0000   1.0000
   1.0000   1.0000   1.0000
   1.0000   1.0000   1.0000
   1.0000   1.0000   1.0000
   1.0000   1.0000   1.0000
   1.0000   1.0000   1.0000
   1.0000   1.0000   1.0000
   1.0000   1.0000   1.0000
   1.0000   1.0000   1.0000
   1.0000   1.0000   1.0000
   1.0000   1.0000   1.0000
   1.0000   1.0000   1.0000
   1.0000   1.0000   1.0000
   1.0000   1.0000   1.0000
   1.0000   1.0000   1.0000
   1.0000   1.0000   1.0000
   1.0000   1.0000   1.0000
   1.0000   1.0000   1.0000
   1.0000   1.0000   1.0000
   1.0000   1.0000   1.0000
   1.0000   1.0000   1.0000
   1.0000   1.0000   1.0000
   1.0000   1.0000   1.0000
   1.0000   1.0000   1.0000
   1.0000   1.0000   1.0000
   1.0000   1.0000   1.0000
   1.0000   1.0000   1.0000
   1.0000   1.0000   1.0000
   1.0000   1.0000   1.0000
   1.0000   1.0000   1.0000
   1.0000   1.0000   1.0000
   1.0000   1.0000   1.0000
   1.0000   1.0000   1.0000
   1.0000   1.0000   1.0000
   1.0000   1.0000   1.0000
   1.0000   1.0000   1.0000
   1.0000   1.0000   1.0000
   1.0000   1.0000   1.0000
   1.0000   1.0000   1.0000
   1.0000   1.0000   1.0000
   1.0000   1.0000   1.0000
   1.0000   1.0000   1.0000

applying weight : 1
applying weight : 1
applying weight : 1
Here are the weights in c++ : 
   1.0000   1.0000   1.0000
   1.0000   1.0000   1.0000
   1.0000   1.0000   1.0000
   1.0000   1.0000   1.0000
   1.0000   1.0000   1.0000
   1.0000   1.0000   1.0000
   1.0000   1.0000   1.0000
   1.0000   1.0000   1.0000
   1.0000   1.0000   1.0000
   1.0000   1.0000   1.0000
   1.0000   1.0000   1.0000
   1.0000   1.0000   1.0000
   1.0000   1.0000   1.0000
   1.0000   1.0000   1.0000
   1.0000   1.0000   1.0000
   1.0000   1.0000   1.0000
   1.0000   1.0000   1.0000
   1.0000   1.0000   1.0000
   1.0000   1.0000   1.0000
   1.0000   1.0000   1.0000
   1.0000   1.0000   1.0000
   1.0000   1.0000   1.0000
   1.0000   1.0000   1.0000
   1.0000   1.0000   1.0000
   1.0000   1.0000   1.0000
   1.0000   1.0000   1.0000
   1.0000   1.0000   1.0000
   1.0000   1.0000   1.0000
   1.0000   1.0000   1.0000
   1.0000   1.0000   1.0000
   1.0000   1.0000   1.0000
   1.0000   1.0000   1.0000
   1.0000   1.0000   1.0000
   1.0000   1.0000   1.0000
   1.0000   1.0000   1.0000
   1.0000   1.0000   1.0000
   1.0000   1.0000   1.0000
   1.0000   1.0000   1.0000
   1.0000   1.0000   1.0000
   1.0000   1.0000   1.0000
   1.0000   1.0000   1.0000
   1.0000   1.0000   1.0000
   1.0000   1.0000   1.0000
   1.0000   1.0000   1.0000
   1.0000   1.0000   1.0000

applying weight : 1
applying weight : 1
applying weight : 1
Here are the weights in c++ : 
   1.0000   1.0000   1.0000
   1.0000   1.0000   1.0000
   1.0000   1.0000   1.0000
   1.0000   1.0000   1.0000
   1.0000   1.0000   1.0000
   1.0000   1.0000   1.0000
   1.0000   1.0000   1.0000
   1.0000   1.0000   1.0000
   1.0000   1.0000   1.0000
   1.0000   1.0000   1.0000
   1.0000   1.0000   1.0000
   1.0000   1.0000   1.0000
   1.0000   1.0000   1.0000
   1.0000   1.0000   1.0000
   1.0000   1.0000   1.0000
   1.0000   1.0000   1.0000
   1.0000   1.0000   1.0000
   1.0000   1.0000   1.0000
   1.0000   1.0000   1.0000
   1.0000   1.0000   1.0000
   1.0000   1.0000   1.0000
   1.0000   1.0000   1.0000
   1.0000   1.0000   1.0000
   1.0000   1.0000   1.0000
   1.0000   1.0000   1.0000
   1.0000   1.0000   1.0000
   1.0000   1.0000   1.0000
   1.0000   1.0000   1.0000
   1.0000   1.0000   1.0000
   1.0000   1.0000   1.0000
   1.0000   1.0000   1.0000
   1.0000   1.0000   1.0000
   1.0000   1.0000   1.0000
   1.0000   1.0000   1.0000
   1.0000   1.0000   1.0000
   1.0000   1.0000   1.0000
   1.0000   1.0000   1.0000
   1.0000   1.0000   1.0000
   1.0000   1.0000   1.0000
   1.0000   1.0000   1.0000
   1.0000   1.0000   1.0000
   1.0000   1.0000   1.0000
   1.0000   1.0000   1.0000
   1.0000   1.0000   1.0000
   1.0000   1.0000   1.0000

applying weight : 1
applying weight : 1
applying weight : 1
Here are the weights in c++ : 
   1.0000   1.0000   1.0000
   1.0000   1.0000   1.0000
   1.0000   1.0000   1.0000
   1.0000   1.0000   1.0000
   1.0000   1.0000   1.0000
   1.0000   1.0000   1.0000
   1.0000   1.0000   1.0000
   1.0000   1.0000   1.0000
   1.0000   1.0000   1.0000
   1.0000   1.0000   1.0000
   1.0000   1.0000   1.0000
   1.0000   1.0000   1.0000
   1.0000   1.0000   1.0000
   1.0000   1.0000   1.0000
   1.0000   1.0000   1.0000
   1.0000   1.0000   1.0000
   1.0000   1.0000   1.0000
   1.0000   1.0000   1.0000
   1.0000   1.0000   1.0000
   1.0000   1.0000   1.0000
   1.0000   1.0000   1.0000
   1.0000   1.0000   1.0000
   1.0000   1.0000   1.0000
   1.0000   1.0000   1.0000
   1.0000   1.0000   1.0000
   1.0000   1.0000   1.0000
   1.0000   1.0000   1.0000
   1.0000   1.0000   1.0000
   1.0000   1.0000   1.0000
   1.0000   1.0000   1.0000
   1.0000   1.0000   1.0000
   1.0000   1.0000   1.0000
   1.0000   1.0000   1.0000
   1.0000   1.0000   1.0000
   1.0000   1.0000   1.0000
   1.0000   1.0000   1.0000
   1.0000   1.0000   1.0000
   1.0000   1.0000   1.0000
   1.0000   1.0000   1.0000
   1.0000   1.0000   1.0000
   1.0000   1.0000   1.0000
   1.0000   1.0000   1.0000
   1.0000   1.0000   1.0000
   1.0000   1.0000   1.0000
   1.0000   1.0000   1.0000

applying weight : 1
applying weight : 1
applying weight : 1
Here are the weights in c++ : 
   1.0000   1.0000   1.0000
   1.0000   1.0000   1.0000
   1.0000   1.0000   1.0000
   1.0000   1.0000   1.0000
   1.0000   1.0000   1.0000
   1.0000   1.0000   1.0000
   1.0000   1.0000   1.0000
   1.0000   1.0000   1.0000
   1.0000   1.0000   1.0000
   1.0000   1.0000   1.0000
   1.0000   1.0000   1.0000
   1.0000   1.0000   1.0000
   1.0000   1.0000   1.0000
   1.0000   1.0000   1.0000
   1.0000   1.0000   1.0000
   1.0000   1.0000   1.0000
   1.0000   1.0000   1.0000
   1.0000   1.0000   1.0000
   1.0000   1.0000   1.0000
   1.0000   1.0000   1.0000
   1.0000   1.0000   1.0000
   1.0000   1.0000   1.0000
   1.0000   1.0000   1.0000
   1.0000   1.0000   1.0000
   1.0000   1.0000   1.0000
   1.0000   1.0000   1.0000
   1.0000   1.0000   1.0000
   1.0000   1.0000   1.0000
   1.0000   1.0000   1.0000
   1.0000   1.0000   1.0000
   1.0000   1.0000   1.0000
   1.0000   1.0000   1.0000
   1.0000   1.0000   1.0000
   1.0000   1.0000   1.0000
   1.0000   1.0000   1.0000
   1.0000   1.0000   1.0000
   1.0000   1.0000   1.0000
   1.0000   1.0000   1.0000
   1.0000   1.0000   1.0000
   1.0000   1.0000   1.0000
   1.0000   1.0000   1.0000
   1.0000   1.0000   1.0000
   1.0000   1.0000   1.0000
   1.0000   1.0000   1.0000
   1.0000   1.0000   1.0000

applying weight : 1
applying weight : 1
applying weight : 1
Here are the weights in c++ : 
   1.0000   1.0000   1.0000
   1.0000   1.0000   1.0000
   1.0000   1.0000   1.0000
   1.0000   1.0000   1.0000
   1.0000   1.0000   1.0000
   1.0000   1.0000   1.0000
   1.0000   1.0000   1.0000
   1.0000   1.0000   1.0000
   1.0000   1.0000   1.0000
   1.0000   1.0000   1.0000
   1.0000   1.0000   1.0000
   1.0000   1.0000   1.0000
   1.0000   1.0000   1.0000
   1.0000   1.0000   1.0000
   1.0000   1.0000   1.0000
   1.0000   1.0000   1.0000
   1.0000   1.0000   1.0000
   1.0000   1.0000   1.0000
   1.0000   1.0000   1.0000
   1.0000   1.0000   1.0000
   1.0000   1.0000   1.0000
   1.0000   1.0000   1.0000
   1.0000   1.0000   1.0000
   1.0000   1.0000   1.0000
   1.0000   1.0000   1.0000
   1.0000   1.0000   1.0000
   1.0000   1.0000   1.0000
   1.0000   1.0000   1.0000
   1.0000   1.0000   1.0000
   1.0000   1.0000   1.0000
   1.0000   1.0000   1.0000
   1.0000   1.0000   1.0000
   1.0000   1.0000   1.0000
   1.0000   1.0000   1.0000
   1.0000   1.0000   1.0000
   1.0000   1.0000   1.0000
   1.0000   1.0000   1.0000
   1.0000   1.0000   1.0000
   1.0000   1.0000   1.0000
   1.0000   1.0000   1.0000
   1.0000   1.0000   1.0000
   1.0000   1.0000   1.0000
   1.0000   1.0000   1.0000
   1.0000   1.0000   1.0000
   1.0000   1.0000   1.0000

applying weight : 1
applying weight : 1
applying weight : 1
Here are the weights in c++ : 
   1.0000   1.0000   1.0000
   1.0000   1.0000   1.0000
   1.0000   1.0000   1.0000
   1.0000   1.0000   1.0000
   1.0000   1.0000   1.0000
   1.0000   1.0000   1.0000
   1.0000   1.0000   1.0000
   1.0000   1.0000   1.0000
   1.0000   1.0000   1.0000
   1.0000   1.0000   1.0000
   1.0000   1.0000   1.0000
   1.0000   1.0000   1.0000
   1.0000   1.0000   1.0000
   1.0000   1.0000   1.0000
   1.0000   1.0000   1.0000
   1.0000   1.0000   1.0000
   1.0000   1.0000   1.0000
   1.0000   1.0000   1.0000
   1.0000   1.0000   1.0000
   1.0000   1.0000   1.0000
   1.0000   1.0000   1.0000
   1.0000   1.0000   1.0000
   1.0000   1.0000   1.0000
   1.0000   1.0000   1.0000
   1.0000   1.0000   1.0000
   1.0000   1.0000   1.0000
   1.0000   1.0000   1.0000
   1.0000   1.0000   1.0000
   1.0000   1.0000   1.0000
   1.0000   1.0000   1.0000
   1.0000   1.0000   1.0000
   1.0000   1.0000   1.0000
   1.0000   1.0000   1.0000
   1.0000   1.0000   1.0000
   1.0000   1.0000   1.0000
   1.0000   1.0000   1.0000
   1.0000   1.0000   1.0000
   1.0000   1.0000   1.0000
   1.0000   1.0000   1.0000
   1.0000   1.0000   1.0000
   1.0000   1.0000   1.0000
   1.0000   1.0000   1.0000
   1.0000   1.0000   1.0000
   1.0000   1.0000   1.0000
   1.0000   1.0000   1.0000

applying weight : 1
applying weight : 1
applying weight : 1
Here are the weights in c++ : 
   1.0000   1.0000   1.0000
   1.0000   1.0000   1.0000
   1.0000   1.0000   1.0000
   1.0000   1.0000   1.0000
   1.0000   1.0000   1.0000
   1.0000   1.0000   1.0000
   1.0000   1.0000   1.0000
   1.0000   1.0000   1.0000
   1.0000   1.0000   1.0000
   1.0000   1.0000   1.0000
   1.0000   1.0000   1.0000
   1.0000   1.0000   1.0000
   1.0000   1.0000   1.0000
   1.0000   1.0000   1.0000
   1.0000   1.0000   1.0000
   1.0000   1.0000   1.0000
   1.0000   1.0000   1.0000
   1.0000   1.0000   1.0000
   1.0000   1.0000   1.0000
   1.0000   1.0000   1.0000
   1.0000   1.0000   1.0000
   1.0000   1.0000   1.0000
   1.0000   1.0000   1.0000
   1.0000   1.0000   1.0000
   1.0000   1.0000   1.0000
   1.0000   1.0000   1.0000
   1.0000   1.0000   1.0000
   1.0000   1.0000   1.0000
   1.0000   1.0000   1.0000
   1.0000   1.0000   1.0000
   1.0000   1.0000   1.0000
   1.0000   1.0000   1.0000
   1.0000   1.0000   1.0000
   1.0000   1.0000   1.0000
   1.0000   1.0000   1.0000
   1.0000   1.0000   1.0000
   1.0000   1.0000   1.0000
   1.0000   1.0000   1.0000
   1.0000   1.0000   1.0000
   1.0000   1.0000   1.0000
   1.0000   1.0000   1.0000
   1.0000   1.0000   1.0000
   1.0000   1.0000   1.0000
   1.0000   1.0000   1.0000
   1.0000   1.0000   1.0000

applying weight : 1
applying weight : 1
applying weight : 1
Here are the weights in c++ : 
   1.0000   1.0000   1.0000
   1.0000   1.0000   1.0000
   1.0000   1.0000   1.0000
   1.0000   1.0000   1.0000
   1.0000   1.0000   1.0000
   1.0000   1.0000   1.0000
   1.0000   1.0000   1.0000
   1.0000   1.0000   1.0000
   1.0000   1.0000   1.0000
   1.0000   1.0000   1.0000
   1.0000   1.0000   1.0000
   1.0000   1.0000   1.0000
   1.0000   1.0000   1.0000
   1.0000   1.0000   1.0000
   1.0000   1.0000   1.0000
   1.0000   1.0000   1.0000
   1.0000   1.0000   1.0000
   1.0000   1.0000   1.0000
   1.0000   1.0000   1.0000
   1.0000   1.0000   1.0000
   1.0000   1.0000   1.0000
   1.0000   1.0000   1.0000
   1.0000   1.0000   1.0000
   1.0000   1.0000   1.0000
   1.0000   1.0000   1.0000
   1.0000   1.0000   1.0000
   1.0000   1.0000   1.0000
   1.0000   1.0000   1.0000
   1.0000   1.0000   1.0000
   1.0000   1.0000   1.0000
   1.0000   1.0000   1.0000
   1.0000   1.0000   1.0000
   1.0000   1.0000   1.0000
   1.0000   1.0000   1.0000
   1.0000   1.0000   1.0000
   1.0000   1.0000   1.0000
   1.0000   1.0000   1.0000
   1.0000   1.0000   1.0000
   1.0000   1.0000   1.0000
   1.0000   1.0000   1.0000
   1.0000   1.0000   1.0000
   1.0000   1.0000   1.0000
   1.0000   1.0000   1.0000
   1.0000   1.0000   1.0000
   1.0000   1.0000   1.0000

applying weight : 1
applying weight : 1
applying weight : 1
Here are the weights in c++ : 
   1.0000   1.0000   1.0000
   1.0000   1.0000   1.0000
   1.0000   1.0000   1.0000
   1.0000   1.0000   1.0000
   1.0000   1.0000   1.0000
   1.0000   1.0000   1.0000
   1.0000   1.0000   1.0000
   1.0000   1.0000   1.0000
   1.0000   1.0000   1.0000
   1.0000   1.0000   1.0000
   1.0000   1.0000   1.0000
   1.0000   1.0000   1.0000
   1.0000   1.0000   1.0000
   1.0000   1.0000   1.0000
   1.0000   1.0000   1.0000
   1.0000   1.0000   1.0000
   1.0000   1.0000   1.0000
   1.0000   1.0000   1.0000
   1.0000   1.0000   1.0000
   1.0000   1.0000   1.0000
   1.0000   1.0000   1.0000
   1.0000   1.0000   1.0000
   1.0000   1.0000   1.0000
   1.0000   1.0000   1.0000
   1.0000   1.0000   1.0000
   1.0000   1.0000   1.0000
   1.0000   1.0000   1.0000
   1.0000   1.0000   1.0000
   1.0000   1.0000   1.0000
   1.0000   1.0000   1.0000
   1.0000   1.0000   1.0000
   1.0000   1.0000   1.0000
   1.0000   1.0000   1.0000
   1.0000   1.0000   1.0000
   1.0000   1.0000   1.0000
   1.0000   1.0000   1.0000
   1.0000   1.0000   1.0000
   1.0000   1.0000   1.0000
   1.0000   1.0000   1.0000
   1.0000   1.0000   1.0000
   1.0000   1.0000   1.0000
   1.0000   1.0000   1.0000
   1.0000   1.0000   1.0000
   1.0000   1.0000   1.0000
   1.0000   1.0000   1.0000

applying weight : 1
applying weight : 1
applying weight : 1
Here are the weights in c++ : 
   1.0000   1.0000   1.0000
   1.0000   1.0000   1.0000
   1.0000   1.0000   1.0000
   1.0000   1.0000   1.0000
   1.0000   1.0000   1.0000
   1.0000   1.0000   1.0000
   1.0000   1.0000   1.0000
   1.0000   1.0000   1.0000
   1.0000   1.0000   1.0000
   1.0000   1.0000   1.0000
   1.0000   1.0000   1.0000
   1.0000   1.0000   1.0000
   1.0000   1.0000   1.0000
   1.0000   1.0000   1.0000
   1.0000   1.0000   1.0000
   1.0000   1.0000   1.0000
   1.0000   1.0000   1.0000
   1.0000   1.0000   1.0000
   1.0000   1.0000   1.0000
   1.0000   1.0000   1.0000
   1.0000   1.0000   1.0000
   1.0000   1.0000   1.0000
   1.0000   1.0000   1.0000
   1.0000   1.0000   1.0000
   1.0000   1.0000   1.0000
   1.0000   1.0000   1.0000
   1.0000   1.0000   1.0000
   1.0000   1.0000   1.0000
   1.0000   1.0000   1.0000
   1.0000   1.0000   1.0000
   1.0000   1.0000   1.0000
   1.0000   1.0000   1.0000
   1.0000   1.0000   1.0000
   1.0000   1.0000   1.0000
   1.0000   1.0000   1.0000
   1.0000   1.0000   1.0000
   1.0000   1.0000   1.0000
   1.0000   1.0000   1.0000
   1.0000   1.0000   1.0000
   1.0000   1.0000   1.0000
   1.0000   1.0000   1.0000
   1.0000   1.0000   1.0000
   1.0000   1.0000   1.0000
   1.0000   1.0000   1.0000
   1.0000   1.0000   1.0000
   1.0000   1.0000   1.0000
   1.0000   1.0000   1.0000
   1.0000   1.0000   1.0000
   1.0000   1.0000   1.0000

applying weight : 1
applying weight : 1
applying weight : 1
Here are the weights in c++ : 
   1.0000   1.0000   1.0000
   1.0000   1.0000   1.0000
   1.0000   1.0000   1.0000
   1.0000   1.0000   1.0000
   1.0000   1.0000   1.0000
   1.0000   1.0000   1.0000
   1.0000   1.0000   1.0000
   1.0000   1.0000   1.0000
   1.0000   1.0000   1.0000
   1.0000   1.0000   1.0000
   1.0000   1.0000   1.0000
   1.0000   1.0000   1.0000
   1.0000   1.0000   1.0000
   1.0000   1.0000   1.0000
   1.0000   1.0000   1.0000
   1.0000   1.0000   1.0000
   1.0000   1.0000   1.0000
   1.0000   1.0000   1.0000
   1.0000   1.0000   1.0000
   1.0000   1.0000   1.0000
   1.0000   1.0000   1.0000
   1.0000   1.0000   1.0000
   1.0000   1.0000   1.0000
   1.0000   1.0000   1.0000
   1.0000   1.0000   1.0000
   1.0000   1.0000   1.0000
   1.0000   1.0000   1.0000
   1.0000   1.0000   1.0000
   1.0000   1.0000   1.0000
   1.0000   1.0000   1.0000
   1.0000   1.0000   1.0000
   1.0000   1.0000   1.0000
   1.0000   1.0000   1.0000
   1.0000   1.0000   1.0000
   1.0000   1.0000   1.0000
   1.0000   1.0000   1.0000
   1.0000   1.0000   1.0000
   1.0000   1.0000   1.0000
   1.0000   1.0000   1.0000
   1.0000   1.0000   1.0000
   1.0000   1.0000   1.0000
   1.0000   1.0000   1.0000
   1.0000   1.0000   1.0000
   1.0000   1.0000   1.0000
   1.0000   1.0000   1.0000
   1.0000   1.0000   1.0000
   1.0000   1.0000   1.0000
   1.0000   1.0000   1.0000
   1.0000   1.0000   1.0000

applying weight : 1
applying weight : 1
applying weight : 1
Here are the weights in c++ : 
   1.0000   1.0000   1.0000
   1.0000   1.0000   1.0000
   1.0000   1.0000   1.0000
   1.0000   1.0000   1.0000
   1.0000   1.0000   1.0000
   1.0000   1.0000   1.0000
   1.0000   1.0000   1.0000
   1.0000   1.0000   1.0000
   1.0000   1.0000   1.0000
   1.0000   1.0000   1.0000
   1.0000   1.0000   1.0000
   1.0000   1.0000   1.0000
   1.0000   1.0000   1.0000
   1.0000   1.0000   1.0000
   1.0000   1.0000   1.0000
   1.0000   1.0000   1.0000
   1.0000   1.0000   1.0000
   1.0000   1.0000   1.0000
   1.0000   1.0000   1.0000
   1.0000   1.0000   1.0000
   1.0000   1.0000   1.0000
   1.0000   1.0000   1.0000
   1.0000   1.0000   1.0000
   1.0000   1.0000   1.0000
   1.0000   1.0000   1.0000
   1.0000   1.0000   1.0000
   1.0000   1.0000   1.0000
   1.0000   1.0000   1.0000
   1.0000   1.0000   1.0000
   1.0000   1.0000   1.0000
   1.0000   1.0000   1.0000
   1.0000   1.0000   1.0000
   1.0000   1.0000   1.0000
   1.0000   1.0000   1.0000
   1.0000   1.0000   1.0000
   1.0000   1.0000   1.0000
   1.0000   1.0000   1.0000
   1.0000   1.0000   1.0000
   1.0000   1.0000   1.0000
   1.0000   1.0000   1.0000
   1.0000   1.0000   1.0000
   1.0000   1.0000   1.0000
   1.0000   1.0000   1.0000
   1.0000   1.0000   1.0000
   1.0000   1.0000   1.0000
   1.0000   1.0000   1.0000
   1.0000   1.0000   1.0000
   1.0000   1.0000   1.0000
   1.0000   1.0000   1.0000

applying weight : 1
applying weight : 1
applying weight : 1
Here are the weights in c++ : 
   1.0000   1.0000   1.0000
   1.0000   1.0000   1.0000
   1.0000   1.0000   1.0000
   1.0000   1.0000   1.0000
   1.0000   1.0000   1.0000
   1.0000   1.0000   1.0000
   1.0000   1.0000   1.0000
   1.0000   1.0000   1.0000
   1.0000   1.0000   1.0000
   1.0000   1.0000   1.0000
   1.0000   1.0000   1.0000
   1.0000   1.0000   1.0000
   1.0000   1.0000   1.0000
   1.0000   1.0000   1.0000
   1.0000   1.0000   1.0000
   1.0000   1.0000   1.0000
   1.0000   1.0000   1.0000
   1.0000   1.0000   1.0000
   1.0000   1.0000   1.0000
   1.0000   1.0000   1.0000
   1.0000   1.0000   1.0000
   1.0000   1.0000   1.0000
   1.0000   1.0000   1.0000
   1.0000   1.0000   1.0000
   1.0000   1.0000   1.0000
   1.0000   1.0000   1.0000
   1.0000   1.0000   1.0000
   1.0000   1.0000   1.0000
   1.0000   1.0000   1.0000
   1.0000   1.0000   1.0000
   1.0000   1.0000   1.0000
   1.0000   1.0000   1.0000
   1.0000   1.0000   1.0000
   1.0000   1.0000   1.0000
   1.0000   1.0000   1.0000
   1.0000   1.0000   1.0000
   1.0000   1.0000   1.0000
   1.0000   1.0000   1.0000
   1.0000   1.0000   1.0000
   1.0000   1.0000   1.0000
   1.0000   1.0000   1.0000
   1.0000   1.0000   1.0000
   1.0000   1.0000   1.0000
   1.0000   1.0000   1.0000
   1.0000   1.0000   1.0000
   1.0000   1.0000   1.0000
   1.0000   1.0000   1.0000
   1.0000   1.0000   1.0000
   1.0000   1.0000   1.0000

applying weight : 1
applying weight : 1
applying weight : 1
Here are the weights in c++ : 
   1.0000   1.0000   1.0000
   1.0000   1.0000   1.0000
   1.0000   1.0000   1.0000
   1.0000   1.0000   1.0000
   1.0000   1.0000   1.0000
   1.0000   1.0000   1.0000
   1.0000   1.0000   1.0000
   1.0000   1.0000   1.0000
   1.0000   1.0000   1.0000
   1.0000   1.0000   1.0000
   1.0000   1.0000   1.0000
   1.0000   1.0000   1.0000
   1.0000   1.0000   1.0000
   1.0000   1.0000   1.0000
   1.0000   1.0000   1.0000
   1.0000   1.0000   1.0000
   1.0000   1.0000   1.0000
   1.0000   1.0000   1.0000
   1.0000   1.0000   1.0000
   1.0000   1.0000   1.0000
   1.0000   1.0000   1.0000
   1.0000   1.0000   1.0000
   1.0000   1.0000   1.0000
   1.0000   1.0000   1.0000
   1.0000   1.0000   1.0000
   1.0000   1.0000   1.0000
   1.0000   1.0000   1.0000
   1.0000   1.0000   1.0000
   1.0000   1.0000   1.0000
   1.0000   1.0000   1.0000
   1.0000   1.0000   1.0000
   1.0000   1.0000   1.0000
   1.0000   1.0000   1.0000
   1.0000   1.0000   1.0000
   1.0000   1.0000   1.0000
   1.0000   1.0000   1.0000
   1.0000   1.0000   1.0000
   1.0000   1.0000   1.0000
   1.0000   1.0000   1.0000
   1.0000   1.0000   1.0000
   1.0000   1.0000   1.0000
   1.0000   1.0000   1.0000
   1.0000   1.0000   1.0000
   1.0000   1.0000   1.0000
   1.0000   1.0000   1.0000
   1.0000   1.0000   1.0000
   1.0000   1.0000   1.0000
   1.0000   1.0000   1.0000
   1.0000   1.0000   1.0000

applying weight : 1
applying weight : 1
applying weight : 1
Here are the weights in c++ : 
   1.0000   1.0000   1.0000
   1.0000   1.0000   1.0000
   1.0000   1.0000   1.0000
   1.0000   1.0000   1.0000
   1.0000   1.0000   1.0000
   1.0000   1.0000   1.0000
   1.0000   1.0000   1.0000
   1.0000   1.0000   1.0000
   1.0000   1.0000   1.0000
   1.0000   1.0000   1.0000
   1.0000   1.0000   1.0000
   1.0000   1.0000   1.0000
   1.0000   1.0000   1.0000
   1.0000   1.0000   1.0000
   1.0000   1.0000   1.0000
   1.0000   1.0000   1.0000
   1.0000   1.0000   1.0000
   1.0000   1.0000   1.0000
   1.0000   1.0000   1.0000
   1.0000   1.0000   1.0000
   1.0000   1.0000   1.0000
   1.0000   1.0000   1.0000
   1.0000   1.0000   1.0000
   1.0000   1.0000   1.0000
   1.0000   1.0000   1.0000
   1.0000   1.0000   1.0000
   1.0000   1.0000   1.0000
   1.0000   1.0000   1.0000
   1.0000   1.0000   1.0000
   1.0000   1.0000   1.0000
   1.0000   1.0000   1.0000
   1.0000   1.0000   1.0000
   1.0000   1.0000   1.0000
   1.0000   1.0000   1.0000
   1.0000   1.0000   1.0000
   1.0000   1.0000   1.0000
   1.0000   1.0000   1.0000
   1.0000   1.0000   1.0000
   1.0000   1.0000   1.0000
   1.0000   1.0000   1.0000
   1.0000   1.0000   1.0000
   1.0000   1.0000   1.0000
   1.0000   1.0000   1.0000
   1.0000   1.0000   1.0000
   1.0000   1.0000   1.0000
   1.0000   1.0000   1.0000
   1.0000   1.0000   1.0000
   1.0000   1.0000   1.0000
   1.0000   1.0000   1.0000

applying weight : 1
applying weight : 1
applying weight : 1
Here are the weights in c++ : 
   1.0000   1.0000   1.0000
   1.0000   1.0000   1.0000
   1.0000   1.0000   1.0000
   1.0000   1.0000   1.0000
   1.0000   1.0000   1.0000
   1.0000   1.0000   1.0000
   1.0000   1.0000   1.0000
   1.0000   1.0000   1.0000
   1.0000   1.0000   1.0000
   1.0000   1.0000   1.0000
   1.0000   1.0000   1.0000
   1.0000   1.0000   1.0000
   1.0000   1.0000   1.0000
   1.0000   1.0000   1.0000
   1.0000   1.0000   1.0000
   1.0000   1.0000   1.0000
   1.0000   1.0000   1.0000
   1.0000   1.0000   1.0000
   1.0000   1.0000   1.0000
   1.0000   1.0000   1.0000
   1.0000   1.0000   1.0000
   1.0000   1.0000   1.0000
   1.0000   1.0000   1.0000
   1.0000   1.0000   1.0000
   1.0000   1.0000   1.0000
   1.0000   1.0000   1.0000
   1.0000   1.0000   1.0000
   1.0000   1.0000   1.0000
   1.0000   1.0000   1.0000
   1.0000   1.0000   1.0000
   1.0000   1.0000   1.0000
   1.0000   1.0000   1.0000
   1.0000   1.0000   1.0000
   1.0000   1.0000   1.0000
   1.0000   1.0000   1.0000
   1.0000   1.0000   1.0000
   1.0000   1.0000   1.0000
   1.0000   1.0000   1.0000
   1.0000   1.0000   1.0000
   1.0000   1.0000   1.0000
   1.0000   1.0000   1.0000
   1.0000   1.0000   1.0000
   1.0000   1.0000   1.0000
   1.0000   1.0000   1.0000
   1.0000   1.0000   1.0000
   1.0000   1.0000   1.0000
   1.0000   1.0000   1.0000
   1.0000   1.0000   1.0000
   1.0000   1.0000   1.0000

applying weight : 1
applying weight : 1
applying weight : 1
Here are the weights in c++ : 
   1.0000   1.0000   1.0000
   1.0000   1.0000   1.0000
   1.0000   1.0000   1.0000
   1.0000   1.0000   1.0000
   1.0000   1.0000   1.0000
   1.0000   1.0000   1.0000
   1.0000   1.0000   1.0000
   1.0000   1.0000   1.0000
   1.0000   1.0000   1.0000
   1.0000   1.0000   1.0000
   1.0000   1.0000   1.0000
   1.0000   1.0000   1.0000
   1.0000   1.0000   1.0000
   1.0000   1.0000   1.0000
   1.0000   1.0000   1.0000
   1.0000   1.0000   1.0000
   1.0000   1.0000   1.0000
   1.0000   1.0000   1.0000
   1.0000   1.0000   1.0000
   1.0000   1.0000   1.0000
   1.0000   1.0000   1.0000
   1.0000   1.0000   1.0000
   1.0000   1.0000   1.0000
   1.0000   1.0000   1.0000
   1.0000   1.0000   1.0000
   1.0000   1.0000   1.0000
   1.0000   1.0000   1.0000
   1.0000   1.0000   1.0000
   1.0000   1.0000   1.0000
   1.0000   1.0000   1.0000
   1.0000   1.0000   1.0000
   1.0000   1.0000   1.0000
   1.0000   1.0000   1.0000
   1.0000   1.0000   1.0000
   1.0000   1.0000   1.0000
   1.0000   1.0000   1.0000
   1.0000   1.0000   1.0000
   1.0000   1.0000   1.0000
   1.0000   1.0000   1.0000
   1.0000   1.0000   1.0000
   1.0000   1.0000   1.0000
   1.0000   1.0000   1.0000
   1.0000   1.0000   1.0000
   1.0000   1.0000   1.0000
   1.0000   1.0000   1.0000
   1.0000   1.0000   1.0000
   1.0000   1.0000   1.0000
   1.0000   1.0000   1.0000
   1.0000   1.0000   1.0000

applying weight : 1
applying weight : 1
applying weight : 1
Here are the weights in c++ : 
   1.0000   1.0000   1.0000
   1.0000   1.0000   1.0000
   1.0000   1.0000   1.0000
   1.0000   1.0000   1.0000
   1.0000   1.0000   1.0000
   1.0000   1.0000   1.0000
   1.0000   1.0000   1.0000
   1.0000   1.0000   1.0000
   1.0000   1.0000   1.0000
   1.0000   1.0000   1.0000
   1.0000   1.0000   1.0000
   1.0000   1.0000   1.0000
   1.0000   1.0000   1.0000
   1.0000   1.0000   1.0000
   1.0000   1.0000   1.0000
   1.0000   1.0000   1.0000
   1.0000   1.0000   1.0000
   1.0000   1.0000   1.0000
   1.0000   1.0000   1.0000
   1.0000   1.0000   1.0000
   1.0000   1.0000   1.0000
   1.0000   1.0000   1.0000
   1.0000   1.0000   1.0000
   1.0000   1.0000   1.0000
   1.0000   1.0000   1.0000
   1.0000   1.0000   1.0000
   1.0000   1.0000   1.0000
   1.0000   1.0000   1.0000
   1.0000   1.0000   1.0000
   1.0000   1.0000   1.0000
   1.0000   1.0000   1.0000
   1.0000   1.0000   1.0000
   1.0000   1.0000   1.0000
   1.0000   1.0000   1.0000
   1.0000   1.0000   1.0000
   1.0000   1.0000   1.0000
   1.0000   1.0000   1.0000
   1.0000   1.0000   1.0000
   1.0000   1.0000   1.0000
   1.0000   1.0000   1.0000
   1.0000   1.0000   1.0000
   1.0000   1.0000   1.0000
   1.0000   1.0000   1.0000
   1.0000   1.0000   1.0000
   1.0000   1.0000   1.0000
   1.0000   1.0000   1.0000
   1.0000   1.0000   1.0000
   1.0000   1.0000   1.0000
   1.0000   1.0000   1.0000

applying weight : 1
applying weight : 1
applying weight : 1
Here are the weights in c++ : 
   1.0000   1.0000   1.0000
   1.0000   1.0000   1.0000
   1.0000   1.0000   1.0000
   1.0000   1.0000   1.0000
   1.0000   1.0000   1.0000
   1.0000   1.0000   1.0000
   1.0000   1.0000   1.0000
   1.0000   1.0000   1.0000
   1.0000   1.0000   1.0000
   1.0000   1.0000   1.0000
   1.0000   1.0000   1.0000
   1.0000   1.0000   1.0000
   1.0000   1.0000   1.0000
   1.0000   1.0000   1.0000
   1.0000   1.0000   1.0000
   1.0000   1.0000   1.0000
   1.0000   1.0000   1.0000
   1.0000   1.0000   1.0000
   1.0000   1.0000   1.0000
   1.0000   1.0000   1.0000
   1.0000   1.0000   1.0000
   1.0000   1.0000   1.0000
   1.0000   1.0000   1.0000
   1.0000   1.0000   1.0000
   1.0000   1.0000   1.0000
   1.0000   1.0000   1.0000
   1.0000   1.0000   1.0000
   1.0000   1.0000   1.0000
   1.0000   1.0000   1.0000
   1.0000   1.0000   1.0000
   1.0000   1.0000   1.0000
   1.0000   1.0000   1.0000
   1.0000   1.0000   1.0000
   1.0000   1.0000   1.0000
   1.0000   1.0000   1.0000
   1.0000   1.0000   1.0000
   1.0000   1.0000   1.0000
   1.0000   1.0000   1.0000
   1.0000   1.0000   1.0000
   1.0000   1.0000   1.0000
   1.0000   1.0000   1.0000
   1.0000   1.0000   1.0000
   1.0000   1.0000   1.0000
   1.0000   1.0000   1.0000
   1.0000   1.0000   1.0000
   1.0000   1.0000   1.0000
   1.0000   1.0000   1.0000
   1.0000   1.0000   1.0000
   1.0000   1.0000   1.0000

applying weight : 1
applying weight : 1
applying weight : 1
Here are the weights in c++ : 
   1.0000   1.0000   1.0000
   1.0000   1.0000   1.0000
   1.0000   1.0000   1.0000
   1.0000   1.0000   1.0000
   1.0000   1.0000   1.0000
   1.0000   1.0000   1.0000
   1.0000   1.0000   1.0000
   1.0000   1.0000   1.0000
   1.0000   1.0000   1.0000
   1.0000   1.0000   1.0000
   1.0000   1.0000   1.0000
   1.0000   1.0000   1.0000
   1.0000   1.0000   1.0000
   1.0000   1.0000   1.0000
   1.0000   1.0000   1.0000
   1.0000   1.0000   1.0000
   1.0000   1.0000   1.0000
   1.0000   1.0000   1.0000
   1.0000   1.0000   1.0000
   1.0000   1.0000   1.0000
   1.0000   1.0000   1.0000
   1.0000   1.0000   1.0000
   1.0000   1.0000   1.0000
   1.0000   1.0000   1.0000
   1.0000   1.0000   1.0000
   1.0000   1.0000   1.0000
   1.0000   1.0000   1.0000
   1.0000   1.0000   1.0000
   1.0000   1.0000   1.0000
   1.0000   1.0000   1.0000
   1.0000   1.0000   1.0000
   1.0000   1.0000   1.0000
   1.0000   1.0000   1.0000
   1.0000   1.0000   1.0000
   1.0000   1.0000   1.0000
   1.0000   1.0000   1.0000
   1.0000   1.0000   1.0000
   1.0000   1.0000   1.0000
   1.0000   1.0000   1.0000
   1.0000   1.0000   1.0000
   1.0000   1.0000   1.0000
   1.0000   1.0000   1.0000
   1.0000   1.0000   1.0000
   1.0000   1.0000   1.0000
   1.0000   1.0000   1.0000
   1.0000   1.0000   1.0000
   1.0000   1.0000   1.0000
   1.0000   1.0000   1.0000
   1.0000   1.0000   1.0000

applying weight : 1
applying weight : 1
applying weight : 1
Here are the weights in c++ : 
   1.0000   1.0000   1.0000
   1.0000   1.0000   1.0000
   1.0000   1.0000   1.0000
   1.0000   1.0000   1.0000
   1.0000   1.0000   1.0000
   1.0000   1.0000   1.0000
   1.0000   1.0000   1.0000
   1.0000   1.0000   1.0000
   1.0000   1.0000   1.0000
   1.0000   1.0000   1.0000
   1.0000   1.0000   1.0000
   1.0000   1.0000   1.0000
   1.0000   1.0000   1.0000
   1.0000   1.0000   1.0000
   1.0000   1.0000   1.0000
   1.0000   1.0000   1.0000
   1.0000   1.0000   1.0000
   1.0000   1.0000   1.0000
   1.0000   1.0000   1.0000
   1.0000   1.0000   1.0000
   1.0000   1.0000   1.0000
   1.0000   1.0000   1.0000
   1.0000   1.0000   1.0000
   1.0000   1.0000   1.0000
   1.0000   1.0000   1.0000
   1.0000   1.0000   1.0000
   1.0000   1.0000   1.0000
   1.0000   1.0000   1.0000
   1.0000   1.0000   1.0000
   1.0000   1.0000   1.0000
   1.0000   1.0000   1.0000
   1.0000   1.0000   1.0000
   1.0000   1.0000   1.0000
   1.0000   1.0000   1.0000
   1.0000   1.0000   1.0000
   1.0000   1.0000   1.0000
   1.0000   1.0000   1.0000
   1.0000   1.0000   1.0000
   1.0000   1.0000   1.0000
   1.0000   1.0000   1.0000
   1.0000   1.0000   1.0000
   1.0000   1.0000   1.0000
   1.0000   1.0000   1.0000
   1.0000   1.0000   1.0000
   1.0000   1.0000   1.0000
   1.0000   1.0000   1.0000
   1.0000   1.0000   1.0000
   1.0000   1.0000   1.0000
   1.0000   1.0000   1.0000

applying weight : 1
applying weight : 1
applying weight : 1
Here are the weights in c++ : 
   1.0000   1.0000   1.0000
   1.0000   1.0000   1.0000
   1.0000   1.0000   1.0000
   1.0000   1.0000   1.0000
   1.0000   1.0000   1.0000
   1.0000   1.0000   1.0000
   1.0000   1.0000   1.0000
   1.0000   1.0000   1.0000
   1.0000   1.0000   1.0000
   1.0000   1.0000   1.0000
   1.0000   1.0000   1.0000
   1.0000   1.0000   1.0000
   1.0000   1.0000   1.0000
   1.0000   1.0000   1.0000
   1.0000   1.0000   1.0000
   1.0000   1.0000   1.0000
   1.0000   1.0000   1.0000
   1.0000   1.0000   1.0000
   1.0000   1.0000   1.0000
   1.0000   1.0000   1.0000
   1.0000   1.0000   1.0000
   1.0000   1.0000   1.0000
   1.0000   1.0000   1.0000
   1.0000   1.0000   1.0000
   1.0000   1.0000   1.0000
   1.0000   1.0000   1.0000
   1.0000   1.0000   1.0000
   1.0000   1.0000   1.0000
   1.0000   1.0000   1.0000
   1.0000   1.0000   1.0000
   1.0000   1.0000   1.0000
   1.0000   1.0000   1.0000
   1.0000   1.0000   1.0000
   1.0000   1.0000   1.0000
   1.0000   1.0000   1.0000
   1.0000   1.0000   1.0000
   1.0000   1.0000   1.0000
   1.0000   1.0000   1.0000
   1.0000   1.0000   1.0000
   1.0000   1.0000   1.0000
   1.0000   1.0000   1.0000
   1.0000   1.0000   1.0000
   1.0000   1.0000   1.0000
   1.0000   1.0000   1.0000
   1.0000   1.0000   1.0000
   1.0000   1.0000   1.0000
   1.0000   1.0000   1.0000
   1.0000   1.0000   1.0000
   1.0000   1.0000   1.0000

applying weight : 1
applying weight : 1
applying weight : 1
Here are the weights in c++ : 
   1.0000   1.0000   1.0000
   1.0000   1.0000   1.0000
   1.0000   1.0000   1.0000
   1.0000   1.0000   1.0000
   1.0000   1.0000   1.0000
   1.0000   1.0000   1.0000
   1.0000   1.0000   1.0000
   1.0000   1.0000   1.0000
   1.0000   1.0000   1.0000
   1.0000   1.0000   1.0000
   1.0000   1.0000   1.0000
   1.0000   1.0000   1.0000
   1.0000   1.0000   1.0000
   1.0000   1.0000   1.0000
   1.0000   1.0000   1.0000
   1.0000   1.0000   1.0000
   1.0000   1.0000   1.0000
   1.0000   1.0000   1.0000
   1.0000   1.0000   1.0000
   1.0000   1.0000   1.0000
   1.0000   1.0000   1.0000
   1.0000   1.0000   1.0000
   1.0000   1.0000   1.0000
   1.0000   1.0000   1.0000
   1.0000   1.0000   1.0000
   1.0000   1.0000   1.0000
   1.0000   1.0000   1.0000
   1.0000   1.0000   1.0000
   1.0000   1.0000   1.0000
   1.0000   1.0000   1.0000
   1.0000   1.0000   1.0000
   1.0000   1.0000   1.0000
   1.0000   1.0000   1.0000
   1.0000   1.0000   1.0000
   1.0000   1.0000   1.0000
   1.0000   1.0000   1.0000
   1.0000   1.0000   1.0000
   1.0000   1.0000   1.0000
   1.0000   1.0000   1.0000
   1.0000   1.0000   1.0000
   1.0000   1.0000   1.0000
   1.0000   1.0000   1.0000
   1.0000   1.0000   1.0000
   1.0000   1.0000   1.0000
   1.0000   1.0000   1.0000
   1.0000   1.0000   1.0000
   1.0000   1.0000   1.0000
   1.0000   1.0000   1.0000
   1.0000   1.0000   1.0000

applying weight : 1
applying weight : 1
applying weight : 1
Here are the weights in c++ : 
   1.0000   1.0000   1.0000
   1.0000   1.0000   1.0000
   1.0000   1.0000   1.0000
   1.0000   1.0000   1.0000
   1.0000   1.0000   1.0000
   1.0000   1.0000   1.0000
   1.0000   1.0000   1.0000
   1.0000   1.0000   1.0000
   1.0000   1.0000   1.0000
   1.0000   1.0000   1.0000
   1.0000   1.0000   1.0000
   1.0000   1.0000   1.0000
   1.0000   1.0000   1.0000
   1.0000   1.0000   1.0000
   1.0000   1.0000   1.0000
   1.0000   1.0000   1.0000
   1.0000   1.0000   1.0000
   1.0000   1.0000   1.0000
   1.0000   1.0000   1.0000
   1.0000   1.0000   1.0000
   1.0000   1.0000   1.0000
   1.0000   1.0000   1.0000
   1.0000   1.0000   1.0000
   1.0000   1.0000   1.0000
   1.0000   1.0000   1.0000
   1.0000   1.0000   1.0000
   1.0000   1.0000   1.0000
   1.0000   1.0000   1.0000
   1.0000   1.0000   1.0000
   1.0000   1.0000   1.0000
   1.0000   1.0000   1.0000
   1.0000   1.0000   1.0000
   1.0000   1.0000   1.0000
   1.0000   1.0000   1.0000
   1.0000   1.0000   1.0000
   1.0000   1.0000   1.0000
   1.0000   1.0000   1.0000
   1.0000   1.0000   1.0000
   1.0000   1.0000   1.0000
   1.0000   1.0000   1.0000
   1.0000   1.0000   1.0000
   1.0000   1.0000   1.0000
   1.0000   1.0000   1.0000
   1.0000   1.0000   1.0000
   1.0000   1.0000   1.0000
   1.0000   1.0000   1.0000
   1.0000   1.0000   1.0000
   1.0000   1.0000   1.0000
   1.0000   1.0000   1.0000

applying weight : 1
applying weight : 1
applying weight : 1
Here are the weights in c++ : 
   1.0000   1.0000   1.0000
   1.0000   1.0000   1.0000
   1.0000   1.0000   1.0000
   1.0000   1.0000   1.0000
   1.0000   1.0000   1.0000
   1.0000   1.0000   1.0000
   1.0000   1.0000   1.0000
   1.0000   1.0000   1.0000
   1.0000   1.0000   1.0000
   1.0000   1.0000   1.0000
   1.0000   1.0000   1.0000
   1.0000   1.0000   1.0000
   1.0000   1.0000   1.0000
   1.0000   1.0000   1.0000
   1.0000   1.0000   1.0000
   1.0000   1.0000   1.0000
   1.0000   1.0000   1.0000
   1.0000   1.0000   1.0000
   1.0000   1.0000   1.0000
   1.0000   1.0000   1.0000
   1.0000   1.0000   1.0000
   1.0000   1.0000   1.0000
   1.0000   1.0000   1.0000
   1.0000   1.0000   1.0000
   1.0000   1.0000   1.0000
   1.0000   1.0000   1.0000
   1.0000   1.0000   1.0000
   1.0000   1.0000   1.0000
   1.0000   1.0000   1.0000
   1.0000   1.0000   1.0000
   1.0000   1.0000   1.0000
   1.0000   1.0000   1.0000
   1.0000   1.0000   1.0000
   1.0000   1.0000   1.0000
   1.0000   1.0000   1.0000
   1.0000   1.0000   1.0000
   1.0000   1.0000   1.0000
   1.0000   1.0000   1.0000
   1.0000   1.0000   1.0000
   1.0000   1.0000   1.0000
   1.0000   1.0000   1.0000
   1.0000   1.0000   1.0000
   1.0000   1.0000   1.0000
   1.0000   1.0000   1.0000
   1.0000   1.0000   1.0000
   1.0000   1.0000   1.0000
   1.0000   1.0000   1.0000
   1.0000   1.0000   1.0000
   1.0000   1.0000   1.0000

applying weight : 1
applying weight : 1
applying weight : 1
Here are the weights in c++ : 
   1.0000   1.0000   1.0000
   1.0000   1.0000   1.0000
   1.0000   1.0000   1.0000
   1.0000   1.0000   1.0000
   1.0000   1.0000   1.0000
   1.0000   1.0000   1.0000
   1.0000   1.0000   1.0000
   1.0000   1.0000   1.0000
   1.0000   1.0000   1.0000
   1.0000   1.0000   1.0000
   1.0000   1.0000   1.0000
   1.0000   1.0000   1.0000
   1.0000   1.0000   1.0000
   1.0000   1.0000   1.0000
   1.0000   1.0000   1.0000
   1.0000   1.0000   1.0000
   1.0000   1.0000   1.0000
   1.0000   1.0000   1.0000
   1.0000   1.0000   1.0000
   1.0000   1.0000   1.0000
   1.0000   1.0000   1.0000
   1.0000   1.0000   1.0000
   1.0000   1.0000   1.0000
   1.0000   1.0000   1.0000
   1.0000   1.0000   1.0000
   1.0000   1.0000   1.0000
   1.0000   1.0000   1.0000
   1.0000   1.0000   1.0000
   1.0000   1.0000   1.0000
   1.0000   1.0000   1.0000
   1.0000   1.0000   1.0000
   1.0000   1.0000   1.0000
   1.0000   1.0000   1.0000
   1.0000   1.0000   1.0000
   1.0000   1.0000   1.0000
   1.0000   1.0000   1.0000
   1.0000   1.0000   1.0000
   1.0000   1.0000   1.0000
   1.0000   1.0000   1.0000
   1.0000   1.0000   1.0000
   1.0000   1.0000   1.0000
   1.0000   1.0000   1.0000
   1.0000   1.0000   1.0000
   1.0000   1.0000   1.0000
   1.0000   1.0000   1.0000
   1.0000   1.0000   1.0000
   1.0000   1.0000   1.0000
   1.0000   1.0000   1.0000
   1.0000   1.0000   1.0000

applying weight : 1
applying weight : 1
applying weight : 1
Here are the weights in c++ : 
   1.0000   1.0000   1.0000
   1.0000   1.0000   1.0000
   1.0000   1.0000   1.0000
   1.0000   1.0000   1.0000
   1.0000   1.0000   1.0000
   1.0000   1.0000   1.0000
   1.0000   1.0000   1.0000
   1.0000   1.0000   1.0000
   1.0000   1.0000   1.0000
   1.0000   1.0000   1.0000
   1.0000   1.0000   1.0000
   1.0000   1.0000   1.0000
   1.0000   1.0000   1.0000
   1.0000   1.0000   1.0000
   1.0000   1.0000   1.0000
   1.0000   1.0000   1.0000
   1.0000   1.0000   1.0000
   1.0000   1.0000   1.0000
   1.0000   1.0000   1.0000
   1.0000   1.0000   1.0000
   1.0000   1.0000   1.0000
   1.0000   1.0000   1.0000
   1.0000   1.0000   1.0000
   1.0000   1.0000   1.0000
   1.0000   1.0000   1.0000
   1.0000   1.0000   1.0000
   1.0000   1.0000   1.0000
   1.0000   1.0000   1.0000
   1.0000   1.0000   1.0000
   1.0000   1.0000   1.0000
   1.0000   1.0000   1.0000
   1.0000   1.0000   1.0000
   1.0000   1.0000   1.0000
   1.0000   1.0000   1.0000
   1.0000   1.0000   1.0000
   1.0000   1.0000   1.0000
   1.0000   1.0000   1.0000
   1.0000   1.0000   1.0000
   1.0000   1.0000   1.0000
   1.0000   1.0000   1.0000
   1.0000   1.0000   1.0000
   1.0000   1.0000   1.0000
   1.0000   1.0000   1.0000
   1.0000   1.0000   1.0000
   1.0000   1.0000   1.0000
   1.0000   1.0000   1.0000
   1.0000   1.0000   1.0000
   1.0000   1.0000   1.0000
   1.0000   1.0000   1.0000

applying weight : 1
applying weight : 1
applying weight : 1
Here are the weights in c++ : 
   1.0000   1.0000   1.0000
   1.0000   1.0000   1.0000
   1.0000   1.0000   1.0000
   1.0000   1.0000   1.0000
   1.0000   1.0000   1.0000
   1.0000   1.0000   1.0000
   1.0000   1.0000   1.0000
   1.0000   1.0000   1.0000
   1.0000   1.0000   1.0000
   1.0000   1.0000   1.0000
   1.0000   1.0000   1.0000
   1.0000   1.0000   1.0000
   1.0000   1.0000   1.0000
   1.0000   1.0000   1.0000
   1.0000   1.0000   1.0000
   1.0000   1.0000   1.0000
   1.0000   1.0000   1.0000
   1.0000   1.0000   1.0000
   1.0000   1.0000   1.0000
   1.0000   1.0000   1.0000
   1.0000   1.0000   1.0000
   1.0000   1.0000   1.0000
   1.0000   1.0000   1.0000
   1.0000   1.0000   1.0000
   1.0000   1.0000   1.0000
   1.0000   1.0000   1.0000
   1.0000   1.0000   1.0000
   1.0000   1.0000   1.0000
   1.0000   1.0000   1.0000
   1.0000   1.0000   1.0000
   1.0000   1.0000   1.0000
   1.0000   1.0000   1.0000
   1.0000   1.0000   1.0000
   1.0000   1.0000   1.0000
   1.0000   1.0000   1.0000
   1.0000   1.0000   1.0000
   1.0000   1.0000   1.0000
   1.0000   1.0000   1.0000
   1.0000   1.0000   1.0000
   1.0000   1.0000   1.0000
   1.0000   1.0000   1.0000
   1.0000   1.0000   1.0000
   1.0000   1.0000   1.0000
   1.0000   1.0000   1.0000
   1.0000   1.0000   1.0000
   1.0000   1.0000   1.0000
   1.0000   1.0000   1.0000
   1.0000   1.0000   1.0000
   1.0000   1.0000   1.0000

applying weight : 1
applying weight : 1
applying weight : 1
Here are the weights in c++ : 
   1.0000   1.0000   1.0000
   1.0000   1.0000   1.0000
   1.0000   1.0000   1.0000
   1.0000   1.0000   1.0000
   1.0000   1.0000   1.0000
   1.0000   1.0000   1.0000
   1.0000   1.0000   1.0000
   1.0000   1.0000   1.0000
   1.0000   1.0000   1.0000
   1.0000   1.0000   1.0000
   1.0000   1.0000   1.0000
   1.0000   1.0000   1.0000
   1.0000   1.0000   1.0000
   1.0000   1.0000   1.0000
   1.0000   1.0000   1.0000
   1.0000   1.0000   1.0000
   1.0000   1.0000   1.0000
   1.0000   1.0000   1.0000
   1.0000   1.0000   1.0000
   1.0000   1.0000   1.0000
   1.0000   1.0000   1.0000
   1.0000   1.0000   1.0000
   1.0000   1.0000   1.0000
   1.0000   1.0000   1.0000
   1.0000   1.0000   1.0000
   1.0000   1.0000   1.0000
   1.0000   1.0000   1.0000
   1.0000   1.0000   1.0000
   1.0000   1.0000   1.0000
   1.0000   1.0000   1.0000
   1.0000   1.0000   1.0000
   1.0000   1.0000   1.0000
   1.0000   1.0000   1.0000
   1.0000   1.0000   1.0000
   1.0000   1.0000   1.0000
   1.0000   1.0000   1.0000
   1.0000   1.0000   1.0000
   1.0000   1.0000   1.0000
   1.0000   1.0000   1.0000
   1.0000   1.0000   1.0000
   1.0000   1.0000   1.0000
   1.0000   1.0000   1.0000
   1.0000   1.0000   1.0000
   1.0000   1.0000   1.0000
   1.0000   1.0000   1.0000
   1.0000   1.0000   1.0000
   1.0000   1.0000   1.0000
   1.0000   1.0000   1.0000
   1.0000   1.0000   1.0000

applying weight : 1
applying weight : 1
applying weight : 1
Here are the weights in c++ : 
   1.0000   1.0000   1.0000
   1.0000   1.0000   1.0000
   1.0000   1.0000   1.0000
   1.0000   1.0000   1.0000
   1.0000   1.0000   1.0000
   1.0000   1.0000   1.0000
   1.0000   1.0000   1.0000
   1.0000   1.0000   1.0000
   1.0000   1.0000   1.0000
   1.0000   1.0000   1.0000
   1.0000   1.0000   1.0000
   1.0000   1.0000   1.0000
   1.0000   1.0000   1.0000
   1.0000   1.0000   1.0000
   1.0000   1.0000   1.0000
   1.0000   1.0000   1.0000
   1.0000   1.0000   1.0000
   1.0000   1.0000   1.0000
   1.0000   1.0000   1.0000
   1.0000   1.0000   1.0000
   1.0000   1.0000   1.0000
   1.0000   1.0000   1.0000
   1.0000   1.0000   1.0000
   1.0000   1.0000   1.0000
   1.0000   1.0000   1.0000
   1.0000   1.0000   1.0000
   1.0000   1.0000   1.0000
   1.0000   1.0000   1.0000
   1.0000   1.0000   1.0000
   1.0000   1.0000   1.0000
   1.0000   1.0000   1.0000
   1.0000   1.0000   1.0000
   1.0000   1.0000   1.0000
   1.0000   1.0000   1.0000
   1.0000   1.0000   1.0000
   1.0000   1.0000   1.0000
   1.0000   1.0000   1.0000
   1.0000   1.0000   1.0000
   1.0000   1.0000   1.0000
   1.0000   1.0000   1.0000
   1.0000   1.0000   1.0000
   1.0000   1.0000   1.0000
   1.0000   1.0000   1.0000
   1.0000   1.0000   1.0000
   1.0000   1.0000   1.0000
   1.0000   1.0000   1.0000
   1.0000   1.0000   1.0000
   1.0000   1.0000   1.0000
   1.0000   1.0000   1.0000

applying weight : 1
applying weight : 1
applying weight : 1
Here are the weights in c++ : 
   1.0000   1.0000   1.0000
   1.0000   1.0000   1.0000
   1.0000   1.0000   1.0000
   1.0000   1.0000   1.0000
   1.0000   1.0000   1.0000
   1.0000   1.0000   1.0000
   1.0000   1.0000   1.0000
   1.0000   1.0000   1.0000
   1.0000   1.0000   1.0000
   1.0000   1.0000   1.0000
   1.0000   1.0000   1.0000
   1.0000   1.0000   1.0000
   1.0000   1.0000   1.0000
   1.0000   1.0000   1.0000
   1.0000   1.0000   1.0000
   1.0000   1.0000   1.0000
   1.0000   1.0000   1.0000
   1.0000   1.0000   1.0000
   1.0000   1.0000   1.0000
   1.0000   1.0000   1.0000
   1.0000   1.0000   1.0000
   1.0000   1.0000   1.0000
   1.0000   1.0000   1.0000
   1.0000   1.0000   1.0000
   1.0000   1.0000   1.0000
   1.0000   1.0000   1.0000
   1.0000   1.0000   1.0000
   1.0000   1.0000   1.0000
   1.0000   1.0000   1.0000
   1.0000   1.0000   1.0000
   1.0000   1.0000   1.0000
   1.0000   1.0000   1.0000
   1.0000   1.0000   1.0000
   1.0000   1.0000   1.0000
   1.0000   1.0000   1.0000
   1.0000   1.0000   1.0000
   1.0000   1.0000   1.0000
   1.0000   1.0000   1.0000
   1.0000   1.0000   1.0000
   1.0000   1.0000   1.0000
   1.0000   1.0000   1.0000
   1.0000   1.0000   1.0000
   1.0000   1.0000   1.0000
   1.0000   1.0000   1.0000
   1.0000   1.0000   1.0000
   1.0000   1.0000   1.0000
   1.0000   1.0000   1.0000
   1.0000   1.0000   1.0000
   1.0000   1.0000   1.0000

applying weight : 1
applying weight : 1
applying weight : 1
Here are the weights in c++ : 
   1.0000   1.0000   1.0000
   1.0000   1.0000   1.0000
   1.0000   1.0000   1.0000
   1.0000   1.0000   1.0000
   1.0000   1.0000   1.0000
   1.0000   1.0000   1.0000
   1.0000   1.0000   1.0000
   1.0000   1.0000   1.0000
   1.0000   1.0000   1.0000
   1.0000   1.0000   1.0000
   1.0000   1.0000   1.0000
   1.0000   1.0000   1.0000
   1.0000   1.0000   1.0000
   1.0000   1.0000   1.0000
   1.0000   1.0000   1.0000
   1.0000   1.0000   1.0000
   1.0000   1.0000   1.0000
   1.0000   1.0000   1.0000
   1.0000   1.0000   1.0000
   1.0000   1.0000   1.0000
   1.0000   1.0000   1.0000
   1.0000   1.0000   1.0000
   1.0000   1.0000   1.0000
   1.0000   1.0000   1.0000
   1.0000   1.0000   1.0000
   1.0000   1.0000   1.0000
   1.0000   1.0000   1.0000
   1.0000   1.0000   1.0000
   1.0000   1.0000   1.0000
   1.0000   1.0000   1.0000
   1.0000   1.0000   1.0000
   1.0000   1.0000   1.0000
   1.0000   1.0000   1.0000
   1.0000   1.0000   1.0000
   1.0000   1.0000   1.0000
   1.0000   1.0000   1.0000
   1.0000   1.0000   1.0000
   1.0000   1.0000   1.0000
   1.0000   1.0000   1.0000
   1.0000   1.0000   1.0000
   1.0000   1.0000   1.0000
   1.0000   1.0000   1.0000
   1.0000   1.0000   1.0000
   1.0000   1.0000   1.0000
   1.0000   1.0000   1.0000
   1.0000   1.0000   1.0000
   1.0000   1.0000   1.0000
   1.0000   1.0000   1.0000
   1.0000   1.0000   1.0000

applying weight : 1
applying weight : 1
applying weight : 1
Here are the weights in c++ : 
   1.0000   1.0000   1.0000
   1.0000   1.0000   1.0000
   1.0000   1.0000   1.0000
   1.0000   1.0000   1.0000
   1.0000   1.0000   1.0000
   1.0000   1.0000   1.0000
   1.0000   1.0000   1.0000
   1.0000   1.0000   1.0000
   1.0000   1.0000   1.0000
   1.0000   1.0000   1.0000
   1.0000   1.0000   1.0000
   1.0000   1.0000   1.0000
   1.0000   1.0000   1.0000
   1.0000   1.0000   1.0000
   1.0000   1.0000   1.0000
   1.0000   1.0000   1.0000
   1.0000   1.0000   1.0000
   1.0000   1.0000   1.0000
   1.0000   1.0000   1.0000
   1.0000   1.0000   1.0000
   1.0000   1.0000   1.0000
   1.0000   1.0000   1.0000
   1.0000   1.0000   1.0000
   1.0000   1.0000   1.0000
   1.0000   1.0000   1.0000
   1.0000   1.0000   1.0000
   1.0000   1.0000   1.0000
   1.0000   1.0000   1.0000
   1.0000   1.0000   1.0000
   1.0000   1.0000   1.0000
   1.0000   1.0000   1.0000
   1.0000   1.0000   1.0000
   1.0000   1.0000   1.0000
   1.0000   1.0000   1.0000
   1.0000   1.0000   1.0000
   1.0000   1.0000   1.0000
   1.0000   1.0000   1.0000
   1.0000   1.0000   1.0000
   1.0000   1.0000   1.0000
   1.0000   1.0000   1.0000
   1.0000   1.0000   1.0000
   1.0000   1.0000   1.0000
   1.0000   1.0000   1.0000
   1.0000   1.0000   1.0000
   1.0000   1.0000   1.0000
   1.0000   1.0000   1.0000
   1.0000   1.0000   1.0000
   1.0000   1.0000   1.0000
   1.0000   1.0000   1.0000

applying weight : 1
applying weight : 1
applying weight : 1
Here are the weights in c++ : 
   1.0000   1.0000   1.0000
   1.0000   1.0000   1.0000
   1.0000   1.0000   1.0000
   1.0000   1.0000   1.0000
   1.0000   1.0000   1.0000
   1.0000   1.0000   1.0000
   1.0000   1.0000   1.0000
   1.0000   1.0000   1.0000
   1.0000   1.0000   1.0000
   1.0000   1.0000   1.0000
   1.0000   1.0000   1.0000
   1.0000   1.0000   1.0000
   1.0000   1.0000   1.0000
   1.0000   1.0000   1.0000
   1.0000   1.0000   1.0000
   1.0000   1.0000   1.0000
   1.0000   1.0000   1.0000
   1.0000   1.0000   1.0000
   1.0000   1.0000   1.0000
   1.0000   1.0000   1.0000
   1.0000   1.0000   1.0000
   1.0000   1.0000   1.0000
   1.0000   1.0000   1.0000
   1.0000   1.0000   1.0000
   1.0000   1.0000   1.0000
   1.0000   1.0000   1.0000
   1.0000   1.0000   1.0000
   1.0000   1.0000   1.0000
   1.0000   1.0000   1.0000
   1.0000   1.0000   1.0000
   1.0000   1.0000   1.0000
   1.0000   1.0000   1.0000
   1.0000   1.0000   1.0000
   1.0000   1.0000   1.0000
   1.0000   1.0000   1.0000
   1.0000   1.0000   1.0000
   1.0000   1.0000   1.0000
   1.0000   1.0000   1.0000
   1.0000   1.0000   1.0000
   1.0000   1.0000   1.0000
   1.0000   1.0000   1.0000
   1.0000   1.0000   1.0000
   1.0000   1.0000   1.0000
   1.0000   1.0000   1.0000
   1.0000   1.0000   1.0000
   1.0000   1.0000   1.0000
   1.0000   1.0000   1.0000
   1.0000   1.0000   1.0000
   1.0000   1.0000   1.0000

applying weight : 1
applying weight : 1
applying weight : 1
Here are the weights in c++ : 
   1.0000   1.0000   1.0000
   1.0000   1.0000   1.0000
   1.0000   1.0000   1.0000
   1.0000   1.0000   1.0000
   1.0000   1.0000   1.0000
   1.0000   1.0000   1.0000
   1.0000   1.0000   1.0000
   1.0000   1.0000   1.0000
   1.0000   1.0000   1.0000
   1.0000   1.0000   1.0000
   1.0000   1.0000   1.0000
   1.0000   1.0000   1.0000
   1.0000   1.0000   1.0000
   1.0000   1.0000   1.0000
   1.0000   1.0000   1.0000
   1.0000   1.0000   1.0000
   1.0000   1.0000   1.0000
   1.0000   1.0000   1.0000
   1.0000   1.0000   1.0000
   1.0000   1.0000   1.0000
   1.0000   1.0000   1.0000
   1.0000   1.0000   1.0000
   1.0000   1.0000   1.0000
   1.0000   1.0000   1.0000
   1.0000   1.0000   1.0000
   1.0000   1.0000   1.0000
   1.0000   1.0000   1.0000
   1.0000   1.0000   1.0000
   1.0000   1.0000   1.0000
   1.0000   1.0000   1.0000
   1.0000   1.0000   1.0000
   1.0000   1.0000   1.0000
   1.0000   1.0000   1.0000
   1.0000   1.0000   1.0000
   1.0000   1.0000   1.0000
   1.0000   1.0000   1.0000
   1.0000   1.0000   1.0000
   1.0000   1.0000   1.0000
   1.0000   1.0000   1.0000
   1.0000   1.0000   1.0000
   1.0000   1.0000   1.0000
   1.0000   1.0000   1.0000
   1.0000   1.0000   1.0000
   1.0000   1.0000   1.0000
   1.0000   1.0000   1.0000
   1.0000   1.0000   1.0000
   1.0000   1.0000   1.0000
   1.0000   1.0000   1.0000
   1.0000   1.0000   1.0000

applying weight : 1
applying weight : 1
applying weight : 1
Here are the weights in c++ : 
   1.0000   1.0000   1.0000
   1.0000   1.0000   1.0000
   1.0000   1.0000   1.0000
   1.0000   1.0000   1.0000
   1.0000   1.0000   1.0000
   1.0000   1.0000   1.0000
   1.0000   1.0000   1.0000
   1.0000   1.0000   1.0000
   1.0000   1.0000   1.0000
   1.0000   1.0000   1.0000
   1.0000   1.0000   1.0000
   1.0000   1.0000   1.0000
   1.0000   1.0000   1.0000
   1.0000   1.0000   1.0000
   1.0000   1.0000   1.0000
   1.0000   1.0000   1.0000
   1.0000   1.0000   1.0000
   1.0000   1.0000   1.0000
   1.0000   1.0000   1.0000
   1.0000   1.0000   1.0000
   1.0000   1.0000   1.0000
   1.0000   1.0000   1.0000
   1.0000   1.0000   1.0000
   1.0000   1.0000   1.0000
   1.0000   1.0000   1.0000
   1.0000   1.0000   1.0000
   1.0000   1.0000   1.0000
   1.0000   1.0000   1.0000
   1.0000   1.0000   1.0000
   1.0000   1.0000   1.0000
   1.0000   1.0000   1.0000
   1.0000   1.0000   1.0000
   1.0000   1.0000   1.0000
   1.0000   1.0000   1.0000
   1.0000   1.0000   1.0000
   1.0000   1.0000   1.0000
   1.0000   1.0000   1.0000
   1.0000   1.0000   1.0000
   1.0000   1.0000   1.0000
   1.0000   1.0000   1.0000
   1.0000   1.0000   1.0000
   1.0000   1.0000   1.0000
   1.0000   1.0000   1.0000
   1.0000   1.0000   1.0000
   1.0000   1.0000   1.0000
   1.0000   1.0000   1.0000
   1.0000   1.0000   1.0000
   1.0000   1.0000   1.0000
   1.0000   1.0000   1.0000

applying weight : 1
applying weight : 1
applying weight : 1
Here are the weights in c++ : 
   1.0000   1.0000   1.0000
   1.0000   1.0000   1.0000
   1.0000   1.0000   1.0000
   1.0000   1.0000   1.0000
   1.0000   1.0000   1.0000
   1.0000   1.0000   1.0000
   1.0000   1.0000   1.0000
   1.0000   1.0000   1.0000
   1.0000   1.0000   1.0000
   1.0000   1.0000   1.0000
   1.0000   1.0000   1.0000
   1.0000   1.0000   1.0000
   1.0000   1.0000   1.0000
   1.0000   1.0000   1.0000
   1.0000   1.0000   1.0000
   1.0000   1.0000   1.0000
   1.0000   1.0000   1.0000
   1.0000   1.0000   1.0000
   1.0000   1.0000   1.0000
   1.0000   1.0000   1.0000
   1.0000   1.0000   1.0000
   1.0000   1.0000   1.0000
   1.0000   1.0000   1.0000
   1.0000   1.0000   1.0000
   1.0000   1.0000   1.0000
   1.0000   1.0000   1.0000
   1.0000   1.0000   1.0000
   1.0000   1.0000   1.0000
   1.0000   1.0000   1.0000
   1.0000   1.0000   1.0000
   1.0000   1.0000   1.0000
   1.0000   1.0000   1.0000
   1.0000   1.0000   1.0000
   1.0000   1.0000   1.0000
   1.0000   1.0000   1.0000
   1.0000   1.0000   1.0000
   1.0000   1.0000   1.0000
   1.0000   1.0000   1.0000
   1.0000   1.0000   1.0000
   1.0000   1.0000   1.0000
   1.0000   1.0000   1.0000
   1.0000   1.0000   1.0000
   1.0000   1.0000   1.0000
   1.0000   1.0000   1.0000
   1.0000   1.0000   1.0000
   1.0000   1.0000   1.0000
   1.0000   1.0000   1.0000
   1.0000   1.0000   1.0000
   1.0000   1.0000   1.0000

applying weight : 1
applying weight : 1
applying weight : 1
Here are the weights in c++ : 
   1.0000   1.0000   1.0000
   1.0000   1.0000   1.0000
   1.0000   1.0000   1.0000
   1.0000   1.0000   1.0000
   1.0000   1.0000   1.0000
   1.0000   1.0000   1.0000
   1.0000   1.0000   1.0000
   1.0000   1.0000   1.0000
   1.0000   1.0000   1.0000
   1.0000   1.0000   1.0000
   1.0000   1.0000   1.0000
   1.0000   1.0000   1.0000
   1.0000   1.0000   1.0000
   1.0000   1.0000   1.0000
   1.0000   1.0000   1.0000
   1.0000   1.0000   1.0000
   1.0000   1.0000   1.0000
   1.0000   1.0000   1.0000
   1.0000   1.0000   1.0000
   1.0000   1.0000   1.0000
   1.0000   1.0000   1.0000
   1.0000   1.0000   1.0000
   1.0000   1.0000   1.0000
   1.0000   1.0000   1.0000
   1.0000   1.0000   1.0000
   1.0000   1.0000   1.0000
   1.0000   1.0000   1.0000
   1.0000   1.0000   1.0000
   1.0000   1.0000   1.0000
   1.0000   1.0000   1.0000
   1.0000   1.0000   1.0000
   1.0000   1.0000   1.0000
   1.0000   1.0000   1.0000
   1.0000   1.0000   1.0000
   1.0000   1.0000   1.0000
   1.0000   1.0000   1.0000
   1.0000   1.0000   1.0000
   1.0000   1.0000   1.0000
   1.0000   1.0000   1.0000
   1.0000   1.0000   1.0000
   1.0000   1.0000   1.0000
   1.0000   1.0000   1.0000
   1.0000   1.0000   1.0000
   1.0000   1.0000   1.0000
   1.0000   1.0000   1.0000
   1.0000   1.0000   1.0000
   1.0000   1.0000   1.0000
   1.0000   1.0000   1.0000
   1.0000   1.0000   1.0000

applying weight : 1
applying weight : 1
applying weight : 1
Here are the weights in c++ : 
   1.0000   1.0000   1.0000
   1.0000   1.0000   1.0000
   1.0000   1.0000   1.0000
   1.0000   1.0000   1.0000
   1.0000   1.0000   1.0000
   1.0000   1.0000   1.0000
   1.0000   1.0000   1.0000
   1.0000   1.0000   1.0000
   1.0000   1.0000   1.0000
   1.0000   1.0000   1.0000
   1.0000   1.0000   1.0000
   1.0000   1.0000   1.0000
   1.0000   1.0000   1.0000
   1.0000   1.0000   1.0000
   1.0000   1.0000   1.0000
   1.0000   1.0000   1.0000
   1.0000   1.0000   1.0000
   1.0000   1.0000   1.0000
   1.0000   1.0000   1.0000
   1.0000   1.0000   1.0000
   1.0000   1.0000   1.0000
   1.0000   1.0000   1.0000
   1.0000   1.0000   1.0000
   1.0000   1.0000   1.0000
   1.0000   1.0000   1.0000
   1.0000   1.0000   1.0000
   1.0000   1.0000   1.0000
   1.0000   1.0000   1.0000
   1.0000   1.0000   1.0000
   1.0000   1.0000   1.0000
   1.0000   1.0000   1.0000
   1.0000   1.0000   1.0000
   1.0000   1.0000   1.0000
   1.0000   1.0000   1.0000
   1.0000   1.0000   1.0000
   1.0000   1.0000   1.0000
   1.0000   1.0000   1.0000
   1.0000   1.0000   1.0000
   1.0000   1.0000   1.0000
   1.0000   1.0000   1.0000
   1.0000   1.0000   1.0000
   1.0000   1.0000   1.0000
   1.0000   1.0000   1.0000
   1.0000   1.0000   1.0000
   1.0000   1.0000   1.0000
   1.0000   1.0000   1.0000
   1.0000   1.0000   1.0000
   1.0000   1.0000   1.0000
   1.0000   1.0000   1.0000

applying weight : 1
applying weight : 1
applying weight : 1
Here are the weights in c++ : 
   1.0000   1.0000   1.0000
   1.0000   1.0000   1.0000
   1.0000   1.0000   1.0000
   1.0000   1.0000   1.0000
   1.0000   1.0000   1.0000
   1.0000   1.0000   1.0000
   1.0000   1.0000   1.0000
   1.0000   1.0000   1.0000
   1.0000   1.0000   1.0000
   1.0000   1.0000   1.0000
   1.0000   1.0000   1.0000
   1.0000   1.0000   1.0000
   1.0000   1.0000   1.0000
   1.0000   1.0000   1.0000
   1.0000   1.0000   1.0000
   1.0000   1.0000   1.0000
   1.0000   1.0000   1.0000
   1.0000   1.0000   1.0000
   1.0000   1.0000   1.0000
   1.0000   1.0000   1.0000
   1.0000   1.0000   1.0000
   1.0000   1.0000   1.0000
   1.0000   1.0000   1.0000
   1.0000   1.0000   1.0000
   1.0000   1.0000   1.0000
   1.0000   1.0000   1.0000
   1.0000   1.0000   1.0000
   1.0000   1.0000   1.0000
   1.0000   1.0000   1.0000
   1.0000   1.0000   1.0000
   1.0000   1.0000   1.0000
   1.0000   1.0000   1.0000
   1.0000   1.0000   1.0000
   1.0000   1.0000   1.0000
   1.0000   1.0000   1.0000
   1.0000   1.0000   1.0000
   1.0000   1.0000   1.0000
   1.0000   1.0000   1.0000
   1.0000   1.0000   1.0000
   1.0000   1.0000   1.0000
   1.0000   1.0000   1.0000
   1.0000   1.0000   1.0000
   1.0000   1.0000   1.0000
   1.0000   1.0000   1.0000
   1.0000   1.0000   1.0000
   1.0000   1.0000   1.0000
   1.0000   1.0000   1.0000
   1.0000   1.0000   1.0000
   1.0000   1.0000   1.0000

applying weight : 1
applying weight : 1
applying weight : 1
Here are the weights in c++ : 
   1.0000   1.0000   1.0000
   1.0000   1.0000   1.0000
   1.0000   1.0000   1.0000
   1.0000   1.0000   1.0000
   1.0000   1.0000   1.0000
   1.0000   1.0000   1.0000
   1.0000   1.0000   1.0000
   1.0000   1.0000   1.0000
   1.0000   1.0000   1.0000
   1.0000   1.0000   1.0000
   1.0000   1.0000   1.0000
   1.0000   1.0000   1.0000
   1.0000   1.0000   1.0000
   1.0000   1.0000   1.0000
   1.0000   1.0000   1.0000
   1.0000   1.0000   1.0000
   1.0000   1.0000   1.0000
   1.0000   1.0000   1.0000
   1.0000   1.0000   1.0000
   1.0000   1.0000   1.0000
   1.0000   1.0000   1.0000
   1.0000   1.0000   1.0000
   1.0000   1.0000   1.0000
   1.0000   1.0000   1.0000
   1.0000   1.0000   1.0000
   1.0000   1.0000   1.0000
   1.0000   1.0000   1.0000
   1.0000   1.0000   1.0000
   1.0000   1.0000   1.0000
   1.0000   1.0000   1.0000
   1.0000   1.0000   1.0000
   1.0000   1.0000   1.0000
   1.0000   1.0000   1.0000
   1.0000   1.0000   1.0000
   1.0000   1.0000   1.0000
   1.0000   1.0000   1.0000
   1.0000   1.0000   1.0000
   1.0000   1.0000   1.0000
   1.0000   1.0000   1.0000
   1.0000   1.0000   1.0000
   1.0000   1.0000   1.0000
   1.0000   1.0000   1.0000
   1.0000   1.0000   1.0000
   1.0000   1.0000   1.0000
   1.0000   1.0000   1.0000
   1.0000   1.0000   1.0000
   1.0000   1.0000   1.0000
   1.0000   1.0000   1.0000
   1.0000   1.0000   1.0000

applying weight : 1
applying weight : 1
applying weight : 1
Here are the weights in c++ : 
   1.0000   1.0000   1.0000
   1.0000   1.0000   1.0000
   1.0000   1.0000   1.0000
   1.0000   1.0000   1.0000
   1.0000   1.0000   1.0000
   1.0000   1.0000   1.0000
   1.0000   1.0000   1.0000
   1.0000   1.0000   1.0000
   1.0000   1.0000   1.0000
   1.0000   1.0000   1.0000
   1.0000   1.0000   1.0000
   1.0000   1.0000   1.0000
   1.0000   1.0000   1.0000
   1.0000   1.0000   1.0000
   1.0000   1.0000   1.0000
   1.0000   1.0000   1.0000
   1.0000   1.0000   1.0000
   1.0000   1.0000   1.0000
   1.0000   1.0000   1.0000
   1.0000   1.0000   1.0000
   1.0000   1.0000   1.0000
   1.0000   1.0000   1.0000
   1.0000   1.0000   1.0000
   1.0000   1.0000   1.0000
   1.0000   1.0000   1.0000
   1.0000   1.0000   1.0000
   1.0000   1.0000   1.0000
   1.0000   1.0000   1.0000
   1.0000   1.0000   1.0000
   1.0000   1.0000   1.0000
   1.0000   1.0000   1.0000
   1.0000   1.0000   1.0000
   1.0000   1.0000   1.0000
   1.0000   1.0000   1.0000
   1.0000   1.0000   1.0000
   1.0000   1.0000   1.0000
   1.0000   1.0000   1.0000
   1.0000   1.0000   1.0000
   1.0000   1.0000   1.0000
   1.0000   1.0000   1.0000
   1.0000   1.0000   1.0000
   1.0000   1.0000   1.0000
   1.0000   1.0000   1.0000
   1.0000   1.0000   1.0000
   1.0000   1.0000   1.0000
   1.0000   1.0000   1.0000
   1.0000   1.0000   1.0000
   1.0000   1.0000   1.0000
   1.0000   1.0000   1.0000

applying weight : 1
applying weight : 1
applying weight : 1
Here are the weights in c++ : 
   1.0000   1.0000   1.0000
   1.0000   1.0000   1.0000
   1.0000   1.0000   1.0000
   1.0000   1.0000   1.0000
   1.0000   1.0000   1.0000
   1.0000   1.0000   1.0000
   1.0000   1.0000   1.0000
   1.0000   1.0000   1.0000
   1.0000   1.0000   1.0000
   1.0000   1.0000   1.0000
   1.0000   1.0000   1.0000
   1.0000   1.0000   1.0000
   1.0000   1.0000   1.0000
   1.0000   1.0000   1.0000
   1.0000   1.0000   1.0000
   1.0000   1.0000   1.0000
   1.0000   1.0000   1.0000
   1.0000   1.0000   1.0000
   1.0000   1.0000   1.0000
   1.0000   1.0000   1.0000
   1.0000   1.0000   1.0000
   1.0000   1.0000   1.0000
   1.0000   1.0000   1.0000
   1.0000   1.0000   1.0000
   1.0000   1.0000   1.0000
   1.0000   1.0000   1.0000
   1.0000   1.0000   1.0000
   1.0000   1.0000   1.0000
   1.0000   1.0000   1.0000
   1.0000   1.0000   1.0000
   1.0000   1.0000   1.0000
   1.0000   1.0000   1.0000
   1.0000   1.0000   1.0000
   1.0000   1.0000   1.0000
   1.0000   1.0000   1.0000
   1.0000   1.0000   1.0000
   1.0000   1.0000   1.0000
   1.0000   1.0000   1.0000
   1.0000   1.0000   1.0000
   1.0000   1.0000   1.0000
   1.0000   1.0000   1.0000
   1.0000   1.0000   1.0000
   1.0000   1.0000   1.0000
   1.0000   1.0000   1.0000
   1.0000   1.0000   1.0000
   1.0000   1.0000   1.0000
   1.0000   1.0000   1.0000
   1.0000   1.0000   1.0000
   1.0000   1.0000   1.0000

applying weight : 1
applying weight : 1
applying weight : 1
Here are the weights in c++ : 
   1.0000   1.0000   1.0000
   1.0000   1.0000   1.0000
   1.0000   1.0000   1.0000
   1.0000   1.0000   1.0000
   1.0000   1.0000   1.0000
   1.0000   1.0000   1.0000
   1.0000   1.0000   1.0000
   1.0000   1.0000   1.0000
   1.0000   1.0000   1.0000
   1.0000   1.0000   1.0000
   1.0000   1.0000   1.0000
   1.0000   1.0000   1.0000
   1.0000   1.0000   1.0000
   1.0000   1.0000   1.0000
   1.0000   1.0000   1.0000
   1.0000   1.0000   1.0000
   1.0000   1.0000   1.0000
   1.0000   1.0000   1.0000
   1.0000   1.0000   1.0000
   1.0000   1.0000   1.0000
   1.0000   1.0000   1.0000
   1.0000   1.0000   1.0000
   1.0000   1.0000   1.0000
   1.0000   1.0000   1.0000
   1.0000   1.0000   1.0000
   1.0000   1.0000   1.0000
   1.0000   1.0000   1.0000
   1.0000   1.0000   1.0000
   1.0000   1.0000   1.0000
   1.0000   1.0000   1.0000
   1.0000   1.0000   1.0000
   1.0000   1.0000   1.0000
   1.0000   1.0000   1.0000
   1.0000   1.0000   1.0000
   1.0000   1.0000   1.0000
   1.0000   1.0000   1.0000
   1.0000   1.0000   1.0000
   1.0000   1.0000   1.0000
   1.0000   1.0000   1.0000
   1.0000   1.0000   1.0000
   1.0000   1.0000   1.0000
   1.0000   1.0000   1.0000
   1.0000   1.0000   1.0000
   1.0000   1.0000   1.0000
   1.0000   1.0000   1.0000
   1.0000   1.0000   1.0000
   1.0000   1.0000   1.0000
   1.0000   1.0000   1.0000
   1.0000   1.0000   1.0000

applying weight : 1
applying weight : 1
applying weight : 1
Here are the weights in c++ : 
   1.0000   1.0000   1.0000
   1.0000   1.0000   1.0000
   1.0000   1.0000   1.0000
   1.0000   1.0000   1.0000
   1.0000   1.0000   1.0000
   1.0000   1.0000   1.0000
   1.0000   1.0000   1.0000
   1.0000   1.0000   1.0000
   1.0000   1.0000   1.0000
   1.0000   1.0000   1.0000
   1.0000   1.0000   1.0000
   1.0000   1.0000   1.0000
   1.0000   1.0000   1.0000
   1.0000   1.0000   1.0000
   1.0000   1.0000   1.0000
   1.0000   1.0000   1.0000
   1.0000   1.0000   1.0000
   1.0000   1.0000   1.0000
   1.0000   1.0000   1.0000
   1.0000   1.0000   1.0000
   1.0000   1.0000   1.0000
   1.0000   1.0000   1.0000
   1.0000   1.0000   1.0000
   1.0000   1.0000   1.0000
   1.0000   1.0000   1.0000
   1.0000   1.0000   1.0000
   1.0000   1.0000   1.0000
   1.0000   1.0000   1.0000
   1.0000   1.0000   1.0000
   1.0000   1.0000   1.0000
   1.0000   1.0000   1.0000
   1.0000   1.0000   1.0000
   1.0000   1.0000   1.0000
   1.0000   1.0000   1.0000
   1.0000   1.0000   1.0000
   1.0000   1.0000   1.0000
   1.0000   1.0000   1.0000
   1.0000   1.0000   1.0000
   1.0000   1.0000   1.0000
   1.0000   1.0000   1.0000
   1.0000   1.0000   1.0000
   1.0000   1.0000   1.0000
   1.0000   1.0000   1.0000
   1.0000   1.0000   1.0000
   1.0000   1.0000   1.0000
   1.0000   1.0000   1.0000
   1.0000   1.0000   1.0000
   1.0000   1.0000   1.0000
   1.0000   1.0000   1.0000

applying weight : 1
applying weight : 1
applying weight : 1
Here are the weights in c++ : 
   1.0000   1.0000   1.0000
   1.0000   1.0000   1.0000
   1.0000   1.0000   1.0000
   1.0000   1.0000   1.0000
   1.0000   1.0000   1.0000
   1.0000   1.0000   1.0000
   1.0000   1.0000   1.0000
   1.0000   1.0000   1.0000
   1.0000   1.0000   1.0000
   1.0000   1.0000   1.0000
   1.0000   1.0000   1.0000
   1.0000   1.0000   1.0000
   1.0000   1.0000   1.0000
   1.0000   1.0000   1.0000
   1.0000   1.0000   1.0000
   1.0000   1.0000   1.0000
   1.0000   1.0000   1.0000
   1.0000   1.0000   1.0000
   1.0000   1.0000   1.0000
   1.0000   1.0000   1.0000
   1.0000   1.0000   1.0000
   1.0000   1.0000   1.0000
   1.0000   1.0000   1.0000
   1.0000   1.0000   1.0000
   1.0000   1.0000   1.0000
   1.0000   1.0000   1.0000
   1.0000   1.0000   1.0000
   1.0000   1.0000   1.0000
   1.0000   1.0000   1.0000
   1.0000   1.0000   1.0000
   1.0000   1.0000   1.0000
   1.0000   1.0000   1.0000
   1.0000   1.0000   1.0000
   1.0000   1.0000   1.0000
   1.0000   1.0000   1.0000
   1.0000   1.0000   1.0000
   1.0000   1.0000   1.0000
   1.0000   1.0000   1.0000
   1.0000   1.0000   1.0000
   1.0000   1.0000   1.0000
   1.0000   1.0000   1.0000
   1.0000   1.0000   1.0000
   1.0000   1.0000   1.0000
   1.0000   1.0000   1.0000
   1.0000   1.0000   1.0000
   1.0000   1.0000   1.0000
   1.0000   1.0000   1.0000
   1.0000   1.0000   1.0000
   1.0000   1.0000   1.0000

applying weight : 1
applying weight : 1
applying weight : 1
Here are the weights in c++ : 
   1.0000   1.0000   1.0000
   1.0000   1.0000   1.0000
   1.0000   1.0000   1.0000
   1.0000   1.0000   1.0000
   1.0000   1.0000   1.0000
   1.0000   1.0000   1.0000
   1.0000   1.0000   1.0000
   1.0000   1.0000   1.0000
   1.0000   1.0000   1.0000
   1.0000   1.0000   1.0000
   1.0000   1.0000   1.0000
   1.0000   1.0000   1.0000
   1.0000   1.0000   1.0000
   1.0000   1.0000   1.0000
   1.0000   1.0000   1.0000
   1.0000   1.0000   1.0000
   1.0000   1.0000   1.0000
   1.0000   1.0000   1.0000
   1.0000   1.0000   1.0000
   1.0000   1.0000   1.0000
   1.0000   1.0000   1.0000
   1.0000   1.0000   1.0000
   1.0000   1.0000   1.0000
   1.0000   1.0000   1.0000
   1.0000   1.0000   1.0000
   1.0000   1.0000   1.0000
   1.0000   1.0000   1.0000
   1.0000   1.0000   1.0000
   1.0000   1.0000   1.0000
   1.0000   1.0000   1.0000
   1.0000   1.0000   1.0000
   1.0000   1.0000   1.0000
   1.0000   1.0000   1.0000
   1.0000   1.0000   1.0000
   1.0000   1.0000   1.0000
   1.0000   1.0000   1.0000
   1.0000   1.0000   1.0000
   1.0000   1.0000   1.0000
   1.0000   1.0000   1.0000
   1.0000   1.0000   1.0000
   1.0000   1.0000   1.0000
   1.0000   1.0000   1.0000
   1.0000   1.0000   1.0000
   1.0000   1.0000   1.0000
   1.0000   1.0000   1.0000
   1.0000   1.0000   1.0000
   1.0000   1.0000   1.0000
   1.0000   1.0000   1.0000
   1.0000   1.0000   1.0000

applying weight : 1
applying weight : 1
applying weight : 1
Here are the weights in c++ : 
   1.0000   1.0000   1.0000
   1.0000   1.0000   1.0000
   1.0000   1.0000   1.0000
   1.0000   1.0000   1.0000
   1.0000   1.0000   1.0000
   1.0000   1.0000   1.0000
   1.0000   1.0000   1.0000
   1.0000   1.0000   1.0000
   1.0000   1.0000   1.0000
   1.0000   1.0000   1.0000
   1.0000   1.0000   1.0000
   1.0000   1.0000   1.0000
   1.0000   1.0000   1.0000
   1.0000   1.0000   1.0000
   1.0000   1.0000   1.0000
   1.0000   1.0000   1.0000
   1.0000   1.0000   1.0000
   1.0000   1.0000   1.0000
   1.0000   1.0000   1.0000
   1.0000   1.0000   1.0000
   1.0000   1.0000   1.0000
   1.0000   1.0000   1.0000
   1.0000   1.0000   1.0000
   1.0000   1.0000   1.0000
   1.0000   1.0000   1.0000
   1.0000   1.0000   1.0000
   1.0000   1.0000   1.0000
   1.0000   1.0000   1.0000
   1.0000   1.0000   1.0000
   1.0000   1.0000   1.0000
   1.0000   1.0000   1.0000
   1.0000   1.0000   1.0000
   1.0000   1.0000   1.0000
   1.0000   1.0000   1.0000
   1.0000   1.0000   1.0000
   1.0000   1.0000   1.0000
   1.0000   1.0000   1.0000
   1.0000   1.0000   1.0000
   1.0000   1.0000   1.0000
   1.0000   1.0000   1.0000
   1.0000   1.0000   1.0000
   1.0000   1.0000   1.0000
   1.0000   1.0000   1.0000
   1.0000   1.0000   1.0000
   1.0000   1.0000   1.0000
   1.0000   1.0000   1.0000
   1.0000   1.0000   1.0000
   1.0000   1.0000   1.0000
   1.0000   1.0000   1.0000

applying weight : 1
applying weight : 1
applying weight : 1
Here are the weights in c++ : 
   1.0000   1.0000   1.0000
   1.0000   1.0000   1.0000
   1.0000   1.0000   1.0000
   1.0000   1.0000   1.0000
   1.0000   1.0000   1.0000
   1.0000   1.0000   1.0000
   1.0000   1.0000   1.0000
   1.0000   1.0000   1.0000
   1.0000   1.0000   1.0000
   1.0000   1.0000   1.0000
   1.0000   1.0000   1.0000
   1.0000   1.0000   1.0000
   1.0000   1.0000   1.0000
   1.0000   1.0000   1.0000
   1.0000   1.0000   1.0000
   1.0000   1.0000   1.0000
   1.0000   1.0000   1.0000
   1.0000   1.0000   1.0000
   1.0000   1.0000   1.0000
   1.0000   1.0000   1.0000
   1.0000   1.0000   1.0000
   1.0000   1.0000   1.0000
   1.0000   1.0000   1.0000
   1.0000   1.0000   1.0000
   1.0000   1.0000   1.0000
   1.0000   1.0000   1.0000
   1.0000   1.0000   1.0000
   1.0000   1.0000   1.0000
   1.0000   1.0000   1.0000
   1.0000   1.0000   1.0000
   1.0000   1.0000   1.0000
   1.0000   1.0000   1.0000
   1.0000   1.0000   1.0000
   1.0000   1.0000   1.0000
   1.0000   1.0000   1.0000
   1.0000   1.0000   1.0000
   1.0000   1.0000   1.0000
   1.0000   1.0000   1.0000
   1.0000   1.0000   1.0000
   1.0000   1.0000   1.0000
   1.0000   1.0000   1.0000
   1.0000   1.0000   1.0000
   1.0000   1.0000   1.0000
   1.0000   1.0000   1.0000
   1.0000   1.0000   1.0000
   1.0000   1.0000   1.0000
   1.0000   1.0000   1.0000
   1.0000   1.0000   1.0000
   1.0000   1.0000   1.0000

applying weight : 1
applying weight : 1
applying weight : 1
Here are the weights in c++ : 
   1.0000   1.0000   1.0000
   1.0000   1.0000   1.0000
   1.0000   1.0000   1.0000
   1.0000   1.0000   1.0000
   1.0000   1.0000   1.0000
   1.0000   1.0000   1.0000
   1.0000   1.0000   1.0000
   1.0000   1.0000   1.0000
   1.0000   1.0000   1.0000
   1.0000   1.0000   1.0000
   1.0000   1.0000   1.0000
   1.0000   1.0000   1.0000
   1.0000   1.0000   1.0000
   1.0000   1.0000   1.0000
   1.0000   1.0000   1.0000
   1.0000   1.0000   1.0000
   1.0000   1.0000   1.0000
   1.0000   1.0000   1.0000
   1.0000   1.0000   1.0000
   1.0000   1.0000   1.0000
   1.0000   1.0000   1.0000
   1.0000   1.0000   1.0000
   1.0000   1.0000   1.0000
   1.0000   1.0000   1.0000
   1.0000   1.0000   1.0000
   1.0000   1.0000   1.0000
   1.0000   1.0000   1.0000
   1.0000   1.0000   1.0000
   1.0000   1.0000   1.0000
   1.0000   1.0000   1.0000
   1.0000   1.0000   1.0000
   1.0000   1.0000   1.0000
   1.0000   1.0000   1.0000
   1.0000   1.0000   1.0000
   1.0000   1.0000   1.0000
   1.0000   1.0000   1.0000
   1.0000   1.0000   1.0000
   1.0000   1.0000   1.0000
   1.0000   1.0000   1.0000
   1.0000   1.0000   1.0000
   1.0000   1.0000   1.0000
   1.0000   1.0000   1.0000
   1.0000   1.0000   1.0000
   1.0000   1.0000   1.0000
   1.0000   1.0000   1.0000
   1.0000   1.0000   1.0000
   1.0000   1.0000   1.0000
   1.0000   1.0000   1.0000
   1.0000   1.0000   1.0000

applying weight : 1
applying weight : 1
applying weight : 1
Here are the weights in c++ : 
   1.0000   1.0000   1.0000
   1.0000   1.0000   1.0000
   1.0000   1.0000   1.0000
   1.0000   1.0000   1.0000
   1.0000   1.0000   1.0000
   1.0000   1.0000   1.0000
   1.0000   1.0000   1.0000
   1.0000   1.0000   1.0000
   1.0000   1.0000   1.0000
   1.0000   1.0000   1.0000
   1.0000   1.0000   1.0000
   1.0000   1.0000   1.0000
   1.0000   1.0000   1.0000
   1.0000   1.0000   1.0000
   1.0000   1.0000   1.0000
   1.0000   1.0000   1.0000
   1.0000   1.0000   1.0000
   1.0000   1.0000   1.0000
   1.0000   1.0000   1.0000
   1.0000   1.0000   1.0000
   1.0000   1.0000   1.0000
   1.0000   1.0000   1.0000
   1.0000   1.0000   1.0000
   1.0000   1.0000   1.0000
   1.0000   1.0000   1.0000
   1.0000   1.0000   1.0000
   1.0000   1.0000   1.0000
   1.0000   1.0000   1.0000
   1.0000   1.0000   1.0000
   1.0000   1.0000   1.0000
   1.0000   1.0000   1.0000
   1.0000   1.0000   1.0000
   1.0000   1.0000   1.0000
   1.0000   1.0000   1.0000
   1.0000   1.0000   1.0000
   1.0000   1.0000   1.0000
   1.0000   1.0000   1.0000
   1.0000   1.0000   1.0000
   1.0000   1.0000   1.0000
   1.0000   1.0000   1.0000
   1.0000   1.0000   1.0000
   1.0000   1.0000   1.0000
   1.0000   1.0000   1.0000
   1.0000   1.0000   1.0000
   1.0000   1.0000   1.0000
   1.0000   1.0000   1.0000
   1.0000   1.0000   1.0000
   1.0000   1.0000   1.0000
   1.0000   1.0000   1.0000

applying weight : 1
applying weight : 1
applying weight : 1
Here are the weights in c++ : 
   1.0000   1.0000   1.0000
   1.0000   1.0000   1.0000
   1.0000   1.0000   1.0000
   1.0000   1.0000   1.0000
   1.0000   1.0000   1.0000
   1.0000   1.0000   1.0000
   1.0000   1.0000   1.0000
   1.0000   1.0000   1.0000
   1.0000   1.0000   1.0000
   1.0000   1.0000   1.0000
   1.0000   1.0000   1.0000
   1.0000   1.0000   1.0000
   1.0000   1.0000   1.0000
   1.0000   1.0000   1.0000
   1.0000   1.0000   1.0000
   1.0000   1.0000   1.0000
   1.0000   1.0000   1.0000
   1.0000   1.0000   1.0000
   1.0000   1.0000   1.0000
   1.0000   1.0000   1.0000
   1.0000   1.0000   1.0000
   1.0000   1.0000   1.0000
   1.0000   1.0000   1.0000
   1.0000   1.0000   1.0000
   1.0000   1.0000   1.0000
   1.0000   1.0000   1.0000
   1.0000   1.0000   1.0000
   1.0000   1.0000   1.0000
   1.0000   1.0000   1.0000
   1.0000   1.0000   1.0000
   1.0000   1.0000   1.0000
   1.0000   1.0000   1.0000
   1.0000   1.0000   1.0000
   1.0000   1.0000   1.0000
   1.0000   1.0000   1.0000
   1.0000   1.0000   1.0000
   1.0000   1.0000   1.0000
   1.0000   1.0000   1.0000
   1.0000   1.0000   1.0000
   1.0000   1.0000   1.0000
   1.0000   1.0000   1.0000
   1.0000   1.0000   1.0000
   1.0000   1.0000   1.0000
   1.0000   1.0000   1.0000
   1.0000   1.0000   1.0000
   1.0000   1.0000   1.0000
   1.0000   1.0000   1.0000
   1.0000   1.0000   1.0000
   1.0000   1.0000   1.0000

applying weight : 1
applying weight : 1
applying weight : 1
Here are the weights in c++ : 
   1.0000   1.0000   1.0000
   1.0000   1.0000   1.0000
   1.0000   1.0000   1.0000
   1.0000   1.0000   1.0000
   1.0000   1.0000   1.0000
   1.0000   1.0000   1.0000
   1.0000   1.0000   1.0000
   1.0000   1.0000   1.0000
   1.0000   1.0000   1.0000
   1.0000   1.0000   1.0000
   1.0000   1.0000   1.0000
   1.0000   1.0000   1.0000
   1.0000   1.0000   1.0000
   1.0000   1.0000   1.0000
   1.0000   1.0000   1.0000
   1.0000   1.0000   1.0000
   1.0000   1.0000   1.0000
   1.0000   1.0000   1.0000
   1.0000   1.0000   1.0000
   1.0000   1.0000   1.0000
   1.0000   1.0000   1.0000
   1.0000   1.0000   1.0000
   1.0000   1.0000   1.0000
   1.0000   1.0000   1.0000
   1.0000   1.0000   1.0000
   1.0000   1.0000   1.0000
   1.0000   1.0000   1.0000
   1.0000   1.0000   1.0000
   1.0000   1.0000   1.0000
   1.0000   1.0000   1.0000
   1.0000   1.0000   1.0000
   1.0000   1.0000   1.0000
   1.0000   1.0000   1.0000
   1.0000   1.0000   1.0000
   1.0000   1.0000   1.0000
   1.0000   1.0000   1.0000
   1.0000   1.0000   1.0000
   1.0000   1.0000   1.0000
   1.0000   1.0000   1.0000
   1.0000   1.0000   1.0000
   1.0000   1.0000   1.0000
   1.0000   1.0000   1.0000
   1.0000   1.0000   1.0000
   1.0000   1.0000   1.0000
   1.0000   1.0000   1.0000
   1.0000   1.0000   1.0000
   1.0000   1.0000   1.0000
   1.0000   1.0000   1.0000
   1.0000   1.0000   1.0000

applying weight : 1
applying weight : 1
applying weight : 1
Here are the weights in c++ : 
   1.0000   1.0000   1.0000
   1.0000   1.0000   1.0000
   1.0000   1.0000   1.0000
   1.0000   1.0000   1.0000
   1.0000   1.0000   1.0000
   1.0000   1.0000   1.0000
   1.0000   1.0000   1.0000
   1.0000   1.0000   1.0000
   1.0000   1.0000   1.0000
   1.0000   1.0000   1.0000
   1.0000   1.0000   1.0000
   1.0000   1.0000   1.0000
   1.0000   1.0000   1.0000
   1.0000   1.0000   1.0000
   1.0000   1.0000   1.0000
   1.0000   1.0000   1.0000
   1.0000   1.0000   1.0000
   1.0000   1.0000   1.0000
   1.0000   1.0000   1.0000
   1.0000   1.0000   1.0000
   1.0000   1.0000   1.0000
   1.0000   1.0000   1.0000
   1.0000   1.0000   1.0000
   1.0000   1.0000   1.0000
   1.0000   1.0000   1.0000
   1.0000   1.0000   1.0000
   1.0000   1.0000   1.0000
   1.0000   1.0000   1.0000
   1.0000   1.0000   1.0000
   1.0000   1.0000   1.0000
   1.0000   1.0000   1.0000
   1.0000   1.0000   1.0000
   1.0000   1.0000   1.0000
   1.0000   1.0000   1.0000
   1.0000   1.0000   1.0000
   1.0000   1.0000   1.0000
   1.0000   1.0000   1.0000
   1.0000   1.0000   1.0000
   1.0000   1.0000   1.0000
   1.0000   1.0000   1.0000
   1.0000   1.0000   1.0000
   1.0000   1.0000   1.0000
   1.0000   1.0000   1.0000
   1.0000   1.0000   1.0000
   1.0000   1.0000   1.0000
   1.0000   1.0000   1.0000
   1.0000   1.0000   1.0000
   1.0000   1.0000   1.0000
   1.0000   1.0000   1.0000

applying weight : 1
applying weight : 1
applying weight : 1
Here are the weights in c++ : 
   1.0000   1.0000   1.0000
   1.0000   1.0000   1.0000
   1.0000   1.0000   1.0000
   1.0000   1.0000   1.0000
   1.0000   1.0000   1.0000
   1.0000   1.0000   1.0000
   1.0000   1.0000   1.0000
   1.0000   1.0000   1.0000
   1.0000   1.0000   1.0000
   1.0000   1.0000   1.0000
   1.0000   1.0000   1.0000
   1.0000   1.0000   1.0000
   1.0000   1.0000   1.0000
   1.0000   1.0000   1.0000
   1.0000   1.0000   1.0000
   1.0000   1.0000   1.0000
   1.0000   1.0000   1.0000
   1.0000   1.0000   1.0000
   1.0000   1.0000   1.0000
   1.0000   1.0000   1.0000
   1.0000   1.0000   1.0000
   1.0000   1.0000   1.0000
   1.0000   1.0000   1.0000
   1.0000   1.0000   1.0000
   1.0000   1.0000   1.0000
   1.0000   1.0000   1.0000
   1.0000   1.0000   1.0000
   1.0000   1.0000   1.0000
   1.0000   1.0000   1.0000
   1.0000   1.0000   1.0000
   1.0000   1.0000   1.0000
   1.0000   1.0000   1.0000
   1.0000   1.0000   1.0000
   1.0000   1.0000   1.0000
   1.0000   1.0000   1.0000
   1.0000   1.0000   1.0000
   1.0000   1.0000   1.0000
   1.0000   1.0000   1.0000
   1.0000   1.0000   1.0000
   1.0000   1.0000   1.0000
   1.0000   1.0000   1.0000
   1.0000   1.0000   1.0000
   1.0000   1.0000   1.0000
   1.0000   1.0000   1.0000
   1.0000   1.0000   1.0000
   1.0000   1.0000   1.0000
   1.0000   1.0000   1.0000
   1.0000   1.0000   1.0000
   1.0000   1.0000   1.0000

applying weight : 1
applying weight : 1
applying weight : 1
Here are the weights in c++ : 
   1.0000   1.0000   1.0000
   1.0000   1.0000   1.0000
   1.0000   1.0000   1.0000
   1.0000   1.0000   1.0000
   1.0000   1.0000   1.0000
   1.0000   1.0000   1.0000
   1.0000   1.0000   1.0000
   1.0000   1.0000   1.0000
   1.0000   1.0000   1.0000
   1.0000   1.0000   1.0000
   1.0000   1.0000   1.0000
   1.0000   1.0000   1.0000
   1.0000   1.0000   1.0000
   1.0000   1.0000   1.0000
   1.0000   1.0000   1.0000
   1.0000   1.0000   1.0000
   1.0000   1.0000   1.0000
   1.0000   1.0000   1.0000
   1.0000   1.0000   1.0000
   1.0000   1.0000   1.0000
   1.0000   1.0000   1.0000
   1.0000   1.0000   1.0000
   1.0000   1.0000   1.0000
   1.0000   1.0000   1.0000
   1.0000   1.0000   1.0000
   1.0000   1.0000   1.0000
   1.0000   1.0000   1.0000
   1.0000   1.0000   1.0000
   1.0000   1.0000   1.0000
   1.0000   1.0000   1.0000
   1.0000   1.0000   1.0000
   1.0000   1.0000   1.0000
   1.0000   1.0000   1.0000
   1.0000   1.0000   1.0000
   1.0000   1.0000   1.0000
   1.0000   1.0000   1.0000
   1.0000   1.0000   1.0000
   1.0000   1.0000   1.0000
   1.0000   1.0000   1.0000
   1.0000   1.0000   1.0000
   1.0000   1.0000   1.0000
   1.0000   1.0000   1.0000
   1.0000   1.0000   1.0000
   1.0000   1.0000   1.0000
   1.0000   1.0000   1.0000
   1.0000   1.0000   1.0000
   1.0000   1.0000   1.0000
   1.0000   1.0000   1.0000
   1.0000   1.0000   1.0000

applying weight : 1
applying weight : 1
applying weight : 1
Here are the weights in c++ : 
   1.0000   1.0000   1.0000
   1.0000   1.0000   1.0000
   1.0000   1.0000   1.0000
   1.0000   1.0000   1.0000
   1.0000   1.0000   1.0000
   1.0000   1.0000   1.0000
   1.0000   1.0000   1.0000
   1.0000   1.0000   1.0000
   1.0000   1.0000   1.0000
   1.0000   1.0000   1.0000
   1.0000   1.0000   1.0000
   1.0000   1.0000   1.0000
   1.0000   1.0000   1.0000
   1.0000   1.0000   1.0000
   1.0000   1.0000   1.0000
   1.0000   1.0000   1.0000
   1.0000   1.0000   1.0000
   1.0000   1.0000   1.0000
   1.0000   1.0000   1.0000
   1.0000   1.0000   1.0000
   1.0000   1.0000   1.0000
   1.0000   1.0000   1.0000
   1.0000   1.0000   1.0000
   1.0000   1.0000   1.0000
   1.0000   1.0000   1.0000
   1.0000   1.0000   1.0000
   1.0000   1.0000   1.0000
   1.0000   1.0000   1.0000
   1.0000   1.0000   1.0000
   1.0000   1.0000   1.0000
   1.0000   1.0000   1.0000
   1.0000   1.0000   1.0000
   1.0000   1.0000   1.0000
   1.0000   1.0000   1.0000
   1.0000   1.0000   1.0000
   1.0000   1.0000   1.0000
   1.0000   1.0000   1.0000
   1.0000   1.0000   1.0000
   1.0000   1.0000   1.0000
   1.0000   1.0000   1.0000
   1.0000   1.0000   1.0000
   1.0000   1.0000   1.0000
   1.0000   1.0000   1.0000
   1.0000   1.0000   1.0000
   1.0000   1.0000   1.0000
   1.0000   1.0000   1.0000
   1.0000   1.0000   1.0000
   1.0000   1.0000   1.0000
   1.0000   1.0000   1.0000

applying weight : 1
applying weight : 1
applying weight : 1
Here are the weights in c++ : 
   1.0000   1.0000   1.0000
   1.0000   1.0000   1.0000
   1.0000   1.0000   1.0000
   1.0000   1.0000   1.0000
   1.0000   1.0000   1.0000
   1.0000   1.0000   1.0000
   1.0000   1.0000   1.0000
   1.0000   1.0000   1.0000
   1.0000   1.0000   1.0000
   1.0000   1.0000   1.0000
   1.0000   1.0000   1.0000
   1.0000   1.0000   1.0000
   1.0000   1.0000   1.0000
   1.0000   1.0000   1.0000
   1.0000   1.0000   1.0000
   1.0000   1.0000   1.0000
   1.0000   1.0000   1.0000
   1.0000   1.0000   1.0000
   1.0000   1.0000   1.0000
   1.0000   1.0000   1.0000
   1.0000   1.0000   1.0000
   1.0000   1.0000   1.0000
   1.0000   1.0000   1.0000
   1.0000   1.0000   1.0000
   1.0000   1.0000   1.0000
   1.0000   1.0000   1.0000
   1.0000   1.0000   1.0000
   1.0000   1.0000   1.0000
   1.0000   1.0000   1.0000
   1.0000   1.0000   1.0000
   1.0000   1.0000   1.0000
   1.0000   1.0000   1.0000
   1.0000   1.0000   1.0000
   1.0000   1.0000   1.0000
   1.0000   1.0000   1.0000
   1.0000   1.0000   1.0000
   1.0000   1.0000   1.0000
   1.0000   1.0000   1.0000
   1.0000   1.0000   1.0000
   1.0000   1.0000   1.0000
   1.0000   1.0000   1.0000
   1.0000   1.0000   1.0000
   1.0000   1.0000   1.0000
   1.0000   1.0000   1.0000
   1.0000   1.0000   1.0000
   1.0000   1.0000   1.0000
   1.0000   1.0000   1.0000
   1.0000   1.0000   1.0000
   1.0000   1.0000   1.0000

applying weight : 1
applying weight : 1
applying weight : 1
Here are the weights in c++ : 
   1.0000   1.0000   1.0000
   1.0000   1.0000   1.0000
   1.0000   1.0000   1.0000
   1.0000   1.0000   1.0000
   1.0000   1.0000   1.0000
   1.0000   1.0000   1.0000
   1.0000   1.0000   1.0000
   1.0000   1.0000   1.0000
   1.0000   1.0000   1.0000
   1.0000   1.0000   1.0000
   1.0000   1.0000   1.0000
   1.0000   1.0000   1.0000
   1.0000   1.0000   1.0000
   1.0000   1.0000   1.0000
   1.0000   1.0000   1.0000
   1.0000   1.0000   1.0000
   1.0000   1.0000   1.0000
   1.0000   1.0000   1.0000
   1.0000   1.0000   1.0000
   1.0000   1.0000   1.0000
   1.0000   1.0000   1.0000
   1.0000   1.0000   1.0000
   1.0000   1.0000   1.0000
   1.0000   1.0000   1.0000
   1.0000   1.0000   1.0000
   1.0000   1.0000   1.0000
   1.0000   1.0000   1.0000
   1.0000   1.0000   1.0000
   1.0000   1.0000   1.0000
   1.0000   1.0000   1.0000
   1.0000   1.0000   1.0000
   1.0000   1.0000   1.0000
   1.0000   1.0000   1.0000
   1.0000   1.0000   1.0000
   1.0000   1.0000   1.0000
   1.0000   1.0000   1.0000
   1.0000   1.0000   1.0000
   1.0000   1.0000   1.0000
   1.0000   1.0000   1.0000
   1.0000   1.0000   1.0000
   1.0000   1.0000   1.0000
   1.0000   1.0000   1.0000
   1.0000   1.0000   1.0000
   1.0000   1.0000   1.0000
   1.0000   1.0000   1.0000
   1.0000   1.0000   1.0000
   1.0000   1.0000   1.0000
   1.0000   1.0000   1.0000
   1.0000   1.0000   1.0000
   1.0000   1.0000   1.0000
   1.0000   1.0000   1.0000
   1.0000   1.0000   1.0000
   1.0000   1.0000   1.0000
   1.0000   1.0000   1.0000
   1.0000   1.0000   1.0000
   1.0000   1.0000   1.0000
   1.0000   1.0000   1.0000

applying weight : 1
applying weight : 1
applying weight : 1
Here are the weights in c++ : 
   1.0000   1.0000   1.0000
   1.0000   1.0000   1.0000
   1.0000   1.0000   1.0000
   1.0000   1.0000   1.0000
   1.0000   1.0000   1.0000
   1.0000   1.0000   1.0000
   1.0000   1.0000   1.0000
   1.0000   1.0000   1.0000
   1.0000   1.0000   1.0000
   1.0000   1.0000   1.0000
   1.0000   1.0000   1.0000
   1.0000   1.0000   1.0000
   1.0000   1.0000   1.0000
   1.0000   1.0000   1.0000
   1.0000   1.0000   1.0000
   1.0000   1.0000   1.0000
   1.0000   1.0000   1.0000
   1.0000   1.0000   1.0000
   1.0000   1.0000   1.0000
   1.0000   1.0000   1.0000
   1.0000   1.0000   1.0000
   1.0000   1.0000   1.0000
   1.0000   1.0000   1.0000
   1.0000   1.0000   1.0000
   1.0000   1.0000   1.0000
   1.0000   1.0000   1.0000
   1.0000   1.0000   1.0000
   1.0000   1.0000   1.0000
   1.0000   1.0000   1.0000
   1.0000   1.0000   1.0000
   1.0000   1.0000   1.0000
   1.0000   1.0000   1.0000
   1.0000   1.0000   1.0000
   1.0000   1.0000   1.0000
   1.0000   1.0000   1.0000
   1.0000   1.0000   1.0000
   1.0000   1.0000   1.0000
   1.0000   1.0000   1.0000
   1.0000   1.0000   1.0000
   1.0000   1.0000   1.0000
   1.0000   1.0000   1.0000
   1.0000   1.0000   1.0000
   1.0000   1.0000   1.0000
   1.0000   1.0000   1.0000
   1.0000   1.0000   1.0000
   1.0000   1.0000   1.0000
   1.0000   1.0000   1.0000
   1.0000   1.0000   1.0000
   1.0000   1.0000   1.0000
   1.0000   1.0000   1.0000
   1.0000   1.0000   1.0000
   1.0000   1.0000   1.0000
   1.0000   1.0000   1.0000
   1.0000   1.0000   1.0000
   1.0000   1.0000   1.0000
   1.0000   1.0000   1.0000
   1.0000   1.0000   1.0000

applying weight : 1
applying weight : 1
applying weight : 1
Here are the weights in c++ : 
   1.0000   1.0000   1.0000
   1.0000   1.0000   1.0000
   1.0000   1.0000   1.0000
   1.0000   1.0000   1.0000
   1.0000   1.0000   1.0000
   1.0000   1.0000   1.0000
   1.0000   1.0000   1.0000
   1.0000   1.0000   1.0000
   1.0000   1.0000   1.0000
   1.0000   1.0000   1.0000
   1.0000   1.0000   1.0000
   1.0000   1.0000   1.0000
   1.0000   1.0000   1.0000
   1.0000   1.0000   1.0000
   1.0000   1.0000   1.0000
   1.0000   1.0000   1.0000
   1.0000   1.0000   1.0000
   1.0000   1.0000   1.0000
   1.0000   1.0000   1.0000
   1.0000   1.0000   1.0000
   1.0000   1.0000   1.0000
   1.0000   1.0000   1.0000
   1.0000   1.0000   1.0000
   1.0000   1.0000   1.0000
   1.0000   1.0000   1.0000
   1.0000   1.0000   1.0000
   1.0000   1.0000   1.0000
   1.0000   1.0000   1.0000
   1.0000   1.0000   1.0000
   1.0000   1.0000   1.0000
   1.0000   1.0000   1.0000
   1.0000   1.0000   1.0000
   1.0000   1.0000   1.0000
   1.0000   1.0000   1.0000
   1.0000   1.0000   1.0000
   1.0000   1.0000   1.0000
   1.0000   1.0000   1.0000
   1.0000   1.0000   1.0000
   1.0000   1.0000   1.0000
   1.0000   1.0000   1.0000
   1.0000   1.0000   1.0000
   1.0000   1.0000   1.0000
   1.0000   1.0000   1.0000
   1.0000   1.0000   1.0000
   1.0000   1.0000   1.0000
   1.0000   1.0000   1.0000
   1.0000   1.0000   1.0000
   1.0000   1.0000   1.0000
   1.0000   1.0000   1.0000
   1.0000   1.0000   1.0000
   1.0000   1.0000   1.0000
   1.0000   1.0000   1.0000
   1.0000   1.0000   1.0000
   1.0000   1.0000   1.0000
   1.0000   1.0000   1.0000
   1.0000   1.0000   1.0000
   1.0000   1.0000   1.0000

applying weight : 1
applying weight : 1
applying weight : 1
Here are the weights in c++ : 
   1.0000   1.0000   1.0000
   1.0000   1.0000   1.0000
   1.0000   1.0000   1.0000
   1.0000   1.0000   1.0000
   1.0000   1.0000   1.0000
   1.0000   1.0000   1.0000
   1.0000   1.0000   1.0000
   1.0000   1.0000   1.0000
   1.0000   1.0000   1.0000
   1.0000   1.0000   1.0000
   1.0000   1.0000   1.0000
   1.0000   1.0000   1.0000
   1.0000   1.0000   1.0000
   1.0000   1.0000   1.0000
   1.0000   1.0000   1.0000
   1.0000   1.0000   1.0000
   1.0000   1.0000   1.0000
   1.0000   1.0000   1.0000
   1.0000   1.0000   1.0000
   1.0000   1.0000   1.0000
   1.0000   1.0000   1.0000
   1.0000   1.0000   1.0000
   1.0000   1.0000   1.0000
   1.0000   1.0000   1.0000
   1.0000   1.0000   1.0000
   1.0000   1.0000   1.0000
   1.0000   1.0000   1.0000
   1.0000   1.0000   1.0000
   1.0000   1.0000   1.0000
   1.0000   1.0000   1.0000
   1.0000   1.0000   1.0000
   1.0000   1.0000   1.0000
   1.0000   1.0000   1.0000
   1.0000   1.0000   1.0000
   1.0000   1.0000   1.0000
   1.0000   1.0000   1.0000
   1.0000   1.0000   1.0000
   1.0000   1.0000   1.0000
   1.0000   1.0000   1.0000
   1.0000   1.0000   1.0000
   1.0000   1.0000   1.0000
   1.0000   1.0000   1.0000
   1.0000   1.0000   1.0000
   1.0000   1.0000   1.0000
   1.0000   1.0000   1.0000
   1.0000   1.0000   1.0000
   1.0000   1.0000   1.0000
   1.0000   1.0000   1.0000
   1.0000   1.0000   1.0000
   1.0000   1.0000   1.0000
   1.0000   1.0000   1.0000
   1.0000   1.0000   1.0000
   1.0000   1.0000   1.0000
   1.0000   1.0000   1.0000
   1.0000   1.0000   1.0000
   1.0000   1.0000   1.0000
   1.0000   1.0000   1.0000

applying weight : 1
applying weight : 1
applying weight : 1
Here are the weights in c++ : 
   1.0000   1.0000   1.0000
   1.0000   1.0000   1.0000
   1.0000   1.0000   1.0000
   1.0000   1.0000   1.0000
   1.0000   1.0000   1.0000
   1.0000   1.0000   1.0000
   1.0000   1.0000   1.0000
   1.0000   1.0000   1.0000
   1.0000   1.0000   1.0000
   1.0000   1.0000   1.0000
   1.0000   1.0000   1.0000
   1.0000   1.0000   1.0000
   1.0000   1.0000   1.0000
   1.0000   1.0000   1.0000
   1.0000   1.0000   1.0000
   1.0000   1.0000   1.0000
   1.0000   1.0000   1.0000
   1.0000   1.0000   1.0000
   1.0000   1.0000   1.0000
   1.0000   1.0000   1.0000
   1.0000   1.0000   1.0000
   1.0000   1.0000   1.0000
   1.0000   1.0000   1.0000
   1.0000   1.0000   1.0000
   1.0000   1.0000   1.0000
   1.0000   1.0000   1.0000
   1.0000   1.0000   1.0000
   1.0000   1.0000   1.0000
   1.0000   1.0000   1.0000
   1.0000   1.0000   1.0000
   1.0000   1.0000   1.0000
   1.0000   1.0000   1.0000
   1.0000   1.0000   1.0000
   1.0000   1.0000   1.0000
   1.0000   1.0000   1.0000
   1.0000   1.0000   1.0000
   1.0000   1.0000   1.0000
   1.0000   1.0000   1.0000
   1.0000   1.0000   1.0000
   1.0000   1.0000   1.0000
   1.0000   1.0000   1.0000
   1.0000   1.0000   1.0000
   1.0000   1.0000   1.0000
   1.0000   1.0000   1.0000
   1.0000   1.0000   1.0000
   1.0000   1.0000   1.0000
   1.0000   1.0000   1.0000
   1.0000   1.0000   1.0000
   1.0000   1.0000   1.0000
   1.0000   1.0000   1.0000
   1.0000   1.0000   1.0000
   1.0000   1.0000   1.0000
   1.0000   1.0000   1.0000
   1.0000   1.0000   1.0000
   1.0000   1.0000   1.0000
   1.0000   1.0000   1.0000
   1.0000   1.0000   1.0000

applying weight : 1
applying weight : 1
applying weight : 1
Here are the weights in c++ : 
   1.0000   1.0000   1.0000
   1.0000   1.0000   1.0000
   1.0000   1.0000   1.0000
   1.0000   1.0000   1.0000
   1.0000   1.0000   1.0000
   1.0000   1.0000   1.0000
   1.0000   1.0000   1.0000
   1.0000   1.0000   1.0000
   1.0000   1.0000   1.0000
   1.0000   1.0000   1.0000
   1.0000   1.0000   1.0000
   1.0000   1.0000   1.0000
   1.0000   1.0000   1.0000
   1.0000   1.0000   1.0000
   1.0000   1.0000   1.0000
   1.0000   1.0000   1.0000
   1.0000   1.0000   1.0000
   1.0000   1.0000   1.0000
   1.0000   1.0000   1.0000
   1.0000   1.0000   1.0000
   1.0000   1.0000   1.0000
   1.0000   1.0000   1.0000
   1.0000   1.0000   1.0000
   1.0000   1.0000   1.0000
   1.0000   1.0000   1.0000
   1.0000   1.0000   1.0000
   1.0000   1.0000   1.0000
   1.0000   1.0000   1.0000
   1.0000   1.0000   1.0000
   1.0000   1.0000   1.0000
   1.0000   1.0000   1.0000
   1.0000   1.0000   1.0000
   1.0000   1.0000   1.0000
   1.0000   1.0000   1.0000
   1.0000   1.0000   1.0000
   1.0000   1.0000   1.0000
   1.0000   1.0000   1.0000
   1.0000   1.0000   1.0000
   1.0000   1.0000   1.0000
   1.0000   1.0000   1.0000
   1.0000   1.0000   1.0000
   1.0000   1.0000   1.0000
   1.0000   1.0000   1.0000
   1.0000   1.0000   1.0000
   1.0000   1.0000   1.0000
   1.0000   1.0000   1.0000
   1.0000   1.0000   1.0000
   1.0000   1.0000   1.0000
   1.0000   1.0000   1.0000
   1.0000   1.0000   1.0000
   1.0000   1.0000   1.0000
   1.0000   1.0000   1.0000
   1.0000   1.0000   1.0000
   1.0000   1.0000   1.0000
   1.0000   1.0000   1.0000
   1.0000   1.0000   1.0000
   1.0000   1.0000   1.0000

applying weight : 1
applying weight : 1
applying weight : 1
Here are the weights in c++ : 
   1.0000   1.0000   1.0000
   1.0000   1.0000   1.0000
   1.0000   1.0000   1.0000
   1.0000   1.0000   1.0000
   1.0000   1.0000   1.0000
   1.0000   1.0000   1.0000
   1.0000   1.0000   1.0000
   1.0000   1.0000   1.0000
   1.0000   1.0000   1.0000
   1.0000   1.0000   1.0000
   1.0000   1.0000   1.0000
   1.0000   1.0000   1.0000
   1.0000   1.0000   1.0000
   1.0000   1.0000   1.0000
   1.0000   1.0000   1.0000
   1.0000   1.0000   1.0000
   1.0000   1.0000   1.0000
   1.0000   1.0000   1.0000
   1.0000   1.0000   1.0000
   1.0000   1.0000   1.0000
   1.0000   1.0000   1.0000
   1.0000   1.0000   1.0000
   1.0000   1.0000   1.0000
   1.0000   1.0000   1.0000
   1.0000   1.0000   1.0000
   1.0000   1.0000   1.0000
   1.0000   1.0000   1.0000
   1.0000   1.0000   1.0000
   1.0000   1.0000   1.0000
   1.0000   1.0000   1.0000
   1.0000   1.0000   1.0000
   1.0000   1.0000   1.0000
   1.0000   1.0000   1.0000
   1.0000   1.0000   1.0000
   1.0000   1.0000   1.0000
   1.0000   1.0000   1.0000
   1.0000   1.0000   1.0000
   1.0000   1.0000   1.0000
   1.0000   1.0000   1.0000
   1.0000   1.0000   1.0000
   1.0000   1.0000   1.0000
   1.0000   1.0000   1.0000
   1.0000   1.0000   1.0000
   1.0000   1.0000   1.0000
   1.0000   1.0000   1.0000
   1.0000   1.0000   1.0000
   1.0000   1.0000   1.0000
   1.0000   1.0000   1.0000
   1.0000   1.0000   1.0000
   1.0000   1.0000   1.0000
   1.0000   1.0000   1.0000
   1.0000   1.0000   1.0000
   1.0000   1.0000   1.0000
   1.0000   1.0000   1.0000
   1.0000   1.0000   1.0000
   1.0000   1.0000   1.0000
   1.0000   1.0000   1.0000

applying weight : 1
applying weight : 1
applying weight : 1
Here are the weights in c++ : 
   1.0000   1.0000   1.0000
   1.0000   1.0000   1.0000
   1.0000   1.0000   1.0000
   1.0000   1.0000   1.0000
   1.0000   1.0000   1.0000
   1.0000   1.0000   1.0000
   1.0000   1.0000   1.0000
   1.0000   1.0000   1.0000
   1.0000   1.0000   1.0000
   1.0000   1.0000   1.0000
   1.0000   1.0000   1.0000
   1.0000   1.0000   1.0000
   1.0000   1.0000   1.0000
   1.0000   1.0000   1.0000
   1.0000   1.0000   1.0000
   1.0000   1.0000   1.0000
   1.0000   1.0000   1.0000
   1.0000   1.0000   1.0000
   1.0000   1.0000   1.0000
   1.0000   1.0000   1.0000
   1.0000   1.0000   1.0000
   1.0000   1.0000   1.0000
   1.0000   1.0000   1.0000
   1.0000   1.0000   1.0000
   1.0000   1.0000   1.0000
   1.0000   1.0000   1.0000
   1.0000   1.0000   1.0000
   1.0000   1.0000   1.0000
   1.0000   1.0000   1.0000
   1.0000   1.0000   1.0000
   1.0000   1.0000   1.0000
   1.0000   1.0000   1.0000
   1.0000   1.0000   1.0000
   1.0000   1.0000   1.0000
   1.0000   1.0000   1.0000
   1.0000   1.0000   1.0000
   1.0000   1.0000   1.0000
   1.0000   1.0000   1.0000
   1.0000   1.0000   1.0000
   1.0000   1.0000   1.0000
   1.0000   1.0000   1.0000
   1.0000   1.0000   1.0000
   1.0000   1.0000   1.0000
   1.0000   1.0000   1.0000
   1.0000   1.0000   1.0000
   1.0000   1.0000   1.0000
   1.0000   1.0000   1.0000
   1.0000   1.0000   1.0000
   1.0000   1.0000   1.0000
   1.0000   1.0000   1.0000
   1.0000   1.0000   1.0000
   1.0000   1.0000   1.0000
   1.0000   1.0000   1.0000
   1.0000   1.0000   1.0000
   1.0000   1.0000   1.0000
   1.0000   1.0000   1.0000
   1.0000   1.0000   1.0000

applying weight : 1
applying weight : 1
applying weight : 1
Here are the weights in c++ : 
   1.0000   1.0000   1.0000
   1.0000   1.0000   1.0000
   1.0000   1.0000   1.0000
   1.0000   1.0000   1.0000
   1.0000   1.0000   1.0000
   1.0000   1.0000   1.0000
   1.0000   1.0000   1.0000
   1.0000   1.0000   1.0000
   1.0000   1.0000   1.0000
   1.0000   1.0000   1.0000
   1.0000   1.0000   1.0000
   1.0000   1.0000   1.0000
   1.0000   1.0000   1.0000
   1.0000   1.0000   1.0000
   1.0000   1.0000   1.0000
   1.0000   1.0000   1.0000
   1.0000   1.0000   1.0000
   1.0000   1.0000   1.0000
   1.0000   1.0000   1.0000
   1.0000   1.0000   1.0000
   1.0000   1.0000   1.0000
   1.0000   1.0000   1.0000
   1.0000   1.0000   1.0000
   1.0000   1.0000   1.0000
   1.0000   1.0000   1.0000
   1.0000   1.0000   1.0000
   1.0000   1.0000   1.0000
   1.0000   1.0000   1.0000
   1.0000   1.0000   1.0000
   1.0000   1.0000   1.0000
   1.0000   1.0000   1.0000
   1.0000   1.0000   1.0000
   1.0000   1.0000   1.0000
   1.0000   1.0000   1.0000
   1.0000   1.0000   1.0000
   1.0000   1.0000   1.0000
   1.0000   1.0000   1.0000
   1.0000   1.0000   1.0000
   1.0000   1.0000   1.0000
   1.0000   1.0000   1.0000
   1.0000   1.0000   1.0000
   1.0000   1.0000   1.0000
   1.0000   1.0000   1.0000
   1.0000   1.0000   1.0000
   1.0000   1.0000   1.0000
   1.0000   1.0000   1.0000
   1.0000   1.0000   1.0000
   1.0000   1.0000   1.0000
   1.0000   1.0000   1.0000
   1.0000   1.0000   1.0000
   1.0000   1.0000   1.0000
   1.0000   1.0000   1.0000
   1.0000   1.0000   1.0000
   1.0000   1.0000   1.0000
   1.0000   1.0000   1.0000
   1.0000   1.0000   1.0000
   1.0000   1.0000   1.0000

applying weight : 1
applying weight : 1
applying weight : 1
Here are the weights in c++ : 
   1.0000   1.0000   1.0000
   1.0000   1.0000   1.0000
   1.0000   1.0000   1.0000
   1.0000   1.0000   1.0000
   1.0000   1.0000   1.0000
   1.0000   1.0000   1.0000
   1.0000   1.0000   1.0000
   1.0000   1.0000   1.0000
   1.0000   1.0000   1.0000
   1.0000   1.0000   1.0000
   1.0000   1.0000   1.0000
   1.0000   1.0000   1.0000
   1.0000   1.0000   1.0000
   1.0000   1.0000   1.0000
   1.0000   1.0000   1.0000
   1.0000   1.0000   1.0000
   1.0000   1.0000   1.0000
   1.0000   1.0000   1.0000
   1.0000   1.0000   1.0000
   1.0000   1.0000   1.0000
   1.0000   1.0000   1.0000
   1.0000   1.0000   1.0000
   1.0000   1.0000   1.0000
   1.0000   1.0000   1.0000
   1.0000   1.0000   1.0000
   1.0000   1.0000   1.0000
   1.0000   1.0000   1.0000
   1.0000   1.0000   1.0000
   1.0000   1.0000   1.0000
   1.0000   1.0000   1.0000
   1.0000   1.0000   1.0000
   1.0000   1.0000   1.0000
   1.0000   1.0000   1.0000
   1.0000   1.0000   1.0000
   1.0000   1.0000   1.0000
   1.0000   1.0000   1.0000
   1.0000   1.0000   1.0000
   1.0000   1.0000   1.0000
   1.0000   1.0000   1.0000
   1.0000   1.0000   1.0000
   1.0000   1.0000   1.0000
   1.0000   1.0000   1.0000
   1.0000   1.0000   1.0000
   1.0000   1.0000   1.0000
   1.0000   1.0000   1.0000
   1.0000   1.0000   1.0000
   1.0000   1.0000   1.0000
   1.0000   1.0000   1.0000
   1.0000   1.0000   1.0000
   1.0000   1.0000   1.0000
   1.0000   1.0000   1.0000
   1.0000   1.0000   1.0000
   1.0000   1.0000   1.0000
   1.0000   1.0000   1.0000
   1.0000   1.0000   1.0000
   1.0000   1.0000   1.0000
   1.0000   1.0000   1.0000

applying weight : 1
applying weight : 1
applying weight : 1
Here are the weights in c++ : 
   1.0000   1.0000   1.0000
   1.0000   1.0000   1.0000
   1.0000   1.0000   1.0000
   1.0000   1.0000   1.0000
   1.0000   1.0000   1.0000
   1.0000   1.0000   1.0000
   1.0000   1.0000   1.0000
   1.0000   1.0000   1.0000
   1.0000   1.0000   1.0000
   1.0000   1.0000   1.0000
   1.0000   1.0000   1.0000
   1.0000   1.0000   1.0000
   1.0000   1.0000   1.0000
   1.0000   1.0000   1.0000
   1.0000   1.0000   1.0000
   1.0000   1.0000   1.0000
   1.0000   1.0000   1.0000
   1.0000   1.0000   1.0000
   1.0000   1.0000   1.0000
   1.0000   1.0000   1.0000
   1.0000   1.0000   1.0000
   1.0000   1.0000   1.0000
   1.0000   1.0000   1.0000
   1.0000   1.0000   1.0000
   1.0000   1.0000   1.0000
   1.0000   1.0000   1.0000
   1.0000   1.0000   1.0000
   1.0000   1.0000   1.0000
   1.0000   1.0000   1.0000
   1.0000   1.0000   1.0000
   1.0000   1.0000   1.0000
   1.0000   1.0000   1.0000
   1.0000   1.0000   1.0000
   1.0000   1.0000   1.0000
   1.0000   1.0000   1.0000
   1.0000   1.0000   1.0000
   1.0000   1.0000   1.0000
   1.0000   1.0000   1.0000
   1.0000   1.0000   1.0000
   1.0000   1.0000   1.0000
   1.0000   1.0000   1.0000
   1.0000   1.0000   1.0000
   1.0000   1.0000   1.0000
   1.0000   1.0000   1.0000
   1.0000   1.0000   1.0000
   1.0000   1.0000   1.0000
   1.0000   1.0000   1.0000
   1.0000   1.0000   1.0000
   1.0000   1.0000   1.0000
   1.0000   1.0000   1.0000
   1.0000   1.0000   1.0000
   1.0000   1.0000   1.0000
   1.0000   1.0000   1.0000
   1.0000   1.0000   1.0000
   1.0000   1.0000   1.0000
   1.0000   1.0000   1.0000
   1.0000   1.0000   1.0000

applying weight : 1
applying weight : 1
applying weight : 1
Here are the weights in c++ : 
   1.0000   1.0000   1.0000
   1.0000   1.0000   1.0000
   1.0000   1.0000   1.0000
   1.0000   1.0000   1.0000
   1.0000   1.0000   1.0000
   1.0000   1.0000   1.0000
   1.0000   1.0000   1.0000
   1.0000   1.0000   1.0000
   1.0000   1.0000   1.0000
   1.0000   1.0000   1.0000
   1.0000   1.0000   1.0000
   1.0000   1.0000   1.0000
   1.0000   1.0000   1.0000
   1.0000   1.0000   1.0000
   1.0000   1.0000   1.0000
   1.0000   1.0000   1.0000
   1.0000   1.0000   1.0000
   1.0000   1.0000   1.0000
   1.0000   1.0000   1.0000
   1.0000   1.0000   1.0000
   1.0000   1.0000   1.0000
   1.0000   1.0000   1.0000
   1.0000   1.0000   1.0000
   1.0000   1.0000   1.0000
   1.0000   1.0000   1.0000
   1.0000   1.0000   1.0000
   1.0000   1.0000   1.0000
   1.0000   1.0000   1.0000
   1.0000   1.0000   1.0000
   1.0000   1.0000   1.0000
   1.0000   1.0000   1.0000
   1.0000   1.0000   1.0000
   1.0000   1.0000   1.0000
   1.0000   1.0000   1.0000
   1.0000   1.0000   1.0000
   1.0000   1.0000   1.0000
   1.0000   1.0000   1.0000
   1.0000   1.0000   1.0000
   1.0000   1.0000   1.0000
   1.0000   1.0000   1.0000
   1.0000   1.0000   1.0000
   1.0000   1.0000   1.0000
   1.0000   1.0000   1.0000
   1.0000   1.0000   1.0000
   1.0000   1.0000   1.0000
   1.0000   1.0000   1.0000
   1.0000   1.0000   1.0000
   1.0000   1.0000   1.0000
   1.0000   1.0000   1.0000
   1.0000   1.0000   1.0000
   1.0000   1.0000   1.0000
   1.0000   1.0000   1.0000
   1.0000   1.0000   1.0000
   1.0000   1.0000   1.0000
   1.0000   1.0000   1.0000
   1.0000   1.0000   1.0000
   1.0000   1.0000   1.0000

applying weight : 1
applying weight : 1
applying weight : 1
Here are the weights in c++ : 
   1.0000   1.0000   1.0000
   1.0000   1.0000   1.0000
   1.0000   1.0000   1.0000
   1.0000   1.0000   1.0000
   1.0000   1.0000   1.0000
   1.0000   1.0000   1.0000
   1.0000   1.0000   1.0000
   1.0000   1.0000   1.0000
   1.0000   1.0000   1.0000
   1.0000   1.0000   1.0000
   1.0000   1.0000   1.0000
   1.0000   1.0000   1.0000
   1.0000   1.0000   1.0000
   1.0000   1.0000   1.0000
   1.0000   1.0000   1.0000
   1.0000   1.0000   1.0000
   1.0000   1.0000   1.0000
   1.0000   1.0000   1.0000
   1.0000   1.0000   1.0000
   1.0000   1.0000   1.0000
   1.0000   1.0000   1.0000
   1.0000   1.0000   1.0000
   1.0000   1.0000   1.0000
   1.0000   1.0000   1.0000
   1.0000   1.0000   1.0000
   1.0000   1.0000   1.0000
   1.0000   1.0000   1.0000
   1.0000   1.0000   1.0000
   1.0000   1.0000   1.0000
   1.0000   1.0000   1.0000
   1.0000   1.0000   1.0000
   1.0000   1.0000   1.0000
   1.0000   1.0000   1.0000
   1.0000   1.0000   1.0000
   1.0000   1.0000   1.0000
   1.0000   1.0000   1.0000
   1.0000   1.0000   1.0000
   1.0000   1.0000   1.0000
   1.0000   1.0000   1.0000
   1.0000   1.0000   1.0000
   1.0000   1.0000   1.0000
   1.0000   1.0000   1.0000
   1.0000   1.0000   1.0000
   1.0000   1.0000   1.0000
   1.0000   1.0000   1.0000
   1.0000   1.0000   1.0000
   1.0000   1.0000   1.0000
   1.0000   1.0000   1.0000
   1.0000   1.0000   1.0000
   1.0000   1.0000   1.0000
   1.0000   1.0000   1.0000
   1.0000   1.0000   1.0000
   1.0000   1.0000   1.0000
   1.0000   1.0000   1.0000
   1.0000   1.0000   1.0000
   1.0000   1.0000   1.0000
   1.0000   1.0000   1.0000

applying weight : 1
applying weight : 1
applying weight : 1
Here are the weights in c++ : 
   1.0000   1.0000   1.0000
   1.0000   1.0000   1.0000
   1.0000   1.0000   1.0000
   1.0000   1.0000   1.0000
   1.0000   1.0000   1.0000
   1.0000   1.0000   1.0000
   1.0000   1.0000   1.0000
   1.0000   1.0000   1.0000
   1.0000   1.0000   1.0000
   1.0000   1.0000   1.0000
   1.0000   1.0000   1.0000
   1.0000   1.0000   1.0000
   1.0000   1.0000   1.0000
   1.0000   1.0000   1.0000
   1.0000   1.0000   1.0000
   1.0000   1.0000   1.0000
   1.0000   1.0000   1.0000
   1.0000   1.0000   1.0000
   1.0000   1.0000   1.0000
   1.0000   1.0000   1.0000
   1.0000   1.0000   1.0000
   1.0000   1.0000   1.0000
   1.0000   1.0000   1.0000
   1.0000   1.0000   1.0000
   1.0000   1.0000   1.0000
   1.0000   1.0000   1.0000
   1.0000   1.0000   1.0000
   1.0000   1.0000   1.0000
   1.0000   1.0000   1.0000
   1.0000   1.0000   1.0000
   1.0000   1.0000   1.0000
   1.0000   1.0000   1.0000
   1.0000   1.0000   1.0000
   1.0000   1.0000   1.0000
   1.0000   1.0000   1.0000
   1.0000   1.0000   1.0000
   1.0000   1.0000   1.0000
   1.0000   1.0000   1.0000
   1.0000   1.0000   1.0000
   1.0000   1.0000   1.0000
   1.0000   1.0000   1.0000
   1.0000   1.0000   1.0000
   1.0000   1.0000   1.0000
   1.0000   1.0000   1.0000
   1.0000   1.0000   1.0000
   1.0000   1.0000   1.0000
   1.0000   1.0000   1.0000
   1.0000   1.0000   1.0000
   1.0000   1.0000   1.0000
   1.0000   1.0000   1.0000
   1.0000   1.0000   1.0000
   1.0000   1.0000   1.0000
   1.0000   1.0000   1.0000
   1.0000   1.0000   1.0000
   1.0000   1.0000   1.0000
   1.0000   1.0000   1.0000
   1.0000   1.0000   1.0000

applying weight : 1
applying weight : 1
applying weight : 1
Here are the weights in c++ : 
   1.0000   1.0000   1.0000
   1.0000   1.0000   1.0000
   1.0000   1.0000   1.0000
   1.0000   1.0000   1.0000
   1.0000   1.0000   1.0000
   1.0000   1.0000   1.0000
   1.0000   1.0000   1.0000
   1.0000   1.0000   1.0000
   1.0000   1.0000   1.0000
   1.0000   1.0000   1.0000
   1.0000   1.0000   1.0000
   1.0000   1.0000   1.0000
   1.0000   1.0000   1.0000
   1.0000   1.0000   1.0000
   1.0000   1.0000   1.0000
   1.0000   1.0000   1.0000
   1.0000   1.0000   1.0000
   1.0000   1.0000   1.0000
   1.0000   1.0000   1.0000
   1.0000   1.0000   1.0000
   1.0000   1.0000   1.0000
   1.0000   1.0000   1.0000
   1.0000   1.0000   1.0000
   1.0000   1.0000   1.0000
   1.0000   1.0000   1.0000
   1.0000   1.0000   1.0000
   1.0000   1.0000   1.0000
   1.0000   1.0000   1.0000
   1.0000   1.0000   1.0000
   1.0000   1.0000   1.0000
   1.0000   1.0000   1.0000
   1.0000   1.0000   1.0000
   1.0000   1.0000   1.0000
   1.0000   1.0000   1.0000
   1.0000   1.0000   1.0000
   1.0000   1.0000   1.0000
   1.0000   1.0000   1.0000
   1.0000   1.0000   1.0000
   1.0000   1.0000   1.0000
   1.0000   1.0000   1.0000
   1.0000   1.0000   1.0000
   1.0000   1.0000   1.0000
   1.0000   1.0000   1.0000
   1.0000   1.0000   1.0000
   1.0000   1.0000   1.0000
   1.0000   1.0000   1.0000
   1.0000   1.0000   1.0000
   1.0000   1.0000   1.0000
   1.0000   1.0000   1.0000
   1.0000   1.0000   1.0000
   1.0000   1.0000   1.0000
   1.0000   1.0000   1.0000
   1.0000   1.0000   1.0000
   1.0000   1.0000   1.0000
   1.0000   1.0000   1.0000
   1.0000   1.0000   1.0000
   1.0000   1.0000   1.0000

applying weight : 1
applying weight : 1
applying weight : 1
Here are the weights in c++ : 
   1.0000   1.0000   1.0000
   1.0000   1.0000   1.0000
   1.0000   1.0000   1.0000
   1.0000   1.0000   1.0000
   1.0000   1.0000   1.0000
   1.0000   1.0000   1.0000
   1.0000   1.0000   1.0000
   1.0000   1.0000   1.0000
   1.0000   1.0000   1.0000
   1.0000   1.0000   1.0000
   1.0000   1.0000   1.0000
   1.0000   1.0000   1.0000
   1.0000   1.0000   1.0000
   1.0000   1.0000   1.0000
   1.0000   1.0000   1.0000
   1.0000   1.0000   1.0000
   1.0000   1.0000   1.0000
   1.0000   1.0000   1.0000
   1.0000   1.0000   1.0000
   1.0000   1.0000   1.0000
   1.0000   1.0000   1.0000
   1.0000   1.0000   1.0000
   1.0000   1.0000   1.0000
   1.0000   1.0000   1.0000
   1.0000   1.0000   1.0000
   1.0000   1.0000   1.0000
   1.0000   1.0000   1.0000
   1.0000   1.0000   1.0000
   1.0000   1.0000   1.0000
   1.0000   1.0000   1.0000
   1.0000   1.0000   1.0000
   1.0000   1.0000   1.0000
   1.0000   1.0000   1.0000
   1.0000   1.0000   1.0000
   1.0000   1.0000   1.0000
   1.0000   1.0000   1.0000
   1.0000   1.0000   1.0000
   1.0000   1.0000   1.0000
   1.0000   1.0000   1.0000
   1.0000   1.0000   1.0000
   1.0000   1.0000   1.0000
   1.0000   1.0000   1.0000
   1.0000   1.0000   1.0000
   1.0000   1.0000   1.0000
   1.0000   1.0000   1.0000
   1.0000   1.0000   1.0000
   1.0000   1.0000   1.0000
   1.0000   1.0000   1.0000
   1.0000   1.0000   1.0000
   1.0000   1.0000   1.0000
   1.0000   1.0000   1.0000
   1.0000   1.0000   1.0000
   1.0000   1.0000   1.0000
   1.0000   1.0000   1.0000
   1.0000   1.0000   1.0000
   1.0000   1.0000   1.0000
   1.0000   1.0000   1.0000

applying weight : 1
applying weight : 1
applying weight : 1
Here are the weights in c++ : 
   1.0000   1.0000   1.0000
   1.0000   1.0000   1.0000
   1.0000   1.0000   1.0000
   1.0000   1.0000   1.0000
   1.0000   1.0000   1.0000
   1.0000   1.0000   1.0000
   1.0000   1.0000   1.0000
   1.0000   1.0000   1.0000
   1.0000   1.0000   1.0000
   1.0000   1.0000   1.0000
   1.0000   1.0000   1.0000
   1.0000   1.0000   1.0000
   1.0000   1.0000   1.0000
   1.0000   1.0000   1.0000
   1.0000   1.0000   1.0000
   1.0000   1.0000   1.0000
   1.0000   1.0000   1.0000
   1.0000   1.0000   1.0000
   1.0000   1.0000   1.0000
   1.0000   1.0000   1.0000
   1.0000   1.0000   1.0000
   1.0000   1.0000   1.0000
   1.0000   1.0000   1.0000
   1.0000   1.0000   1.0000
   1.0000   1.0000   1.0000
   1.0000   1.0000   1.0000
   1.0000   1.0000   1.0000
   1.0000   1.0000   1.0000
   1.0000   1.0000   1.0000
   1.0000   1.0000   1.0000
   1.0000   1.0000   1.0000
   1.0000   1.0000   1.0000
   1.0000   1.0000   1.0000
   1.0000   1.0000   1.0000
   1.0000   1.0000   1.0000
   1.0000   1.0000   1.0000
   1.0000   1.0000   1.0000
   1.0000   1.0000   1.0000
   1.0000   1.0000   1.0000
   1.0000   1.0000   1.0000
   1.0000   1.0000   1.0000
   1.0000   1.0000   1.0000
   1.0000   1.0000   1.0000
   1.0000   1.0000   1.0000
   1.0000   1.0000   1.0000
   1.0000   1.0000   1.0000
   1.0000   1.0000   1.0000
   1.0000   1.0000   1.0000
   1.0000   1.0000   1.0000
   1.0000   1.0000   1.0000
   1.0000   1.0000   1.0000
   1.0000   1.0000   1.0000
   1.0000   1.0000   1.0000
   1.0000   1.0000   1.0000
   1.0000   1.0000   1.0000
   1.0000   1.0000   1.0000
   1.0000   1.0000   1.0000

applying weight : 1
applying weight : 1
applying weight : 1
Here are the weights in c++ : 
   1.0000   1.0000   1.0000
   1.0000   1.0000   1.0000
   1.0000   1.0000   1.0000
   1.0000   1.0000   1.0000
   1.0000   1.0000   1.0000
   1.0000   1.0000   1.0000
   1.0000   1.0000   1.0000
   1.0000   1.0000   1.0000
   1.0000   1.0000   1.0000
   1.0000   1.0000   1.0000
   1.0000   1.0000   1.0000
   1.0000   1.0000   1.0000
   1.0000   1.0000   1.0000
   1.0000   1.0000   1.0000
   1.0000   1.0000   1.0000
   1.0000   1.0000   1.0000
   1.0000   1.0000   1.0000
   1.0000   1.0000   1.0000
   1.0000   1.0000   1.0000
   1.0000   1.0000   1.0000
   1.0000   1.0000   1.0000
   1.0000   1.0000   1.0000
   1.0000   1.0000   1.0000
   1.0000   1.0000   1.0000
   1.0000   1.0000   1.0000
   1.0000   1.0000   1.0000
   1.0000   1.0000   1.0000
   1.0000   1.0000   1.0000
   1.0000   1.0000   1.0000
   1.0000   1.0000   1.0000
   1.0000   1.0000   1.0000
   1.0000   1.0000   1.0000
   1.0000   1.0000   1.0000
   1.0000   1.0000   1.0000
   1.0000   1.0000   1.0000
   1.0000   1.0000   1.0000
   1.0000   1.0000   1.0000
   1.0000   1.0000   1.0000
   1.0000   1.0000   1.0000
   1.0000   1.0000   1.0000
   1.0000   1.0000   1.0000
   1.0000   1.0000   1.0000
   1.0000   1.0000   1.0000
   1.0000   1.0000   1.0000
   1.0000   1.0000   1.0000
   1.0000   1.0000   1.0000
   1.0000   1.0000   1.0000
   1.0000   1.0000   1.0000
   1.0000   1.0000   1.0000
   1.0000   1.0000   1.0000
   1.0000   1.0000   1.0000
   1.0000   1.0000   1.0000
   1.0000   1.0000   1.0000
   1.0000   1.0000   1.0000
   1.0000   1.0000   1.0000
   1.0000   1.0000   1.0000
   1.0000   1.0000   1.0000

applying weight : 1
applying weight : 1
applying weight : 1
Here are the weights in c++ : 
   1.0000   1.0000   1.0000
   1.0000   1.0000   1.0000
   1.0000   1.0000   1.0000
   1.0000   1.0000   1.0000
   1.0000   1.0000   1.0000
   1.0000   1.0000   1.0000
   1.0000   1.0000   1.0000
   1.0000   1.0000   1.0000
   1.0000   1.0000   1.0000
   1.0000   1.0000   1.0000
   1.0000   1.0000   1.0000
   1.0000   1.0000   1.0000
   1.0000   1.0000   1.0000
   1.0000   1.0000   1.0000
   1.0000   1.0000   1.0000
   1.0000   1.0000   1.0000
   1.0000   1.0000   1.0000
   1.0000   1.0000   1.0000
   1.0000   1.0000   1.0000
   1.0000   1.0000   1.0000
   1.0000   1.0000   1.0000
   1.0000   1.0000   1.0000
   1.0000   1.0000   1.0000
   1.0000   1.0000   1.0000
   1.0000   1.0000   1.0000
   1.0000   1.0000   1.0000
   1.0000   1.0000   1.0000
   1.0000   1.0000   1.0000
   1.0000   1.0000   1.0000
   1.0000   1.0000   1.0000
   1.0000   1.0000   1.0000
   1.0000   1.0000   1.0000
   1.0000   1.0000   1.0000
   1.0000   1.0000   1.0000
   1.0000   1.0000   1.0000
   1.0000   1.0000   1.0000
   1.0000   1.0000   1.0000
   1.0000   1.0000   1.0000
   1.0000   1.0000   1.0000
   1.0000   1.0000   1.0000
   1.0000   1.0000   1.0000
   1.0000   1.0000   1.0000
   1.0000   1.0000   1.0000
   1.0000   1.0000   1.0000
   1.0000   1.0000   1.0000
   1.0000   1.0000   1.0000
   1.0000   1.0000   1.0000
   1.0000   1.0000   1.0000
   1.0000   1.0000   1.0000
   1.0000   1.0000   1.0000
   1.0000   1.0000   1.0000
   1.0000   1.0000   1.0000
   1.0000   1.0000   1.0000
   1.0000   1.0000   1.0000
   1.0000   1.0000   1.0000
   1.0000   1.0000   1.0000
   1.0000   1.0000   1.0000

applying weight : 1
applying weight : 1
applying weight : 1
Here are the weights in c++ : 
   1.0000   1.0000   1.0000
   1.0000   1.0000   1.0000
   1.0000   1.0000   1.0000
   1.0000   1.0000   1.0000
   1.0000   1.0000   1.0000
   1.0000   1.0000   1.0000
   1.0000   1.0000   1.0000
   1.0000   1.0000   1.0000
   1.0000   1.0000   1.0000
   1.0000   1.0000   1.0000
   1.0000   1.0000   1.0000
   1.0000   1.0000   1.0000
   1.0000   1.0000   1.0000
   1.0000   1.0000   1.0000
   1.0000   1.0000   1.0000
   1.0000   1.0000   1.0000
   1.0000   1.0000   1.0000
   1.0000   1.0000   1.0000
   1.0000   1.0000   1.0000
   1.0000   1.0000   1.0000
   1.0000   1.0000   1.0000
   1.0000   1.0000   1.0000
   1.0000   1.0000   1.0000
   1.0000   1.0000   1.0000
   1.0000   1.0000   1.0000
   1.0000   1.0000   1.0000
   1.0000   1.0000   1.0000
   1.0000   1.0000   1.0000
   1.0000   1.0000   1.0000
   1.0000   1.0000   1.0000
   1.0000   1.0000   1.0000
   1.0000   1.0000   1.0000
   1.0000   1.0000   1.0000
   1.0000   1.0000   1.0000
   1.0000   1.0000   1.0000
   1.0000   1.0000   1.0000
   1.0000   1.0000   1.0000
   1.0000   1.0000   1.0000
   1.0000   1.0000   1.0000
   1.0000   1.0000   1.0000
   1.0000   1.0000   1.0000
   1.0000   1.0000   1.0000
   1.0000   1.0000   1.0000
   1.0000   1.0000   1.0000
   1.0000   1.0000   1.0000
   1.0000   1.0000   1.0000
   1.0000   1.0000   1.0000
   1.0000   1.0000   1.0000
   1.0000   1.0000   1.0000
   1.0000   1.0000   1.0000
   1.0000   1.0000   1.0000
   1.0000   1.0000   1.0000
   1.0000   1.0000   1.0000
   1.0000   1.0000   1.0000
   1.0000   1.0000   1.0000
   1.0000   1.0000   1.0000
   1.0000   1.0000   1.0000

applying weight : 1
applying weight : 1
applying weight : 1
Here are the weights in c++ : 
   1.0000   1.0000   1.0000
   1.0000   1.0000   1.0000
   1.0000   1.0000   1.0000
   1.0000   1.0000   1.0000
   1.0000   1.0000   1.0000
   1.0000   1.0000   1.0000
   1.0000   1.0000   1.0000
   1.0000   1.0000   1.0000
   1.0000   1.0000   1.0000
   1.0000   1.0000   1.0000
   1.0000   1.0000   1.0000
   1.0000   1.0000   1.0000
   1.0000   1.0000   1.0000
   1.0000   1.0000   1.0000
   1.0000   1.0000   1.0000
   1.0000   1.0000   1.0000
   1.0000   1.0000   1.0000
   1.0000   1.0000   1.0000
   1.0000   1.0000   1.0000
   1.0000   1.0000   1.0000
   1.0000   1.0000   1.0000
   1.0000   1.0000   1.0000
   1.0000   1.0000   1.0000
   1.0000   1.0000   1.0000
   1.0000   1.0000   1.0000
   1.0000   1.0000   1.0000
   1.0000   1.0000   1.0000
   1.0000   1.0000   1.0000
   1.0000   1.0000   1.0000
   1.0000   1.0000   1.0000
   1.0000   1.0000   1.0000
   1.0000   1.0000   1.0000
   1.0000   1.0000   1.0000
   1.0000   1.0000   1.0000
   1.0000   1.0000   1.0000
   1.0000   1.0000   1.0000
   1.0000   1.0000   1.0000
   1.0000   1.0000   1.0000
   1.0000   1.0000   1.0000
   1.0000   1.0000   1.0000
   1.0000   1.0000   1.0000
   1.0000   1.0000   1.0000
   1.0000   1.0000   1.0000
   1.0000   1.0000   1.0000
   1.0000   1.0000   1.0000
   1.0000   1.0000   1.0000
   1.0000   1.0000   1.0000
   1.0000   1.0000   1.0000
   1.0000   1.0000   1.0000
   1.0000   1.0000   1.0000
   1.0000   1.0000   1.0000
   1.0000   1.0000   1.0000
   1.0000   1.0000   1.0000
   1.0000   1.0000   1.0000
   1.0000   1.0000   1.0000
   1.0000   1.0000   1.0000
   1.0000   1.0000   1.0000

applying weight : 1
applying weight : 1
applying weight : 1
Here are the weights in c++ : 
   1.0000   1.0000   1.0000
   1.0000   1.0000   1.0000
   1.0000   1.0000   1.0000
   1.0000   1.0000   1.0000
   1.0000   1.0000   1.0000
   1.0000   1.0000   1.0000
   1.0000   1.0000   1.0000
   1.0000   1.0000   1.0000
   1.0000   1.0000   1.0000
   1.0000   1.0000   1.0000
   1.0000   1.0000   1.0000
   1.0000   1.0000   1.0000
   1.0000   1.0000   1.0000
   1.0000   1.0000   1.0000
   1.0000   1.0000   1.0000
   1.0000   1.0000   1.0000
   1.0000   1.0000   1.0000
   1.0000   1.0000   1.0000
   1.0000   1.0000   1.0000
   1.0000   1.0000   1.0000
   1.0000   1.0000   1.0000
   1.0000   1.0000   1.0000
   1.0000   1.0000   1.0000
   1.0000   1.0000   1.0000
   1.0000   1.0000   1.0000
   1.0000   1.0000   1.0000
   1.0000   1.0000   1.0000
   1.0000   1.0000   1.0000
   1.0000   1.0000   1.0000
   1.0000   1.0000   1.0000
   1.0000   1.0000   1.0000
   1.0000   1.0000   1.0000
   1.0000   1.0000   1.0000
   1.0000   1.0000   1.0000
   1.0000   1.0000   1.0000
   1.0000   1.0000   1.0000
   1.0000   1.0000   1.0000
   1.0000   1.0000   1.0000
   1.0000   1.0000   1.0000
   1.0000   1.0000   1.0000
   1.0000   1.0000   1.0000
   1.0000   1.0000   1.0000
   1.0000   1.0000   1.0000
   1.0000   1.0000   1.0000
   1.0000   1.0000   1.0000
   1.0000   1.0000   1.0000
   1.0000   1.0000   1.0000
   1.0000   1.0000   1.0000
   1.0000   1.0000   1.0000
   1.0000   1.0000   1.0000
   1.0000   1.0000   1.0000
   1.0000   1.0000   1.0000
   1.0000   1.0000   1.0000
   1.0000   1.0000   1.0000
   1.0000   1.0000   1.0000
   1.0000   1.0000   1.0000
   1.0000   1.0000   1.0000

applying weight : 1
applying weight : 1
applying weight : 1
Here are the weights in c++ : 
   1.0000   1.0000   1.0000
   1.0000   1.0000   1.0000
   1.0000   1.0000   1.0000
   1.0000   1.0000   1.0000
   1.0000   1.0000   1.0000
   1.0000   1.0000   1.0000
   1.0000   1.0000   1.0000
   1.0000   1.0000   1.0000
   1.0000   1.0000   1.0000
   1.0000   1.0000   1.0000
   1.0000   1.0000   1.0000
   1.0000   1.0000   1.0000
   1.0000   1.0000   1.0000
   1.0000   1.0000   1.0000
   1.0000   1.0000   1.0000
   1.0000   1.0000   1.0000
   1.0000   1.0000   1.0000
   1.0000   1.0000   1.0000
   1.0000   1.0000   1.0000
   1.0000   1.0000   1.0000
   1.0000   1.0000   1.0000
   1.0000   1.0000   1.0000
   1.0000   1.0000   1.0000
   1.0000   1.0000   1.0000
   1.0000   1.0000   1.0000
   1.0000   1.0000   1.0000
   1.0000   1.0000   1.0000
   1.0000   1.0000   1.0000
   1.0000   1.0000   1.0000
   1.0000   1.0000   1.0000
   1.0000   1.0000   1.0000
   1.0000   1.0000   1.0000
   1.0000   1.0000   1.0000
   1.0000   1.0000   1.0000
   1.0000   1.0000   1.0000
   1.0000   1.0000   1.0000
   1.0000   1.0000   1.0000
   1.0000   1.0000   1.0000
   1.0000   1.0000   1.0000
   1.0000   1.0000   1.0000
   1.0000   1.0000   1.0000
   1.0000   1.0000   1.0000
   1.0000   1.0000   1.0000
   1.0000   1.0000   1.0000
   1.0000   1.0000   1.0000
   1.0000   1.0000   1.0000
   1.0000   1.0000   1.0000
   1.0000   1.0000   1.0000
   1.0000   1.0000   1.0000
   1.0000   1.0000   1.0000
   1.0000   1.0000   1.0000
   1.0000   1.0000   1.0000
   1.0000   1.0000   1.0000
   1.0000   1.0000   1.0000
   1.0000   1.0000   1.0000
   1.0000   1.0000   1.0000
   1.0000   1.0000   1.0000

applying weight : 1
applying weight : 1
applying weight : 1
Here are the weights in c++ : 
   1.0000   1.0000   1.0000
   1.0000   1.0000   1.0000
   1.0000   1.0000   1.0000
   1.0000   1.0000   1.0000
   1.0000   1.0000   1.0000
   1.0000   1.0000   1.0000
   1.0000   1.0000   1.0000
   1.0000   1.0000   1.0000
   1.0000   1.0000   1.0000
   1.0000   1.0000   1.0000
   1.0000   1.0000   1.0000
   1.0000   1.0000   1.0000
   1.0000   1.0000   1.0000
   1.0000   1.0000   1.0000
   1.0000   1.0000   1.0000
   1.0000   1.0000   1.0000
   1.0000   1.0000   1.0000
   1.0000   1.0000   1.0000
   1.0000   1.0000   1.0000
   1.0000   1.0000   1.0000
   1.0000   1.0000   1.0000
   1.0000   1.0000   1.0000
   1.0000   1.0000   1.0000
   1.0000   1.0000   1.0000
   1.0000   1.0000   1.0000
   1.0000   1.0000   1.0000
   1.0000   1.0000   1.0000
   1.0000   1.0000   1.0000
   1.0000   1.0000   1.0000
   1.0000   1.0000   1.0000
   1.0000   1.0000   1.0000
   1.0000   1.0000   1.0000
   1.0000   1.0000   1.0000
   1.0000   1.0000   1.0000
   1.0000   1.0000   1.0000
   1.0000   1.0000   1.0000
   1.0000   1.0000   1.0000
   1.0000   1.0000   1.0000
   1.0000   1.0000   1.0000
   1.0000   1.0000   1.0000
   1.0000   1.0000   1.0000
   1.0000   1.0000   1.0000
   1.0000   1.0000   1.0000
   1.0000   1.0000   1.0000
   1.0000   1.0000   1.0000
   1.0000   1.0000   1.0000
   1.0000   1.0000   1.0000
   1.0000   1.0000   1.0000
   1.0000   1.0000   1.0000
   1.0000   1.0000   1.0000
   1.0000   1.0000   1.0000
   1.0000   1.0000   1.0000
   1.0000   1.0000   1.0000
   1.0000   1.0000   1.0000
   1.0000   1.0000   1.0000
   1.0000   1.0000   1.0000
   1.0000   1.0000   1.0000

applying weight : 1
applying weight : 1
applying weight : 1
Here are the weights in c++ : 
   1.0000   1.0000   1.0000
   1.0000   1.0000   1.0000
   1.0000   1.0000   1.0000
   1.0000   1.0000   1.0000
   1.0000   1.0000   1.0000
   1.0000   1.0000   1.0000
   1.0000   1.0000   1.0000
   1.0000   1.0000   1.0000
   1.0000   1.0000   1.0000
   1.0000   1.0000   1.0000
   1.0000   1.0000   1.0000
   1.0000   1.0000   1.0000
   1.0000   1.0000   1.0000
   1.0000   1.0000   1.0000
   1.0000   1.0000   1.0000
   1.0000   1.0000   1.0000
   1.0000   1.0000   1.0000
   1.0000   1.0000   1.0000
   1.0000   1.0000   1.0000
   1.0000   1.0000   1.0000
   1.0000   1.0000   1.0000
   1.0000   1.0000   1.0000
   1.0000   1.0000   1.0000
   1.0000   1.0000   1.0000
   1.0000   1.0000   1.0000
   1.0000   1.0000   1.0000
   1.0000   1.0000   1.0000
   1.0000   1.0000   1.0000
   1.0000   1.0000   1.0000
   1.0000   1.0000   1.0000
   1.0000   1.0000   1.0000
   1.0000   1.0000   1.0000
   1.0000   1.0000   1.0000
   1.0000   1.0000   1.0000
   1.0000   1.0000   1.0000
   1.0000   1.0000   1.0000
   1.0000   1.0000   1.0000
   1.0000   1.0000   1.0000
   1.0000   1.0000   1.0000
   1.0000   1.0000   1.0000
   1.0000   1.0000   1.0000
   1.0000   1.0000   1.0000
   1.0000   1.0000   1.0000
   1.0000   1.0000   1.0000
   1.0000   1.0000   1.0000
   1.0000   1.0000   1.0000
   1.0000   1.0000   1.0000
   1.0000   1.0000   1.0000
   1.0000   1.0000   1.0000
   1.0000   1.0000   1.0000
   1.0000   1.0000   1.0000
   1.0000   1.0000   1.0000
   1.0000   1.0000   1.0000
   1.0000   1.0000   1.0000
   1.0000   1.0000   1.0000
   1.0000   1.0000   1.0000
   1.0000   1.0000   1.0000

applying weight : 1
applying weight : 1
applying weight : 1
Here are the weights in c++ : 
   1.0000   1.0000   1.0000
   1.0000   1.0000   1.0000
   1.0000   1.0000   1.0000
   1.0000   1.0000   1.0000
   1.0000   1.0000   1.0000
   1.0000   1.0000   1.0000
   1.0000   1.0000   1.0000
   1.0000   1.0000   1.0000
   1.0000   1.0000   1.0000
   1.0000   1.0000   1.0000
   1.0000   1.0000   1.0000
   1.0000   1.0000   1.0000
   1.0000   1.0000   1.0000
   1.0000   1.0000   1.0000
   1.0000   1.0000   1.0000
   1.0000   1.0000   1.0000
   1.0000   1.0000   1.0000
   1.0000   1.0000   1.0000
   1.0000   1.0000   1.0000
   1.0000   1.0000   1.0000
   1.0000   1.0000   1.0000
   1.0000   1.0000   1.0000
   1.0000   1.0000   1.0000
   1.0000   1.0000   1.0000
   1.0000   1.0000   1.0000
   1.0000   1.0000   1.0000
   1.0000   1.0000   1.0000
   1.0000   1.0000   1.0000
   1.0000   1.0000   1.0000
   1.0000   1.0000   1.0000
   1.0000   1.0000   1.0000
   1.0000   1.0000   1.0000
   1.0000   1.0000   1.0000
   1.0000   1.0000   1.0000
   1.0000   1.0000   1.0000
   1.0000   1.0000   1.0000
   1.0000   1.0000   1.0000
   1.0000   1.0000   1.0000
   1.0000   1.0000   1.0000
   1.0000   1.0000   1.0000
   1.0000   1.0000   1.0000
   1.0000   1.0000   1.0000
   1.0000   1.0000   1.0000
   1.0000   1.0000   1.0000
   1.0000   1.0000   1.0000
   1.0000   1.0000   1.0000
   1.0000   1.0000   1.0000
   1.0000   1.0000   1.0000
   1.0000   1.0000   1.0000
   1.0000   1.0000   1.0000
   1.0000   1.0000   1.0000
   1.0000   1.0000   1.0000
   1.0000   1.0000   1.0000
   1.0000   1.0000   1.0000
   1.0000   1.0000   1.0000
   1.0000   1.0000   1.0000
   1.0000   1.0000   1.0000

applying weight : 1
applying weight : 1
applying weight : 1
Here are the weights in c++ : 
   1.0000   1.0000   1.0000
   1.0000   1.0000   1.0000
   1.0000   1.0000   1.0000
   1.0000   1.0000   1.0000
   1.0000   1.0000   1.0000
   1.0000   1.0000   1.0000
   1.0000   1.0000   1.0000
   1.0000   1.0000   1.0000
   1.0000   1.0000   1.0000
   1.0000   1.0000   1.0000
   1.0000   1.0000   1.0000
   1.0000   1.0000   1.0000
   1.0000   1.0000   1.0000
   1.0000   1.0000   1.0000
   1.0000   1.0000   1.0000
   1.0000   1.0000   1.0000
   1.0000   1.0000   1.0000
   1.0000   1.0000   1.0000
   1.0000   1.0000   1.0000
   1.0000   1.0000   1.0000
   1.0000   1.0000   1.0000
   1.0000   1.0000   1.0000
   1.0000   1.0000   1.0000
   1.0000   1.0000   1.0000
   1.0000   1.0000   1.0000
   1.0000   1.0000   1.0000
   1.0000   1.0000   1.0000
   1.0000   1.0000   1.0000
   1.0000   1.0000   1.0000
   1.0000   1.0000   1.0000
   1.0000   1.0000   1.0000
   1.0000   1.0000   1.0000
   1.0000   1.0000   1.0000
   1.0000   1.0000   1.0000
   1.0000   1.0000   1.0000
   1.0000   1.0000   1.0000
   1.0000   1.0000   1.0000
   1.0000   1.0000   1.0000
   1.0000   1.0000   1.0000
   1.0000   1.0000   1.0000
   1.0000   1.0000   1.0000
   1.0000   1.0000   1.0000
   1.0000   1.0000   1.0000
   1.0000   1.0000   1.0000
   1.0000   1.0000   1.0000
   1.0000   1.0000   1.0000
   1.0000   1.0000   1.0000
   1.0000   1.0000   1.0000
   1.0000   1.0000   1.0000
   1.0000   1.0000   1.0000
   1.0000   1.0000   1.0000
   1.0000   1.0000   1.0000
   1.0000   1.0000   1.0000
   1.0000   1.0000   1.0000
   1.0000   1.0000   1.0000
   1.0000   1.0000   1.0000
   1.0000   1.0000   1.0000

applying weight : 1
applying weight : 1
applying weight : 1
Here are the weights in c++ : 
   1.0000   1.0000   1.0000
   1.0000   1.0000   1.0000
   1.0000   1.0000   1.0000
   1.0000   1.0000   1.0000
   1.0000   1.0000   1.0000
   1.0000   1.0000   1.0000
   1.0000   1.0000   1.0000
   1.0000   1.0000   1.0000
   1.0000   1.0000   1.0000
   1.0000   1.0000   1.0000
   1.0000   1.0000   1.0000
   1.0000   1.0000   1.0000
   1.0000   1.0000   1.0000
   1.0000   1.0000   1.0000
   1.0000   1.0000   1.0000
   1.0000   1.0000   1.0000
   1.0000   1.0000   1.0000
   1.0000   1.0000   1.0000
   1.0000   1.0000   1.0000
   1.0000   1.0000   1.0000
   1.0000   1.0000   1.0000
   1.0000   1.0000   1.0000
   1.0000   1.0000   1.0000
   1.0000   1.0000   1.0000
   1.0000   1.0000   1.0000
   1.0000   1.0000   1.0000
   1.0000   1.0000   1.0000
   1.0000   1.0000   1.0000
   1.0000   1.0000   1.0000
   1.0000   1.0000   1.0000
   1.0000   1.0000   1.0000
   1.0000   1.0000   1.0000
   1.0000   1.0000   1.0000
   1.0000   1.0000   1.0000
   1.0000   1.0000   1.0000
   1.0000   1.0000   1.0000
   1.0000   1.0000   1.0000
   1.0000   1.0000   1.0000
   1.0000   1.0000   1.0000
   1.0000   1.0000   1.0000
   1.0000   1.0000   1.0000
   1.0000   1.0000   1.0000
   1.0000   1.0000   1.0000
   1.0000   1.0000   1.0000
   1.0000   1.0000   1.0000
   1.0000   1.0000   1.0000
   1.0000   1.0000   1.0000
   1.0000   1.0000   1.0000
   1.0000   1.0000   1.0000
   1.0000   1.0000   1.0000
   1.0000   1.0000   1.0000
   1.0000   1.0000   1.0000
   1.0000   1.0000   1.0000
   1.0000   1.0000   1.0000
   1.0000   1.0000   1.0000
   1.0000   1.0000   1.0000
   1.0000   1.0000   1.0000

applying weight : 1
applying weight : 1
applying weight : 1
Here are the weights in c++ : 
   1.0000   1.0000   1.0000
   1.0000   1.0000   1.0000
   1.0000   1.0000   1.0000
   1.0000   1.0000   1.0000
   1.0000   1.0000   1.0000
   1.0000   1.0000   1.0000
   1.0000   1.0000   1.0000
   1.0000   1.0000   1.0000
   1.0000   1.0000   1.0000
   1.0000   1.0000   1.0000
   1.0000   1.0000   1.0000
   1.0000   1.0000   1.0000
   1.0000   1.0000   1.0000
   1.0000   1.0000   1.0000
   1.0000   1.0000   1.0000
   1.0000   1.0000   1.0000
   1.0000   1.0000   1.0000
   1.0000   1.0000   1.0000
   1.0000   1.0000   1.0000
   1.0000   1.0000   1.0000
   1.0000   1.0000   1.0000
   1.0000   1.0000   1.0000
   1.0000   1.0000   1.0000
   1.0000   1.0000   1.0000
   1.0000   1.0000   1.0000
   1.0000   1.0000   1.0000
   1.0000   1.0000   1.0000
   1.0000   1.0000   1.0000
   1.0000   1.0000   1.0000
   1.0000   1.0000   1.0000
   1.0000   1.0000   1.0000
   1.0000   1.0000   1.0000
   1.0000   1.0000   1.0000
   1.0000   1.0000   1.0000
   1.0000   1.0000   1.0000
   1.0000   1.0000   1.0000
   1.0000   1.0000   1.0000
   1.0000   1.0000   1.0000
   1.0000   1.0000   1.0000
   1.0000   1.0000   1.0000
   1.0000   1.0000   1.0000
   1.0000   1.0000   1.0000
   1.0000   1.0000   1.0000
   1.0000   1.0000   1.0000
   1.0000   1.0000   1.0000
   1.0000   1.0000   1.0000
   1.0000   1.0000   1.0000
   1.0000   1.0000   1.0000
   1.0000   1.0000   1.0000
   1.0000   1.0000   1.0000
   1.0000   1.0000   1.0000
   1.0000   1.0000   1.0000
   1.0000   1.0000   1.0000
   1.0000   1.0000   1.0000
   1.0000   1.0000   1.0000
   1.0000   1.0000   1.0000
   1.0000   1.0000   1.0000

applying weight : 1
applying weight : 1
applying weight : 1
Here are the weights in c++ : 
   1.0000   1.0000   1.0000
   1.0000   1.0000   1.0000
   1.0000   1.0000   1.0000
   1.0000   1.0000   1.0000
   1.0000   1.0000   1.0000
   1.0000   1.0000   1.0000
   1.0000   1.0000   1.0000
   1.0000   1.0000   1.0000
   1.0000   1.0000   1.0000
   1.0000   1.0000   1.0000
   1.0000   1.0000   1.0000
   1.0000   1.0000   1.0000
   1.0000   1.0000   1.0000
   1.0000   1.0000   1.0000
   1.0000   1.0000   1.0000
   1.0000   1.0000   1.0000
   1.0000   1.0000   1.0000
   1.0000   1.0000   1.0000
   1.0000   1.0000   1.0000
   1.0000   1.0000   1.0000
   1.0000   1.0000   1.0000
   1.0000   1.0000   1.0000
   1.0000   1.0000   1.0000
   1.0000   1.0000   1.0000
   1.0000   1.0000   1.0000
   1.0000   1.0000   1.0000
   1.0000   1.0000   1.0000
   1.0000   1.0000   1.0000
   1.0000   1.0000   1.0000
   1.0000   1.0000   1.0000
   1.0000   1.0000   1.0000
   1.0000   1.0000   1.0000
   1.0000   1.0000   1.0000
   1.0000   1.0000   1.0000
   1.0000   1.0000   1.0000
   1.0000   1.0000   1.0000
   1.0000   1.0000   1.0000
   1.0000   1.0000   1.0000
   1.0000   1.0000   1.0000
   1.0000   1.0000   1.0000
   1.0000   1.0000   1.0000
   1.0000   1.0000   1.0000
   1.0000   1.0000   1.0000
   1.0000   1.0000   1.0000
   1.0000   1.0000   1.0000
   1.0000   1.0000   1.0000
   1.0000   1.0000   1.0000
   1.0000   1.0000   1.0000
   1.0000   1.0000   1.0000
   1.0000   1.0000   1.0000
   1.0000   1.0000   1.0000
   1.0000   1.0000   1.0000
   1.0000   1.0000   1.0000
   1.0000   1.0000   1.0000
   1.0000   1.0000   1.0000
   1.0000   1.0000   1.0000
   1.0000   1.0000   1.0000

applying weight : 1
applying weight : 1
applying weight : 1
Here are the weights in c++ : 
   1.0000   1.0000   1.0000
   1.0000   1.0000   1.0000
   1.0000   1.0000   1.0000
   1.0000   1.0000   1.0000
   1.0000   1.0000   1.0000
   1.0000   1.0000   1.0000
   1.0000   1.0000   1.0000
   1.0000   1.0000   1.0000
   1.0000   1.0000   1.0000
   1.0000   1.0000   1.0000
   1.0000   1.0000   1.0000
   1.0000   1.0000   1.0000
   1.0000   1.0000   1.0000
   1.0000   1.0000   1.0000
   1.0000   1.0000   1.0000
   1.0000   1.0000   1.0000
   1.0000   1.0000   1.0000
   1.0000   1.0000   1.0000
   1.0000   1.0000   1.0000
   1.0000   1.0000   1.0000
   1.0000   1.0000   1.0000
   1.0000   1.0000   1.0000
   1.0000   1.0000   1.0000
   1.0000   1.0000   1.0000
   1.0000   1.0000   1.0000
   1.0000   1.0000   1.0000
   1.0000   1.0000   1.0000
   1.0000   1.0000   1.0000
   1.0000   1.0000   1.0000
   1.0000   1.0000   1.0000
   1.0000   1.0000   1.0000
   1.0000   1.0000   1.0000
   1.0000   1.0000   1.0000
   1.0000   1.0000   1.0000
   1.0000   1.0000   1.0000
   1.0000   1.0000   1.0000
   1.0000   1.0000   1.0000
   1.0000   1.0000   1.0000
   1.0000   1.0000   1.0000
   1.0000   1.0000   1.0000
   1.0000   1.0000   1.0000
   1.0000   1.0000   1.0000
   1.0000   1.0000   1.0000
   1.0000   1.0000   1.0000
   1.0000   1.0000   1.0000
   1.0000   1.0000   1.0000
   1.0000   1.0000   1.0000
   1.0000   1.0000   1.0000
   1.0000   1.0000   1.0000
   1.0000   1.0000   1.0000
   1.0000   1.0000   1.0000
   1.0000   1.0000   1.0000
   1.0000   1.0000   1.0000
   1.0000   1.0000   1.0000
   1.0000   1.0000   1.0000
   1.0000   1.0000   1.0000
   1.0000   1.0000   1.0000

applying weight : 1
applying weight : 1
applying weight : 1
Here are the weights in c++ : 
   1.0000   1.0000   1.0000
   1.0000   1.0000   1.0000
   1.0000   1.0000   1.0000
   1.0000   1.0000   1.0000
   1.0000   1.0000   1.0000
   1.0000   1.0000   1.0000
   1.0000   1.0000   1.0000
   1.0000   1.0000   1.0000
   1.0000   1.0000   1.0000
   1.0000   1.0000   1.0000
   1.0000   1.0000   1.0000
   1.0000   1.0000   1.0000
   1.0000   1.0000   1.0000
   1.0000   1.0000   1.0000
   1.0000   1.0000   1.0000
   1.0000   1.0000   1.0000
   1.0000   1.0000   1.0000
   1.0000   1.0000   1.0000
   1.0000   1.0000   1.0000
   1.0000   1.0000   1.0000
   1.0000   1.0000   1.0000
   1.0000   1.0000   1.0000
   1.0000   1.0000   1.0000
   1.0000   1.0000   1.0000
   1.0000   1.0000   1.0000
   1.0000   1.0000   1.0000
   1.0000   1.0000   1.0000
   1.0000   1.0000   1.0000
   1.0000   1.0000   1.0000
   1.0000   1.0000   1.0000
   1.0000   1.0000   1.0000
   1.0000   1.0000   1.0000
   1.0000   1.0000   1.0000
   1.0000   1.0000   1.0000
   1.0000   1.0000   1.0000
   1.0000   1.0000   1.0000
   1.0000   1.0000   1.0000
   1.0000   1.0000   1.0000
   1.0000   1.0000   1.0000
   1.0000   1.0000   1.0000
   1.0000   1.0000   1.0000
   1.0000   1.0000   1.0000
   1.0000   1.0000   1.0000
   1.0000   1.0000   1.0000
   1.0000   1.0000   1.0000
   1.0000   1.0000   1.0000
   1.0000   1.0000   1.0000
   1.0000   1.0000   1.0000
   1.0000   1.0000   1.0000
   1.0000   1.0000   1.0000
   1.0000   1.0000   1.0000
   1.0000   1.0000   1.0000
   1.0000   1.0000   1.0000
   1.0000   1.0000   1.0000
   1.0000   1.0000   1.0000
   1.0000   1.0000   1.0000
   1.0000   1.0000   1.0000

applying weight : 1
applying weight : 1
applying weight : 1
Here are the weights in c++ : 
   1.0000   1.0000   1.0000
   1.0000   1.0000   1.0000
   1.0000   1.0000   1.0000
   1.0000   1.0000   1.0000
   1.0000   1.0000   1.0000
   1.0000   1.0000   1.0000
   1.0000   1.0000   1.0000
   1.0000   1.0000   1.0000
   1.0000   1.0000   1.0000
   1.0000   1.0000   1.0000
   1.0000   1.0000   1.0000
   1.0000   1.0000   1.0000
   1.0000   1.0000   1.0000
   1.0000   1.0000   1.0000
   1.0000   1.0000   1.0000
   1.0000   1.0000   1.0000
   1.0000   1.0000   1.0000
   1.0000   1.0000   1.0000
   1.0000   1.0000   1.0000
   1.0000   1.0000   1.0000
   1.0000   1.0000   1.0000
   1.0000   1.0000   1.0000
   1.0000   1.0000   1.0000
   1.0000   1.0000   1.0000
   1.0000   1.0000   1.0000
   1.0000   1.0000   1.0000
   1.0000   1.0000   1.0000
   1.0000   1.0000   1.0000
   1.0000   1.0000   1.0000
   1.0000   1.0000   1.0000
   1.0000   1.0000   1.0000
   1.0000   1.0000   1.0000
   1.0000   1.0000   1.0000
   1.0000   1.0000   1.0000
   1.0000   1.0000   1.0000
   1.0000   1.0000   1.0000
   1.0000   1.0000   1.0000
   1.0000   1.0000   1.0000
   1.0000   1.0000   1.0000
   1.0000   1.0000   1.0000
   1.0000   1.0000   1.0000
   1.0000   1.0000   1.0000
   1.0000   1.0000   1.0000
   1.0000   1.0000   1.0000
   1.0000   1.0000   1.0000
   1.0000   1.0000   1.0000
   1.0000   1.0000   1.0000
   1.0000   1.0000   1.0000
   1.0000   1.0000   1.0000
   1.0000   1.0000   1.0000
   1.0000   1.0000   1.0000
   1.0000   1.0000   1.0000
   1.0000   1.0000   1.0000
   1.0000   1.0000   1.0000
   1.0000   1.0000   1.0000
   1.0000   1.0000   1.0000
   1.0000   1.0000   1.0000

applying weight : 1
applying weight : 1
applying weight : 1
Here are the weights in c++ : 
   1.0000   1.0000   1.0000
   1.0000   1.0000   1.0000
   1.0000   1.0000   1.0000
   1.0000   1.0000   1.0000
   1.0000   1.0000   1.0000
   1.0000   1.0000   1.0000
   1.0000   1.0000   1.0000
   1.0000   1.0000   1.0000
   1.0000   1.0000   1.0000
   1.0000   1.0000   1.0000
   1.0000   1.0000   1.0000
   1.0000   1.0000   1.0000
   1.0000   1.0000   1.0000
   1.0000   1.0000   1.0000
   1.0000   1.0000   1.0000
   1.0000   1.0000   1.0000
   1.0000   1.0000   1.0000
   1.0000   1.0000   1.0000
   1.0000   1.0000   1.0000
   1.0000   1.0000   1.0000
   1.0000   1.0000   1.0000
   1.0000   1.0000   1.0000
   1.0000   1.0000   1.0000
   1.0000   1.0000   1.0000
   1.0000   1.0000   1.0000
   1.0000   1.0000   1.0000
   1.0000   1.0000   1.0000
   1.0000   1.0000   1.0000
   1.0000   1.0000   1.0000
   1.0000   1.0000   1.0000
   1.0000   1.0000   1.0000
   1.0000   1.0000   1.0000
   1.0000   1.0000   1.0000
   1.0000   1.0000   1.0000
   1.0000   1.0000   1.0000
   1.0000   1.0000   1.0000
   1.0000   1.0000   1.0000
   1.0000   1.0000   1.0000
   1.0000   1.0000   1.0000
   1.0000   1.0000   1.0000
   1.0000   1.0000   1.0000
   1.0000   1.0000   1.0000
   1.0000   1.0000   1.0000
   1.0000   1.0000   1.0000
   1.0000   1.0000   1.0000
   1.0000   1.0000   1.0000
   1.0000   1.0000   1.0000
   1.0000   1.0000   1.0000
   1.0000   1.0000   1.0000
   1.0000   1.0000   1.0000
   1.0000   1.0000   1.0000
   1.0000   1.0000   1.0000
   1.0000   1.0000   1.0000
   1.0000   1.0000   1.0000
   1.0000   1.0000   1.0000
   1.0000   1.0000   1.0000
   1.0000   1.0000   1.0000

applying weight : 1
applying weight : 1
applying weight : 1
Here are the weights in c++ : 
   1.0000   1.0000   1.0000
   1.0000   1.0000   1.0000
   1.0000   1.0000   1.0000
   1.0000   1.0000   1.0000
   1.0000   1.0000   1.0000
   1.0000   1.0000   1.0000
   1.0000   1.0000   1.0000
   1.0000   1.0000   1.0000
   1.0000   1.0000   1.0000
   1.0000   1.0000   1.0000
   1.0000   1.0000   1.0000
   1.0000   1.0000   1.0000
   1.0000   1.0000   1.0000
   1.0000   1.0000   1.0000
   1.0000   1.0000   1.0000
   1.0000   1.0000   1.0000
   1.0000   1.0000   1.0000
   1.0000   1.0000   1.0000
   1.0000   1.0000   1.0000
   1.0000   1.0000   1.0000
   1.0000   1.0000   1.0000
   1.0000   1.0000   1.0000
   1.0000   1.0000   1.0000
   1.0000   1.0000   1.0000
   1.0000   1.0000   1.0000
   1.0000   1.0000   1.0000
   1.0000   1.0000   1.0000
   1.0000   1.0000   1.0000
   1.0000   1.0000   1.0000
   1.0000   1.0000   1.0000
   1.0000   1.0000   1.0000
   1.0000   1.0000   1.0000
   1.0000   1.0000   1.0000
   1.0000   1.0000   1.0000
   1.0000   1.0000   1.0000
   1.0000   1.0000   1.0000
   1.0000   1.0000   1.0000
   1.0000   1.0000   1.0000
   1.0000   1.0000   1.0000
   1.0000   1.0000   1.0000
   1.0000   1.0000   1.0000
   1.0000   1.0000   1.0000
   1.0000   1.0000   1.0000
   1.0000   1.0000   1.0000
   1.0000   1.0000   1.0000
   1.0000   1.0000   1.0000
   1.0000   1.0000   1.0000
   1.0000   1.0000   1.0000
   1.0000   1.0000   1.0000
   1.0000   1.0000   1.0000
   1.0000   1.0000   1.0000
   1.0000   1.0000   1.0000
   1.0000   1.0000   1.0000
   1.0000   1.0000   1.0000
   1.0000   1.0000   1.0000
   1.0000   1.0000   1.0000
   1.0000   1.0000   1.0000

applying weight : 1
applying weight : 1
applying weight : 1
Here are the weights in c++ : 
   1.0000   1.0000   1.0000
   1.0000   1.0000   1.0000
   1.0000   1.0000   1.0000
   1.0000   1.0000   1.0000
   1.0000   1.0000   1.0000
   1.0000   1.0000   1.0000
   1.0000   1.0000   1.0000
   1.0000   1.0000   1.0000
   1.0000   1.0000   1.0000
   1.0000   1.0000   1.0000
   1.0000   1.0000   1.0000
   1.0000   1.0000   1.0000
   1.0000   1.0000   1.0000
   1.0000   1.0000   1.0000
   1.0000   1.0000   1.0000
   1.0000   1.0000   1.0000
   1.0000   1.0000   1.0000
   1.0000   1.0000   1.0000
   1.0000   1.0000   1.0000
   1.0000   1.0000   1.0000
   1.0000   1.0000   1.0000
   1.0000   1.0000   1.0000
   1.0000   1.0000   1.0000
   1.0000   1.0000   1.0000
   1.0000   1.0000   1.0000
   1.0000   1.0000   1.0000
   1.0000   1.0000   1.0000
   1.0000   1.0000   1.0000
   1.0000   1.0000   1.0000
   1.0000   1.0000   1.0000
   1.0000   1.0000   1.0000
   1.0000   1.0000   1.0000
   1.0000   1.0000   1.0000
   1.0000   1.0000   1.0000
   1.0000   1.0000   1.0000
   1.0000   1.0000   1.0000
   1.0000   1.0000   1.0000
   1.0000   1.0000   1.0000
   1.0000   1.0000   1.0000
   1.0000   1.0000   1.0000
   1.0000   1.0000   1.0000
   1.0000   1.0000   1.0000
   1.0000   1.0000   1.0000
   1.0000   1.0000   1.0000
   1.0000   1.0000   1.0000
   1.0000   1.0000   1.0000
   1.0000   1.0000   1.0000
   1.0000   1.0000   1.0000
   1.0000   1.0000   1.0000
   1.0000   1.0000   1.0000
   1.0000   1.0000   1.0000
   1.0000   1.0000   1.0000
   1.0000   1.0000   1.0000
   1.0000   1.0000   1.0000
   1.0000   1.0000   1.0000
   1.0000   1.0000   1.0000
   1.0000   1.0000   1.0000

applying weight : 1
applying weight : 1
applying weight : 1
Here are the weights in c++ : 
   1.0000   1.0000   1.0000
   1.0000   1.0000   1.0000
   1.0000   1.0000   1.0000
   1.0000   1.0000   1.0000
   1.0000   1.0000   1.0000
   1.0000   1.0000   1.0000
   1.0000   1.0000   1.0000
   1.0000   1.0000   1.0000
   1.0000   1.0000   1.0000
   1.0000   1.0000   1.0000
   1.0000   1.0000   1.0000
   1.0000   1.0000   1.0000
   1.0000   1.0000   1.0000
   1.0000   1.0000   1.0000
   1.0000   1.0000   1.0000
   1.0000   1.0000   1.0000
   1.0000   1.0000   1.0000
   1.0000   1.0000   1.0000
   1.0000   1.0000   1.0000
   1.0000   1.0000   1.0000
   1.0000   1.0000   1.0000
   1.0000   1.0000   1.0000
   1.0000   1.0000   1.0000
   1.0000   1.0000   1.0000
   1.0000   1.0000   1.0000
   1.0000   1.0000   1.0000
   1.0000   1.0000   1.0000
   1.0000   1.0000   1.0000
   1.0000   1.0000   1.0000
   1.0000   1.0000   1.0000
   1.0000   1.0000   1.0000
   1.0000   1.0000   1.0000
   1.0000   1.0000   1.0000
   1.0000   1.0000   1.0000
   1.0000   1.0000   1.0000
   1.0000   1.0000   1.0000
   1.0000   1.0000   1.0000
   1.0000   1.0000   1.0000
   1.0000   1.0000   1.0000
   1.0000   1.0000   1.0000
   1.0000   1.0000   1.0000
   1.0000   1.0000   1.0000
   1.0000   1.0000   1.0000
   1.0000   1.0000   1.0000
   1.0000   1.0000   1.0000
   1.0000   1.0000   1.0000
   1.0000   1.0000   1.0000
   1.0000   1.0000   1.0000
   1.0000   1.0000   1.0000
   1.0000   1.0000   1.0000
   1.0000   1.0000   1.0000
   1.0000   1.0000   1.0000
   1.0000   1.0000   1.0000
   1.0000   1.0000   1.0000
   1.0000   1.0000   1.0000
   1.0000   1.0000   1.0000
   1.0000   1.0000   1.0000

applying weight : 1
applying weight : 1
applying weight : 1
Here are the weights in c++ : 
   1.0000   1.0000   1.0000
   1.0000   1.0000   1.0000
   1.0000   1.0000   1.0000
   1.0000   1.0000   1.0000
   1.0000   1.0000   1.0000
   1.0000   1.0000   1.0000
   1.0000   1.0000   1.0000
   1.0000   1.0000   1.0000
   1.0000   1.0000   1.0000
   1.0000   1.0000   1.0000
   1.0000   1.0000   1.0000
   1.0000   1.0000   1.0000
   1.0000   1.0000   1.0000
   1.0000   1.0000   1.0000
   1.0000   1.0000   1.0000
   1.0000   1.0000   1.0000
   1.0000   1.0000   1.0000
   1.0000   1.0000   1.0000
   1.0000   1.0000   1.0000
   1.0000   1.0000   1.0000
   1.0000   1.0000   1.0000
   1.0000   1.0000   1.0000
   1.0000   1.0000   1.0000
   1.0000   1.0000   1.0000
   1.0000   1.0000   1.0000
   1.0000   1.0000   1.0000
   1.0000   1.0000   1.0000
   1.0000   1.0000   1.0000
   1.0000   1.0000   1.0000
   1.0000   1.0000   1.0000
   1.0000   1.0000   1.0000
   1.0000   1.0000   1.0000
   1.0000   1.0000   1.0000
   1.0000   1.0000   1.0000
   1.0000   1.0000   1.0000
   1.0000   1.0000   1.0000
   1.0000   1.0000   1.0000
   1.0000   1.0000   1.0000
   1.0000   1.0000   1.0000
   1.0000   1.0000   1.0000
   1.0000   1.0000   1.0000
   1.0000   1.0000   1.0000
   1.0000   1.0000   1.0000
   1.0000   1.0000   1.0000
   1.0000   1.0000   1.0000
   1.0000   1.0000   1.0000
   1.0000   1.0000   1.0000
   1.0000   1.0000   1.0000
   1.0000   1.0000   1.0000
   1.0000   1.0000   1.0000
   1.0000   1.0000   1.0000
   1.0000   1.0000   1.0000
   1.0000   1.0000   1.0000
   1.0000   1.0000   1.0000
   1.0000   1.0000   1.0000
   1.0000   1.0000   1.0000
   1.0000   1.0000   1.0000

applying weight : 1
applying weight : 1
applying weight : 1
Here are the weights in c++ : 
   1.0000   1.0000   1.0000
   1.0000   1.0000   1.0000
   1.0000   1.0000   1.0000
   1.0000   1.0000   1.0000
   1.0000   1.0000   1.0000
   1.0000   1.0000   1.0000
   1.0000   1.0000   1.0000
   1.0000   1.0000   1.0000
   1.0000   1.0000   1.0000
   1.0000   1.0000   1.0000
   1.0000   1.0000   1.0000
   1.0000   1.0000   1.0000
   1.0000   1.0000   1.0000
   1.0000   1.0000   1.0000
   1.0000   1.0000   1.0000
   1.0000   1.0000   1.0000
   1.0000   1.0000   1.0000
   1.0000   1.0000   1.0000
   1.0000   1.0000   1.0000
   1.0000   1.0000   1.0000
   1.0000   1.0000   1.0000
   1.0000   1.0000   1.0000
   1.0000   1.0000   1.0000
   1.0000   1.0000   1.0000
   1.0000   1.0000   1.0000
   1.0000   1.0000   1.0000
   1.0000   1.0000   1.0000
   1.0000   1.0000   1.0000
   1.0000   1.0000   1.0000
   1.0000   1.0000   1.0000
   1.0000   1.0000   1.0000
   1.0000   1.0000   1.0000
   1.0000   1.0000   1.0000
   1.0000   1.0000   1.0000
   1.0000   1.0000   1.0000
   1.0000   1.0000   1.0000
   1.0000   1.0000   1.0000
   1.0000   1.0000   1.0000
   1.0000   1.0000   1.0000
   1.0000   1.0000   1.0000
   1.0000   1.0000   1.0000
   1.0000   1.0000   1.0000
   1.0000   1.0000   1.0000
   1.0000   1.0000   1.0000
   1.0000   1.0000   1.0000
   1.0000   1.0000   1.0000
   1.0000   1.0000   1.0000
   1.0000   1.0000   1.0000
   1.0000   1.0000   1.0000
   1.0000   1.0000   1.0000
   1.0000   1.0000   1.0000
   1.0000   1.0000   1.0000
   1.0000   1.0000   1.0000
   1.0000   1.0000   1.0000
   1.0000   1.0000   1.0000
   1.0000   1.0000   1.0000
   1.0000   1.0000   1.0000

applying weight : 1
applying weight : 1
applying weight : 1
Here are the weights in c++ : 
   1.0000   1.0000   1.0000
   1.0000   1.0000   1.0000
   1.0000   1.0000   1.0000
   1.0000   1.0000   1.0000
   1.0000   1.0000   1.0000
   1.0000   1.0000   1.0000
   1.0000   1.0000   1.0000
   1.0000   1.0000   1.0000
   1.0000   1.0000   1.0000
   1.0000   1.0000   1.0000
   1.0000   1.0000   1.0000
   1.0000   1.0000   1.0000
   1.0000   1.0000   1.0000
   1.0000   1.0000   1.0000
   1.0000   1.0000   1.0000
   1.0000   1.0000   1.0000
   1.0000   1.0000   1.0000
   1.0000   1.0000   1.0000
   1.0000   1.0000   1.0000
   1.0000   1.0000   1.0000
   1.0000   1.0000   1.0000
   1.0000   1.0000   1.0000
   1.0000   1.0000   1.0000
   1.0000   1.0000   1.0000
   1.0000   1.0000   1.0000
   1.0000   1.0000   1.0000
   1.0000   1.0000   1.0000
   1.0000   1.0000   1.0000
   1.0000   1.0000   1.0000
   1.0000   1.0000   1.0000
   1.0000   1.0000   1.0000
   1.0000   1.0000   1.0000
   1.0000   1.0000   1.0000
   1.0000   1.0000   1.0000
   1.0000   1.0000   1.0000
   1.0000   1.0000   1.0000
   1.0000   1.0000   1.0000
   1.0000   1.0000   1.0000
   1.0000   1.0000   1.0000
   1.0000   1.0000   1.0000
   1.0000   1.0000   1.0000
   1.0000   1.0000   1.0000
   1.0000   1.0000   1.0000
   1.0000   1.0000   1.0000
   1.0000   1.0000   1.0000
   1.0000   1.0000   1.0000
   1.0000   1.0000   1.0000
   1.0000   1.0000   1.0000
   1.0000   1.0000   1.0000
   1.0000   1.0000   1.0000
   1.0000   1.0000   1.0000
   1.0000   1.0000   1.0000
   1.0000   1.0000   1.0000
   1.0000   1.0000   1.0000
   1.0000   1.0000   1.0000
   1.0000   1.0000   1.0000
   1.0000   1.0000   1.0000

applying weight : 1
applying weight : 1
applying weight : 1
Here are the weights in c++ : 
   1.0000   1.0000   1.0000
   1.0000   1.0000   1.0000
   1.0000   1.0000   1.0000
   1.0000   1.0000   1.0000
   1.0000   1.0000   1.0000
   1.0000   1.0000   1.0000
   1.0000   1.0000   1.0000
   1.0000   1.0000   1.0000
   1.0000   1.0000   1.0000
   1.0000   1.0000   1.0000
   1.0000   1.0000   1.0000
   1.0000   1.0000   1.0000
   1.0000   1.0000   1.0000
   1.0000   1.0000   1.0000
   1.0000   1.0000   1.0000
   1.0000   1.0000   1.0000
   1.0000   1.0000   1.0000
   1.0000   1.0000   1.0000
   1.0000   1.0000   1.0000
   1.0000   1.0000   1.0000
   1.0000   1.0000   1.0000
   1.0000   1.0000   1.0000
   1.0000   1.0000   1.0000
   1.0000   1.0000   1.0000
   1.0000   1.0000   1.0000
   1.0000   1.0000   1.0000
   1.0000   1.0000   1.0000
   1.0000   1.0000   1.0000
   1.0000   1.0000   1.0000
   1.0000   1.0000   1.0000
   1.0000   1.0000   1.0000
   1.0000   1.0000   1.0000
   1.0000   1.0000   1.0000
   1.0000   1.0000   1.0000
   1.0000   1.0000   1.0000
   1.0000   1.0000   1.0000
   1.0000   1.0000   1.0000
   1.0000   1.0000   1.0000
   1.0000   1.0000   1.0000
   1.0000   1.0000   1.0000
   1.0000   1.0000   1.0000
   1.0000   1.0000   1.0000
   1.0000   1.0000   1.0000
   1.0000   1.0000   1.0000
   1.0000   1.0000   1.0000
   1.0000   1.0000   1.0000
   1.0000   1.0000   1.0000
   1.0000   1.0000   1.0000
   1.0000   1.0000   1.0000
   1.0000   1.0000   1.0000
   1.0000   1.0000   1.0000
   1.0000   1.0000   1.0000
   1.0000   1.0000   1.0000
   1.0000   1.0000   1.0000
   1.0000   1.0000   1.0000
   1.0000   1.0000   1.0000
   1.0000   1.0000   1.0000

applying weight : 1
applying weight : 1
applying weight : 1
Here are the weights in c++ : 
   1.0000   1.0000   1.0000
   1.0000   1.0000   1.0000
   1.0000   1.0000   1.0000
   1.0000   1.0000   1.0000
   1.0000   1.0000   1.0000
   1.0000   1.0000   1.0000
   1.0000   1.0000   1.0000
   1.0000   1.0000   1.0000
   1.0000   1.0000   1.0000
   1.0000   1.0000   1.0000
   1.0000   1.0000   1.0000
   1.0000   1.0000   1.0000
   1.0000   1.0000   1.0000
   1.0000   1.0000   1.0000
   1.0000   1.0000   1.0000
   1.0000   1.0000   1.0000
   1.0000   1.0000   1.0000
   1.0000   1.0000   1.0000
   1.0000   1.0000   1.0000
   1.0000   1.0000   1.0000
   1.0000   1.0000   1.0000
   1.0000   1.0000   1.0000
   1.0000   1.0000   1.0000
   1.0000   1.0000   1.0000
   1.0000   1.0000   1.0000
   1.0000   1.0000   1.0000
   1.0000   1.0000   1.0000
   1.0000   1.0000   1.0000
   1.0000   1.0000   1.0000
   1.0000   1.0000   1.0000
   1.0000   1.0000   1.0000
   1.0000   1.0000   1.0000
   1.0000   1.0000   1.0000
   1.0000   1.0000   1.0000
   1.0000   1.0000   1.0000
   1.0000   1.0000   1.0000
   1.0000   1.0000   1.0000
   1.0000   1.0000   1.0000
   1.0000   1.0000   1.0000
   1.0000   1.0000   1.0000
   1.0000   1.0000   1.0000
   1.0000   1.0000   1.0000
   1.0000   1.0000   1.0000
   1.0000   1.0000   1.0000
   1.0000   1.0000   1.0000
   1.0000   1.0000   1.0000
   1.0000   1.0000   1.0000
   1.0000   1.0000   1.0000
   1.0000   1.0000   1.0000
   1.0000   1.0000   1.0000
   1.0000   1.0000   1.0000
   1.0000   1.0000   1.0000
   1.0000   1.0000   1.0000
   1.0000   1.0000   1.0000
   1.0000   1.0000   1.0000
   1.0000   1.0000   1.0000
   1.0000   1.0000   1.0000

applying weight : 1
applying weight : 1
applying weight : 1
Here are the weights in c++ : 
   1.0000   1.0000   1.0000
   1.0000   1.0000   1.0000
   1.0000   1.0000   1.0000
   1.0000   1.0000   1.0000
   1.0000   1.0000   1.0000
   1.0000   1.0000   1.0000
   1.0000   1.0000   1.0000
   1.0000   1.0000   1.0000
   1.0000   1.0000   1.0000
   1.0000   1.0000   1.0000
   1.0000   1.0000   1.0000
   1.0000   1.0000   1.0000
   1.0000   1.0000   1.0000
   1.0000   1.0000   1.0000
   1.0000   1.0000   1.0000
   1.0000   1.0000   1.0000
   1.0000   1.0000   1.0000
   1.0000   1.0000   1.0000
   1.0000   1.0000   1.0000
   1.0000   1.0000   1.0000
   1.0000   1.0000   1.0000
   1.0000   1.0000   1.0000
   1.0000   1.0000   1.0000
   1.0000   1.0000   1.0000
   1.0000   1.0000   1.0000
   1.0000   1.0000   1.0000
   1.0000   1.0000   1.0000
   1.0000   1.0000   1.0000
   1.0000   1.0000   1.0000
   1.0000   1.0000   1.0000
   1.0000   1.0000   1.0000
   1.0000   1.0000   1.0000
   1.0000   1.0000   1.0000
   1.0000   1.0000   1.0000
   1.0000   1.0000   1.0000
   1.0000   1.0000   1.0000
   1.0000   1.0000   1.0000
   1.0000   1.0000   1.0000
   1.0000   1.0000   1.0000
   1.0000   1.0000   1.0000
   1.0000   1.0000   1.0000
   1.0000   1.0000   1.0000
   1.0000   1.0000   1.0000
   1.0000   1.0000   1.0000
   1.0000   1.0000   1.0000
   1.0000   1.0000   1.0000
   1.0000   1.0000   1.0000
   1.0000   1.0000   1.0000
   1.0000   1.0000   1.0000
   1.0000   1.0000   1.0000
   1.0000   1.0000   1.0000
   1.0000   1.0000   1.0000
   1.0000   1.0000   1.0000
   1.0000   1.0000   1.0000
   1.0000   1.0000   1.0000
   1.0000   1.0000   1.0000
   1.0000   1.0000   1.0000

applying weight : 1
applying weight : 1
applying weight : 1
Here are the weights in c++ : 
   1.0000   1.0000   1.0000
   1.0000   1.0000   1.0000
   1.0000   1.0000   1.0000
   1.0000   1.0000   1.0000
   1.0000   1.0000   1.0000
   1.0000   1.0000   1.0000
   1.0000   1.0000   1.0000
   1.0000   1.0000   1.0000
   1.0000   1.0000   1.0000
   1.0000   1.0000   1.0000
   1.0000   1.0000   1.0000
   1.0000   1.0000   1.0000
   1.0000   1.0000   1.0000
   1.0000   1.0000   1.0000
   1.0000   1.0000   1.0000
   1.0000   1.0000   1.0000
   1.0000   1.0000   1.0000
   1.0000   1.0000   1.0000
   1.0000   1.0000   1.0000
   1.0000   1.0000   1.0000
   1.0000   1.0000   1.0000
   1.0000   1.0000   1.0000
   1.0000   1.0000   1.0000
   1.0000   1.0000   1.0000
   1.0000   1.0000   1.0000
   1.0000   1.0000   1.0000
   1.0000   1.0000   1.0000
   1.0000   1.0000   1.0000
   1.0000   1.0000   1.0000
   1.0000   1.0000   1.0000
   1.0000   1.0000   1.0000
   1.0000   1.0000   1.0000
   1.0000   1.0000   1.0000
   1.0000   1.0000   1.0000
   1.0000   1.0000   1.0000
   1.0000   1.0000   1.0000
   1.0000   1.0000   1.0000
   1.0000   1.0000   1.0000
   1.0000   1.0000   1.0000
   1.0000   1.0000   1.0000
   1.0000   1.0000   1.0000
   1.0000   1.0000   1.0000
   1.0000   1.0000   1.0000
   1.0000   1.0000   1.0000
   1.0000   1.0000   1.0000
   1.0000   1.0000   1.0000
   1.0000   1.0000   1.0000
   1.0000   1.0000   1.0000
   1.0000   1.0000   1.0000
   1.0000   1.0000   1.0000
   1.0000   1.0000   1.0000
   1.0000   1.0000   1.0000
   1.0000   1.0000   1.0000
   1.0000   1.0000   1.0000
   1.0000   1.0000   1.0000
   1.0000   1.0000   1.0000
   1.0000   1.0000   1.0000

applying weight : 1
applying weight : 1
applying weight : 1
Here are the weights in c++ : 
   1.0000   1.0000   1.0000
   1.0000   1.0000   1.0000
   1.0000   1.0000   1.0000
   1.0000   1.0000   1.0000
   1.0000   1.0000   1.0000
   1.0000   1.0000   1.0000
   1.0000   1.0000   1.0000
   1.0000   1.0000   1.0000
   1.0000   1.0000   1.0000
   1.0000   1.0000   1.0000
   1.0000   1.0000   1.0000
   1.0000   1.0000   1.0000
   1.0000   1.0000   1.0000
   1.0000   1.0000   1.0000
   1.0000   1.0000   1.0000
   1.0000   1.0000   1.0000
   1.0000   1.0000   1.0000
   1.0000   1.0000   1.0000
   1.0000   1.0000   1.0000
   1.0000   1.0000   1.0000
   1.0000   1.0000   1.0000
   1.0000   1.0000   1.0000
   1.0000   1.0000   1.0000
   1.0000   1.0000   1.0000
   1.0000   1.0000   1.0000
   1.0000   1.0000   1.0000
   1.0000   1.0000   1.0000
   1.0000   1.0000   1.0000
   1.0000   1.0000   1.0000
   1.0000   1.0000   1.0000
   1.0000   1.0000   1.0000
   1.0000   1.0000   1.0000
   1.0000   1.0000   1.0000
   1.0000   1.0000   1.0000
   1.0000   1.0000   1.0000
   1.0000   1.0000   1.0000
   1.0000   1.0000   1.0000
   1.0000   1.0000   1.0000
   1.0000   1.0000   1.0000
   1.0000   1.0000   1.0000
   1.0000   1.0000   1.0000
   1.0000   1.0000   1.0000
   1.0000   1.0000   1.0000
   1.0000   1.0000   1.0000
   1.0000   1.0000   1.0000
   1.0000   1.0000   1.0000
   1.0000   1.0000   1.0000
   1.0000   1.0000   1.0000
   1.0000   1.0000   1.0000
   1.0000   1.0000   1.0000
   1.0000   1.0000   1.0000
   1.0000   1.0000   1.0000
   1.0000   1.0000   1.0000
   1.0000   1.0000   1.0000
   1.0000   1.0000   1.0000
   1.0000   1.0000   1.0000
   1.0000   1.0000   1.0000

applying weight : 1
applying weight : 1
applying weight : 1
Here are the weights in c++ : 
   1.0000   1.0000   1.0000
   1.0000   1.0000   1.0000
   1.0000   1.0000   1.0000
   1.0000   1.0000   1.0000
   1.0000   1.0000   1.0000
   1.0000   1.0000   1.0000
   1.0000   1.0000   1.0000
   1.0000   1.0000   1.0000
   1.0000   1.0000   1.0000
   1.0000   1.0000   1.0000
   1.0000   1.0000   1.0000
   1.0000   1.0000   1.0000
   1.0000   1.0000   1.0000
   1.0000   1.0000   1.0000
   1.0000   1.0000   1.0000
   1.0000   1.0000   1.0000
   1.0000   1.0000   1.0000
   1.0000   1.0000   1.0000
   1.0000   1.0000   1.0000
   1.0000   1.0000   1.0000
   1.0000   1.0000   1.0000
   1.0000   1.0000   1.0000
   1.0000   1.0000   1.0000
   1.0000   1.0000   1.0000
   1.0000   1.0000   1.0000
   1.0000   1.0000   1.0000
   1.0000   1.0000   1.0000
   1.0000   1.0000   1.0000
   1.0000   1.0000   1.0000
   1.0000   1.0000   1.0000
   1.0000   1.0000   1.0000
   1.0000   1.0000   1.0000
   1.0000   1.0000   1.0000
   1.0000   1.0000   1.0000
   1.0000   1.0000   1.0000
   1.0000   1.0000   1.0000
   1.0000   1.0000   1.0000
   1.0000   1.0000   1.0000
   1.0000   1.0000   1.0000
   1.0000   1.0000   1.0000
   1.0000   1.0000   1.0000
   1.0000   1.0000   1.0000
   1.0000   1.0000   1.0000
   1.0000   1.0000   1.0000
   1.0000   1.0000   1.0000
   1.0000   1.0000   1.0000
   1.0000   1.0000   1.0000
   1.0000   1.0000   1.0000
   1.0000   1.0000   1.0000
   1.0000   1.0000   1.0000
   1.0000   1.0000   1.0000
   1.0000   1.0000   1.0000
   1.0000   1.0000   1.0000
   1.0000   1.0000   1.0000
   1.0000   1.0000   1.0000
   1.0000   1.0000   1.0000
   1.0000   1.0000   1.0000

applying weight : 1
applying weight : 1
applying weight : 1
Here are the weights in c++ : 
   1.0000   1.0000   1.0000
   1.0000   1.0000   1.0000
   1.0000   1.0000   1.0000
   1.0000   1.0000   1.0000
   1.0000   1.0000   1.0000
   1.0000   1.0000   1.0000
   1.0000   1.0000   1.0000
   1.0000   1.0000   1.0000
   1.0000   1.0000   1.0000
   1.0000   1.0000   1.0000
   1.0000   1.0000   1.0000
   1.0000   1.0000   1.0000
   1.0000   1.0000   1.0000
   1.0000   1.0000   1.0000
   1.0000   1.0000   1.0000
   1.0000   1.0000   1.0000
   1.0000   1.0000   1.0000
   1.0000   1.0000   1.0000
   1.0000   1.0000   1.0000
   1.0000   1.0000   1.0000
   1.0000   1.0000   1.0000
   1.0000   1.0000   1.0000
   1.0000   1.0000   1.0000
   1.0000   1.0000   1.0000
   1.0000   1.0000   1.0000
   1.0000   1.0000   1.0000
   1.0000   1.0000   1.0000
   1.0000   1.0000   1.0000
   1.0000   1.0000   1.0000
   1.0000   1.0000   1.0000
   1.0000   1.0000   1.0000
   1.0000   1.0000   1.0000
   1.0000   1.0000   1.0000
   1.0000   1.0000   1.0000
   1.0000   1.0000   1.0000
   1.0000   1.0000   1.0000
   1.0000   1.0000   1.0000
   1.0000   1.0000   1.0000
   1.0000   1.0000   1.0000
   1.0000   1.0000   1.0000
   1.0000   1.0000   1.0000
   1.0000   1.0000   1.0000
   1.0000   1.0000   1.0000
   1.0000   1.0000   1.0000
   1.0000   1.0000   1.0000
   1.0000   1.0000   1.0000
   1.0000   1.0000   1.0000
   1.0000   1.0000   1.0000
   1.0000   1.0000   1.0000
   1.0000   1.0000   1.0000
   1.0000   1.0000   1.0000
   1.0000   1.0000   1.0000
   1.0000   1.0000   1.0000
   1.0000   1.0000   1.0000
   1.0000   1.0000   1.0000
   1.0000   1.0000   1.0000
   1.0000   1.0000   1.0000

applying weight : 1
applying weight : 1
applying weight : 1
Here are the weights in c++ : 
   1.0000   1.0000   1.0000
   1.0000   1.0000   1.0000
   1.0000   1.0000   1.0000
   1.0000   1.0000   1.0000
   1.0000   1.0000   1.0000
   1.0000   1.0000   1.0000
   1.0000   1.0000   1.0000
   1.0000   1.0000   1.0000
   1.0000   1.0000   1.0000
   1.0000   1.0000   1.0000
   1.0000   1.0000   1.0000
   1.0000   1.0000   1.0000
   1.0000   1.0000   1.0000
   1.0000   1.0000   1.0000
   1.0000   1.0000   1.0000
   1.0000   1.0000   1.0000
   1.0000   1.0000   1.0000
   1.0000   1.0000   1.0000
   1.0000   1.0000   1.0000
   1.0000   1.0000   1.0000
   1.0000   1.0000   1.0000
   1.0000   1.0000   1.0000
   1.0000   1.0000   1.0000
   1.0000   1.0000   1.0000
   1.0000   1.0000   1.0000
   1.0000   1.0000   1.0000
   1.0000   1.0000   1.0000
   1.0000   1.0000   1.0000
   1.0000   1.0000   1.0000
   1.0000   1.0000   1.0000
   1.0000   1.0000   1.0000
   1.0000   1.0000   1.0000
   1.0000   1.0000   1.0000
   1.0000   1.0000   1.0000
   1.0000   1.0000   1.0000
   1.0000   1.0000   1.0000
   1.0000   1.0000   1.0000
   1.0000   1.0000   1.0000
   1.0000   1.0000   1.0000
   1.0000   1.0000   1.0000
   1.0000   1.0000   1.0000
   1.0000   1.0000   1.0000
   1.0000   1.0000   1.0000
   1.0000   1.0000   1.0000
   1.0000   1.0000   1.0000
   1.0000   1.0000   1.0000
   1.0000   1.0000   1.0000
   1.0000   1.0000   1.0000
   1.0000   1.0000   1.0000
   1.0000   1.0000   1.0000
   1.0000   1.0000   1.0000
   1.0000   1.0000   1.0000
   1.0000   1.0000   1.0000
   1.0000   1.0000   1.0000
   1.0000   1.0000   1.0000
   1.0000   1.0000   1.0000
   1.0000   1.0000   1.0000

applying weight : 1
applying weight : 1
applying weight : 1
Here are the weights in c++ : 
   1.0000   1.0000   1.0000
   1.0000   1.0000   1.0000
   1.0000   1.0000   1.0000
   1.0000   1.0000   1.0000
   1.0000   1.0000   1.0000
   1.0000   1.0000   1.0000
   1.0000   1.0000   1.0000
   1.0000   1.0000   1.0000
   1.0000   1.0000   1.0000
   1.0000   1.0000   1.0000
   1.0000   1.0000   1.0000
   1.0000   1.0000   1.0000
   1.0000   1.0000   1.0000
   1.0000   1.0000   1.0000
   1.0000   1.0000   1.0000
   1.0000   1.0000   1.0000
   1.0000   1.0000   1.0000
   1.0000   1.0000   1.0000
   1.0000   1.0000   1.0000
   1.0000   1.0000   1.0000
   1.0000   1.0000   1.0000
   1.0000   1.0000   1.0000
   1.0000   1.0000   1.0000
   1.0000   1.0000   1.0000
   1.0000   1.0000   1.0000
   1.0000   1.0000   1.0000
   1.0000   1.0000   1.0000
   1.0000   1.0000   1.0000
   1.0000   1.0000   1.0000
   1.0000   1.0000   1.0000
   1.0000   1.0000   1.0000
   1.0000   1.0000   1.0000
   1.0000   1.0000   1.0000
   1.0000   1.0000   1.0000
   1.0000   1.0000   1.0000
   1.0000   1.0000   1.0000
   1.0000   1.0000   1.0000
   1.0000   1.0000   1.0000
   1.0000   1.0000   1.0000
   1.0000   1.0000   1.0000
   1.0000   1.0000   1.0000
   1.0000   1.0000   1.0000
   1.0000   1.0000   1.0000
   1.0000   1.0000   1.0000
   1.0000   1.0000   1.0000
   1.0000   1.0000   1.0000
   1.0000   1.0000   1.0000
   1.0000   1.0000   1.0000
   1.0000   1.0000   1.0000
   1.0000   1.0000   1.0000
   1.0000   1.0000   1.0000
   1.0000   1.0000   1.0000
   1.0000   1.0000   1.0000
   1.0000   1.0000   1.0000
   1.0000   1.0000   1.0000
   1.0000   1.0000   1.0000
   1.0000   1.0000   1.0000

applying weight : 1
applying weight : 1
applying weight : 1
Here are the weights in c++ : 
   1.0000   1.0000   1.0000
   1.0000   1.0000   1.0000
   1.0000   1.0000   1.0000
   1.0000   1.0000   1.0000
   1.0000   1.0000   1.0000
   1.0000   1.0000   1.0000
   1.0000   1.0000   1.0000
   1.0000   1.0000   1.0000
   1.0000   1.0000   1.0000
   1.0000   1.0000   1.0000
   1.0000   1.0000   1.0000
   1.0000   1.0000   1.0000
   1.0000   1.0000   1.0000
   1.0000   1.0000   1.0000
   1.0000   1.0000   1.0000
   1.0000   1.0000   1.0000
   1.0000   1.0000   1.0000
   1.0000   1.0000   1.0000
   1.0000   1.0000   1.0000
   1.0000   1.0000   1.0000
   1.0000   1.0000   1.0000
   1.0000   1.0000   1.0000
   1.0000   1.0000   1.0000
   1.0000   1.0000   1.0000
   1.0000   1.0000   1.0000
   1.0000   1.0000   1.0000
   1.0000   1.0000   1.0000
   1.0000   1.0000   1.0000
   1.0000   1.0000   1.0000
   1.0000   1.0000   1.0000
   1.0000   1.0000   1.0000
   1.0000   1.0000   1.0000
   1.0000   1.0000   1.0000
   1.0000   1.0000   1.0000
   1.0000   1.0000   1.0000
   1.0000   1.0000   1.0000
   1.0000   1.0000   1.0000
   1.0000   1.0000   1.0000
   1.0000   1.0000   1.0000
   1.0000   1.0000   1.0000
   1.0000   1.0000   1.0000
   1.0000   1.0000   1.0000
   1.0000   1.0000   1.0000
   1.0000   1.0000   1.0000
   1.0000   1.0000   1.0000
   1.0000   1.0000   1.0000
   1.0000   1.0000   1.0000
   1.0000   1.0000   1.0000
   1.0000   1.0000   1.0000
   1.0000   1.0000   1.0000
   1.0000   1.0000   1.0000
   1.0000   1.0000   1.0000
   1.0000   1.0000   1.0000
   1.0000   1.0000   1.0000
   1.0000   1.0000   1.0000
   1.0000   1.0000   1.0000
   1.0000   1.0000   1.0000

applying weight : 1
applying weight : 1
applying weight : 1
Here are the weights in c++ : 
   1.0000   1.0000   1.0000
   1.0000   1.0000   1.0000
   1.0000   1.0000   1.0000
   1.0000   1.0000   1.0000
   1.0000   1.0000   1.0000
   1.0000   1.0000   1.0000
   1.0000   1.0000   1.0000
   1.0000   1.0000   1.0000
   1.0000   1.0000   1.0000
   1.0000   1.0000   1.0000
   1.0000   1.0000   1.0000
   1.0000   1.0000   1.0000
   1.0000   1.0000   1.0000
   1.0000   1.0000   1.0000
   1.0000   1.0000   1.0000
   1.0000   1.0000   1.0000
   1.0000   1.0000   1.0000
   1.0000   1.0000   1.0000
   1.0000   1.0000   1.0000
   1.0000   1.0000   1.0000
   1.0000   1.0000   1.0000
   1.0000   1.0000   1.0000
   1.0000   1.0000   1.0000
   1.0000   1.0000   1.0000
   1.0000   1.0000   1.0000
   1.0000   1.0000   1.0000
   1.0000   1.0000   1.0000
   1.0000   1.0000   1.0000
   1.0000   1.0000   1.0000
   1.0000   1.0000   1.0000
   1.0000   1.0000   1.0000
   1.0000   1.0000   1.0000
   1.0000   1.0000   1.0000
   1.0000   1.0000   1.0000
   1.0000   1.0000   1.0000
   1.0000   1.0000   1.0000
   1.0000   1.0000   1.0000
   1.0000   1.0000   1.0000
   1.0000   1.0000   1.0000
   1.0000   1.0000   1.0000
   1.0000   1.0000   1.0000
   1.0000   1.0000   1.0000
   1.0000   1.0000   1.0000
   1.0000   1.0000   1.0000
   1.0000   1.0000   1.0000
   1.0000   1.0000   1.0000
   1.0000   1.0000   1.0000
   1.0000   1.0000   1.0000
   1.0000   1.0000   1.0000
   1.0000   1.0000   1.0000
   1.0000   1.0000   1.0000
   1.0000   1.0000   1.0000
   1.0000   1.0000   1.0000
   1.0000   1.0000   1.0000
   1.0000   1.0000   1.0000
   1.0000   1.0000   1.0000
   1.0000   1.0000   1.0000

applying weight : 1
applying weight : 1
applying weight : 1
Here are the weights in c++ : 
   1.0000   1.0000   1.0000
   1.0000   1.0000   1.0000
   1.0000   1.0000   1.0000
   1.0000   1.0000   1.0000
   1.0000   1.0000   1.0000
   1.0000   1.0000   1.0000
   1.0000   1.0000   1.0000
   1.0000   1.0000   1.0000
   1.0000   1.0000   1.0000
   1.0000   1.0000   1.0000
   1.0000   1.0000   1.0000
   1.0000   1.0000   1.0000
   1.0000   1.0000   1.0000
   1.0000   1.0000   1.0000
   1.0000   1.0000   1.0000
   1.0000   1.0000   1.0000
   1.0000   1.0000   1.0000
   1.0000   1.0000   1.0000
   1.0000   1.0000   1.0000
   1.0000   1.0000   1.0000
   1.0000   1.0000   1.0000
   1.0000   1.0000   1.0000
   1.0000   1.0000   1.0000
   1.0000   1.0000   1.0000
   1.0000   1.0000   1.0000
   1.0000   1.0000   1.0000
   1.0000   1.0000   1.0000
   1.0000   1.0000   1.0000
   1.0000   1.0000   1.0000
   1.0000   1.0000   1.0000
   1.0000   1.0000   1.0000
   1.0000   1.0000   1.0000
   1.0000   1.0000   1.0000
   1.0000   1.0000   1.0000
   1.0000   1.0000   1.0000
   1.0000   1.0000   1.0000
   1.0000   1.0000   1.0000
   1.0000   1.0000   1.0000
   1.0000   1.0000   1.0000
   1.0000   1.0000   1.0000
   1.0000   1.0000   1.0000
   1.0000   1.0000   1.0000
   1.0000   1.0000   1.0000
   1.0000   1.0000   1.0000
   1.0000   1.0000   1.0000
   1.0000   1.0000   1.0000
   1.0000   1.0000   1.0000
   1.0000   1.0000   1.0000
   1.0000   1.0000   1.0000
   1.0000   1.0000   1.0000
   1.0000   1.0000   1.0000
   1.0000   1.0000   1.0000
   1.0000   1.0000   1.0000
   1.0000   1.0000   1.0000
   1.0000   1.0000   1.0000
   1.0000   1.0000   1.0000
   1.0000   1.0000   1.0000

applying weight : 1
applying weight : 1
applying weight : 1
Here are the weights in c++ : 
   1.0000   1.0000   1.0000
   1.0000   1.0000   1.0000
   1.0000   1.0000   1.0000
   1.0000   1.0000   1.0000
   1.0000   1.0000   1.0000
   1.0000   1.0000   1.0000
   1.0000   1.0000   1.0000
   1.0000   1.0000   1.0000
   1.0000   1.0000   1.0000
   1.0000   1.0000   1.0000
   1.0000   1.0000   1.0000
   1.0000   1.0000   1.0000
   1.0000   1.0000   1.0000
   1.0000   1.0000   1.0000
   1.0000   1.0000   1.0000
   1.0000   1.0000   1.0000
   1.0000   1.0000   1.0000
   1.0000   1.0000   1.0000
   1.0000   1.0000   1.0000
   1.0000   1.0000   1.0000
   1.0000   1.0000   1.0000
   1.0000   1.0000   1.0000
   1.0000   1.0000   1.0000
   1.0000   1.0000   1.0000
   1.0000   1.0000   1.0000
   1.0000   1.0000   1.0000
   1.0000   1.0000   1.0000
   1.0000   1.0000   1.0000
   1.0000   1.0000   1.0000
   1.0000   1.0000   1.0000
   1.0000   1.0000   1.0000
   1.0000   1.0000   1.0000
   1.0000   1.0000   1.0000
   1.0000   1.0000   1.0000
   1.0000   1.0000   1.0000
   1.0000   1.0000   1.0000
   1.0000   1.0000   1.0000
   1.0000   1.0000   1.0000
   1.0000   1.0000   1.0000
   1.0000   1.0000   1.0000
   1.0000   1.0000   1.0000
   1.0000   1.0000   1.0000
   1.0000   1.0000   1.0000
   1.0000   1.0000   1.0000
   1.0000   1.0000   1.0000
   1.0000   1.0000   1.0000
   1.0000   1.0000   1.0000
   1.0000   1.0000   1.0000
   1.0000   1.0000   1.0000
   1.0000   1.0000   1.0000
   1.0000   1.0000   1.0000
   1.0000   1.0000   1.0000
   1.0000   1.0000   1.0000
   1.0000   1.0000   1.0000
   1.0000   1.0000   1.0000
   1.0000   1.0000   1.0000
   1.0000   1.0000   1.0000

applying weight : 1
applying weight : 1
applying weight : 1
Here are the weights in c++ : 
   1.0000   1.0000   1.0000
   1.0000   1.0000   1.0000
   1.0000   1.0000   1.0000
   1.0000   1.0000   1.0000
   1.0000   1.0000   1.0000
   1.0000   1.0000   1.0000
   1.0000   1.0000   1.0000
   1.0000   1.0000   1.0000
   1.0000   1.0000   1.0000
   1.0000   1.0000   1.0000
   1.0000   1.0000   1.0000
   1.0000   1.0000   1.0000
   1.0000   1.0000   1.0000
   1.0000   1.0000   1.0000
   1.0000   1.0000   1.0000
   1.0000   1.0000   1.0000
   1.0000   1.0000   1.0000
   1.0000   1.0000   1.0000
   1.0000   1.0000   1.0000
   1.0000   1.0000   1.0000
   1.0000   1.0000   1.0000
   1.0000   1.0000   1.0000
   1.0000   1.0000   1.0000
   1.0000   1.0000   1.0000
   1.0000   1.0000   1.0000
   1.0000   1.0000   1.0000
   1.0000   1.0000   1.0000
   1.0000   1.0000   1.0000
   1.0000   1.0000   1.0000
   1.0000   1.0000   1.0000
   1.0000   1.0000   1.0000
   1.0000   1.0000   1.0000
   1.0000   1.0000   1.0000
   1.0000   1.0000   1.0000
   1.0000   1.0000   1.0000
   1.0000   1.0000   1.0000
   1.0000   1.0000   1.0000
   1.0000   1.0000   1.0000
   1.0000   1.0000   1.0000
   1.0000   1.0000   1.0000
   1.0000   1.0000   1.0000
   1.0000   1.0000   1.0000
   1.0000   1.0000   1.0000
   1.0000   1.0000   1.0000
   1.0000   1.0000   1.0000
   1.0000   1.0000   1.0000
   1.0000   1.0000   1.0000
   1.0000   1.0000   1.0000
   1.0000   1.0000   1.0000
   1.0000   1.0000   1.0000
   1.0000   1.0000   1.0000
   1.0000   1.0000   1.0000
   1.0000   1.0000   1.0000
   1.0000   1.0000   1.0000
   1.0000   1.0000   1.0000
   1.0000   1.0000   1.0000
   1.0000   1.0000   1.0000

applying weight : 1
applying weight : 1
applying weight : 1
Here are the weights in c++ : 
   1.0000   1.0000   1.0000
   1.0000   1.0000   1.0000
   1.0000   1.0000   1.0000
   1.0000   1.0000   1.0000
   1.0000   1.0000   1.0000
   1.0000   1.0000   1.0000
   1.0000   1.0000   1.0000
   1.0000   1.0000   1.0000
   1.0000   1.0000   1.0000
   1.0000   1.0000   1.0000
   1.0000   1.0000   1.0000
   1.0000   1.0000   1.0000
   1.0000   1.0000   1.0000
   1.0000   1.0000   1.0000
   1.0000   1.0000   1.0000
   1.0000   1.0000   1.0000
   1.0000   1.0000   1.0000
   1.0000   1.0000   1.0000
   1.0000   1.0000   1.0000
   1.0000   1.0000   1.0000
   1.0000   1.0000   1.0000
   1.0000   1.0000   1.0000
   1.0000   1.0000   1.0000
   1.0000   1.0000   1.0000
   1.0000   1.0000   1.0000
   1.0000   1.0000   1.0000
   1.0000   1.0000   1.0000
   1.0000   1.0000   1.0000
   1.0000   1.0000   1.0000
   1.0000   1.0000   1.0000
   1.0000   1.0000   1.0000
   1.0000   1.0000   1.0000
   1.0000   1.0000   1.0000
   1.0000   1.0000   1.0000
   1.0000   1.0000   1.0000
   1.0000   1.0000   1.0000
   1.0000   1.0000   1.0000
   1.0000   1.0000   1.0000
   1.0000   1.0000   1.0000
   1.0000   1.0000   1.0000
   1.0000   1.0000   1.0000
   1.0000   1.0000   1.0000
   1.0000   1.0000   1.0000
   1.0000   1.0000   1.0000
   1.0000   1.0000   1.0000
   1.0000   1.0000   1.0000
   1.0000   1.0000   1.0000
   1.0000   1.0000   1.0000
   1.0000   1.0000   1.0000
   1.0000   1.0000   1.0000
   1.0000   1.0000   1.0000
   1.0000   1.0000   1.0000
   1.0000   1.0000   1.0000
   1.0000   1.0000   1.0000
   1.0000   1.0000   1.0000
   1.0000   1.0000   1.0000
   1.0000   1.0000   1.0000

applying weight : 1
applying weight : 1
applying weight : 1
Here are the weights in c++ : 
   1.0000   1.0000   1.0000
   1.0000   1.0000   1.0000
   1.0000   1.0000   1.0000
   1.0000   1.0000   1.0000
   1.0000   1.0000   1.0000
   1.0000   1.0000   1.0000
   1.0000   1.0000   1.0000
   1.0000   1.0000   1.0000
   1.0000   1.0000   1.0000
   1.0000   1.0000   1.0000
   1.0000   1.0000   1.0000
   1.0000   1.0000   1.0000
   1.0000   1.0000   1.0000
   1.0000   1.0000   1.0000
   1.0000   1.0000   1.0000
   1.0000   1.0000   1.0000
   1.0000   1.0000   1.0000
   1.0000   1.0000   1.0000
   1.0000   1.0000   1.0000
   1.0000   1.0000   1.0000
   1.0000   1.0000   1.0000
   1.0000   1.0000   1.0000
   1.0000   1.0000   1.0000
   1.0000   1.0000   1.0000
   1.0000   1.0000   1.0000
   1.0000   1.0000   1.0000
   1.0000   1.0000   1.0000
   1.0000   1.0000   1.0000
   1.0000   1.0000   1.0000
   1.0000   1.0000   1.0000
   1.0000   1.0000   1.0000
   1.0000   1.0000   1.0000
   1.0000   1.0000   1.0000
   1.0000   1.0000   1.0000
   1.0000   1.0000   1.0000
   1.0000   1.0000   1.0000
   1.0000   1.0000   1.0000
   1.0000   1.0000   1.0000
   1.0000   1.0000   1.0000
   1.0000   1.0000   1.0000
   1.0000   1.0000   1.0000
   1.0000   1.0000   1.0000
   1.0000   1.0000   1.0000
   1.0000   1.0000   1.0000
   1.0000   1.0000   1.0000
   1.0000   1.0000   1.0000
   1.0000   1.0000   1.0000
   1.0000   1.0000   1.0000
   1.0000   1.0000   1.0000
   1.0000   1.0000   1.0000
   1.0000   1.0000   1.0000
   1.0000   1.0000   1.0000
   1.0000   1.0000   1.0000
   1.0000   1.0000   1.0000
   1.0000   1.0000   1.0000
   1.0000   1.0000   1.0000
   1.0000   1.0000   1.0000

applying weight : 1
applying weight : 1
applying weight : 1
Here are the weights in c++ : 
   1.0000   1.0000   1.0000
   1.0000   1.0000   1.0000
   1.0000   1.0000   1.0000
   1.0000   1.0000   1.0000
   1.0000   1.0000   1.0000
   1.0000   1.0000   1.0000
   1.0000   1.0000   1.0000
   1.0000   1.0000   1.0000
   1.0000   1.0000   1.0000
   1.0000   1.0000   1.0000
   1.0000   1.0000   1.0000
   1.0000   1.0000   1.0000
   1.0000   1.0000   1.0000
   1.0000   1.0000   1.0000
   1.0000   1.0000   1.0000
   1.0000   1.0000   1.0000
   1.0000   1.0000   1.0000
   1.0000   1.0000   1.0000
   1.0000   1.0000   1.0000
   1.0000   1.0000   1.0000
   1.0000   1.0000   1.0000
   1.0000   1.0000   1.0000
   1.0000   1.0000   1.0000
   1.0000   1.0000   1.0000
   1.0000   1.0000   1.0000
   1.0000   1.0000   1.0000
   1.0000   1.0000   1.0000
   1.0000   1.0000   1.0000
   1.0000   1.0000   1.0000
   1.0000   1.0000   1.0000
   1.0000   1.0000   1.0000
   1.0000   1.0000   1.0000
   1.0000   1.0000   1.0000
   1.0000   1.0000   1.0000
   1.0000   1.0000   1.0000
   1.0000   1.0000   1.0000
   1.0000   1.0000   1.0000
   1.0000   1.0000   1.0000
   1.0000   1.0000   1.0000
   1.0000   1.0000   1.0000
   1.0000   1.0000   1.0000
   1.0000   1.0000   1.0000
   1.0000   1.0000   1.0000
   1.0000   1.0000   1.0000
   1.0000   1.0000   1.0000
   1.0000   1.0000   1.0000
   1.0000   1.0000   1.0000
   1.0000   1.0000   1.0000
   1.0000   1.0000   1.0000
   1.0000   1.0000   1.0000
   1.0000   1.0000   1.0000
   1.0000   1.0000   1.0000
   1.0000   1.0000   1.0000
   1.0000   1.0000   1.0000
   1.0000   1.0000   1.0000
   1.0000   1.0000   1.0000
   1.0000   1.0000   1.0000

applying weight : 1
applying weight : 1
applying weight : 1
Here are the weights in c++ : 
   1.0000   1.0000   1.0000
   1.0000   1.0000   1.0000
   1.0000   1.0000   1.0000
   1.0000   1.0000   1.0000
   1.0000   1.0000   1.0000
   1.0000   1.0000   1.0000
   1.0000   1.0000   1.0000
   1.0000   1.0000   1.0000
   1.0000   1.0000   1.0000
   1.0000   1.0000   1.0000
   1.0000   1.0000   1.0000
   1.0000   1.0000   1.0000
   1.0000   1.0000   1.0000
   1.0000   1.0000   1.0000
   1.0000   1.0000   1.0000
   1.0000   1.0000   1.0000
   1.0000   1.0000   1.0000
   1.0000   1.0000   1.0000
   1.0000   1.0000   1.0000
   1.0000   1.0000   1.0000
   1.0000   1.0000   1.0000
   1.0000   1.0000   1.0000
   1.0000   1.0000   1.0000
   1.0000   1.0000   1.0000
   1.0000   1.0000   1.0000
   1.0000   1.0000   1.0000
   1.0000   1.0000   1.0000
   1.0000   1.0000   1.0000
   1.0000   1.0000   1.0000
   1.0000   1.0000   1.0000
   1.0000   1.0000   1.0000
   1.0000   1.0000   1.0000
   1.0000   1.0000   1.0000
   1.0000   1.0000   1.0000
   1.0000   1.0000   1.0000
   1.0000   1.0000   1.0000
   1.0000   1.0000   1.0000
   1.0000   1.0000   1.0000

applying weight : 1
applying weight : 1
applying weight : 1
Here are the weights in c++ : 
   1.0000   1.0000   1.0000
   1.0000   1.0000   1.0000
   1.0000   1.0000   1.0000
   1.0000   1.0000   1.0000
   1.0000   1.0000   1.0000
   1.0000   1.0000   1.0000
   1.0000   1.0000   1.0000
   1.0000   1.0000   1.0000
   1.0000   1.0000   1.0000
   1.0000   1.0000   1.0000
   1.0000   1.0000   1.0000
   1.0000   1.0000   1.0000
   1.0000   1.0000   1.0000
   1.0000   1.0000   1.0000
   1.0000   1.0000   1.0000
   1.0000   1.0000   1.0000
   1.0000   1.0000   1.0000
   1.0000   1.0000   1.0000
   1.0000   1.0000   1.0000
   1.0000   1.0000   1.0000
   1.0000   1.0000   1.0000
   1.0000   1.0000   1.0000
   1.0000   1.0000   1.0000
   1.0000   1.0000   1.0000
   1.0000   1.0000   1.0000
   1.0000   1.0000   1.0000
   1.0000   1.0000   1.0000
   1.0000   1.0000   1.0000
   1.0000   1.0000   1.0000
   1.0000   1.0000   1.0000
   1.0000   1.0000   1.0000
   1.0000   1.0000   1.0000
   1.0000   1.0000   1.0000
   1.0000   1.0000   1.0000
   1.0000   1.0000   1.0000
   1.0000   1.0000   1.0000
   1.0000   1.0000   1.0000
   1.0000   1.0000   1.0000

applying weight : 1
applying weight : 1
applying weight : 1
Here are the weights in c++ : 
   1.0000   1.0000   1.0000
   1.0000   1.0000   1.0000
   1.0000   1.0000   1.0000
   1.0000   1.0000   1.0000
   1.0000   1.0000   1.0000
   1.0000   1.0000   1.0000
   1.0000   1.0000   1.0000
   1.0000   1.0000   1.0000
   1.0000   1.0000   1.0000
   1.0000   1.0000   1.0000
   1.0000   1.0000   1.0000
   1.0000   1.0000   1.0000
   1.0000   1.0000   1.0000
   1.0000   1.0000   1.0000
   1.0000   1.0000   1.0000
   1.0000   1.0000   1.0000
   1.0000   1.0000   1.0000
   1.0000   1.0000   1.0000
   1.0000   1.0000   1.0000
   1.0000   1.0000   1.0000
   1.0000   1.0000   1.0000
   1.0000   1.0000   1.0000
   1.0000   1.0000   1.0000
   1.0000   1.0000   1.0000
   1.0000   1.0000   1.0000
   1.0000   1.0000   1.0000
   1.0000   1.0000   1.0000
   1.0000   1.0000   1.0000
   1.0000   1.0000   1.0000
   1.0000   1.0000   1.0000
   1.0000   1.0000   1.0000
   1.0000   1.0000   1.0000
   1.0000   1.0000   1.0000
   1.0000   1.0000   1.0000
   1.0000   1.0000   1.0000
   1.0000   1.0000   1.0000
   1.0000   1.0000   1.0000
   1.0000   1.0000   1.0000

applying weight : 1
applying weight : 1
applying weight : 1
Here are the weights in c++ : 
   1.0000   1.0000   1.0000
   1.0000   1.0000   1.0000
   1.0000   1.0000   1.0000
   1.0000   1.0000   1.0000
   1.0000   1.0000   1.0000
   1.0000   1.0000   1.0000
   1.0000   1.0000   1.0000
   1.0000   1.0000   1.0000
   1.0000   1.0000   1.0000
   1.0000   1.0000   1.0000
   1.0000   1.0000   1.0000
   1.0000   1.0000   1.0000
   1.0000   1.0000   1.0000
   1.0000   1.0000   1.0000
   1.0000   1.0000   1.0000
   1.0000   1.0000   1.0000
   1.0000   1.0000   1.0000
   1.0000   1.0000   1.0000
   1.0000   1.0000   1.0000
   1.0000   1.0000   1.0000
   1.0000   1.0000   1.0000
   1.0000   1.0000   1.0000
   1.0000   1.0000   1.0000
   1.0000   1.0000   1.0000
   1.0000   1.0000   1.0000
   1.0000   1.0000   1.0000
   1.0000   1.0000   1.0000
   1.0000   1.0000   1.0000
   1.0000   1.0000   1.0000
   1.0000   1.0000   1.0000
   1.0000   1.0000   1.0000
   1.0000   1.0000   1.0000
   1.0000   1.0000   1.0000
   1.0000   1.0000   1.0000
   1.0000   1.0000   1.0000
   1.0000   1.0000   1.0000
   1.0000   1.0000   1.0000
   1.0000   1.0000   1.0000

applying weight : 1
applying weight : 1
applying weight : 1
Here are the weights in c++ : 
   1.0000   1.0000   1.0000
   1.0000   1.0000   1.0000
   1.0000   1.0000   1.0000
   1.0000   1.0000   1.0000
   1.0000   1.0000   1.0000
   1.0000   1.0000   1.0000
   1.0000   1.0000   1.0000
   1.0000   1.0000   1.0000
   1.0000   1.0000   1.0000
   1.0000   1.0000   1.0000
   1.0000   1.0000   1.0000
   1.0000   1.0000   1.0000
   1.0000   1.0000   1.0000
   1.0000   1.0000   1.0000
   1.0000   1.0000   1.0000
   1.0000   1.0000   1.0000
   1.0000   1.0000   1.0000
   1.0000   1.0000   1.0000
   1.0000   1.0000   1.0000
   1.0000   1.0000   1.0000
   1.0000   1.0000   1.0000
   1.0000   1.0000   1.0000
   1.0000   1.0000   1.0000
   1.0000   1.0000   1.0000
   1.0000   1.0000   1.0000
   1.0000   1.0000   1.0000
   1.0000   1.0000   1.0000
   1.0000   1.0000   1.0000
   1.0000   1.0000   1.0000
   1.0000   1.0000   1.0000
   1.0000   1.0000   1.0000
   1.0000   1.0000   1.0000
   1.0000   1.0000   1.0000
   1.0000   1.0000   1.0000
   1.0000   1.0000   1.0000
   1.0000   1.0000   1.0000
   1.0000   1.0000   1.0000
   1.0000   1.0000   1.0000

applying weight : 1
applying weight : 1
applying weight : 1
Here are the weights in c++ : 
   1.0000   1.0000   1.0000
   1.0000   1.0000   1.0000
   1.0000   1.0000   1.0000
   1.0000   1.0000   1.0000
   1.0000   1.0000   1.0000
   1.0000   1.0000   1.0000
   1.0000   1.0000   1.0000
   1.0000   1.0000   1.0000
   1.0000   1.0000   1.0000
   1.0000   1.0000   1.0000
   1.0000   1.0000   1.0000
   1.0000   1.0000   1.0000
   1.0000   1.0000   1.0000
   1.0000   1.0000   1.0000
   1.0000   1.0000   1.0000
   1.0000   1.0000   1.0000
   1.0000   1.0000   1.0000
   1.0000   1.0000   1.0000
   1.0000   1.0000   1.0000
   1.0000   1.0000   1.0000
   1.0000   1.0000   1.0000
   1.0000   1.0000   1.0000
   1.0000   1.0000   1.0000
   1.0000   1.0000   1.0000
   1.0000   1.0000   1.0000
   1.0000   1.0000   1.0000
   1.0000   1.0000   1.0000
   1.0000   1.0000   1.0000
   1.0000   1.0000   1.0000
   1.0000   1.0000   1.0000
   1.0000   1.0000   1.0000
   1.0000   1.0000   1.0000
   1.0000   1.0000   1.0000
   1.0000   1.0000   1.0000
   1.0000   1.0000   1.0000
   1.0000   1.0000   1.0000
   1.0000   1.0000   1.0000
   1.0000   1.0000   1.0000

applying weight : 1
applying weight : 1
applying weight : 1
Here are the weights in c++ : 
   1.0000   1.0000   1.0000
   1.0000   1.0000   1.0000
   1.0000   1.0000   1.0000
   1.0000   1.0000   1.0000
   1.0000   1.0000   1.0000
   1.0000   1.0000   1.0000
   1.0000   1.0000   1.0000
   1.0000   1.0000   1.0000
   1.0000   1.0000   1.0000
   1.0000   1.0000   1.0000
   1.0000   1.0000   1.0000
   1.0000   1.0000   1.0000
   1.0000   1.0000   1.0000
   1.0000   1.0000   1.0000
   1.0000   1.0000   1.0000
   1.0000   1.0000   1.0000
   1.0000   1.0000   1.0000
   1.0000   1.0000   1.0000
   1.0000   1.0000   1.0000
   1.0000   1.0000   1.0000
   1.0000   1.0000   1.0000
   1.0000   1.0000   1.0000
   1.0000   1.0000   1.0000
   1.0000   1.0000   1.0000
   1.0000   1.0000   1.0000
   1.0000   1.0000   1.0000
   1.0000   1.0000   1.0000
   1.0000   1.0000   1.0000
   1.0000   1.0000   1.0000
   1.0000   1.0000   1.0000
   1.0000   1.0000   1.0000
   1.0000   1.0000   1.0000
   1.0000   1.0000   1.0000
   1.0000   1.0000   1.0000
   1.0000   1.0000   1.0000
   1.0000   1.0000   1.0000
   1.0000   1.0000   1.0000
   1.0000   1.0000   1.0000

applying weight : 1
applying weight : 1
applying weight : 1
Here are the weights in c++ : 
   1.0000   1.0000   1.0000
   1.0000   1.0000   1.0000
   1.0000   1.0000   1.0000
   1.0000   1.0000   1.0000
   1.0000   1.0000   1.0000
   1.0000   1.0000   1.0000
   1.0000   1.0000   1.0000
   1.0000   1.0000   1.0000
   1.0000   1.0000   1.0000
   1.0000   1.0000   1.0000
   1.0000   1.0000   1.0000
   1.0000   1.0000   1.0000
   1.0000   1.0000   1.0000
   1.0000   1.0000   1.0000
   1.0000   1.0000   1.0000
   1.0000   1.0000   1.0000
   1.0000   1.0000   1.0000
   1.0000   1.0000   1.0000
   1.0000   1.0000   1.0000
   1.0000   1.0000   1.0000
   1.0000   1.0000   1.0000
   1.0000   1.0000   1.0000
   1.0000   1.0000   1.0000
   1.0000   1.0000   1.0000
   1.0000   1.0000   1.0000
   1.0000   1.0000   1.0000
   1.0000   1.0000   1.0000
   1.0000   1.0000   1.0000
   1.0000   1.0000   1.0000
   1.0000   1.0000   1.0000
   1.0000   1.0000   1.0000
   1.0000   1.0000   1.0000
   1.0000   1.0000   1.0000
   1.0000   1.0000   1.0000
   1.0000   1.0000   1.0000
   1.0000   1.0000   1.0000
   1.0000   1.0000   1.0000
   1.0000   1.0000   1.0000

applying weight : 1
applying weight : 1
applying weight : 1
Here are the weights in c++ : 
   1.0000   1.0000   1.0000
   1.0000   1.0000   1.0000
   1.0000   1.0000   1.0000
   1.0000   1.0000   1.0000
   1.0000   1.0000   1.0000
   1.0000   1.0000   1.0000
   1.0000   1.0000   1.0000
   1.0000   1.0000   1.0000
   1.0000   1.0000   1.0000
   1.0000   1.0000   1.0000
   1.0000   1.0000   1.0000
   1.0000   1.0000   1.0000
   1.0000   1.0000   1.0000
   1.0000   1.0000   1.0000
   1.0000   1.0000   1.0000
   1.0000   1.0000   1.0000
   1.0000   1.0000   1.0000
   1.0000   1.0000   1.0000
   1.0000   1.0000   1.0000
   1.0000   1.0000   1.0000
   1.0000   1.0000   1.0000
   1.0000   1.0000   1.0000
   1.0000   1.0000   1.0000
   1.0000   1.0000   1.0000
   1.0000   1.0000   1.0000
   1.0000   1.0000   1.0000
   1.0000   1.0000   1.0000
   1.0000   1.0000   1.0000
   1.0000   1.0000   1.0000
   1.0000   1.0000   1.0000
   1.0000   1.0000   1.0000
   1.0000   1.0000   1.0000
   1.0000   1.0000   1.0000
   1.0000   1.0000   1.0000
   1.0000   1.0000   1.0000
   1.0000   1.0000   1.0000
   1.0000   1.0000   1.0000
   1.0000   1.0000   1.0000

applying weight : 1
applying weight : 1
applying weight : 1
Here are the weights in c++ : 
   1.0000   1.0000   1.0000
   1.0000   1.0000   1.0000
   1.0000   1.0000   1.0000
   1.0000   1.0000   1.0000
   1.0000   1.0000   1.0000
   1.0000   1.0000   1.0000
   1.0000   1.0000   1.0000
   1.0000   1.0000   1.0000
   1.0000   1.0000   1.0000
   1.0000   1.0000   1.0000
   1.0000   1.0000   1.0000
   1.0000   1.0000   1.0000
   1.0000   1.0000   1.0000
   1.0000   1.0000   1.0000
   1.0000   1.0000   1.0000
   1.0000   1.0000   1.0000
   1.0000   1.0000   1.0000
   1.0000   1.0000   1.0000
   1.0000   1.0000   1.0000
   1.0000   1.0000   1.0000
   1.0000   1.0000   1.0000
   1.0000   1.0000   1.0000
   1.0000   1.0000   1.0000
   1.0000   1.0000   1.0000
   1.0000   1.0000   1.0000
   1.0000   1.0000   1.0000
   1.0000   1.0000   1.0000
   1.0000   1.0000   1.0000
   1.0000   1.0000   1.0000
   1.0000   1.0000   1.0000
   1.0000   1.0000   1.0000
   1.0000   1.0000   1.0000
   1.0000   1.0000   1.0000
   1.0000   1.0000   1.0000
   1.0000   1.0000   1.0000
   1.0000   1.0000   1.0000
   1.0000   1.0000   1.0000
   1.0000   1.0000   1.0000

applying weight : 1
applying weight : 1
applying weight : 1
Here are the weights in c++ : 
   1.0000   1.0000   1.0000
   1.0000   1.0000   1.0000
   1.0000   1.0000   1.0000
   1.0000   1.0000   1.0000
   1.0000   1.0000   1.0000
   1.0000   1.0000   1.0000
   1.0000   1.0000   1.0000
   1.0000   1.0000   1.0000
   1.0000   1.0000   1.0000
   1.0000   1.0000   1.0000
   1.0000   1.0000   1.0000
   1.0000   1.0000   1.0000
   1.0000   1.0000   1.0000
   1.0000   1.0000   1.0000
   1.0000   1.0000   1.0000
   1.0000   1.0000   1.0000
   1.0000   1.0000   1.0000
   1.0000   1.0000   1.0000
   1.0000   1.0000   1.0000
   1.0000   1.0000   1.0000
   1.0000   1.0000   1.0000
   1.0000   1.0000   1.0000
   1.0000   1.0000   1.0000
   1.0000   1.0000   1.0000
   1.0000   1.0000   1.0000
   1.0000   1.0000   1.0000
   1.0000   1.0000   1.0000
   1.0000   1.0000   1.0000
   1.0000   1.0000   1.0000
   1.0000   1.0000   1.0000
   1.0000   1.0000   1.0000
   1.0000   1.0000   1.0000
   1.0000   1.0000   1.0000
   1.0000   1.0000   1.0000
   1.0000   1.0000   1.0000
   1.0000   1.0000   1.0000
   1.0000   1.0000   1.0000
   1.0000   1.0000   1.0000

applying weight : 1
applying weight : 1
applying weight : 1
Here are the weights in c++ : 
   1.0000   1.0000   1.0000
   1.0000   1.0000   1.0000
   1.0000   1.0000   1.0000
   1.0000   1.0000   1.0000
   1.0000   1.0000   1.0000
   1.0000   1.0000   1.0000
   1.0000   1.0000   1.0000
   1.0000   1.0000   1.0000
   1.0000   1.0000   1.0000
   1.0000   1.0000   1.0000
   1.0000   1.0000   1.0000
   1.0000   1.0000   1.0000
   1.0000   1.0000   1.0000
   1.0000   1.0000   1.0000
   1.0000   1.0000   1.0000
   1.0000   1.0000   1.0000
   1.0000   1.0000   1.0000
   1.0000   1.0000   1.0000
   1.0000   1.0000   1.0000
   1.0000   1.0000   1.0000
   1.0000   1.0000   1.0000
   1.0000   1.0000   1.0000
   1.0000   1.0000   1.0000
   1.0000   1.0000   1.0000
   1.0000   1.0000   1.0000
   1.0000   1.0000   1.0000
   1.0000   1.0000   1.0000
   1.0000   1.0000   1.0000
   1.0000   1.0000   1.0000
   1.0000   1.0000   1.0000
   1.0000   1.0000   1.0000
   1.0000   1.0000   1.0000
   1.0000   1.0000   1.0000
   1.0000   1.0000   1.0000
   1.0000   1.0000   1.0000
   1.0000   1.0000   1.0000
   1.0000   1.0000   1.0000
   1.0000   1.0000   1.0000

applying weight : 1
applying weight : 1
applying weight : 1
Here are the weights in c++ : 
   1.0000   1.0000   1.0000
   1.0000   1.0000   1.0000
   1.0000   1.0000   1.0000
   1.0000   1.0000   1.0000
   1.0000   1.0000   1.0000
   1.0000   1.0000   1.0000
   1.0000   1.0000   1.0000
   1.0000   1.0000   1.0000
   1.0000   1.0000   1.0000
   1.0000   1.0000   1.0000
   1.0000   1.0000   1.0000
   1.0000   1.0000   1.0000
   1.0000   1.0000   1.0000
   1.0000   1.0000   1.0000
   1.0000   1.0000   1.0000
   1.0000   1.0000   1.0000
   1.0000   1.0000   1.0000
   1.0000   1.0000   1.0000
   1.0000   1.0000   1.0000
   1.0000   1.0000   1.0000
   1.0000   1.0000   1.0000
   1.0000   1.0000   1.0000
   1.0000   1.0000   1.0000
   1.0000   1.0000   1.0000
   1.0000   1.0000   1.0000
   1.0000   1.0000   1.0000
   1.0000   1.0000   1.0000
   1.0000   1.0000   1.0000
   1.0000   1.0000   1.0000
   1.0000   1.0000   1.0000
   1.0000   1.0000   1.0000
   1.0000   1.0000   1.0000
   1.0000   1.0000   1.0000
   1.0000   1.0000   1.0000
   1.0000   1.0000   1.0000
   1.0000   1.0000   1.0000
   1.0000   1.0000   1.0000
   1.0000   1.0000   1.0000

applying weight : 1
applying weight : 1
applying weight : 1
Here are the weights in c++ : 
   1.0000   1.0000   1.0000
   1.0000   1.0000   1.0000
   1.0000   1.0000   1.0000
   1.0000   1.0000   1.0000
   1.0000   1.0000   1.0000
   1.0000   1.0000   1.0000
   1.0000   1.0000   1.0000
   1.0000   1.0000   1.0000
   1.0000   1.0000   1.0000
   1.0000   1.0000   1.0000
   1.0000   1.0000   1.0000
   1.0000   1.0000   1.0000
   1.0000   1.0000   1.0000
   1.0000   1.0000   1.0000
   1.0000   1.0000   1.0000
   1.0000   1.0000   1.0000
   1.0000   1.0000   1.0000
   1.0000   1.0000   1.0000
   1.0000   1.0000   1.0000
   1.0000   1.0000   1.0000
   1.0000   1.0000   1.0000
   1.0000   1.0000   1.0000
   1.0000   1.0000   1.0000
   1.0000   1.0000   1.0000
   1.0000   1.0000   1.0000
   1.0000   1.0000   1.0000
   1.0000   1.0000   1.0000
   1.0000   1.0000   1.0000
   1.0000   1.0000   1.0000
   1.0000   1.0000   1.0000
   1.0000   1.0000   1.0000
   1.0000   1.0000   1.0000
   1.0000   1.0000   1.0000
   1.0000   1.0000   1.0000
   1.0000   1.0000   1.0000
   1.0000   1.0000   1.0000
   1.0000   1.0000   1.0000
   1.0000   1.0000   1.0000

applying weight : 1
applying weight : 1
applying weight : 1
Here are the weights in c++ : 
   1.0000   1.0000   1.0000
   1.0000   1.0000   1.0000
   1.0000   1.0000   1.0000
   1.0000   1.0000   1.0000
   1.0000   1.0000   1.0000
   1.0000   1.0000   1.0000
   1.0000   1.0000   1.0000
   1.0000   1.0000   1.0000
   1.0000   1.0000   1.0000
   1.0000   1.0000   1.0000
   1.0000   1.0000   1.0000
   1.0000   1.0000   1.0000
   1.0000   1.0000   1.0000
   1.0000   1.0000   1.0000
   1.0000   1.0000   1.0000
   1.0000   1.0000   1.0000
   1.0000   1.0000   1.0000
   1.0000   1.0000   1.0000
   1.0000   1.0000   1.0000
   1.0000   1.0000   1.0000
   1.0000   1.0000   1.0000
   1.0000   1.0000   1.0000
   1.0000   1.0000   1.0000
   1.0000   1.0000   1.0000
   1.0000   1.0000   1.0000
   1.0000   1.0000   1.0000
   1.0000   1.0000   1.0000
   1.0000   1.0000   1.0000
   1.0000   1.0000   1.0000
   1.0000   1.0000   1.0000
   1.0000   1.0000   1.0000
   1.0000   1.0000   1.0000
   1.0000   1.0000   1.0000
   1.0000   1.0000   1.0000
   1.0000   1.0000   1.0000
   1.0000   1.0000   1.0000
   1.0000   1.0000   1.0000
   1.0000   1.0000   1.0000

applying weight : 1
applying weight : 1
applying weight : 1
Here are the weights in c++ : 
   1.0000   1.0000   1.0000
   1.0000   1.0000   1.0000
   1.0000   1.0000   1.0000
   1.0000   1.0000   1.0000
   1.0000   1.0000   1.0000
   1.0000   1.0000   1.0000
   1.0000   1.0000   1.0000
   1.0000   1.0000   1.0000
   1.0000   1.0000   1.0000
   1.0000   1.0000   1.0000
   1.0000   1.0000   1.0000
   1.0000   1.0000   1.0000
   1.0000   1.0000   1.0000
   1.0000   1.0000   1.0000
   1.0000   1.0000   1.0000
   1.0000   1.0000   1.0000
   1.0000   1.0000   1.0000
   1.0000   1.0000   1.0000
   1.0000   1.0000   1.0000
   1.0000   1.0000   1.0000
   1.0000   1.0000   1.0000
   1.0000   1.0000   1.0000
   1.0000   1.0000   1.0000
   1.0000   1.0000   1.0000
   1.0000   1.0000   1.0000
   1.0000   1.0000   1.0000
   1.0000   1.0000   1.0000
   1.0000   1.0000   1.0000
   1.0000   1.0000   1.0000
   1.0000   1.0000   1.0000
   1.0000   1.0000   1.0000
   1.0000   1.0000   1.0000
   1.0000   1.0000   1.0000
   1.0000   1.0000   1.0000
   1.0000   1.0000   1.0000
   1.0000   1.0000   1.0000
   1.0000   1.0000   1.0000
   1.0000   1.0000   1.0000

applying weight : 1
applying weight : 1
applying weight : 1
Here are the weights in c++ : 
   1.0000   1.0000   1.0000
   1.0000   1.0000   1.0000
   1.0000   1.0000   1.0000
   1.0000   1.0000   1.0000
   1.0000   1.0000   1.0000
   1.0000   1.0000   1.0000
   1.0000   1.0000   1.0000
   1.0000   1.0000   1.0000
   1.0000   1.0000   1.0000
   1.0000   1.0000   1.0000
   1.0000   1.0000   1.0000
   1.0000   1.0000   1.0000
   1.0000   1.0000   1.0000
   1.0000   1.0000   1.0000
   1.0000   1.0000   1.0000
   1.0000   1.0000   1.0000
   1.0000   1.0000   1.0000
   1.0000   1.0000   1.0000
   1.0000   1.0000   1.0000
   1.0000   1.0000   1.0000
   1.0000   1.0000   1.0000
   1.0000   1.0000   1.0000
   1.0000   1.0000   1.0000
   1.0000   1.0000   1.0000
   1.0000   1.0000   1.0000
   1.0000   1.0000   1.0000
   1.0000   1.0000   1.0000
   1.0000   1.0000   1.0000
   1.0000   1.0000   1.0000
   1.0000   1.0000   1.0000
   1.0000   1.0000   1.0000
   1.0000   1.0000   1.0000
   1.0000   1.0000   1.0000
   1.0000   1.0000   1.0000
   1.0000   1.0000   1.0000
   1.0000   1.0000   1.0000
   1.0000   1.0000   1.0000
   1.0000   1.0000   1.0000

applying weight : 1
applying weight : 1
applying weight : 1
Here are the weights in c++ : 
   1.0000   1.0000   1.0000
   1.0000   1.0000   1.0000
   1.0000   1.0000   1.0000
   1.0000   1.0000   1.0000
   1.0000   1.0000   1.0000
   1.0000   1.0000   1.0000
   1.0000   1.0000   1.0000
   1.0000   1.0000   1.0000
   1.0000   1.0000   1.0000
   1.0000   1.0000   1.0000
   1.0000   1.0000   1.0000
   1.0000   1.0000   1.0000
   1.0000   1.0000   1.0000
   1.0000   1.0000   1.0000
   1.0000   1.0000   1.0000
   1.0000   1.0000   1.0000
   1.0000   1.0000   1.0000
   1.0000   1.0000   1.0000
   1.0000   1.0000   1.0000
   1.0000   1.0000   1.0000
   1.0000   1.0000   1.0000
   1.0000   1.0000   1.0000
   1.0000   1.0000   1.0000
   1.0000   1.0000   1.0000
   1.0000   1.0000   1.0000
   1.0000   1.0000   1.0000
   1.0000   1.0000   1.0000
   1.0000   1.0000   1.0000
   1.0000   1.0000   1.0000
   1.0000   1.0000   1.0000
   1.0000   1.0000   1.0000
   1.0000   1.0000   1.0000
   1.0000   1.0000   1.0000
   1.0000   1.0000   1.0000
   1.0000   1.0000   1.0000
   1.0000   1.0000   1.0000
   1.0000   1.0000   1.0000
   1.0000   1.0000   1.0000

applying weight : 1
applying weight : 1
applying weight : 1
Here are the weights in c++ : 
   1.0000   1.0000   1.0000
   1.0000   1.0000   1.0000
   1.0000   1.0000   1.0000
   1.0000   1.0000   1.0000
   1.0000   1.0000   1.0000
   1.0000   1.0000   1.0000
   1.0000   1.0000   1.0000
   1.0000   1.0000   1.0000
   1.0000   1.0000   1.0000
   1.0000   1.0000   1.0000
   1.0000   1.0000   1.0000
   1.0000   1.0000   1.0000
   1.0000   1.0000   1.0000
   1.0000   1.0000   1.0000
   1.0000   1.0000   1.0000
   1.0000   1.0000   1.0000
   1.0000   1.0000   1.0000
   1.0000   1.0000   1.0000
   1.0000   1.0000   1.0000
   1.0000   1.0000   1.0000
   1.0000   1.0000   1.0000
   1.0000   1.0000   1.0000
   1.0000   1.0000   1.0000
   1.0000   1.0000   1.0000
   1.0000   1.0000   1.0000
   1.0000   1.0000   1.0000
   1.0000   1.0000   1.0000
   1.0000   1.0000   1.0000
   1.0000   1.0000   1.0000
   1.0000   1.0000   1.0000
   1.0000   1.0000   1.0000
   1.0000   1.0000   1.0000
   1.0000   1.0000   1.0000
   1.0000   1.0000   1.0000
   1.0000   1.0000   1.0000
   1.0000   1.0000   1.0000
   1.0000   1.0000   1.0000
   1.0000   1.0000   1.0000

applying weight : 1
applying weight : 1
applying weight : 1
Here are the weights in c++ : 
   1.0000   1.0000   1.0000
   1.0000   1.0000   1.0000
   1.0000   1.0000   1.0000
   1.0000   1.0000   1.0000
   1.0000   1.0000   1.0000
   1.0000   1.0000   1.0000
   1.0000   1.0000   1.0000
   1.0000   1.0000   1.0000
   1.0000   1.0000   1.0000
   1.0000   1.0000   1.0000
   1.0000   1.0000   1.0000
   1.0000   1.0000   1.0000
   1.0000   1.0000   1.0000
   1.0000   1.0000   1.0000
   1.0000   1.0000   1.0000
   1.0000   1.0000   1.0000
   1.0000   1.0000   1.0000
   1.0000   1.0000   1.0000
   1.0000   1.0000   1.0000
   1.0000   1.0000   1.0000
   1.0000   1.0000   1.0000
   1.0000   1.0000   1.0000
   1.0000   1.0000   1.0000
   1.0000   1.0000   1.0000
   1.0000   1.0000   1.0000
   1.0000   1.0000   1.0000
   1.0000   1.0000   1.0000
   1.0000   1.0000   1.0000
   1.0000   1.0000   1.0000
   1.0000   1.0000   1.0000
   1.0000   1.0000   1.0000
   1.0000   1.0000   1.0000
   1.0000   1.0000   1.0000
   1.0000   1.0000   1.0000
   1.0000   1.0000   1.0000
   1.0000   1.0000   1.0000
   1.0000   1.0000   1.0000
   1.0000   1.0000   1.0000

applying weight : 1
applying weight : 1
applying weight : 1
Here are the weights in c++ : 
   1.0000   1.0000   1.0000
   1.0000   1.0000   1.0000
   1.0000   1.0000   1.0000
   1.0000   1.0000   1.0000
   1.0000   1.0000   1.0000
   1.0000   1.0000   1.0000
   1.0000   1.0000   1.0000
   1.0000   1.0000   1.0000
   1.0000   1.0000   1.0000
   1.0000   1.0000   1.0000
   1.0000   1.0000   1.0000
   1.0000   1.0000   1.0000
   1.0000   1.0000   1.0000
   1.0000   1.0000   1.0000
   1.0000   1.0000   1.0000
   1.0000   1.0000   1.0000
   1.0000   1.0000   1.0000
   1.0000   1.0000   1.0000
   1.0000   1.0000   1.0000
   1.0000   1.0000   1.0000
   1.0000   1.0000   1.0000
   1.0000   1.0000   1.0000
   1.0000   1.0000   1.0000
   1.0000   1.0000   1.0000
   1.0000   1.0000   1.0000
   1.0000   1.0000   1.0000
   1.0000   1.0000   1.0000
   1.0000   1.0000   1.0000
   1.0000   1.0000   1.0000
   1.0000   1.0000   1.0000
   1.0000   1.0000   1.0000
   1.0000   1.0000   1.0000
   1.0000   1.0000   1.0000
   1.0000   1.0000   1.0000
   1.0000   1.0000   1.0000
   1.0000   1.0000   1.0000
   1.0000   1.0000   1.0000
   1.0000   1.0000   1.0000

applying weight : 1
applying weight : 1
applying weight : 1
Here are the weights in c++ : 
   1.0000   1.0000   1.0000
   1.0000   1.0000   1.0000
   1.0000   1.0000   1.0000
   1.0000   1.0000   1.0000
   1.0000   1.0000   1.0000
   1.0000   1.0000   1.0000
   1.0000   1.0000   1.0000
   1.0000   1.0000   1.0000
   1.0000   1.0000   1.0000
   1.0000   1.0000   1.0000
   1.0000   1.0000   1.0000
   1.0000   1.0000   1.0000
   1.0000   1.0000   1.0000
   1.0000   1.0000   1.0000
   1.0000   1.0000   1.0000
   1.0000   1.0000   1.0000
   1.0000   1.0000   1.0000
   1.0000   1.0000   1.0000
   1.0000   1.0000   1.0000
   1.0000   1.0000   1.0000
   1.0000   1.0000   1.0000
   1.0000   1.0000   1.0000
   1.0000   1.0000   1.0000
   1.0000   1.0000   1.0000
   1.0000   1.0000   1.0000
   1.0000   1.0000   1.0000
   1.0000   1.0000   1.0000
   1.0000   1.0000   1.0000
   1.0000   1.0000   1.0000
   1.0000   1.0000   1.0000
   1.0000   1.0000   1.0000
   1.0000   1.0000   1.0000
   1.0000   1.0000   1.0000
   1.0000   1.0000   1.0000
   1.0000   1.0000   1.0000
   1.0000   1.0000   1.0000
   1.0000   1.0000   1.0000
   1.0000   1.0000   1.0000

applying weight : 1
applying weight : 1
applying weight : 1
Here are the weights in c++ : 
   1.0000   1.0000   1.0000
   1.0000   1.0000   1.0000
   1.0000   1.0000   1.0000
   1.0000   1.0000   1.0000
   1.0000   1.0000   1.0000
   1.0000   1.0000   1.0000
   1.0000   1.0000   1.0000
   1.0000   1.0000   1.0000
   1.0000   1.0000   1.0000
   1.0000   1.0000   1.0000
   1.0000   1.0000   1.0000
   1.0000   1.0000   1.0000
   1.0000   1.0000   1.0000
   1.0000   1.0000   1.0000
   1.0000   1.0000   1.0000
   1.0000   1.0000   1.0000
   1.0000   1.0000   1.0000
   1.0000   1.0000   1.0000
   1.0000   1.0000   1.0000
   1.0000   1.0000   1.0000
   1.0000   1.0000   1.0000
   1.0000   1.0000   1.0000
   1.0000   1.0000   1.0000
   1.0000   1.0000   1.0000
   1.0000   1.0000   1.0000
   1.0000   1.0000   1.0000
   1.0000   1.0000   1.0000
   1.0000   1.0000   1.0000
   1.0000   1.0000   1.0000
   1.0000   1.0000   1.0000
   1.0000   1.0000   1.0000
   1.0000   1.0000   1.0000
   1.0000   1.0000   1.0000
   1.0000   1.0000   1.0000
   1.0000   1.0000   1.0000
   1.0000   1.0000   1.0000
   1.0000   1.0000   1.0000
   1.0000   1.0000   1.0000

applying weight : 1
applying weight : 1
applying weight : 1
Here are the weights in c++ : 
   1.0000   1.0000   1.0000
   1.0000   1.0000   1.0000
   1.0000   1.0000   1.0000
   1.0000   1.0000   1.0000
   1.0000   1.0000   1.0000
   1.0000   1.0000   1.0000
   1.0000   1.0000   1.0000
   1.0000   1.0000   1.0000
   1.0000   1.0000   1.0000
   1.0000   1.0000   1.0000
   1.0000   1.0000   1.0000
   1.0000   1.0000   1.0000
   1.0000   1.0000   1.0000
   1.0000   1.0000   1.0000
   1.0000   1.0000   1.0000
   1.0000   1.0000   1.0000
   1.0000   1.0000   1.0000
   1.0000   1.0000   1.0000
   1.0000   1.0000   1.0000
   1.0000   1.0000   1.0000
   1.0000   1.0000   1.0000
   1.0000   1.0000   1.0000
   1.0000   1.0000   1.0000
   1.0000   1.0000   1.0000
   1.0000   1.0000   1.0000
   1.0000   1.0000   1.0000
   1.0000   1.0000   1.0000
   1.0000   1.0000   1.0000
   1.0000   1.0000   1.0000
   1.0000   1.0000   1.0000
   1.0000   1.0000   1.0000
   1.0000   1.0000   1.0000
   1.0000   1.0000   1.0000
   1.0000   1.0000   1.0000
   1.0000   1.0000   1.0000
   1.0000   1.0000   1.0000
   1.0000   1.0000   1.0000
   1.0000   1.0000   1.0000

applying weight : 1
applying weight : 1
applying weight : 1
Here are the weights in c++ : 
   1.0000   1.0000   1.0000
   1.0000   1.0000   1.0000
   1.0000   1.0000   1.0000
   1.0000   1.0000   1.0000
   1.0000   1.0000   1.0000
   1.0000   1.0000   1.0000
   1.0000   1.0000   1.0000
   1.0000   1.0000   1.0000
   1.0000   1.0000   1.0000
   1.0000   1.0000   1.0000
   1.0000   1.0000   1.0000
   1.0000   1.0000   1.0000
   1.0000   1.0000   1.0000
   1.0000   1.0000   1.0000
   1.0000   1.0000   1.0000
   1.0000   1.0000   1.0000
   1.0000   1.0000   1.0000
   1.0000   1.0000   1.0000
   1.0000   1.0000   1.0000
   1.0000   1.0000   1.0000
   1.0000   1.0000   1.0000
   1.0000   1.0000   1.0000
   1.0000   1.0000   1.0000
   1.0000   1.0000   1.0000
   1.0000   1.0000   1.0000
   1.0000   1.0000   1.0000
   1.0000   1.0000   1.0000
   1.0000   1.0000   1.0000
   1.0000   1.0000   1.0000
   1.0000   1.0000   1.0000
   1.0000   1.0000   1.0000
   1.0000   1.0000   1.0000
   1.0000   1.0000   1.0000
   1.0000   1.0000   1.0000
   1.0000   1.0000   1.0000
   1.0000   1.0000   1.0000
   1.0000   1.0000   1.0000
   1.0000   1.0000   1.0000

applying weight : 1
applying weight : 1
applying weight : 1
Here are the weights in c++ : 
   1.0000   1.0000   1.0000
   1.0000   1.0000   1.0000
   1.0000   1.0000   1.0000
   1.0000   1.0000   1.0000
   1.0000   1.0000   1.0000
   1.0000   1.0000   1.0000
   1.0000   1.0000   1.0000
   1.0000   1.0000   1.0000
   1.0000   1.0000   1.0000
   1.0000   1.0000   1.0000
   1.0000   1.0000   1.0000
   1.0000   1.0000   1.0000
   1.0000   1.0000   1.0000
   1.0000   1.0000   1.0000
   1.0000   1.0000   1.0000
   1.0000   1.0000   1.0000
   1.0000   1.0000   1.0000
   1.0000   1.0000   1.0000
   1.0000   1.0000   1.0000
   1.0000   1.0000   1.0000
   1.0000   1.0000   1.0000
   1.0000   1.0000   1.0000
   1.0000   1.0000   1.0000
   1.0000   1.0000   1.0000
   1.0000   1.0000   1.0000
   1.0000   1.0000   1.0000
   1.0000   1.0000   1.0000
   1.0000   1.0000   1.0000
   1.0000   1.0000   1.0000
   1.0000   1.0000   1.0000
   1.0000   1.0000   1.0000
   1.0000   1.0000   1.0000
   1.0000   1.0000   1.0000
   1.0000   1.0000   1.0000
   1.0000   1.0000   1.0000
   1.0000   1.0000   1.0000
   1.0000   1.0000   1.0000
   1.0000   1.0000   1.0000

applying weight : 1
applying weight : 1
applying weight : 1
Here are the weights in c++ : 
   1.0000   1.0000   1.0000
   1.0000   1.0000   1.0000
   1.0000   1.0000   1.0000
   1.0000   1.0000   1.0000
   1.0000   1.0000   1.0000
   1.0000   1.0000   1.0000
   1.0000   1.0000   1.0000
   1.0000   1.0000   1.0000
   1.0000   1.0000   1.0000
   1.0000   1.0000   1.0000
   1.0000   1.0000   1.0000
   1.0000   1.0000   1.0000
   1.0000   1.0000   1.0000
   1.0000   1.0000   1.0000
   1.0000   1.0000   1.0000
   1.0000   1.0000   1.0000
   1.0000   1.0000   1.0000
   1.0000   1.0000   1.0000
   1.0000   1.0000   1.0000
   1.0000   1.0000   1.0000
   1.0000   1.0000   1.0000
   1.0000   1.0000   1.0000
   1.0000   1.0000   1.0000
   1.0000   1.0000   1.0000
   1.0000   1.0000   1.0000
   1.0000   1.0000   1.0000
   1.0000   1.0000   1.0000
   1.0000   1.0000   1.0000
   1.0000   1.0000   1.0000
   1.0000   1.0000   1.0000
   1.0000   1.0000   1.0000
   1.0000   1.0000   1.0000
   1.0000   1.0000   1.0000
   1.0000   1.0000   1.0000
   1.0000   1.0000   1.0000
   1.0000   1.0000   1.0000
   1.0000   1.0000   1.0000
   1.0000   1.0000   1.0000

applying weight : 1
applying weight : 1
applying weight : 1
Here are the weights in c++ : 
   1.0000   1.0000   1.0000
   1.0000   1.0000   1.0000
   1.0000   1.0000   1.0000
   1.0000   1.0000   1.0000
   1.0000   1.0000   1.0000
   1.0000   1.0000   1.0000
   1.0000   1.0000   1.0000
   1.0000   1.0000   1.0000
   1.0000   1.0000   1.0000
   1.0000   1.0000   1.0000
   1.0000   1.0000   1.0000
   1.0000   1.0000   1.0000
   1.0000   1.0000   1.0000
   1.0000   1.0000   1.0000
   1.0000   1.0000   1.0000
   1.0000   1.0000   1.0000
   1.0000   1.0000   1.0000
   1.0000   1.0000   1.0000
   1.0000   1.0000   1.0000
   1.0000   1.0000   1.0000
   1.0000   1.0000   1.0000
   1.0000   1.0000   1.0000
   1.0000   1.0000   1.0000
   1.0000   1.0000   1.0000
   1.0000   1.0000   1.0000
   1.0000   1.0000   1.0000
   1.0000   1.0000   1.0000
   1.0000   1.0000   1.0000
   1.0000   1.0000   1.0000
   1.0000   1.0000   1.0000
   1.0000   1.0000   1.0000
   1.0000   1.0000   1.0000
   1.0000   1.0000   1.0000
   1.0000   1.0000   1.0000
   1.0000   1.0000   1.0000
   1.0000   1.0000   1.0000
   1.0000   1.0000   1.0000
   1.0000   1.0000   1.0000

applying weight : 1
applying weight : 1
applying weight : 1
Here are the weights in c++ : 
   1.0000   1.0000   1.0000
   1.0000   1.0000   1.0000
   1.0000   1.0000   1.0000
   1.0000   1.0000   1.0000
   1.0000   1.0000   1.0000
   1.0000   1.0000   1.0000
   1.0000   1.0000   1.0000
   1.0000   1.0000   1.0000
   1.0000   1.0000   1.0000
   1.0000   1.0000   1.0000
   1.0000   1.0000   1.0000
   1.0000   1.0000   1.0000
   1.0000   1.0000   1.0000
   1.0000   1.0000   1.0000
   1.0000   1.0000   1.0000
   1.0000   1.0000   1.0000
   1.0000   1.0000   1.0000
   1.0000   1.0000   1.0000
   1.0000   1.0000   1.0000
   1.0000   1.0000   1.0000
   1.0000   1.0000   1.0000
   1.0000   1.0000   1.0000
   1.0000   1.0000   1.0000
   1.0000   1.0000   1.0000
   1.0000   1.0000   1.0000
   1.0000   1.0000   1.0000
   1.0000   1.0000   1.0000
   1.0000   1.0000   1.0000
   1.0000   1.0000   1.0000
   1.0000   1.0000   1.0000
   1.0000   1.0000   1.0000
   1.0000   1.0000   1.0000
   1.0000   1.0000   1.0000
   1.0000   1.0000   1.0000
   1.0000   1.0000   1.0000
   1.0000   1.0000   1.0000
   1.0000   1.0000   1.0000
   1.0000   1.0000   1.0000

applying weight : 1
applying weight : 1
applying weight : 1
Here are the weights in c++ : 
   1.0000   1.0000   1.0000
   1.0000   1.0000   1.0000
   1.0000   1.0000   1.0000
   1.0000   1.0000   1.0000
   1.0000   1.0000   1.0000
   1.0000   1.0000   1.0000
   1.0000   1.0000   1.0000
   1.0000   1.0000   1.0000
   1.0000   1.0000   1.0000
   1.0000   1.0000   1.0000
   1.0000   1.0000   1.0000
   1.0000   1.0000   1.0000
   1.0000   1.0000   1.0000
   1.0000   1.0000   1.0000
   1.0000   1.0000   1.0000
   1.0000   1.0000   1.0000
   1.0000   1.0000   1.0000
   1.0000   1.0000   1.0000
   1.0000   1.0000   1.0000
   1.0000   1.0000   1.0000
   1.0000   1.0000   1.0000
   1.0000   1.0000   1.0000
   1.0000   1.0000   1.0000
   1.0000   1.0000   1.0000
   1.0000   1.0000   1.0000
   1.0000   1.0000   1.0000
   1.0000   1.0000   1.0000
   1.0000   1.0000   1.0000
   1.0000   1.0000   1.0000
   1.0000   1.0000   1.0000
   1.0000   1.0000   1.0000
   1.0000   1.0000   1.0000
   1.0000   1.0000   1.0000
   1.0000   1.0000   1.0000
   1.0000   1.0000   1.0000
   1.0000   1.0000   1.0000
   1.0000   1.0000   1.0000
   1.0000   1.0000   1.0000

applying weight : 1
applying weight : 1
applying weight : 1
Here are the weights in c++ : 
   1.0000   1.0000   1.0000
   1.0000   1.0000   1.0000
   1.0000   1.0000   1.0000
   1.0000   1.0000   1.0000
   1.0000   1.0000   1.0000
   1.0000   1.0000   1.0000
   1.0000   1.0000   1.0000
   1.0000   1.0000   1.0000
   1.0000   1.0000   1.0000
   1.0000   1.0000   1.0000
   1.0000   1.0000   1.0000
   1.0000   1.0000   1.0000
   1.0000   1.0000   1.0000
   1.0000   1.0000   1.0000
   1.0000   1.0000   1.0000
   1.0000   1.0000   1.0000
   1.0000   1.0000   1.0000
   1.0000   1.0000   1.0000
   1.0000   1.0000   1.0000
   1.0000   1.0000   1.0000
   1.0000   1.0000   1.0000
   1.0000   1.0000   1.0000
   1.0000   1.0000   1.0000
   1.0000   1.0000   1.0000
   1.0000   1.0000   1.0000
   1.0000   1.0000   1.0000
   1.0000   1.0000   1.0000
   1.0000   1.0000   1.0000
   1.0000   1.0000   1.0000
   1.0000   1.0000   1.0000
   1.0000   1.0000   1.0000
   1.0000   1.0000   1.0000
   1.0000   1.0000   1.0000
   1.0000   1.0000   1.0000
   1.0000   1.0000   1.0000
   1.0000   1.0000   1.0000
   1.0000   1.0000   1.0000
   1.0000   1.0000   1.0000

applying weight : 1
applying weight : 1
applying weight : 1
Here are the weights in c++ : 
   1.0000   1.0000   1.0000
   1.0000   1.0000   1.0000
   1.0000   1.0000   1.0000
   1.0000   1.0000   1.0000
   1.0000   1.0000   1.0000
   1.0000   1.0000   1.0000
   1.0000   1.0000   1.0000
   1.0000   1.0000   1.0000
   1.0000   1.0000   1.0000
   1.0000   1.0000   1.0000
   1.0000   1.0000   1.0000
   1.0000   1.0000   1.0000
   1.0000   1.0000   1.0000
   1.0000   1.0000   1.0000
   1.0000   1.0000   1.0000
   1.0000   1.0000   1.0000
   1.0000   1.0000   1.0000
   1.0000   1.0000   1.0000
   1.0000   1.0000   1.0000
   1.0000   1.0000   1.0000
   1.0000   1.0000   1.0000
   1.0000   1.0000   1.0000
   1.0000   1.0000   1.0000
   1.0000   1.0000   1.0000
   1.0000   1.0000   1.0000
   1.0000   1.0000   1.0000
   1.0000   1.0000   1.0000
   1.0000   1.0000   1.0000
   1.0000   1.0000   1.0000
   1.0000   1.0000   1.0000
   1.0000   1.0000   1.0000
   1.0000   1.0000   1.0000
   1.0000   1.0000   1.0000
   1.0000   1.0000   1.0000
   1.0000   1.0000   1.0000
   1.0000   1.0000   1.0000
   1.0000   1.0000   1.0000
   1.0000   1.0000   1.0000

applying weight : 1
applying weight : 1
applying weight : 1
Here are the weights in c++ : 
   1.0000   1.0000   1.0000
   1.0000   1.0000   1.0000
   1.0000   1.0000   1.0000
   1.0000   1.0000   1.0000
   1.0000   1.0000   1.0000
   1.0000   1.0000   1.0000
   1.0000   1.0000   1.0000
   1.0000   1.0000   1.0000
   1.0000   1.0000   1.0000
   1.0000   1.0000   1.0000
   1.0000   1.0000   1.0000
   1.0000   1.0000   1.0000
   1.0000   1.0000   1.0000
   1.0000   1.0000   1.0000
   1.0000   1.0000   1.0000
   1.0000   1.0000   1.0000
   1.0000   1.0000   1.0000
   1.0000   1.0000   1.0000
   1.0000   1.0000   1.0000
   1.0000   1.0000   1.0000
   1.0000   1.0000   1.0000
   1.0000   1.0000   1.0000
   1.0000   1.0000   1.0000
   1.0000   1.0000   1.0000
   1.0000   1.0000   1.0000
   1.0000   1.0000   1.0000
   1.0000   1.0000   1.0000
   1.0000   1.0000   1.0000
   1.0000   1.0000   1.0000
   1.0000   1.0000   1.0000
   1.0000   1.0000   1.0000
   1.0000   1.0000   1.0000
   1.0000   1.0000   1.0000
   1.0000   1.0000   1.0000
   1.0000   1.0000   1.0000
   1.0000   1.0000   1.0000
   1.0000   1.0000   1.0000
   1.0000   1.0000   1.0000

applying weight : 1
applying weight : 1
applying weight : 1
Here are the weights in c++ : 
   1.0000   1.0000   1.0000
   1.0000   1.0000   1.0000
   1.0000   1.0000   1.0000
   1.0000   1.0000   1.0000
   1.0000   1.0000   1.0000
   1.0000   1.0000   1.0000
   1.0000   1.0000   1.0000
   1.0000   1.0000   1.0000
   1.0000   1.0000   1.0000
   1.0000   1.0000   1.0000
   1.0000   1.0000   1.0000
   1.0000   1.0000   1.0000
   1.0000   1.0000   1.0000
   1.0000   1.0000   1.0000
   1.0000   1.0000   1.0000
   1.0000   1.0000   1.0000
   1.0000   1.0000   1.0000
   1.0000   1.0000   1.0000
   1.0000   1.0000   1.0000
   1.0000   1.0000   1.0000
   1.0000   1.0000   1.0000
   1.0000   1.0000   1.0000
   1.0000   1.0000   1.0000
   1.0000   1.0000   1.0000
   1.0000   1.0000   1.0000
   1.0000   1.0000   1.0000
   1.0000   1.0000   1.0000
   1.0000   1.0000   1.0000
   1.0000   1.0000   1.0000
   1.0000   1.0000   1.0000
   1.0000   1.0000   1.0000
   1.0000   1.0000   1.0000
   1.0000   1.0000   1.0000
   1.0000   1.0000   1.0000
   1.0000   1.0000   1.0000
   1.0000   1.0000   1.0000
   1.0000   1.0000   1.0000
   1.0000   1.0000   1.0000

applying weight : 1
applying weight : 1
applying weight : 1
Here are the weights in c++ : 
   1.0000   1.0000   1.0000
   1.0000   1.0000   1.0000
   1.0000   1.0000   1.0000
   1.0000   1.0000   1.0000
   1.0000   1.0000   1.0000
   1.0000   1.0000   1.0000
   1.0000   1.0000   1.0000
   1.0000   1.0000   1.0000
   1.0000   1.0000   1.0000
   1.0000   1.0000   1.0000
   1.0000   1.0000   1.0000
   1.0000   1.0000   1.0000
   1.0000   1.0000   1.0000
   1.0000   1.0000   1.0000
   1.0000   1.0000   1.0000
   1.0000   1.0000   1.0000
   1.0000   1.0000   1.0000
   1.0000   1.0000   1.0000
   1.0000   1.0000   1.0000
   1.0000   1.0000   1.0000
   1.0000   1.0000   1.0000
   1.0000   1.0000   1.0000
   1.0000   1.0000   1.0000
   1.0000   1.0000   1.0000
   1.0000   1.0000   1.0000
   1.0000   1.0000   1.0000
   1.0000   1.0000   1.0000
   1.0000   1.0000   1.0000
   1.0000   1.0000   1.0000
   1.0000   1.0000   1.0000
   1.0000   1.0000   1.0000
   1.0000   1.0000   1.0000
   1.0000   1.0000   1.0000
   1.0000   1.0000   1.0000
   1.0000   1.0000   1.0000
   1.0000   1.0000   1.0000
   1.0000   1.0000   1.0000
   1.0000   1.0000   1.0000

applying weight : 1
applying weight : 1
applying weight : 1
Here are the weights in c++ : 
   1.0000   1.0000   1.0000
   1.0000   1.0000   1.0000
   1.0000   1.0000   1.0000
   1.0000   1.0000   1.0000
   1.0000   1.0000   1.0000
   1.0000   1.0000   1.0000
   1.0000   1.0000   1.0000
   1.0000   1.0000   1.0000
   1.0000   1.0000   1.0000
   1.0000   1.0000   1.0000
   1.0000   1.0000   1.0000
   1.0000   1.0000   1.0000
   1.0000   1.0000   1.0000
   1.0000   1.0000   1.0000
   1.0000   1.0000   1.0000
   1.0000   1.0000   1.0000
   1.0000   1.0000   1.0000
   1.0000   1.0000   1.0000
   1.0000   1.0000   1.0000
   1.0000   1.0000   1.0000
   1.0000   1.0000   1.0000
   1.0000   1.0000   1.0000
   1.0000   1.0000   1.0000
   1.0000   1.0000   1.0000
   1.0000   1.0000   1.0000
   1.0000   1.0000   1.0000
   1.0000   1.0000   1.0000
   1.0000   1.0000   1.0000
   1.0000   1.0000   1.0000
   1.0000   1.0000   1.0000
   1.0000   1.0000   1.0000
   1.0000   1.0000   1.0000
   1.0000   1.0000   1.0000
   1.0000   1.0000   1.0000
   1.0000   1.0000   1.0000
   1.0000   1.0000   1.0000
   1.0000   1.0000   1.0000
   1.0000   1.0000   1.0000

applying weight : 1
applying weight : 1
applying weight : 1
Here are the weights in c++ : 
   1.0000   1.0000   1.0000
   1.0000   1.0000   1.0000
   1.0000   1.0000   1.0000
   1.0000   1.0000   1.0000
   1.0000   1.0000   1.0000
   1.0000   1.0000   1.0000
   1.0000   1.0000   1.0000
   1.0000   1.0000   1.0000
   1.0000   1.0000   1.0000
   1.0000   1.0000   1.0000
   1.0000   1.0000   1.0000
   1.0000   1.0000   1.0000
   1.0000   1.0000   1.0000
   1.0000   1.0000   1.0000
   1.0000   1.0000   1.0000
   1.0000   1.0000   1.0000
   1.0000   1.0000   1.0000
   1.0000   1.0000   1.0000
   1.0000   1.0000   1.0000
   1.0000   1.0000   1.0000
   1.0000   1.0000   1.0000
   1.0000   1.0000   1.0000
   1.0000   1.0000   1.0000
   1.0000   1.0000   1.0000
   1.0000   1.0000   1.0000
   1.0000   1.0000   1.0000
   1.0000   1.0000   1.0000
   1.0000   1.0000   1.0000
   1.0000   1.0000   1.0000
   1.0000   1.0000   1.0000
   1.0000   1.0000   1.0000
   1.0000   1.0000   1.0000
   1.0000   1.0000   1.0000
   1.0000   1.0000   1.0000
   1.0000   1.0000   1.0000
   1.0000   1.0000   1.0000
   1.0000   1.0000   1.0000
   1.0000   1.0000   1.0000

applying weight : 1
applying weight : 1
applying weight : 1
Here are the weights in c++ : 
   1.0000   1.0000   1.0000
   1.0000   1.0000   1.0000
   1.0000   1.0000   1.0000
   1.0000   1.0000   1.0000
   1.0000   1.0000   1.0000
   1.0000   1.0000   1.0000
   1.0000   1.0000   1.0000
   1.0000   1.0000   1.0000
   1.0000   1.0000   1.0000
   1.0000   1.0000   1.0000
   1.0000   1.0000   1.0000
   1.0000   1.0000   1.0000
   1.0000   1.0000   1.0000
   1.0000   1.0000   1.0000
   1.0000   1.0000   1.0000
   1.0000   1.0000   1.0000
   1.0000   1.0000   1.0000
   1.0000   1.0000   1.0000
   1.0000   1.0000   1.0000
   1.0000   1.0000   1.0000
   1.0000   1.0000   1.0000
   1.0000   1.0000   1.0000
   1.0000   1.0000   1.0000
   1.0000   1.0000   1.0000
   1.0000   1.0000   1.0000
   1.0000   1.0000   1.0000
   1.0000   1.0000   1.0000
   1.0000   1.0000   1.0000
   1.0000   1.0000   1.0000
   1.0000   1.0000   1.0000
   1.0000   1.0000   1.0000
   1.0000   1.0000   1.0000
   1.0000   1.0000   1.0000
   1.0000   1.0000   1.0000
   1.0000   1.0000   1.0000
   1.0000   1.0000   1.0000
   1.0000   1.0000   1.0000
   1.0000   1.0000   1.0000

applying weight : 1
applying weight : 1
applying weight : 1
Here are the weights in c++ : 
   1.0000   1.0000   1.0000
   1.0000   1.0000   1.0000
   1.0000   1.0000   1.0000
   1.0000   1.0000   1.0000
   1.0000   1.0000   1.0000
   1.0000   1.0000   1.0000
   1.0000   1.0000   1.0000
   1.0000   1.0000   1.0000
   1.0000   1.0000   1.0000
   1.0000   1.0000   1.0000
   1.0000   1.0000   1.0000
   1.0000   1.0000   1.0000
   1.0000   1.0000   1.0000
   1.0000   1.0000   1.0000
   1.0000   1.0000   1.0000
   1.0000   1.0000   1.0000
   1.0000   1.0000   1.0000
   1.0000   1.0000   1.0000
   1.0000   1.0000   1.0000
   1.0000   1.0000   1.0000
   1.0000   1.0000   1.0000
   1.0000   1.0000   1.0000
   1.0000   1.0000   1.0000
   1.0000   1.0000   1.0000
   1.0000   1.0000   1.0000
   1.0000   1.0000   1.0000
   1.0000   1.0000   1.0000
   1.0000   1.0000   1.0000
   1.0000   1.0000   1.0000
   1.0000   1.0000   1.0000
   1.0000   1.0000   1.0000
   1.0000   1.0000   1.0000
   1.0000   1.0000   1.0000
   1.0000   1.0000   1.0000
   1.0000   1.0000   1.0000
   1.0000   1.0000   1.0000
   1.0000   1.0000   1.0000
   1.0000   1.0000   1.0000
   1.0000   1.0000   1.0000
   1.0000   1.0000   1.0000
   1.0000   1.0000   1.0000
   1.0000   1.0000   1.0000
   1.0000   1.0000   1.0000
   1.0000   1.0000   1.0000
   1.0000   1.0000   1.0000

applying weight : 1
applying weight : 1
applying weight : 1
Here are the weights in c++ : 
   1.0000   1.0000   1.0000
   1.0000   1.0000   1.0000
   1.0000   1.0000   1.0000
   1.0000   1.0000   1.0000
   1.0000   1.0000   1.0000
   1.0000   1.0000   1.0000
   1.0000   1.0000   1.0000
   1.0000   1.0000   1.0000
   1.0000   1.0000   1.0000
   1.0000   1.0000   1.0000
   1.0000   1.0000   1.0000
   1.0000   1.0000   1.0000
   1.0000   1.0000   1.0000
   1.0000   1.0000   1.0000
   1.0000   1.0000   1.0000
   1.0000   1.0000   1.0000
   1.0000   1.0000   1.0000
   1.0000   1.0000   1.0000
   1.0000   1.0000   1.0000
   1.0000   1.0000   1.0000
   1.0000   1.0000   1.0000
   1.0000   1.0000   1.0000
   1.0000   1.0000   1.0000
   1.0000   1.0000   1.0000
   1.0000   1.0000   1.0000
   1.0000   1.0000   1.0000
   1.0000   1.0000   1.0000
   1.0000   1.0000   1.0000
   1.0000   1.0000   1.0000
   1.0000   1.0000   1.0000
   1.0000   1.0000   1.0000
   1.0000   1.0000   1.0000
   1.0000   1.0000   1.0000
   1.0000   1.0000   1.0000
   1.0000   1.0000   1.0000
   1.0000   1.0000   1.0000
   1.0000   1.0000   1.0000
   1.0000   1.0000   1.0000
   1.0000   1.0000   1.0000
   1.0000   1.0000   1.0000
   1.0000   1.0000   1.0000
   1.0000   1.0000   1.0000
   1.0000   1.0000   1.0000
   1.0000   1.0000   1.0000
   1.0000   1.0000   1.0000

applying weight : 1
applying weight : 1
applying weight : 1
Here are the weights in c++ : 
   1.0000   1.0000   1.0000
   1.0000   1.0000   1.0000
   1.0000   1.0000   1.0000
   1.0000   1.0000   1.0000
   1.0000   1.0000   1.0000
   1.0000   1.0000   1.0000
   1.0000   1.0000   1.0000
   1.0000   1.0000   1.0000
   1.0000   1.0000   1.0000
   1.0000   1.0000   1.0000
   1.0000   1.0000   1.0000
   1.0000   1.0000   1.0000
   1.0000   1.0000   1.0000
   1.0000   1.0000   1.0000
   1.0000   1.0000   1.0000
   1.0000   1.0000   1.0000
   1.0000   1.0000   1.0000
   1.0000   1.0000   1.0000
   1.0000   1.0000   1.0000
   1.0000   1.0000   1.0000
   1.0000   1.0000   1.0000
   1.0000   1.0000   1.0000
   1.0000   1.0000   1.0000
   1.0000   1.0000   1.0000
   1.0000   1.0000   1.0000
   1.0000   1.0000   1.0000
   1.0000   1.0000   1.0000
   1.0000   1.0000   1.0000
   1.0000   1.0000   1.0000
   1.0000   1.0000   1.0000
   1.0000   1.0000   1.0000
   1.0000   1.0000   1.0000
   1.0000   1.0000   1.0000
   1.0000   1.0000   1.0000
   1.0000   1.0000   1.0000
   1.0000   1.0000   1.0000
   1.0000   1.0000   1.0000
   1.0000   1.0000   1.0000
   1.0000   1.0000   1.0000
   1.0000   1.0000   1.0000
   1.0000   1.0000   1.0000
   1.0000   1.0000   1.0000
   1.0000   1.0000   1.0000
   1.0000   1.0000   1.0000
   1.0000   1.0000   1.0000

applying weight : 1
applying weight : 1
applying weight : 1
Here are the weights in c++ : 
   1.0000   1.0000   1.0000
   1.0000   1.0000   1.0000
   1.0000   1.0000   1.0000
   1.0000   1.0000   1.0000
   1.0000   1.0000   1.0000
   1.0000   1.0000   1.0000
   1.0000   1.0000   1.0000
   1.0000   1.0000   1.0000
   1.0000   1.0000   1.0000
   1.0000   1.0000   1.0000
   1.0000   1.0000   1.0000
   1.0000   1.0000   1.0000
   1.0000   1.0000   1.0000
   1.0000   1.0000   1.0000
   1.0000   1.0000   1.0000
   1.0000   1.0000   1.0000
   1.0000   1.0000   1.0000
   1.0000   1.0000   1.0000
   1.0000   1.0000   1.0000
   1.0000   1.0000   1.0000
   1.0000   1.0000   1.0000
   1.0000   1.0000   1.0000
   1.0000   1.0000   1.0000
   1.0000   1.0000   1.0000
   1.0000   1.0000   1.0000
   1.0000   1.0000   1.0000
   1.0000   1.0000   1.0000
   1.0000   1.0000   1.0000
   1.0000   1.0000   1.0000
   1.0000   1.0000   1.0000
   1.0000   1.0000   1.0000
   1.0000   1.0000   1.0000
   1.0000   1.0000   1.0000
   1.0000   1.0000   1.0000
   1.0000   1.0000   1.0000
   1.0000   1.0000   1.0000
   1.0000   1.0000   1.0000
   1.0000   1.0000   1.0000
   1.0000   1.0000   1.0000
   1.0000   1.0000   1.0000
   1.0000   1.0000   1.0000
   1.0000   1.0000   1.0000
   1.0000   1.0000   1.0000
   1.0000   1.0000   1.0000
   1.0000   1.0000   1.0000

applying weight : 1
applying weight : 1
applying weight : 1
Here are the weights in c++ : 
   1.0000   1.0000   1.0000
   1.0000   1.0000   1.0000
   1.0000   1.0000   1.0000
   1.0000   1.0000   1.0000
   1.0000   1.0000   1.0000
   1.0000   1.0000   1.0000
   1.0000   1.0000   1.0000
   1.0000   1.0000   1.0000
   1.0000   1.0000   1.0000
   1.0000   1.0000   1.0000
   1.0000   1.0000   1.0000
   1.0000   1.0000   1.0000
   1.0000   1.0000   1.0000
   1.0000   1.0000   1.0000
   1.0000   1.0000   1.0000
   1.0000   1.0000   1.0000
   1.0000   1.0000   1.0000
   1.0000   1.0000   1.0000
   1.0000   1.0000   1.0000
   1.0000   1.0000   1.0000
   1.0000   1.0000   1.0000
   1.0000   1.0000   1.0000
   1.0000   1.0000   1.0000
   1.0000   1.0000   1.0000
   1.0000   1.0000   1.0000
   1.0000   1.0000   1.0000
   1.0000   1.0000   1.0000
   1.0000   1.0000   1.0000
   1.0000   1.0000   1.0000
   1.0000   1.0000   1.0000
   1.0000   1.0000   1.0000
   1.0000   1.0000   1.0000
   1.0000   1.0000   1.0000
   1.0000   1.0000   1.0000
   1.0000   1.0000   1.0000
   1.0000   1.0000   1.0000
   1.0000   1.0000   1.0000
   1.0000   1.0000   1.0000
   1.0000   1.0000   1.0000
   1.0000   1.0000   1.0000
   1.0000   1.0000   1.0000
   1.0000   1.0000   1.0000
   1.0000   1.0000   1.0000
   1.0000   1.0000   1.0000
   1.0000   1.0000   1.0000

applying weight : 1
applying weight : 1
applying weight : 1
Here are the weights in c++ : 
   1.0000   1.0000   1.0000
   1.0000   1.0000   1.0000
   1.0000   1.0000   1.0000
   1.0000   1.0000   1.0000
   1.0000   1.0000   1.0000
   1.0000   1.0000   1.0000
   1.0000   1.0000   1.0000
   1.0000   1.0000   1.0000
   1.0000   1.0000   1.0000
   1.0000   1.0000   1.0000
   1.0000   1.0000   1.0000
   1.0000   1.0000   1.0000
   1.0000   1.0000   1.0000
   1.0000   1.0000   1.0000
   1.0000   1.0000   1.0000
   1.0000   1.0000   1.0000
   1.0000   1.0000   1.0000
   1.0000   1.0000   1.0000
   1.0000   1.0000   1.0000
   1.0000   1.0000   1.0000
   1.0000   1.0000   1.0000
   1.0000   1.0000   1.0000
   1.0000   1.0000   1.0000
   1.0000   1.0000   1.0000
   1.0000   1.0000   1.0000
   1.0000   1.0000   1.0000
   1.0000   1.0000   1.0000
   1.0000   1.0000   1.0000
   1.0000   1.0000   1.0000
   1.0000   1.0000   1.0000
   1.0000   1.0000   1.0000
   1.0000   1.0000   1.0000
   1.0000   1.0000   1.0000
   1.0000   1.0000   1.0000
   1.0000   1.0000   1.0000
   1.0000   1.0000   1.0000
   1.0000   1.0000   1.0000
   1.0000   1.0000   1.0000
   1.0000   1.0000   1.0000
   1.0000   1.0000   1.0000
   1.0000   1.0000   1.0000
   1.0000   1.0000   1.0000
   1.0000   1.0000   1.0000
   1.0000   1.0000   1.0000
   1.0000   1.0000   1.0000

applying weight : 1
applying weight : 1
applying weight : 1
Here are the weights in c++ : 
   1.0000   1.0000   1.0000
   1.0000   1.0000   1.0000
   1.0000   1.0000   1.0000
   1.0000   1.0000   1.0000
   1.0000   1.0000   1.0000
   1.0000   1.0000   1.0000
   1.0000   1.0000   1.0000
   1.0000   1.0000   1.0000
   1.0000   1.0000   1.0000
   1.0000   1.0000   1.0000
   1.0000   1.0000   1.0000
   1.0000   1.0000   1.0000
   1.0000   1.0000   1.0000
   1.0000   1.0000   1.0000
   1.0000   1.0000   1.0000
   1.0000   1.0000   1.0000
   1.0000   1.0000   1.0000
   1.0000   1.0000   1.0000
   1.0000   1.0000   1.0000
   1.0000   1.0000   1.0000
   1.0000   1.0000   1.0000
   1.0000   1.0000   1.0000
   1.0000   1.0000   1.0000
   1.0000   1.0000   1.0000
   1.0000   1.0000   1.0000
   1.0000   1.0000   1.0000
   1.0000   1.0000   1.0000
   1.0000   1.0000   1.0000
   1.0000   1.0000   1.0000
   1.0000   1.0000   1.0000
   1.0000   1.0000   1.0000
   1.0000   1.0000   1.0000
   1.0000   1.0000   1.0000
   1.0000   1.0000   1.0000
   1.0000   1.0000   1.0000
   1.0000   1.0000   1.0000
   1.0000   1.0000   1.0000
   1.0000   1.0000   1.0000
   1.0000   1.0000   1.0000
   1.0000   1.0000   1.0000
   1.0000   1.0000   1.0000
   1.0000   1.0000   1.0000
   1.0000   1.0000   1.0000
   1.0000   1.0000   1.0000
   1.0000   1.0000   1.0000

applying weight : 1
applying weight : 1
applying weight : 1
Here are the weights in c++ : 
   1.0000   1.0000   1.0000
   1.0000   1.0000   1.0000
   1.0000   1.0000   1.0000
   1.0000   1.0000   1.0000
   1.0000   1.0000   1.0000
   1.0000   1.0000   1.0000
   1.0000   1.0000   1.0000
   1.0000   1.0000   1.0000
   1.0000   1.0000   1.0000
   1.0000   1.0000   1.0000
   1.0000   1.0000   1.0000
   1.0000   1.0000   1.0000
   1.0000   1.0000   1.0000
   1.0000   1.0000   1.0000
   1.0000   1.0000   1.0000
   1.0000   1.0000   1.0000
   1.0000   1.0000   1.0000
   1.0000   1.0000   1.0000
   1.0000   1.0000   1.0000
   1.0000   1.0000   1.0000
   1.0000   1.0000   1.0000
   1.0000   1.0000   1.0000
   1.0000   1.0000   1.0000
   1.0000   1.0000   1.0000
   1.0000   1.0000   1.0000
   1.0000   1.0000   1.0000
   1.0000   1.0000   1.0000
   1.0000   1.0000   1.0000
   1.0000   1.0000   1.0000
   1.0000   1.0000   1.0000
   1.0000   1.0000   1.0000
   1.0000   1.0000   1.0000
   1.0000   1.0000   1.0000
   1.0000   1.0000   1.0000
   1.0000   1.0000   1.0000
   1.0000   1.0000   1.0000
   1.0000   1.0000   1.0000
   1.0000   1.0000   1.0000
   1.0000   1.0000   1.0000
   1.0000   1.0000   1.0000
   1.0000   1.0000   1.0000
   1.0000   1.0000   1.0000
   1.0000   1.0000   1.0000
   1.0000   1.0000   1.0000
   1.0000   1.0000   1.0000

applying weight : 1
applying weight : 1
applying weight : 1
Here are the weights in c++ : 
   1.0000   1.0000   1.0000
   1.0000   1.0000   1.0000
   1.0000   1.0000   1.0000
   1.0000   1.0000   1.0000
   1.0000   1.0000   1.0000
   1.0000   1.0000   1.0000
   1.0000   1.0000   1.0000
   1.0000   1.0000   1.0000
   1.0000   1.0000   1.0000
   1.0000   1.0000   1.0000
   1.0000   1.0000   1.0000
   1.0000   1.0000   1.0000
   1.0000   1.0000   1.0000
   1.0000   1.0000   1.0000
   1.0000   1.0000   1.0000
   1.0000   1.0000   1.0000
   1.0000   1.0000   1.0000
   1.0000   1.0000   1.0000
   1.0000   1.0000   1.0000
   1.0000   1.0000   1.0000
   1.0000   1.0000   1.0000
   1.0000   1.0000   1.0000
   1.0000   1.0000   1.0000
   1.0000   1.0000   1.0000
   1.0000   1.0000   1.0000
   1.0000   1.0000   1.0000
   1.0000   1.0000   1.0000
   1.0000   1.0000   1.0000
   1.0000   1.0000   1.0000
   1.0000   1.0000   1.0000
   1.0000   1.0000   1.0000
   1.0000   1.0000   1.0000
   1.0000   1.0000   1.0000
   1.0000   1.0000   1.0000
   1.0000   1.0000   1.0000
   1.0000   1.0000   1.0000
   1.0000   1.0000   1.0000
   1.0000   1.0000   1.0000
   1.0000   1.0000   1.0000
   1.0000   1.0000   1.0000
   1.0000   1.0000   1.0000
   1.0000   1.0000   1.0000
   1.0000   1.0000   1.0000
   1.0000   1.0000   1.0000
   1.0000   1.0000   1.0000

applying weight : 1
applying weight : 1
applying weight : 1
Here are the weights in c++ : 
   1.0000   1.0000   1.0000
   1.0000   1.0000   1.0000
   1.0000   1.0000   1.0000
   1.0000   1.0000   1.0000
   1.0000   1.0000   1.0000
   1.0000   1.0000   1.0000
   1.0000   1.0000   1.0000
   1.0000   1.0000   1.0000
   1.0000   1.0000   1.0000
   1.0000   1.0000   1.0000
   1.0000   1.0000   1.0000
   1.0000   1.0000   1.0000
   1.0000   1.0000   1.0000
   1.0000   1.0000   1.0000
   1.0000   1.0000   1.0000
   1.0000   1.0000   1.0000
   1.0000   1.0000   1.0000
   1.0000   1.0000   1.0000
   1.0000   1.0000   1.0000
   1.0000   1.0000   1.0000
   1.0000   1.0000   1.0000
   1.0000   1.0000   1.0000
   1.0000   1.0000   1.0000
   1.0000   1.0000   1.0000
   1.0000   1.0000   1.0000
   1.0000   1.0000   1.0000
   1.0000   1.0000   1.0000
   1.0000   1.0000   1.0000
   1.0000   1.0000   1.0000
   1.0000   1.0000   1.0000
   1.0000   1.0000   1.0000
   1.0000   1.0000   1.0000
   1.0000   1.0000   1.0000
   1.0000   1.0000   1.0000
   1.0000   1.0000   1.0000
   1.0000   1.0000   1.0000
   1.0000   1.0000   1.0000
   1.0000   1.0000   1.0000
   1.0000   1.0000   1.0000
   1.0000   1.0000   1.0000
   1.0000   1.0000   1.0000
   1.0000   1.0000   1.0000
   1.0000   1.0000   1.0000
   1.0000   1.0000   1.0000
   1.0000   1.0000   1.0000

applying weight : 1
applying weight : 1
applying weight : 1
Here are the weights in c++ : 
   1.0000   1.0000   1.0000
   1.0000   1.0000   1.0000
   1.0000   1.0000   1.0000
   1.0000   1.0000   1.0000
   1.0000   1.0000   1.0000
   1.0000   1.0000   1.0000
   1.0000   1.0000   1.0000
   1.0000   1.0000   1.0000
   1.0000   1.0000   1.0000
   1.0000   1.0000   1.0000
   1.0000   1.0000   1.0000
   1.0000   1.0000   1.0000
   1.0000   1.0000   1.0000
   1.0000   1.0000   1.0000
   1.0000   1.0000   1.0000
   1.0000   1.0000   1.0000
   1.0000   1.0000   1.0000
   1.0000   1.0000   1.0000
   1.0000   1.0000   1.0000
   1.0000   1.0000   1.0000
   1.0000   1.0000   1.0000
   1.0000   1.0000   1.0000
   1.0000   1.0000   1.0000
   1.0000   1.0000   1.0000
   1.0000   1.0000   1.0000
   1.0000   1.0000   1.0000
   1.0000   1.0000   1.0000
   1.0000   1.0000   1.0000
   1.0000   1.0000   1.0000
   1.0000   1.0000   1.0000
   1.0000   1.0000   1.0000
   1.0000   1.0000   1.0000
   1.0000   1.0000   1.0000
   1.0000   1.0000   1.0000
   1.0000   1.0000   1.0000
   1.0000   1.0000   1.0000
   1.0000   1.0000   1.0000
   1.0000   1.0000   1.0000
   1.0000   1.0000   1.0000
   1.0000   1.0000   1.0000
   1.0000   1.0000   1.0000
   1.0000   1.0000   1.0000
   1.0000   1.0000   1.0000
   1.0000   1.0000   1.0000
   1.0000   1.0000   1.0000

applying weight : 1
applying weight : 1
applying weight : 1
Here are the weights in c++ : 
   1.0000   1.0000   1.0000
   1.0000   1.0000   1.0000
   1.0000   1.0000   1.0000
   1.0000   1.0000   1.0000
   1.0000   1.0000   1.0000
   1.0000   1.0000   1.0000
   1.0000   1.0000   1.0000
   1.0000   1.0000   1.0000
   1.0000   1.0000   1.0000
   1.0000   1.0000   1.0000
   1.0000   1.0000   1.0000
   1.0000   1.0000   1.0000
   1.0000   1.0000   1.0000
   1.0000   1.0000   1.0000
   1.0000   1.0000   1.0000
   1.0000   1.0000   1.0000
   1.0000   1.0000   1.0000
   1.0000   1.0000   1.0000
   1.0000   1.0000   1.0000
   1.0000   1.0000   1.0000
   1.0000   1.0000   1.0000
   1.0000   1.0000   1.0000
   1.0000   1.0000   1.0000
   1.0000   1.0000   1.0000
   1.0000   1.0000   1.0000
   1.0000   1.0000   1.0000
   1.0000   1.0000   1.0000
   1.0000   1.0000   1.0000
   1.0000   1.0000   1.0000
   1.0000   1.0000   1.0000
   1.0000   1.0000   1.0000
   1.0000   1.0000   1.0000
   1.0000   1.0000   1.0000
   1.0000   1.0000   1.0000
   1.0000   1.0000   1.0000
   1.0000   1.0000   1.0000
   1.0000   1.0000   1.0000
   1.0000   1.0000   1.0000
   1.0000   1.0000   1.0000
   1.0000   1.0000   1.0000
   1.0000   1.0000   1.0000
   1.0000   1.0000   1.0000
   1.0000   1.0000   1.0000
   1.0000   1.0000   1.0000
   1.0000   1.0000   1.0000

applying weight : 1
applying weight : 1
applying weight : 1
Here are the weights in c++ : 
   1.0000   1.0000   1.0000
   1.0000   1.0000   1.0000
   1.0000   1.0000   1.0000
   1.0000   1.0000   1.0000
   1.0000   1.0000   1.0000
   1.0000   1.0000   1.0000
   1.0000   1.0000   1.0000
   1.0000   1.0000   1.0000
   1.0000   1.0000   1.0000
   1.0000   1.0000   1.0000
   1.0000   1.0000   1.0000
   1.0000   1.0000   1.0000
   1.0000   1.0000   1.0000
   1.0000   1.0000   1.0000
   1.0000   1.0000   1.0000
   1.0000   1.0000   1.0000
   1.0000   1.0000   1.0000
   1.0000   1.0000   1.0000
   1.0000   1.0000   1.0000
   1.0000   1.0000   1.0000
   1.0000   1.0000   1.0000
   1.0000   1.0000   1.0000
   1.0000   1.0000   1.0000
   1.0000   1.0000   1.0000
   1.0000   1.0000   1.0000
   1.0000   1.0000   1.0000
   1.0000   1.0000   1.0000
   1.0000   1.0000   1.0000
   1.0000   1.0000   1.0000
   1.0000   1.0000   1.0000
   1.0000   1.0000   1.0000
   1.0000   1.0000   1.0000
   1.0000   1.0000   1.0000
   1.0000   1.0000   1.0000
   1.0000   1.0000   1.0000
   1.0000   1.0000   1.0000
   1.0000   1.0000   1.0000
   1.0000   1.0000   1.0000
   1.0000   1.0000   1.0000
   1.0000   1.0000   1.0000
   1.0000   1.0000   1.0000
   1.0000   1.0000   1.0000
   1.0000   1.0000   1.0000
   1.0000   1.0000   1.0000
   1.0000   1.0000   1.0000

applying weight : 1
applying weight : 1
applying weight : 1
Here are the weights in c++ : 
   1.0000   1.0000   1.0000
   1.0000   1.0000   1.0000
   1.0000   1.0000   1.0000
   1.0000   1.0000   1.0000
   1.0000   1.0000   1.0000
   1.0000   1.0000   1.0000
   1.0000   1.0000   1.0000
   1.0000   1.0000   1.0000
   1.0000   1.0000   1.0000
   1.0000   1.0000   1.0000
   1.0000   1.0000   1.0000
   1.0000   1.0000   1.0000
   1.0000   1.0000   1.0000
   1.0000   1.0000   1.0000
   1.0000   1.0000   1.0000
   1.0000   1.0000   1.0000
   1.0000   1.0000   1.0000
   1.0000   1.0000   1.0000
   1.0000   1.0000   1.0000
   1.0000   1.0000   1.0000
   1.0000   1.0000   1.0000
   1.0000   1.0000   1.0000
   1.0000   1.0000   1.0000
   1.0000   1.0000   1.0000
   1.0000   1.0000   1.0000
   1.0000   1.0000   1.0000
   1.0000   1.0000   1.0000
   1.0000   1.0000   1.0000
   1.0000   1.0000   1.0000
   1.0000   1.0000   1.0000
   1.0000   1.0000   1.0000
   1.0000   1.0000   1.0000
   1.0000   1.0000   1.0000
   1.0000   1.0000   1.0000
   1.0000   1.0000   1.0000
   1.0000   1.0000   1.0000
   1.0000   1.0000   1.0000
   1.0000   1.0000   1.0000
   1.0000   1.0000   1.0000
   1.0000   1.0000   1.0000
   1.0000   1.0000   1.0000
   1.0000   1.0000   1.0000
   1.0000   1.0000   1.0000
   1.0000   1.0000   1.0000
   1.0000   1.0000   1.0000

applying weight : 1
applying weight : 1
applying weight : 1
Here are the weights in c++ : 
   1.0000   1.0000   1.0000
   1.0000   1.0000   1.0000
   1.0000   1.0000   1.0000
   1.0000   1.0000   1.0000
   1.0000   1.0000   1.0000
   1.0000   1.0000   1.0000
   1.0000   1.0000   1.0000
   1.0000   1.0000   1.0000
   1.0000   1.0000   1.0000
   1.0000   1.0000   1.0000
   1.0000   1.0000   1.0000
   1.0000   1.0000   1.0000
   1.0000   1.0000   1.0000
   1.0000   1.0000   1.0000
   1.0000   1.0000   1.0000
   1.0000   1.0000   1.0000
   1.0000   1.0000   1.0000
   1.0000   1.0000   1.0000
   1.0000   1.0000   1.0000
   1.0000   1.0000   1.0000
   1.0000   1.0000   1.0000
   1.0000   1.0000   1.0000
   1.0000   1.0000   1.0000
   1.0000   1.0000   1.0000
   1.0000   1.0000   1.0000
   1.0000   1.0000   1.0000
   1.0000   1.0000   1.0000
   1.0000   1.0000   1.0000
   1.0000   1.0000   1.0000
   1.0000   1.0000   1.0000
   1.0000   1.0000   1.0000
   1.0000   1.0000   1.0000
   1.0000   1.0000   1.0000
   1.0000   1.0000   1.0000
   1.0000   1.0000   1.0000
   1.0000   1.0000   1.0000
   1.0000   1.0000   1.0000
   1.0000   1.0000   1.0000
   1.0000   1.0000   1.0000
   1.0000   1.0000   1.0000
   1.0000   1.0000   1.0000
   1.0000   1.0000   1.0000
   1.0000   1.0000   1.0000
   1.0000   1.0000   1.0000
   1.0000   1.0000   1.0000

applying weight : 1
applying weight : 1
applying weight : 1
Here are the weights in c++ : 
   1.0000   1.0000   1.0000
   1.0000   1.0000   1.0000
   1.0000   1.0000   1.0000
   1.0000   1.0000   1.0000
   1.0000   1.0000   1.0000
   1.0000   1.0000   1.0000
   1.0000   1.0000   1.0000
   1.0000   1.0000   1.0000
   1.0000   1.0000   1.0000
   1.0000   1.0000   1.0000
   1.0000   1.0000   1.0000
   1.0000   1.0000   1.0000
   1.0000   1.0000   1.0000
   1.0000   1.0000   1.0000
   1.0000   1.0000   1.0000
   1.0000   1.0000   1.0000
   1.0000   1.0000   1.0000
   1.0000   1.0000   1.0000
   1.0000   1.0000   1.0000
   1.0000   1.0000   1.0000
   1.0000   1.0000   1.0000
   1.0000   1.0000   1.0000
   1.0000   1.0000   1.0000
   1.0000   1.0000   1.0000
   1.0000   1.0000   1.0000
   1.0000   1.0000   1.0000
   1.0000   1.0000   1.0000
   1.0000   1.0000   1.0000
   1.0000   1.0000   1.0000
   1.0000   1.0000   1.0000
   1.0000   1.0000   1.0000
   1.0000   1.0000   1.0000
   1.0000   1.0000   1.0000
   1.0000   1.0000   1.0000
   1.0000   1.0000   1.0000
   1.0000   1.0000   1.0000
   1.0000   1.0000   1.0000
   1.0000   1.0000   1.0000
   1.0000   1.0000   1.0000
   1.0000   1.0000   1.0000
   1.0000   1.0000   1.0000
   1.0000   1.0000   1.0000
   1.0000   1.0000   1.0000
   1.0000   1.0000   1.0000
   1.0000   1.0000   1.0000

applying weight : 1
applying weight : 1
applying weight : 1
Here are the weights in c++ : 
   1.0000   1.0000   1.0000
   1.0000   1.0000   1.0000
   1.0000   1.0000   1.0000
   1.0000   1.0000   1.0000
   1.0000   1.0000   1.0000
   1.0000   1.0000   1.0000
   1.0000   1.0000   1.0000
   1.0000   1.0000   1.0000
   1.0000   1.0000   1.0000
   1.0000   1.0000   1.0000
   1.0000   1.0000   1.0000
   1.0000   1.0000   1.0000
   1.0000   1.0000   1.0000
   1.0000   1.0000   1.0000
   1.0000   1.0000   1.0000
   1.0000   1.0000   1.0000
   1.0000   1.0000   1.0000
   1.0000   1.0000   1.0000
   1.0000   1.0000   1.0000
   1.0000   1.0000   1.0000
   1.0000   1.0000   1.0000
   1.0000   1.0000   1.0000
   1.0000   1.0000   1.0000
   1.0000   1.0000   1.0000
   1.0000   1.0000   1.0000
   1.0000   1.0000   1.0000
   1.0000   1.0000   1.0000
   1.0000   1.0000   1.0000
   1.0000   1.0000   1.0000
   1.0000   1.0000   1.0000
   1.0000   1.0000   1.0000
   1.0000   1.0000   1.0000
   1.0000   1.0000   1.0000
   1.0000   1.0000   1.0000
   1.0000   1.0000   1.0000
   1.0000   1.0000   1.0000
   1.0000   1.0000   1.0000
   1.0000   1.0000   1.0000
   1.0000   1.0000   1.0000
   1.0000   1.0000   1.0000
   1.0000   1.0000   1.0000
   1.0000   1.0000   1.0000
   1.0000   1.0000   1.0000
   1.0000   1.0000   1.0000
   1.0000   1.0000   1.0000

applying weight : 1
applying weight : 1
applying weight : 1
Here are the weights in c++ : 
   1.0000   1.0000   1.0000
   1.0000   1.0000   1.0000
   1.0000   1.0000   1.0000
   1.0000   1.0000   1.0000
   1.0000   1.0000   1.0000
   1.0000   1.0000   1.0000
   1.0000   1.0000   1.0000
   1.0000   1.0000   1.0000
   1.0000   1.0000   1.0000
   1.0000   1.0000   1.0000
   1.0000   1.0000   1.0000
   1.0000   1.0000   1.0000
   1.0000   1.0000   1.0000
   1.0000   1.0000   1.0000
   1.0000   1.0000   1.0000
   1.0000   1.0000   1.0000
   1.0000   1.0000   1.0000
   1.0000   1.0000   1.0000
   1.0000   1.0000   1.0000
   1.0000   1.0000   1.0000
   1.0000   1.0000   1.0000
   1.0000   1.0000   1.0000
   1.0000   1.0000   1.0000
   1.0000   1.0000   1.0000
   1.0000   1.0000   1.0000
   1.0000   1.0000   1.0000
   1.0000   1.0000   1.0000
   1.0000   1.0000   1.0000
   1.0000   1.0000   1.0000
   1.0000   1.0000   1.0000
   1.0000   1.0000   1.0000
   1.0000   1.0000   1.0000
   1.0000   1.0000   1.0000
   1.0000   1.0000   1.0000
   1.0000   1.0000   1.0000
   1.0000   1.0000   1.0000
   1.0000   1.0000   1.0000
   1.0000   1.0000   1.0000
   1.0000   1.0000   1.0000
   1.0000   1.0000   1.0000
   1.0000   1.0000   1.0000
   1.0000   1.0000   1.0000
   1.0000   1.0000   1.0000
   1.0000   1.0000   1.0000
   1.0000   1.0000   1.0000

applying weight : 1
applying weight : 1
applying weight : 1
Here are the weights in c++ : 
   1.0000   1.0000   1.0000
   1.0000   1.0000   1.0000
   1.0000   1.0000   1.0000
   1.0000   1.0000   1.0000
   1.0000   1.0000   1.0000
   1.0000   1.0000   1.0000
   1.0000   1.0000   1.0000
   1.0000   1.0000   1.0000
   1.0000   1.0000   1.0000
   1.0000   1.0000   1.0000
   1.0000   1.0000   1.0000
   1.0000   1.0000   1.0000
   1.0000   1.0000   1.0000
   1.0000   1.0000   1.0000
   1.0000   1.0000   1.0000
   1.0000   1.0000   1.0000
   1.0000   1.0000   1.0000
   1.0000   1.0000   1.0000
   1.0000   1.0000   1.0000
   1.0000   1.0000   1.0000
   1.0000   1.0000   1.0000
   1.0000   1.0000   1.0000
   1.0000   1.0000   1.0000
   1.0000   1.0000   1.0000
   1.0000   1.0000   1.0000
   1.0000   1.0000   1.0000
   1.0000   1.0000   1.0000
   1.0000   1.0000   1.0000
   1.0000   1.0000   1.0000
   1.0000   1.0000   1.0000
   1.0000   1.0000   1.0000
   1.0000   1.0000   1.0000
   1.0000   1.0000   1.0000
   1.0000   1.0000   1.0000
   1.0000   1.0000   1.0000
   1.0000   1.0000   1.0000
   1.0000   1.0000   1.0000
   1.0000   1.0000   1.0000
   1.0000   1.0000   1.0000
   1.0000   1.0000   1.0000
   1.0000   1.0000   1.0000
   1.0000   1.0000   1.0000
   1.0000   1.0000   1.0000
   1.0000   1.0000   1.0000
   1.0000   1.0000   1.0000

applying weight : 1
applying weight : 1
applying weight : 1
Here are the weights in c++ : 
   1.0000   1.0000   1.0000
   1.0000   1.0000   1.0000
   1.0000   1.0000   1.0000
   1.0000   1.0000   1.0000
   1.0000   1.0000   1.0000
   1.0000   1.0000   1.0000
   1.0000   1.0000   1.0000
   1.0000   1.0000   1.0000
   1.0000   1.0000   1.0000
   1.0000   1.0000   1.0000
   1.0000   1.0000   1.0000
   1.0000   1.0000   1.0000
   1.0000   1.0000   1.0000
   1.0000   1.0000   1.0000
   1.0000   1.0000   1.0000
   1.0000   1.0000   1.0000
   1.0000   1.0000   1.0000
   1.0000   1.0000   1.0000
   1.0000   1.0000   1.0000
   1.0000   1.0000   1.0000
   1.0000   1.0000   1.0000
   1.0000   1.0000   1.0000
   1.0000   1.0000   1.0000
   1.0000   1.0000   1.0000
   1.0000   1.0000   1.0000
   1.0000   1.0000   1.0000
   1.0000   1.0000   1.0000
   1.0000   1.0000   1.0000
   1.0000   1.0000   1.0000
   1.0000   1.0000   1.0000
   1.0000   1.0000   1.0000
   1.0000   1.0000   1.0000
   1.0000   1.0000   1.0000
   1.0000   1.0000   1.0000
   1.0000   1.0000   1.0000
   1.0000   1.0000   1.0000
   1.0000   1.0000   1.0000
   1.0000   1.0000   1.0000
   1.0000   1.0000   1.0000
   1.0000   1.0000   1.0000
   1.0000   1.0000   1.0000
   1.0000   1.0000   1.0000
   1.0000   1.0000   1.0000
   1.0000   1.0000   1.0000
   1.0000   1.0000   1.0000

applying weight : 1
applying weight : 1
applying weight : 1
Here are the weights in c++ : 
   1.0000   1.0000   1.0000
   1.0000   1.0000   1.0000
   1.0000   1.0000   1.0000
   1.0000   1.0000   1.0000
   1.0000   1.0000   1.0000
   1.0000   1.0000   1.0000
   1.0000   1.0000   1.0000
   1.0000   1.0000   1.0000
   1.0000   1.0000   1.0000
   1.0000   1.0000   1.0000
   1.0000   1.0000   1.0000
   1.0000   1.0000   1.0000
   1.0000   1.0000   1.0000
   1.0000   1.0000   1.0000
   1.0000   1.0000   1.0000
   1.0000   1.0000   1.0000
   1.0000   1.0000   1.0000
   1.0000   1.0000   1.0000
   1.0000   1.0000   1.0000
   1.0000   1.0000   1.0000
   1.0000   1.0000   1.0000
   1.0000   1.0000   1.0000
   1.0000   1.0000   1.0000
   1.0000   1.0000   1.0000
   1.0000   1.0000   1.0000
   1.0000   1.0000   1.0000
   1.0000   1.0000   1.0000
   1.0000   1.0000   1.0000
   1.0000   1.0000   1.0000
   1.0000   1.0000   1.0000
   1.0000   1.0000   1.0000
   1.0000   1.0000   1.0000
   1.0000   1.0000   1.0000
   1.0000   1.0000   1.0000
   1.0000   1.0000   1.0000
   1.0000   1.0000   1.0000
   1.0000   1.0000   1.0000
   1.0000   1.0000   1.0000
   1.0000   1.0000   1.0000
   1.0000   1.0000   1.0000
   1.0000   1.0000   1.0000
   1.0000   1.0000   1.0000
   1.0000   1.0000   1.0000
   1.0000   1.0000   1.0000
   1.0000   1.0000   1.0000

applying weight : 1
applying weight : 1
applying weight : 1
Here are the weights in c++ : 
   1.0000   1.0000   1.0000
   1.0000   1.0000   1.0000
   1.0000   1.0000   1.0000
   1.0000   1.0000   1.0000
   1.0000   1.0000   1.0000
   1.0000   1.0000   1.0000
   1.0000   1.0000   1.0000
   1.0000   1.0000   1.0000
   1.0000   1.0000   1.0000
   1.0000   1.0000   1.0000
   1.0000   1.0000   1.0000
   1.0000   1.0000   1.0000
   1.0000   1.0000   1.0000
   1.0000   1.0000   1.0000
   1.0000   1.0000   1.0000
   1.0000   1.0000   1.0000
   1.0000   1.0000   1.0000
   1.0000   1.0000   1.0000
   1.0000   1.0000   1.0000
   1.0000   1.0000   1.0000
   1.0000   1.0000   1.0000
   1.0000   1.0000   1.0000
   1.0000   1.0000   1.0000
   1.0000   1.0000   1.0000
   1.0000   1.0000   1.0000
   1.0000   1.0000   1.0000
   1.0000   1.0000   1.0000
   1.0000   1.0000   1.0000
   1.0000   1.0000   1.0000
   1.0000   1.0000   1.0000
   1.0000   1.0000   1.0000
   1.0000   1.0000   1.0000
   1.0000   1.0000   1.0000
   1.0000   1.0000   1.0000
   1.0000   1.0000   1.0000
   1.0000   1.0000   1.0000
   1.0000   1.0000   1.0000
   1.0000   1.0000   1.0000
   1.0000   1.0000   1.0000
   1.0000   1.0000   1.0000
   1.0000   1.0000   1.0000
   1.0000   1.0000   1.0000
   1.0000   1.0000   1.0000
   1.0000   1.0000   1.0000
   1.0000   1.0000   1.0000

applying weight : 1
applying weight : 1
applying weight : 1
Here are the weights in c++ : 
   1.0000   1.0000   1.0000
   1.0000   1.0000   1.0000
   1.0000   1.0000   1.0000
   1.0000   1.0000   1.0000
   1.0000   1.0000   1.0000
   1.0000   1.0000   1.0000
   1.0000   1.0000   1.0000
   1.0000   1.0000   1.0000
   1.0000   1.0000   1.0000
   1.0000   1.0000   1.0000
   1.0000   1.0000   1.0000
   1.0000   1.0000   1.0000
   1.0000   1.0000   1.0000
   1.0000   1.0000   1.0000
   1.0000   1.0000   1.0000
   1.0000   1.0000   1.0000
   1.0000   1.0000   1.0000
   1.0000   1.0000   1.0000
   1.0000   1.0000   1.0000
   1.0000   1.0000   1.0000
   1.0000   1.0000   1.0000
   1.0000   1.0000   1.0000
   1.0000   1.0000   1.0000
   1.0000   1.0000   1.0000
   1.0000   1.0000   1.0000
   1.0000   1.0000   1.0000
   1.0000   1.0000   1.0000
   1.0000   1.0000   1.0000
   1.0000   1.0000   1.0000
   1.0000   1.0000   1.0000
   1.0000   1.0000   1.0000
   1.0000   1.0000   1.0000
   1.0000   1.0000   1.0000
   1.0000   1.0000   1.0000
   1.0000   1.0000   1.0000
   1.0000   1.0000   1.0000
   1.0000   1.0000   1.0000
   1.0000   1.0000   1.0000
   1.0000   1.0000   1.0000
   1.0000   1.0000   1.0000
   1.0000   1.0000   1.0000
   1.0000   1.0000   1.0000
   1.0000   1.0000   1.0000
   1.0000   1.0000   1.0000
   1.0000   1.0000   1.0000

applying weight : 1
applying weight : 1
applying weight : 1
Here are the weights in c++ : 
   1.0000   1.0000   1.0000
   1.0000   1.0000   1.0000
   1.0000   1.0000   1.0000
   1.0000   1.0000   1.0000
   1.0000   1.0000   1.0000
   1.0000   1.0000   1.0000
   1.0000   1.0000   1.0000
   1.0000   1.0000   1.0000
   1.0000   1.0000   1.0000
   1.0000   1.0000   1.0000
   1.0000   1.0000   1.0000
   1.0000   1.0000   1.0000
   1.0000   1.0000   1.0000
   1.0000   1.0000   1.0000
   1.0000   1.0000   1.0000
   1.0000   1.0000   1.0000
   1.0000   1.0000   1.0000
   1.0000   1.0000   1.0000
   1.0000   1.0000   1.0000
   1.0000   1.0000   1.0000
   1.0000   1.0000   1.0000
   1.0000   1.0000   1.0000
   1.0000   1.0000   1.0000
   1.0000   1.0000   1.0000
   1.0000   1.0000   1.0000
   1.0000   1.0000   1.0000
   1.0000   1.0000   1.0000
   1.0000   1.0000   1.0000
   1.0000   1.0000   1.0000
   1.0000   1.0000   1.0000
   1.0000   1.0000   1.0000
   1.0000   1.0000   1.0000
   1.0000   1.0000   1.0000
   1.0000   1.0000   1.0000
   1.0000   1.0000   1.0000
   1.0000   1.0000   1.0000
   1.0000   1.0000   1.0000
   1.0000   1.0000   1.0000
   1.0000   1.0000   1.0000
   1.0000   1.0000   1.0000
   1.0000   1.0000   1.0000
   1.0000   1.0000   1.0000
   1.0000   1.0000   1.0000
   1.0000   1.0000   1.0000
   1.0000   1.0000   1.0000

applying weight : 1
applying weight : 1
applying weight : 1
Here are the weights in c++ : 
   1.0000   1.0000   1.0000
   1.0000   1.0000   1.0000
   1.0000   1.0000   1.0000
   1.0000   1.0000   1.0000
   1.0000   1.0000   1.0000
   1.0000   1.0000   1.0000
   1.0000   1.0000   1.0000
   1.0000   1.0000   1.0000
   1.0000   1.0000   1.0000
   1.0000   1.0000   1.0000
   1.0000   1.0000   1.0000
   1.0000   1.0000   1.0000
   1.0000   1.0000   1.0000
   1.0000   1.0000   1.0000
   1.0000   1.0000   1.0000
   1.0000   1.0000   1.0000
   1.0000   1.0000   1.0000
   1.0000   1.0000   1.0000
   1.0000   1.0000   1.0000
   1.0000   1.0000   1.0000
   1.0000   1.0000   1.0000
   1.0000   1.0000   1.0000
   1.0000   1.0000   1.0000
   1.0000   1.0000   1.0000
   1.0000   1.0000   1.0000
   1.0000   1.0000   1.0000
   1.0000   1.0000   1.0000
   1.0000   1.0000   1.0000
   1.0000   1.0000   1.0000
   1.0000   1.0000   1.0000
   1.0000   1.0000   1.0000
   1.0000   1.0000   1.0000
   1.0000   1.0000   1.0000
   1.0000   1.0000   1.0000
   1.0000   1.0000   1.0000
   1.0000   1.0000   1.0000
   1.0000   1.0000   1.0000
   1.0000   1.0000   1.0000
   1.0000   1.0000   1.0000
   1.0000   1.0000   1.0000
   1.0000   1.0000   1.0000
   1.0000   1.0000   1.0000
   1.0000   1.0000   1.0000
   1.0000   1.0000   1.0000
   1.0000   1.0000   1.0000

applying weight : 1
applying weight : 1
applying weight : 1
Here are the weights in c++ : 
   1.0000   1.0000   1.0000
   1.0000   1.0000   1.0000
   1.0000   1.0000   1.0000
   1.0000   1.0000   1.0000
   1.0000   1.0000   1.0000
   1.0000   1.0000   1.0000
   1.0000   1.0000   1.0000
   1.0000   1.0000   1.0000
   1.0000   1.0000   1.0000
   1.0000   1.0000   1.0000
   1.0000   1.0000   1.0000
   1.0000   1.0000   1.0000
   1.0000   1.0000   1.0000
   1.0000   1.0000   1.0000
   1.0000   1.0000   1.0000
   1.0000   1.0000   1.0000
   1.0000   1.0000   1.0000
   1.0000   1.0000   1.0000
   1.0000   1.0000   1.0000
   1.0000   1.0000   1.0000
   1.0000   1.0000   1.0000
   1.0000   1.0000   1.0000
   1.0000   1.0000   1.0000
   1.0000   1.0000   1.0000
   1.0000   1.0000   1.0000
   1.0000   1.0000   1.0000
   1.0000   1.0000   1.0000
   1.0000   1.0000   1.0000
   1.0000   1.0000   1.0000
   1.0000   1.0000   1.0000
   1.0000   1.0000   1.0000
   1.0000   1.0000   1.0000
   1.0000   1.0000   1.0000
   1.0000   1.0000   1.0000
   1.0000   1.0000   1.0000
   1.0000   1.0000   1.0000
   1.0000   1.0000   1.0000
   1.0000   1.0000   1.0000
   1.0000   1.0000   1.0000
   1.0000   1.0000   1.0000
   1.0000   1.0000   1.0000
   1.0000   1.0000   1.0000
   1.0000   1.0000   1.0000
   1.0000   1.0000   1.0000
   1.0000   1.0000   1.0000

applying weight : 1
applying weight : 1
applying weight : 1
Here are the weights in c++ : 
   1.0000   1.0000   1.0000
   1.0000   1.0000   1.0000
   1.0000   1.0000   1.0000
   1.0000   1.0000   1.0000
   1.0000   1.0000   1.0000
   1.0000   1.0000   1.0000
   1.0000   1.0000   1.0000
   1.0000   1.0000   1.0000
   1.0000   1.0000   1.0000
   1.0000   1.0000   1.0000
   1.0000   1.0000   1.0000
   1.0000   1.0000   1.0000
   1.0000   1.0000   1.0000
   1.0000   1.0000   1.0000
   1.0000   1.0000   1.0000
   1.0000   1.0000   1.0000
   1.0000   1.0000   1.0000
   1.0000   1.0000   1.0000
   1.0000   1.0000   1.0000
   1.0000   1.0000   1.0000
   1.0000   1.0000   1.0000
   1.0000   1.0000   1.0000
   1.0000   1.0000   1.0000
   1.0000   1.0000   1.0000
   1.0000   1.0000   1.0000
   1.0000   1.0000   1.0000
   1.0000   1.0000   1.0000
   1.0000   1.0000   1.0000
   1.0000   1.0000   1.0000
   1.0000   1.0000   1.0000
   1.0000   1.0000   1.0000
   1.0000   1.0000   1.0000
   1.0000   1.0000   1.0000
   1.0000   1.0000   1.0000
   1.0000   1.0000   1.0000
   1.0000   1.0000   1.0000
   1.0000   1.0000   1.0000
   1.0000   1.0000   1.0000
   1.0000   1.0000   1.0000
   1.0000   1.0000   1.0000
   1.0000   1.0000   1.0000
   1.0000   1.0000   1.0000
   1.0000   1.0000   1.0000
   1.0000   1.0000   1.0000
   1.0000   1.0000   1.0000

applying weight : 1
applying weight : 1
applying weight : 1
Here are the weights in c++ : 
   1.0000   1.0000   1.0000
   1.0000   1.0000   1.0000
   1.0000   1.0000   1.0000
   1.0000   1.0000   1.0000
   1.0000   1.0000   1.0000
   1.0000   1.0000   1.0000
   1.0000   1.0000   1.0000
   1.0000   1.0000   1.0000
   1.0000   1.0000   1.0000
   1.0000   1.0000   1.0000
   1.0000   1.0000   1.0000
   1.0000   1.0000   1.0000
   1.0000   1.0000   1.0000
   1.0000   1.0000   1.0000
   1.0000   1.0000   1.0000
   1.0000   1.0000   1.0000
   1.0000   1.0000   1.0000
   1.0000   1.0000   1.0000
   1.0000   1.0000   1.0000
   1.0000   1.0000   1.0000
   1.0000   1.0000   1.0000
   1.0000   1.0000   1.0000
   1.0000   1.0000   1.0000
   1.0000   1.0000   1.0000
   1.0000   1.0000   1.0000
   1.0000   1.0000   1.0000
   1.0000   1.0000   1.0000
   1.0000   1.0000   1.0000
   1.0000   1.0000   1.0000
   1.0000   1.0000   1.0000
   1.0000   1.0000   1.0000
   1.0000   1.0000   1.0000
   1.0000   1.0000   1.0000
   1.0000   1.0000   1.0000
   1.0000   1.0000   1.0000
   1.0000   1.0000   1.0000
   1.0000   1.0000   1.0000
   1.0000   1.0000   1.0000
   1.0000   1.0000   1.0000
   1.0000   1.0000   1.0000
   1.0000   1.0000   1.0000
   1.0000   1.0000   1.0000
   1.0000   1.0000   1.0000
   1.0000   1.0000   1.0000
   1.0000   1.0000   1.0000

applying weight : 1
applying weight : 1
applying weight : 1
Here are the weights in c++ : 
   1.0000   1.0000   1.0000
   1.0000   1.0000   1.0000
   1.0000   1.0000   1.0000
   1.0000   1.0000   1.0000
   1.0000   1.0000   1.0000
   1.0000   1.0000   1.0000
   1.0000   1.0000   1.0000
   1.0000   1.0000   1.0000
   1.0000   1.0000   1.0000
   1.0000   1.0000   1.0000
   1.0000   1.0000   1.0000
   1.0000   1.0000   1.0000
   1.0000   1.0000   1.0000
   1.0000   1.0000   1.0000
   1.0000   1.0000   1.0000
   1.0000   1.0000   1.0000
   1.0000   1.0000   1.0000
   1.0000   1.0000   1.0000
   1.0000   1.0000   1.0000
   1.0000   1.0000   1.0000
   1.0000   1.0000   1.0000
   1.0000   1.0000   1.0000
   1.0000   1.0000   1.0000
   1.0000   1.0000   1.0000
   1.0000   1.0000   1.0000
   1.0000   1.0000   1.0000
   1.0000   1.0000   1.0000
   1.0000   1.0000   1.0000
   1.0000   1.0000   1.0000
   1.0000   1.0000   1.0000
   1.0000   1.0000   1.0000
   1.0000   1.0000   1.0000
   1.0000   1.0000   1.0000
   1.0000   1.0000   1.0000
   1.0000   1.0000   1.0000
   1.0000   1.0000   1.0000
   1.0000   1.0000   1.0000
   1.0000   1.0000   1.0000
   1.0000   1.0000   1.0000
   1.0000   1.0000   1.0000
   1.0000   1.0000   1.0000
   1.0000   1.0000   1.0000
   1.0000   1.0000   1.0000
   1.0000   1.0000   1.0000
   1.0000   1.0000   1.0000

applying weight : 1
applying weight : 1
applying weight : 1
Here are the weights in c++ : 
   1.0000   1.0000   1.0000
   1.0000   1.0000   1.0000
   1.0000   1.0000   1.0000
   1.0000   1.0000   1.0000
   1.0000   1.0000   1.0000
   1.0000   1.0000   1.0000
   1.0000   1.0000   1.0000
   1.0000   1.0000   1.0000
   1.0000   1.0000   1.0000
   1.0000   1.0000   1.0000
   1.0000   1.0000   1.0000
   1.0000   1.0000   1.0000
   1.0000   1.0000   1.0000
   1.0000   1.0000   1.0000
   1.0000   1.0000   1.0000
   1.0000   1.0000   1.0000
   1.0000   1.0000   1.0000
   1.0000   1.0000   1.0000
   1.0000   1.0000   1.0000
   1.0000   1.0000   1.0000
   1.0000   1.0000   1.0000
   1.0000   1.0000   1.0000
   1.0000   1.0000   1.0000
   1.0000   1.0000   1.0000
   1.0000   1.0000   1.0000
   1.0000   1.0000   1.0000
   1.0000   1.0000   1.0000
   1.0000   1.0000   1.0000
   1.0000   1.0000   1.0000
   1.0000   1.0000   1.0000
   1.0000   1.0000   1.0000
   1.0000   1.0000   1.0000
   1.0000   1.0000   1.0000
   1.0000   1.0000   1.0000
   1.0000   1.0000   1.0000
   1.0000   1.0000   1.0000
   1.0000   1.0000   1.0000
   1.0000   1.0000   1.0000
   1.0000   1.0000   1.0000
   1.0000   1.0000   1.0000
   1.0000   1.0000   1.0000
   1.0000   1.0000   1.0000
   1.0000   1.0000   1.0000
   1.0000   1.0000   1.0000
   1.0000   1.0000   1.0000

applying weight : 1
applying weight : 1
applying weight : 1
Here are the weights in c++ : 
   1.0000   1.0000   1.0000
   1.0000   1.0000   1.0000
   1.0000   1.0000   1.0000
   1.0000   1.0000   1.0000
   1.0000   1.0000   1.0000
   1.0000   1.0000   1.0000
   1.0000   1.0000   1.0000
   1.0000   1.0000   1.0000
   1.0000   1.0000   1.0000
   1.0000   1.0000   1.0000
   1.0000   1.0000   1.0000
   1.0000   1.0000   1.0000
   1.0000   1.0000   1.0000
   1.0000   1.0000   1.0000
   1.0000   1.0000   1.0000
   1.0000   1.0000   1.0000
   1.0000   1.0000   1.0000
   1.0000   1.0000   1.0000
   1.0000   1.0000   1.0000
   1.0000   1.0000   1.0000
   1.0000   1.0000   1.0000
   1.0000   1.0000   1.0000
   1.0000   1.0000   1.0000
   1.0000   1.0000   1.0000
   1.0000   1.0000   1.0000
   1.0000   1.0000   1.0000
   1.0000   1.0000   1.0000
   1.0000   1.0000   1.0000
   1.0000   1.0000   1.0000
   1.0000   1.0000   1.0000
   1.0000   1.0000   1.0000
   1.0000   1.0000   1.0000
   1.0000   1.0000   1.0000
   1.0000   1.0000   1.0000
   1.0000   1.0000   1.0000
   1.0000   1.0000   1.0000
   1.0000   1.0000   1.0000
   1.0000   1.0000   1.0000
   1.0000   1.0000   1.0000
   1.0000   1.0000   1.0000
   1.0000   1.0000   1.0000
   1.0000   1.0000   1.0000
   1.0000   1.0000   1.0000
   1.0000   1.0000   1.0000
   1.0000   1.0000   1.0000

applying weight : 1
applying weight : 1
applying weight : 1
Here are the weights in c++ : 
   1.0000   1.0000   1.0000
   1.0000   1.0000   1.0000
   1.0000   1.0000   1.0000
   1.0000   1.0000   1.0000
   1.0000   1.0000   1.0000
   1.0000   1.0000   1.0000
   1.0000   1.0000   1.0000
   1.0000   1.0000   1.0000
   1.0000   1.0000   1.0000
   1.0000   1.0000   1.0000
   1.0000   1.0000   1.0000
   1.0000   1.0000   1.0000
   1.0000   1.0000   1.0000
   1.0000   1.0000   1.0000
   1.0000   1.0000   1.0000
   1.0000   1.0000   1.0000
   1.0000   1.0000   1.0000
   1.0000   1.0000   1.0000
   1.0000   1.0000   1.0000
   1.0000   1.0000   1.0000
   1.0000   1.0000   1.0000
   1.0000   1.0000   1.0000
   1.0000   1.0000   1.0000
   1.0000   1.0000   1.0000
   1.0000   1.0000   1.0000
   1.0000   1.0000   1.0000
   1.0000   1.0000   1.0000
   1.0000   1.0000   1.0000
   1.0000   1.0000   1.0000
   1.0000   1.0000   1.0000
   1.0000   1.0000   1.0000
   1.0000   1.0000   1.0000
   1.0000   1.0000   1.0000
   1.0000   1.0000   1.0000
   1.0000   1.0000   1.0000
   1.0000   1.0000   1.0000
   1.0000   1.0000   1.0000
   1.0000   1.0000   1.0000
   1.0000   1.0000   1.0000
   1.0000   1.0000   1.0000
   1.0000   1.0000   1.0000
   1.0000   1.0000   1.0000
   1.0000   1.0000   1.0000
   1.0000   1.0000   1.0000
   1.0000   1.0000   1.0000

applying weight : 1
applying weight : 1
applying weight : 1
Here are the weights in c++ : 
   1.0000   1.0000   1.0000
   1.0000   1.0000   1.0000
   1.0000   1.0000   1.0000
   1.0000   1.0000   1.0000
   1.0000   1.0000   1.0000
   1.0000   1.0000   1.0000
   1.0000   1.0000   1.0000
   1.0000   1.0000   1.0000
   1.0000   1.0000   1.0000
   1.0000   1.0000   1.0000
   1.0000   1.0000   1.0000
   1.0000   1.0000   1.0000
   1.0000   1.0000   1.0000
   1.0000   1.0000   1.0000
   1.0000   1.0000   1.0000
   1.0000   1.0000   1.0000
   1.0000   1.0000   1.0000
   1.0000   1.0000   1.0000
   1.0000   1.0000   1.0000
   1.0000   1.0000   1.0000
   1.0000   1.0000   1.0000
   1.0000   1.0000   1.0000
   1.0000   1.0000   1.0000
   1.0000   1.0000   1.0000
   1.0000   1.0000   1.0000
   1.0000   1.0000   1.0000
   1.0000   1.0000   1.0000
   1.0000   1.0000   1.0000
   1.0000   1.0000   1.0000
   1.0000   1.0000   1.0000
   1.0000   1.0000   1.0000
   1.0000   1.0000   1.0000
   1.0000   1.0000   1.0000
   1.0000   1.0000   1.0000
   1.0000   1.0000   1.0000
   1.0000   1.0000   1.0000
   1.0000   1.0000   1.0000
   1.0000   1.0000   1.0000
   1.0000   1.0000   1.0000
   1.0000   1.0000   1.0000
   1.0000   1.0000   1.0000
   1.0000   1.0000   1.0000
   1.0000   1.0000   1.0000
   1.0000   1.0000   1.0000
   1.0000   1.0000   1.0000

applying weight : 1
applying weight : 1
applying weight : 1
Here are the weights in c++ : 
   1.0000   1.0000   1.0000
   1.0000   1.0000   1.0000
   1.0000   1.0000   1.0000
   1.0000   1.0000   1.0000
   1.0000   1.0000   1.0000
   1.0000   1.0000   1.0000
   1.0000   1.0000   1.0000
   1.0000   1.0000   1.0000
   1.0000   1.0000   1.0000
   1.0000   1.0000   1.0000
   1.0000   1.0000   1.0000
   1.0000   1.0000   1.0000
   1.0000   1.0000   1.0000
   1.0000   1.0000   1.0000
   1.0000   1.0000   1.0000
   1.0000   1.0000   1.0000
   1.0000   1.0000   1.0000
   1.0000   1.0000   1.0000
   1.0000   1.0000   1.0000
   1.0000   1.0000   1.0000
   1.0000   1.0000   1.0000
   1.0000   1.0000   1.0000
   1.0000   1.0000   1.0000
   1.0000   1.0000   1.0000
   1.0000   1.0000   1.0000
   1.0000   1.0000   1.0000
   1.0000   1.0000   1.0000
   1.0000   1.0000   1.0000
   1.0000   1.0000   1.0000
   1.0000   1.0000   1.0000
   1.0000   1.0000   1.0000
   1.0000   1.0000   1.0000
   1.0000   1.0000   1.0000
   1.0000   1.0000   1.0000
   1.0000   1.0000   1.0000
   1.0000   1.0000   1.0000
   1.0000   1.0000   1.0000
   1.0000   1.0000   1.0000
   1.0000   1.0000   1.0000
   1.0000   1.0000   1.0000
   1.0000   1.0000   1.0000
   1.0000   1.0000   1.0000
   1.0000   1.0000   1.0000
   1.0000   1.0000   1.0000
   1.0000   1.0000   1.0000

applying weight : 1
applying weight : 1
applying weight : 1
Here are the weights in c++ : 
   1.0000   1.0000   1.0000
   1.0000   1.0000   1.0000
   1.0000   1.0000   1.0000
   1.0000   1.0000   1.0000
   1.0000   1.0000   1.0000
   1.0000   1.0000   1.0000
   1.0000   1.0000   1.0000
   1.0000   1.0000   1.0000
   1.0000   1.0000   1.0000
   1.0000   1.0000   1.0000
   1.0000   1.0000   1.0000
   1.0000   1.0000   1.0000
   1.0000   1.0000   1.0000
   1.0000   1.0000   1.0000
   1.0000   1.0000   1.0000
   1.0000   1.0000   1.0000
   1.0000   1.0000   1.0000
   1.0000   1.0000   1.0000
   1.0000   1.0000   1.0000
   1.0000   1.0000   1.0000
   1.0000   1.0000   1.0000
   1.0000   1.0000   1.0000
   1.0000   1.0000   1.0000
   1.0000   1.0000   1.0000
   1.0000   1.0000   1.0000
   1.0000   1.0000   1.0000
   1.0000   1.0000   1.0000
   1.0000   1.0000   1.0000
   1.0000   1.0000   1.0000
   1.0000   1.0000   1.0000
   1.0000   1.0000   1.0000
   1.0000   1.0000   1.0000
   1.0000   1.0000   1.0000
   1.0000   1.0000   1.0000
   1.0000   1.0000   1.0000
   1.0000   1.0000   1.0000
   1.0000   1.0000   1.0000
   1.0000   1.0000   1.0000
   1.0000   1.0000   1.0000
   1.0000   1.0000   1.0000
   1.0000   1.0000   1.0000
   1.0000   1.0000   1.0000
   1.0000   1.0000   1.0000
   1.0000   1.0000   1.0000
   1.0000   1.0000   1.0000

applying weight : 1
applying weight : 1
applying weight : 1
Here are the weights in c++ : 
   1.0000   1.0000   1.0000
   1.0000   1.0000   1.0000
   1.0000   1.0000   1.0000
   1.0000   1.0000   1.0000
   1.0000   1.0000   1.0000
   1.0000   1.0000   1.0000
   1.0000   1.0000   1.0000
   1.0000   1.0000   1.0000
   1.0000   1.0000   1.0000
   1.0000   1.0000   1.0000
   1.0000   1.0000   1.0000
   1.0000   1.0000   1.0000
   1.0000   1.0000   1.0000
   1.0000   1.0000   1.0000
   1.0000   1.0000   1.0000
   1.0000   1.0000   1.0000
   1.0000   1.0000   1.0000
   1.0000   1.0000   1.0000
   1.0000   1.0000   1.0000
   1.0000   1.0000   1.0000
   1.0000   1.0000   1.0000
   1.0000   1.0000   1.0000
   1.0000   1.0000   1.0000
   1.0000   1.0000   1.0000
   1.0000   1.0000   1.0000
   1.0000   1.0000   1.0000
   1.0000   1.0000   1.0000
   1.0000   1.0000   1.0000
   1.0000   1.0000   1.0000
   1.0000   1.0000   1.0000
   1.0000   1.0000   1.0000
   1.0000   1.0000   1.0000
   1.0000   1.0000   1.0000
   1.0000   1.0000   1.0000
   1.0000   1.0000   1.0000
   1.0000   1.0000   1.0000
   1.0000   1.0000   1.0000
   1.0000   1.0000   1.0000
   1.0000   1.0000   1.0000
   1.0000   1.0000   1.0000
   1.0000   1.0000   1.0000
   1.0000   1.0000   1.0000
   1.0000   1.0000   1.0000
   1.0000   1.0000   1.0000
   1.0000   1.0000   1.0000

applying weight : 1
applying weight : 1
applying weight : 1
Here are the weights in c++ : 
   1.0000   1.0000   1.0000
   1.0000   1.0000   1.0000
   1.0000   1.0000   1.0000
   1.0000   1.0000   1.0000
   1.0000   1.0000   1.0000
   1.0000   1.0000   1.0000
   1.0000   1.0000   1.0000
   1.0000   1.0000   1.0000
   1.0000   1.0000   1.0000
   1.0000   1.0000   1.0000
   1.0000   1.0000   1.0000
   1.0000   1.0000   1.0000
   1.0000   1.0000   1.0000
   1.0000   1.0000   1.0000
   1.0000   1.0000   1.0000
   1.0000   1.0000   1.0000
   1.0000   1.0000   1.0000
   1.0000   1.0000   1.0000
   1.0000   1.0000   1.0000
   1.0000   1.0000   1.0000
   1.0000   1.0000   1.0000
   1.0000   1.0000   1.0000
   1.0000   1.0000   1.0000
   1.0000   1.0000   1.0000
   1.0000   1.0000   1.0000
   1.0000   1.0000   1.0000
   1.0000   1.0000   1.0000
   1.0000   1.0000   1.0000
   1.0000   1.0000   1.0000
   1.0000   1.0000   1.0000
   1.0000   1.0000   1.0000
   1.0000   1.0000   1.0000
   1.0000   1.0000   1.0000
   1.0000   1.0000   1.0000
   1.0000   1.0000   1.0000
   1.0000   1.0000   1.0000
   1.0000   1.0000   1.0000
   1.0000   1.0000   1.0000
   1.0000   1.0000   1.0000
   1.0000   1.0000   1.0000
   1.0000   1.0000   1.0000
   1.0000   1.0000   1.0000
   1.0000   1.0000   1.0000
   1.0000   1.0000   1.0000
   1.0000   1.0000   1.0000

applying weight : 1
applying weight : 1
applying weight : 1
Here are the weights in c++ : 
   1.0000   1.0000   1.0000
   1.0000   1.0000   1.0000
   1.0000   1.0000   1.0000
   1.0000   1.0000   1.0000
   1.0000   1.0000   1.0000
   1.0000   1.0000   1.0000
   1.0000   1.0000   1.0000
   1.0000   1.0000   1.0000
   1.0000   1.0000   1.0000
   1.0000   1.0000   1.0000
   1.0000   1.0000   1.0000
   1.0000   1.0000   1.0000
   1.0000   1.0000   1.0000
   1.0000   1.0000   1.0000
   1.0000   1.0000   1.0000
   1.0000   1.0000   1.0000
   1.0000   1.0000   1.0000
   1.0000   1.0000   1.0000
   1.0000   1.0000   1.0000
   1.0000   1.0000   1.0000
   1.0000   1.0000   1.0000
   1.0000   1.0000   1.0000
   1.0000   1.0000   1.0000
   1.0000   1.0000   1.0000
   1.0000   1.0000   1.0000
   1.0000   1.0000   1.0000
   1.0000   1.0000   1.0000
   1.0000   1.0000   1.0000
   1.0000   1.0000   1.0000
   1.0000   1.0000   1.0000
   1.0000   1.0000   1.0000
   1.0000   1.0000   1.0000
   1.0000   1.0000   1.0000
   1.0000   1.0000   1.0000
   1.0000   1.0000   1.0000
   1.0000   1.0000   1.0000
   1.0000   1.0000   1.0000
   1.0000   1.0000   1.0000
   1.0000   1.0000   1.0000
   1.0000   1.0000   1.0000
   1.0000   1.0000   1.0000
   1.0000   1.0000   1.0000
   1.0000   1.0000   1.0000
   1.0000   1.0000   1.0000
   1.0000   1.0000   1.0000

applying weight : 1
applying weight : 1
applying weight : 1
Here are the weights in c++ : 
   1.0000   1.0000   1.0000
   1.0000   1.0000   1.0000
   1.0000   1.0000   1.0000
   1.0000   1.0000   1.0000
   1.0000   1.0000   1.0000
   1.0000   1.0000   1.0000
   1.0000   1.0000   1.0000
   1.0000   1.0000   1.0000
   1.0000   1.0000   1.0000
   1.0000   1.0000   1.0000
   1.0000   1.0000   1.0000
   1.0000   1.0000   1.0000
   1.0000   1.0000   1.0000
   1.0000   1.0000   1.0000
   1.0000   1.0000   1.0000
   1.0000   1.0000   1.0000
   1.0000   1.0000   1.0000
   1.0000   1.0000   1.0000
   1.0000   1.0000   1.0000
   1.0000   1.0000   1.0000
   1.0000   1.0000   1.0000
   1.0000   1.0000   1.0000
   1.0000   1.0000   1.0000
   1.0000   1.0000   1.0000
   1.0000   1.0000   1.0000
   1.0000   1.0000   1.0000
   1.0000   1.0000   1.0000
   1.0000   1.0000   1.0000
   1.0000   1.0000   1.0000
   1.0000   1.0000   1.0000
   1.0000   1.0000   1.0000
   1.0000   1.0000   1.0000
   1.0000   1.0000   1.0000
   1.0000   1.0000   1.0000
   1.0000   1.0000   1.0000
   1.0000   1.0000   1.0000
   1.0000   1.0000   1.0000
   1.0000   1.0000   1.0000
   1.0000   1.0000   1.0000
   1.0000   1.0000   1.0000
   1.0000   1.0000   1.0000
   1.0000   1.0000   1.0000
   1.0000   1.0000   1.0000
   1.0000   1.0000   1.0000
   1.0000   1.0000   1.0000

applying weight : 1
applying weight : 1
applying weight : 1
Here are the weights in c++ : 
   1.0000   1.0000   1.0000
   1.0000   1.0000   1.0000
   1.0000   1.0000   1.0000
   1.0000   1.0000   1.0000
   1.0000   1.0000   1.0000
   1.0000   1.0000   1.0000
   1.0000   1.0000   1.0000
   1.0000   1.0000   1.0000
   1.0000   1.0000   1.0000
   1.0000   1.0000   1.0000
   1.0000   1.0000   1.0000
   1.0000   1.0000   1.0000
   1.0000   1.0000   1.0000
   1.0000   1.0000   1.0000
   1.0000   1.0000   1.0000
   1.0000   1.0000   1.0000
   1.0000   1.0000   1.0000
   1.0000   1.0000   1.0000
   1.0000   1.0000   1.0000
   1.0000   1.0000   1.0000
   1.0000   1.0000   1.0000
   1.0000   1.0000   1.0000
   1.0000   1.0000   1.0000
   1.0000   1.0000   1.0000
   1.0000   1.0000   1.0000
   1.0000   1.0000   1.0000
   1.0000   1.0000   1.0000
   1.0000   1.0000   1.0000
   1.0000   1.0000   1.0000
   1.0000   1.0000   1.0000
   1.0000   1.0000   1.0000
   1.0000   1.0000   1.0000
   1.0000   1.0000   1.0000
   1.0000   1.0000   1.0000
   1.0000   1.0000   1.0000
   1.0000   1.0000   1.0000
   1.0000   1.0000   1.0000
   1.0000   1.0000   1.0000
   1.0000   1.0000   1.0000
   1.0000   1.0000   1.0000
   1.0000   1.0000   1.0000
   1.0000   1.0000   1.0000
   1.0000   1.0000   1.0000
   1.0000   1.0000   1.0000
   1.0000   1.0000   1.0000

applying weight : 1
applying weight : 1
applying weight : 1
Here are the weights in c++ : 
   1.0000   1.0000   1.0000
   1.0000   1.0000   1.0000
   1.0000   1.0000   1.0000
   1.0000   1.0000   1.0000
   1.0000   1.0000   1.0000
   1.0000   1.0000   1.0000
   1.0000   1.0000   1.0000
   1.0000   1.0000   1.0000
   1.0000   1.0000   1.0000
   1.0000   1.0000   1.0000
   1.0000   1.0000   1.0000
   1.0000   1.0000   1.0000
   1.0000   1.0000   1.0000
   1.0000   1.0000   1.0000
   1.0000   1.0000   1.0000
   1.0000   1.0000   1.0000
   1.0000   1.0000   1.0000
   1.0000   1.0000   1.0000
   1.0000   1.0000   1.0000
   1.0000   1.0000   1.0000
   1.0000   1.0000   1.0000
   1.0000   1.0000   1.0000
   1.0000   1.0000   1.0000
   1.0000   1.0000   1.0000
   1.0000   1.0000   1.0000
   1.0000   1.0000   1.0000
   1.0000   1.0000   1.0000
   1.0000   1.0000   1.0000
   1.0000   1.0000   1.0000
   1.0000   1.0000   1.0000
   1.0000   1.0000   1.0000
   1.0000   1.0000   1.0000
   1.0000   1.0000   1.0000
   1.0000   1.0000   1.0000
   1.0000   1.0000   1.0000
   1.0000   1.0000   1.0000
   1.0000   1.0000   1.0000
   1.0000   1.0000   1.0000
   1.0000   1.0000   1.0000
   1.0000   1.0000   1.0000
   1.0000   1.0000   1.0000
   1.0000   1.0000   1.0000
   1.0000   1.0000   1.0000
   1.0000   1.0000   1.0000
   1.0000   1.0000   1.0000

applying weight : 1
applying weight : 1
applying weight : 1
Here are the weights in c++ : 
   1.0000   1.0000   1.0000
   1.0000   1.0000   1.0000
   1.0000   1.0000   1.0000
   1.0000   1.0000   1.0000
   1.0000   1.0000   1.0000
   1.0000   1.0000   1.0000
   1.0000   1.0000   1.0000
   1.0000   1.0000   1.0000
   1.0000   1.0000   1.0000
   1.0000   1.0000   1.0000
   1.0000   1.0000   1.0000
   1.0000   1.0000   1.0000
   1.0000   1.0000   1.0000
   1.0000   1.0000   1.0000
   1.0000   1.0000   1.0000
   1.0000   1.0000   1.0000
   1.0000   1.0000   1.0000
   1.0000   1.0000   1.0000
   1.0000   1.0000   1.0000
   1.0000   1.0000   1.0000
   1.0000   1.0000   1.0000
   1.0000   1.0000   1.0000
   1.0000   1.0000   1.0000
   1.0000   1.0000   1.0000
   1.0000   1.0000   1.0000
   1.0000   1.0000   1.0000
   1.0000   1.0000   1.0000
   1.0000   1.0000   1.0000
   1.0000   1.0000   1.0000
   1.0000   1.0000   1.0000
   1.0000   1.0000   1.0000
   1.0000   1.0000   1.0000
   1.0000   1.0000   1.0000
   1.0000   1.0000   1.0000
   1.0000   1.0000   1.0000
   1.0000   1.0000   1.0000
   1.0000   1.0000   1.0000
   1.0000   1.0000   1.0000
   1.0000   1.0000   1.0000
   1.0000   1.0000   1.0000
   1.0000   1.0000   1.0000
   1.0000   1.0000   1.0000
   1.0000   1.0000   1.0000
   1.0000   1.0000   1.0000
   1.0000   1.0000   1.0000

applying weight : 1
applying weight : 1
applying weight : 1
Here are the weights in c++ : 
   1.0000   1.0000   1.0000
   1.0000   1.0000   1.0000
   1.0000   1.0000   1.0000
   1.0000   1.0000   1.0000
   1.0000   1.0000   1.0000
   1.0000   1.0000   1.0000
   1.0000   1.0000   1.0000
   1.0000   1.0000   1.0000
   1.0000   1.0000   1.0000
   1.0000   1.0000   1.0000
   1.0000   1.0000   1.0000
   1.0000   1.0000   1.0000
   1.0000   1.0000   1.0000
   1.0000   1.0000   1.0000
   1.0000   1.0000   1.0000
   1.0000   1.0000   1.0000
   1.0000   1.0000   1.0000
   1.0000   1.0000   1.0000
   1.0000   1.0000   1.0000
   1.0000   1.0000   1.0000
   1.0000   1.0000   1.0000
   1.0000   1.0000   1.0000
   1.0000   1.0000   1.0000
   1.0000   1.0000   1.0000
   1.0000   1.0000   1.0000
   1.0000   1.0000   1.0000
   1.0000   1.0000   1.0000
   1.0000   1.0000   1.0000
   1.0000   1.0000   1.0000
   1.0000   1.0000   1.0000
   1.0000   1.0000   1.0000
   1.0000   1.0000   1.0000
   1.0000   1.0000   1.0000
   1.0000   1.0000   1.0000
   1.0000   1.0000   1.0000
   1.0000   1.0000   1.0000
   1.0000   1.0000   1.0000
   1.0000   1.0000   1.0000
   1.0000   1.0000   1.0000
   1.0000   1.0000   1.0000
   1.0000   1.0000   1.0000
   1.0000   1.0000   1.0000
   1.0000   1.0000   1.0000
   1.0000   1.0000   1.0000
   1.0000   1.0000   1.0000

applying weight : 1
applying weight : 1
applying weight : 1
Here are the weights in c++ : 
   1.0000   1.0000   1.0000
   1.0000   1.0000   1.0000
   1.0000   1.0000   1.0000
   1.0000   1.0000   1.0000
   1.0000   1.0000   1.0000
   1.0000   1.0000   1.0000
   1.0000   1.0000   1.0000
   1.0000   1.0000   1.0000
   1.0000   1.0000   1.0000
   1.0000   1.0000   1.0000
   1.0000   1.0000   1.0000
   1.0000   1.0000   1.0000
   1.0000   1.0000   1.0000
   1.0000   1.0000   1.0000
   1.0000   1.0000   1.0000
   1.0000   1.0000   1.0000
   1.0000   1.0000   1.0000
   1.0000   1.0000   1.0000
   1.0000   1.0000   1.0000
   1.0000   1.0000   1.0000
   1.0000   1.0000   1.0000
   1.0000   1.0000   1.0000
   1.0000   1.0000   1.0000
   1.0000   1.0000   1.0000
   1.0000   1.0000   1.0000
   1.0000   1.0000   1.0000
   1.0000   1.0000   1.0000
   1.0000   1.0000   1.0000
   1.0000   1.0000   1.0000
   1.0000   1.0000   1.0000
   1.0000   1.0000   1.0000
   1.0000   1.0000   1.0000
   1.0000   1.0000   1.0000
   1.0000   1.0000   1.0000
   1.0000   1.0000   1.0000
   1.0000   1.0000   1.0000
   1.0000   1.0000   1.0000
   1.0000   1.0000   1.0000
   1.0000   1.0000   1.0000
   1.0000   1.0000   1.0000
   1.0000   1.0000   1.0000
   1.0000   1.0000   1.0000
   1.0000   1.0000   1.0000
   1.0000   1.0000   1.0000
   1.0000   1.0000   1.0000

applying weight : 1
applying weight : 1
applying weight : 1
Here are the weights in c++ : 
   1.0000   1.0000   1.0000
   1.0000   1.0000   1.0000
   1.0000   1.0000   1.0000
   1.0000   1.0000   1.0000
   1.0000   1.0000   1.0000
   1.0000   1.0000   1.0000
   1.0000   1.0000   1.0000
   1.0000   1.0000   1.0000
   1.0000   1.0000   1.0000
   1.0000   1.0000   1.0000
   1.0000   1.0000   1.0000
   1.0000   1.0000   1.0000
   1.0000   1.0000   1.0000
   1.0000   1.0000   1.0000
   1.0000   1.0000   1.0000
   1.0000   1.0000   1.0000
   1.0000   1.0000   1.0000
   1.0000   1.0000   1.0000
   1.0000   1.0000   1.0000
   1.0000   1.0000   1.0000
   1.0000   1.0000   1.0000
   1.0000   1.0000   1.0000
   1.0000   1.0000   1.0000
   1.0000   1.0000   1.0000
   1.0000   1.0000   1.0000
   1.0000   1.0000   1.0000
   1.0000   1.0000   1.0000
   1.0000   1.0000   1.0000
   1.0000   1.0000   1.0000
   1.0000   1.0000   1.0000
   1.0000   1.0000   1.0000
   1.0000   1.0000   1.0000
   1.0000   1.0000   1.0000
   1.0000   1.0000   1.0000
   1.0000   1.0000   1.0000
   1.0000   1.0000   1.0000
   1.0000   1.0000   1.0000
   1.0000   1.0000   1.0000
   1.0000   1.0000   1.0000
   1.0000   1.0000   1.0000
   1.0000   1.0000   1.0000
   1.0000   1.0000   1.0000
   1.0000   1.0000   1.0000
   1.0000   1.0000   1.0000
   1.0000   1.0000   1.0000

applying weight : 1
applying weight : 1
applying weight : 1
Here are the weights in c++ : 
   1.0000   1.0000   1.0000
   1.0000   1.0000   1.0000
   1.0000   1.0000   1.0000
   1.0000   1.0000   1.0000
   1.0000   1.0000   1.0000
   1.0000   1.0000   1.0000
   1.0000   1.0000   1.0000
   1.0000   1.0000   1.0000
   1.0000   1.0000   1.0000
   1.0000   1.0000   1.0000
   1.0000   1.0000   1.0000
   1.0000   1.0000   1.0000
   1.0000   1.0000   1.0000
   1.0000   1.0000   1.0000
   1.0000   1.0000   1.0000
   1.0000   1.0000   1.0000
   1.0000   1.0000   1.0000
   1.0000   1.0000   1.0000
   1.0000   1.0000   1.0000
   1.0000   1.0000   1.0000
   1.0000   1.0000   1.0000
   1.0000   1.0000   1.0000
   1.0000   1.0000   1.0000
   1.0000   1.0000   1.0000
   1.0000   1.0000   1.0000
   1.0000   1.0000   1.0000
   1.0000   1.0000   1.0000
   1.0000   1.0000   1.0000
   1.0000   1.0000   1.0000
   1.0000   1.0000   1.0000
   1.0000   1.0000   1.0000
   1.0000   1.0000   1.0000
   1.0000   1.0000   1.0000
   1.0000   1.0000   1.0000
   1.0000   1.0000   1.0000
   1.0000   1.0000   1.0000
   1.0000   1.0000   1.0000
   1.0000   1.0000   1.0000
   1.0000   1.0000   1.0000
   1.0000   1.0000   1.0000
   1.0000   1.0000   1.0000
   1.0000   1.0000   1.0000
   1.0000   1.0000   1.0000
   1.0000   1.0000   1.0000
   1.0000   1.0000   1.0000
   1.0000   1.0000   1.0000
   1.0000   1.0000   1.0000
   1.0000   1.0000   1.0000
   1.0000   1.0000   1.0000

applying weight : 1
applying weight : 1
applying weight : 1
Here are the weights in c++ : 
   1.0000   1.0000   1.0000
   1.0000   1.0000   1.0000
   1.0000   1.0000   1.0000
   1.0000   1.0000   1.0000
   1.0000   1.0000   1.0000
   1.0000   1.0000   1.0000
   1.0000   1.0000   1.0000
   1.0000   1.0000   1.0000
   1.0000   1.0000   1.0000
   1.0000   1.0000   1.0000
   1.0000   1.0000   1.0000
   1.0000   1.0000   1.0000
   1.0000   1.0000   1.0000
   1.0000   1.0000   1.0000
   1.0000   1.0000   1.0000
   1.0000   1.0000   1.0000
   1.0000   1.0000   1.0000
   1.0000   1.0000   1.0000
   1.0000   1.0000   1.0000
   1.0000   1.0000   1.0000
   1.0000   1.0000   1.0000
   1.0000   1.0000   1.0000
   1.0000   1.0000   1.0000
   1.0000   1.0000   1.0000
   1.0000   1.0000   1.0000
   1.0000   1.0000   1.0000
   1.0000   1.0000   1.0000
   1.0000   1.0000   1.0000
   1.0000   1.0000   1.0000
   1.0000   1.0000   1.0000
   1.0000   1.0000   1.0000
   1.0000   1.0000   1.0000
   1.0000   1.0000   1.0000
   1.0000   1.0000   1.0000
   1.0000   1.0000   1.0000
   1.0000   1.0000   1.0000
   1.0000   1.0000   1.0000
   1.0000   1.0000   1.0000
   1.0000   1.0000   1.0000
   1.0000   1.0000   1.0000
   1.0000   1.0000   1.0000
   1.0000   1.0000   1.0000
   1.0000   1.0000   1.0000
   1.0000   1.0000   1.0000
   1.0000   1.0000   1.0000
   1.0000   1.0000   1.0000
   1.0000   1.0000   1.0000
   1.0000   1.0000   1.0000
   1.0000   1.0000   1.0000

applying weight : 1
applying weight : 1
applying weight : 1
Here are the weights in c++ : 
   1.0000   1.0000   1.0000
   1.0000   1.0000   1.0000
   1.0000   1.0000   1.0000
   1.0000   1.0000   1.0000
   1.0000   1.0000   1.0000
   1.0000   1.0000   1.0000
   1.0000   1.0000   1.0000
   1.0000   1.0000   1.0000
   1.0000   1.0000   1.0000
   1.0000   1.0000   1.0000
   1.0000   1.0000   1.0000
   1.0000   1.0000   1.0000
   1.0000   1.0000   1.0000
   1.0000   1.0000   1.0000
   1.0000   1.0000   1.0000
   1.0000   1.0000   1.0000
   1.0000   1.0000   1.0000
   1.0000   1.0000   1.0000
   1.0000   1.0000   1.0000
   1.0000   1.0000   1.0000
   1.0000   1.0000   1.0000
   1.0000   1.0000   1.0000
   1.0000   1.0000   1.0000
   1.0000   1.0000   1.0000
   1.0000   1.0000   1.0000
   1.0000   1.0000   1.0000
   1.0000   1.0000   1.0000
   1.0000   1.0000   1.0000
   1.0000   1.0000   1.0000
   1.0000   1.0000   1.0000
   1.0000   1.0000   1.0000
   1.0000   1.0000   1.0000
   1.0000   1.0000   1.0000
   1.0000   1.0000   1.0000
   1.0000   1.0000   1.0000
   1.0000   1.0000   1.0000
   1.0000   1.0000   1.0000
   1.0000   1.0000   1.0000
   1.0000   1.0000   1.0000
   1.0000   1.0000   1.0000
   1.0000   1.0000   1.0000
   1.0000   1.0000   1.0000
   1.0000   1.0000   1.0000
   1.0000   1.0000   1.0000
   1.0000   1.0000   1.0000
   1.0000   1.0000   1.0000
   1.0000   1.0000   1.0000
   1.0000   1.0000   1.0000
   1.0000   1.0000   1.0000

applying weight : 1
applying weight : 1
applying weight : 1
Here are the weights in c++ : 
   1.0000   1.0000   1.0000
   1.0000   1.0000   1.0000
   1.0000   1.0000   1.0000
   1.0000   1.0000   1.0000
   1.0000   1.0000   1.0000
   1.0000   1.0000   1.0000
   1.0000   1.0000   1.0000
   1.0000   1.0000   1.0000
   1.0000   1.0000   1.0000
   1.0000   1.0000   1.0000
   1.0000   1.0000   1.0000
   1.0000   1.0000   1.0000
   1.0000   1.0000   1.0000
   1.0000   1.0000   1.0000
   1.0000   1.0000   1.0000
   1.0000   1.0000   1.0000
   1.0000   1.0000   1.0000
   1.0000   1.0000   1.0000
   1.0000   1.0000   1.0000
   1.0000   1.0000   1.0000
   1.0000   1.0000   1.0000
   1.0000   1.0000   1.0000
   1.0000   1.0000   1.0000
   1.0000   1.0000   1.0000
   1.0000   1.0000   1.0000
   1.0000   1.0000   1.0000
   1.0000   1.0000   1.0000
   1.0000   1.0000   1.0000
   1.0000   1.0000   1.0000
   1.0000   1.0000   1.0000
   1.0000   1.0000   1.0000
   1.0000   1.0000   1.0000
   1.0000   1.0000   1.0000
   1.0000   1.0000   1.0000
   1.0000   1.0000   1.0000
   1.0000   1.0000   1.0000
   1.0000   1.0000   1.0000
   1.0000   1.0000   1.0000
   1.0000   1.0000   1.0000
   1.0000   1.0000   1.0000
   1.0000   1.0000   1.0000
   1.0000   1.0000   1.0000
   1.0000   1.0000   1.0000
   1.0000   1.0000   1.0000
   1.0000   1.0000   1.0000
   1.0000   1.0000   1.0000
   1.0000   1.0000   1.0000
   1.0000   1.0000   1.0000
   1.0000   1.0000   1.0000

applying weight : 1
applying weight : 1
applying weight : 1
Here are the weights in c++ : 
   1.0000   1.0000   1.0000
   1.0000   1.0000   1.0000
   1.0000   1.0000   1.0000
   1.0000   1.0000   1.0000
   1.0000   1.0000   1.0000
   1.0000   1.0000   1.0000
   1.0000   1.0000   1.0000
   1.0000   1.0000   1.0000
   1.0000   1.0000   1.0000
   1.0000   1.0000   1.0000
   1.0000   1.0000   1.0000
   1.0000   1.0000   1.0000
   1.0000   1.0000   1.0000
   1.0000   1.0000   1.0000
   1.0000   1.0000   1.0000
   1.0000   1.0000   1.0000
   1.0000   1.0000   1.0000
   1.0000   1.0000   1.0000
   1.0000   1.0000   1.0000
   1.0000   1.0000   1.0000
   1.0000   1.0000   1.0000
   1.0000   1.0000   1.0000
   1.0000   1.0000   1.0000
   1.0000   1.0000   1.0000
   1.0000   1.0000   1.0000
   1.0000   1.0000   1.0000
   1.0000   1.0000   1.0000
   1.0000   1.0000   1.0000
   1.0000   1.0000   1.0000
   1.0000   1.0000   1.0000
   1.0000   1.0000   1.0000
   1.0000   1.0000   1.0000
   1.0000   1.0000   1.0000
   1.0000   1.0000   1.0000
   1.0000   1.0000   1.0000
   1.0000   1.0000   1.0000
   1.0000   1.0000   1.0000
   1.0000   1.0000   1.0000
   1.0000   1.0000   1.0000
   1.0000   1.0000   1.0000
   1.0000   1.0000   1.0000
   1.0000   1.0000   1.0000
   1.0000   1.0000   1.0000
   1.0000   1.0000   1.0000
   1.0000   1.0000   1.0000
   1.0000   1.0000   1.0000
   1.0000   1.0000   1.0000
   1.0000   1.0000   1.0000
   1.0000   1.0000   1.0000

applying weight : 1
applying weight : 1
applying weight : 1
Here are the weights in c++ : 
   1.0000   1.0000   1.0000
   1.0000   1.0000   1.0000
   1.0000   1.0000   1.0000
   1.0000   1.0000   1.0000
   1.0000   1.0000   1.0000
   1.0000   1.0000   1.0000
   1.0000   1.0000   1.0000
   1.0000   1.0000   1.0000
   1.0000   1.0000   1.0000
   1.0000   1.0000   1.0000
   1.0000   1.0000   1.0000
   1.0000   1.0000   1.0000
   1.0000   1.0000   1.0000
   1.0000   1.0000   1.0000
   1.0000   1.0000   1.0000
   1.0000   1.0000   1.0000
   1.0000   1.0000   1.0000
   1.0000   1.0000   1.0000
   1.0000   1.0000   1.0000
   1.0000   1.0000   1.0000
   1.0000   1.0000   1.0000
   1.0000   1.0000   1.0000
   1.0000   1.0000   1.0000
   1.0000   1.0000   1.0000
   1.0000   1.0000   1.0000
   1.0000   1.0000   1.0000
   1.0000   1.0000   1.0000
   1.0000   1.0000   1.0000
   1.0000   1.0000   1.0000
   1.0000   1.0000   1.0000
   1.0000   1.0000   1.0000
   1.0000   1.0000   1.0000
   1.0000   1.0000   1.0000
   1.0000   1.0000   1.0000
   1.0000   1.0000   1.0000
   1.0000   1.0000   1.0000
   1.0000   1.0000   1.0000
   1.0000   1.0000   1.0000
   1.0000   1.0000   1.0000
   1.0000   1.0000   1.0000
   1.0000   1.0000   1.0000
   1.0000   1.0000   1.0000
   1.0000   1.0000   1.0000
   1.0000   1.0000   1.0000
   1.0000   1.0000   1.0000
   1.0000   1.0000   1.0000
   1.0000   1.0000   1.0000
   1.0000   1.0000   1.0000
   1.0000   1.0000   1.0000

applying weight : 1
applying weight : 1
applying weight : 1
Here are the weights in c++ : 
   1.0000   1.0000   1.0000
   1.0000   1.0000   1.0000
   1.0000   1.0000   1.0000
   1.0000   1.0000   1.0000
   1.0000   1.0000   1.0000
   1.0000   1.0000   1.0000
   1.0000   1.0000   1.0000
   1.0000   1.0000   1.0000
   1.0000   1.0000   1.0000
   1.0000   1.0000   1.0000
   1.0000   1.0000   1.0000
   1.0000   1.0000   1.0000
   1.0000   1.0000   1.0000
   1.0000   1.0000   1.0000
   1.0000   1.0000   1.0000
   1.0000   1.0000   1.0000
   1.0000   1.0000   1.0000
   1.0000   1.0000   1.0000
   1.0000   1.0000   1.0000
   1.0000   1.0000   1.0000
   1.0000   1.0000   1.0000
   1.0000   1.0000   1.0000
   1.0000   1.0000   1.0000
   1.0000   1.0000   1.0000
   1.0000   1.0000   1.0000
   1.0000   1.0000   1.0000
   1.0000   1.0000   1.0000
   1.0000   1.0000   1.0000
   1.0000   1.0000   1.0000
   1.0000   1.0000   1.0000
   1.0000   1.0000   1.0000
   1.0000   1.0000   1.0000
   1.0000   1.0000   1.0000
   1.0000   1.0000   1.0000
   1.0000   1.0000   1.0000
   1.0000   1.0000   1.0000
   1.0000   1.0000   1.0000
   1.0000   1.0000   1.0000
   1.0000   1.0000   1.0000
   1.0000   1.0000   1.0000
   1.0000   1.0000   1.0000
   1.0000   1.0000   1.0000
   1.0000   1.0000   1.0000
   1.0000   1.0000   1.0000
   1.0000   1.0000   1.0000
   1.0000   1.0000   1.0000
   1.0000   1.0000   1.0000
   1.0000   1.0000   1.0000
   1.0000   1.0000   1.0000

applying weight : 1
applying weight : 1
applying weight : 1
Here are the weights in c++ : 
   1.0000   1.0000   1.0000
   1.0000   1.0000   1.0000
   1.0000   1.0000   1.0000
   1.0000   1.0000   1.0000
   1.0000   1.0000   1.0000
   1.0000   1.0000   1.0000
   1.0000   1.0000   1.0000
   1.0000   1.0000   1.0000
   1.0000   1.0000   1.0000
   1.0000   1.0000   1.0000
   1.0000   1.0000   1.0000
   1.0000   1.0000   1.0000
   1.0000   1.0000   1.0000
   1.0000   1.0000   1.0000
   1.0000   1.0000   1.0000
   1.0000   1.0000   1.0000
   1.0000   1.0000   1.0000
   1.0000   1.0000   1.0000
   1.0000   1.0000   1.0000
   1.0000   1.0000   1.0000
   1.0000   1.0000   1.0000
   1.0000   1.0000   1.0000
   1.0000   1.0000   1.0000
   1.0000   1.0000   1.0000
   1.0000   1.0000   1.0000
   1.0000   1.0000   1.0000
   1.0000   1.0000   1.0000
   1.0000   1.0000   1.0000
   1.0000   1.0000   1.0000
   1.0000   1.0000   1.0000
   1.0000   1.0000   1.0000
   1.0000   1.0000   1.0000
   1.0000   1.0000   1.0000
   1.0000   1.0000   1.0000
   1.0000   1.0000   1.0000
   1.0000   1.0000   1.0000
   1.0000   1.0000   1.0000
   1.0000   1.0000   1.0000
   1.0000   1.0000   1.0000
   1.0000   1.0000   1.0000
   1.0000   1.0000   1.0000
   1.0000   1.0000   1.0000
   1.0000   1.0000   1.0000
   1.0000   1.0000   1.0000
   1.0000   1.0000   1.0000
   1.0000   1.0000   1.0000
   1.0000   1.0000   1.0000
   1.0000   1.0000   1.0000
   1.0000   1.0000   1.0000

applying weight : 1
applying weight : 1
applying weight : 1
Here are the weights in c++ : 
   1.0000   1.0000   1.0000
   1.0000   1.0000   1.0000
   1.0000   1.0000   1.0000
   1.0000   1.0000   1.0000
   1.0000   1.0000   1.0000
   1.0000   1.0000   1.0000
   1.0000   1.0000   1.0000
   1.0000   1.0000   1.0000
   1.0000   1.0000   1.0000
   1.0000   1.0000   1.0000
   1.0000   1.0000   1.0000
   1.0000   1.0000   1.0000
   1.0000   1.0000   1.0000
   1.0000   1.0000   1.0000
   1.0000   1.0000   1.0000
   1.0000   1.0000   1.0000
   1.0000   1.0000   1.0000
   1.0000   1.0000   1.0000
   1.0000   1.0000   1.0000
   1.0000   1.0000   1.0000
   1.0000   1.0000   1.0000
   1.0000   1.0000   1.0000
   1.0000   1.0000   1.0000
   1.0000   1.0000   1.0000
   1.0000   1.0000   1.0000
   1.0000   1.0000   1.0000
   1.0000   1.0000   1.0000
   1.0000   1.0000   1.0000
   1.0000   1.0000   1.0000
   1.0000   1.0000   1.0000
   1.0000   1.0000   1.0000
   1.0000   1.0000   1.0000
   1.0000   1.0000   1.0000
   1.0000   1.0000   1.0000
   1.0000   1.0000   1.0000
   1.0000   1.0000   1.0000
   1.0000   1.0000   1.0000
   1.0000   1.0000   1.0000
   1.0000   1.0000   1.0000
   1.0000   1.0000   1.0000
   1.0000   1.0000   1.0000
   1.0000   1.0000   1.0000
   1.0000   1.0000   1.0000
   1.0000   1.0000   1.0000
   1.0000   1.0000   1.0000
   1.0000   1.0000   1.0000
   1.0000   1.0000   1.0000
   1.0000   1.0000   1.0000
   1.0000   1.0000   1.0000

applying weight : 1
applying weight : 1
applying weight : 1
Here are the weights in c++ : 
   1.0000   1.0000   1.0000
   1.0000   1.0000   1.0000
   1.0000   1.0000   1.0000
   1.0000   1.0000   1.0000
   1.0000   1.0000   1.0000
   1.0000   1.0000   1.0000
   1.0000   1.0000   1.0000
   1.0000   1.0000   1.0000
   1.0000   1.0000   1.0000
   1.0000   1.0000   1.0000
   1.0000   1.0000   1.0000
   1.0000   1.0000   1.0000
   1.0000   1.0000   1.0000
   1.0000   1.0000   1.0000
   1.0000   1.0000   1.0000
   1.0000   1.0000   1.0000
   1.0000   1.0000   1.0000
   1.0000   1.0000   1.0000
   1.0000   1.0000   1.0000
   1.0000   1.0000   1.0000
   1.0000   1.0000   1.0000
   1.0000   1.0000   1.0000
   1.0000   1.0000   1.0000
   1.0000   1.0000   1.0000
   1.0000   1.0000   1.0000
   1.0000   1.0000   1.0000
   1.0000   1.0000   1.0000
   1.0000   1.0000   1.0000
   1.0000   1.0000   1.0000
   1.0000   1.0000   1.0000
   1.0000   1.0000   1.0000
   1.0000   1.0000   1.0000
   1.0000   1.0000   1.0000
   1.0000   1.0000   1.0000
   1.0000   1.0000   1.0000
   1.0000   1.0000   1.0000
   1.0000   1.0000   1.0000
   1.0000   1.0000   1.0000
   1.0000   1.0000   1.0000
   1.0000   1.0000   1.0000
   1.0000   1.0000   1.0000
   1.0000   1.0000   1.0000
   1.0000   1.0000   1.0000
   1.0000   1.0000   1.0000
   1.0000   1.0000   1.0000
   1.0000   1.0000   1.0000
   1.0000   1.0000   1.0000
   1.0000   1.0000   1.0000
   1.0000   1.0000   1.0000

applying weight : 1
applying weight : 1
applying weight : 1
Here are the weights in c++ : 
   1.0000   1.0000   1.0000
   1.0000   1.0000   1.0000
   1.0000   1.0000   1.0000
   1.0000   1.0000   1.0000
   1.0000   1.0000   1.0000
   1.0000   1.0000   1.0000
   1.0000   1.0000   1.0000
   1.0000   1.0000   1.0000
   1.0000   1.0000   1.0000
   1.0000   1.0000   1.0000
   1.0000   1.0000   1.0000
   1.0000   1.0000   1.0000
   1.0000   1.0000   1.0000
   1.0000   1.0000   1.0000
   1.0000   1.0000   1.0000
   1.0000   1.0000   1.0000
   1.0000   1.0000   1.0000
   1.0000   1.0000   1.0000
   1.0000   1.0000   1.0000
   1.0000   1.0000   1.0000
   1.0000   1.0000   1.0000
   1.0000   1.0000   1.0000
   1.0000   1.0000   1.0000
   1.0000   1.0000   1.0000
   1.0000   1.0000   1.0000
   1.0000   1.0000   1.0000
   1.0000   1.0000   1.0000
   1.0000   1.0000   1.0000
   1.0000   1.0000   1.0000
   1.0000   1.0000   1.0000
   1.0000   1.0000   1.0000
   1.0000   1.0000   1.0000
   1.0000   1.0000   1.0000
   1.0000   1.0000   1.0000
   1.0000   1.0000   1.0000
   1.0000   1.0000   1.0000
   1.0000   1.0000   1.0000
   1.0000   1.0000   1.0000
   1.0000   1.0000   1.0000
   1.0000   1.0000   1.0000
   1.0000   1.0000   1.0000
   1.0000   1.0000   1.0000
   1.0000   1.0000   1.0000
   1.0000   1.0000   1.0000
   1.0000   1.0000   1.0000
   1.0000   1.0000   1.0000
   1.0000   1.0000   1.0000
   1.0000   1.0000   1.0000
   1.0000   1.0000   1.0000

applying weight : 1
applying weight : 1
applying weight : 1
Here are the weights in c++ : 
   1.0000   1.0000   1.0000
   1.0000   1.0000   1.0000
   1.0000   1.0000   1.0000
   1.0000   1.0000   1.0000
   1.0000   1.0000   1.0000
   1.0000   1.0000   1.0000
   1.0000   1.0000   1.0000
   1.0000   1.0000   1.0000
   1.0000   1.0000   1.0000
   1.0000   1.0000   1.0000
   1.0000   1.0000   1.0000
   1.0000   1.0000   1.0000
   1.0000   1.0000   1.0000
   1.0000   1.0000   1.0000
   1.0000   1.0000   1.0000
   1.0000   1.0000   1.0000
   1.0000   1.0000   1.0000
   1.0000   1.0000   1.0000
   1.0000   1.0000   1.0000
   1.0000   1.0000   1.0000
   1.0000   1.0000   1.0000
   1.0000   1.0000   1.0000
   1.0000   1.0000   1.0000
   1.0000   1.0000   1.0000
   1.0000   1.0000   1.0000
   1.0000   1.0000   1.0000
   1.0000   1.0000   1.0000
   1.0000   1.0000   1.0000
   1.0000   1.0000   1.0000
   1.0000   1.0000   1.0000
   1.0000   1.0000   1.0000
   1.0000   1.0000   1.0000
   1.0000   1.0000   1.0000
   1.0000   1.0000   1.0000
   1.0000   1.0000   1.0000
   1.0000   1.0000   1.0000
   1.0000   1.0000   1.0000
   1.0000   1.0000   1.0000
   1.0000   1.0000   1.0000
   1.0000   1.0000   1.0000
   1.0000   1.0000   1.0000
   1.0000   1.0000   1.0000
   1.0000   1.0000   1.0000
   1.0000   1.0000   1.0000
   1.0000   1.0000   1.0000
   1.0000   1.0000   1.0000
   1.0000   1.0000   1.0000
   1.0000   1.0000   1.0000
   1.0000   1.0000   1.0000

applying weight : 1
applying weight : 1
applying weight : 1
Here are the weights in c++ : 
   1.0000   1.0000   1.0000
   1.0000   1.0000   1.0000
   1.0000   1.0000   1.0000
   1.0000   1.0000   1.0000
   1.0000   1.0000   1.0000
   1.0000   1.0000   1.0000
   1.0000   1.0000   1.0000
   1.0000   1.0000   1.0000
   1.0000   1.0000   1.0000
   1.0000   1.0000   1.0000
   1.0000   1.0000   1.0000
   1.0000   1.0000   1.0000
   1.0000   1.0000   1.0000
   1.0000   1.0000   1.0000
   1.0000   1.0000   1.0000
   1.0000   1.0000   1.0000
   1.0000   1.0000   1.0000
   1.0000   1.0000   1.0000
   1.0000   1.0000   1.0000
   1.0000   1.0000   1.0000
   1.0000   1.0000   1.0000
   1.0000   1.0000   1.0000
   1.0000   1.0000   1.0000
   1.0000   1.0000   1.0000
   1.0000   1.0000   1.0000
   1.0000   1.0000   1.0000
   1.0000   1.0000   1.0000
   1.0000   1.0000   1.0000
   1.0000   1.0000   1.0000
   1.0000   1.0000   1.0000
   1.0000   1.0000   1.0000
   1.0000   1.0000   1.0000
   1.0000   1.0000   1.0000
   1.0000   1.0000   1.0000
   1.0000   1.0000   1.0000
   1.0000   1.0000   1.0000
   1.0000   1.0000   1.0000
   1.0000   1.0000   1.0000
   1.0000   1.0000   1.0000
   1.0000   1.0000   1.0000
   1.0000   1.0000   1.0000
   1.0000   1.0000   1.0000
   1.0000   1.0000   1.0000
   1.0000   1.0000   1.0000
   1.0000   1.0000   1.0000
   1.0000   1.0000   1.0000
   1.0000   1.0000   1.0000
   1.0000   1.0000   1.0000
   1.0000   1.0000   1.0000

applying weight : 1
applying weight : 1
applying weight : 1
Here are the weights in c++ : 
   1.0000   1.0000   1.0000
   1.0000   1.0000   1.0000
   1.0000   1.0000   1.0000
   1.0000   1.0000   1.0000
   1.0000   1.0000   1.0000
   1.0000   1.0000   1.0000
   1.0000   1.0000   1.0000
   1.0000   1.0000   1.0000
   1.0000   1.0000   1.0000
   1.0000   1.0000   1.0000
   1.0000   1.0000   1.0000
   1.0000   1.0000   1.0000
   1.0000   1.0000   1.0000
   1.0000   1.0000   1.0000
   1.0000   1.0000   1.0000
   1.0000   1.0000   1.0000
   1.0000   1.0000   1.0000
   1.0000   1.0000   1.0000
   1.0000   1.0000   1.0000
   1.0000   1.0000   1.0000
   1.0000   1.0000   1.0000
   1.0000   1.0000   1.0000
   1.0000   1.0000   1.0000
   1.0000   1.0000   1.0000
   1.0000   1.0000   1.0000
   1.0000   1.0000   1.0000
   1.0000   1.0000   1.0000
   1.0000   1.0000   1.0000
   1.0000   1.0000   1.0000
   1.0000   1.0000   1.0000
   1.0000   1.0000   1.0000
   1.0000   1.0000   1.0000
   1.0000   1.0000   1.0000
   1.0000   1.0000   1.0000
   1.0000   1.0000   1.0000
   1.0000   1.0000   1.0000
   1.0000   1.0000   1.0000
   1.0000   1.0000   1.0000
   1.0000   1.0000   1.0000
   1.0000   1.0000   1.0000
   1.0000   1.0000   1.0000
   1.0000   1.0000   1.0000
   1.0000   1.0000   1.0000
   1.0000   1.0000   1.0000
   1.0000   1.0000   1.0000
   1.0000   1.0000   1.0000
   1.0000   1.0000   1.0000
   1.0000   1.0000   1.0000
   1.0000   1.0000   1.0000

applying weight : 1
applying weight : 1
applying weight : 1
Here are the weights in c++ : 
   1.0000   1.0000   1.0000
   1.0000   1.0000   1.0000
   1.0000   1.0000   1.0000
   1.0000   1.0000   1.0000
   1.0000   1.0000   1.0000
   1.0000   1.0000   1.0000
   1.0000   1.0000   1.0000
   1.0000   1.0000   1.0000
   1.0000   1.0000   1.0000
   1.0000   1.0000   1.0000
   1.0000   1.0000   1.0000
   1.0000   1.0000   1.0000
   1.0000   1.0000   1.0000
   1.0000   1.0000   1.0000
   1.0000   1.0000   1.0000
   1.0000   1.0000   1.0000
   1.0000   1.0000   1.0000
   1.0000   1.0000   1.0000
   1.0000   1.0000   1.0000
   1.0000   1.0000   1.0000
   1.0000   1.0000   1.0000
   1.0000   1.0000   1.0000
   1.0000   1.0000   1.0000
   1.0000   1.0000   1.0000
   1.0000   1.0000   1.0000
   1.0000   1.0000   1.0000
   1.0000   1.0000   1.0000
   1.0000   1.0000   1.0000
   1.0000   1.0000   1.0000
   1.0000   1.0000   1.0000
   1.0000   1.0000   1.0000
   1.0000   1.0000   1.0000
   1.0000   1.0000   1.0000
   1.0000   1.0000   1.0000
   1.0000   1.0000   1.0000
   1.0000   1.0000   1.0000
   1.0000   1.0000   1.0000
   1.0000   1.0000   1.0000
   1.0000   1.0000   1.0000
   1.0000   1.0000   1.0000
   1.0000   1.0000   1.0000
   1.0000   1.0000   1.0000
   1.0000   1.0000   1.0000
   1.0000   1.0000   1.0000
   1.0000   1.0000   1.0000
   1.0000   1.0000   1.0000
   1.0000   1.0000   1.0000
   1.0000   1.0000   1.0000
   1.0000   1.0000   1.0000

applying weight : 1
applying weight : 1
applying weight : 1
Here are the weights in c++ : 
   1.0000   1.0000   1.0000
   1.0000   1.0000   1.0000
   1.0000   1.0000   1.0000
   1.0000   1.0000   1.0000
   1.0000   1.0000   1.0000
   1.0000   1.0000   1.0000
   1.0000   1.0000   1.0000
   1.0000   1.0000   1.0000
   1.0000   1.0000   1.0000
   1.0000   1.0000   1.0000
   1.0000   1.0000   1.0000
   1.0000   1.0000   1.0000
   1.0000   1.0000   1.0000
   1.0000   1.0000   1.0000
   1.0000   1.0000   1.0000
   1.0000   1.0000   1.0000
   1.0000   1.0000   1.0000
   1.0000   1.0000   1.0000
   1.0000   1.0000   1.0000
   1.0000   1.0000   1.0000
   1.0000   1.0000   1.0000
   1.0000   1.0000   1.0000
   1.0000   1.0000   1.0000
   1.0000   1.0000   1.0000
   1.0000   1.0000   1.0000
   1.0000   1.0000   1.0000
   1.0000   1.0000   1.0000
   1.0000   1.0000   1.0000
   1.0000   1.0000   1.0000
   1.0000   1.0000   1.0000
   1.0000   1.0000   1.0000
   1.0000   1.0000   1.0000
   1.0000   1.0000   1.0000
   1.0000   1.0000   1.0000
   1.0000   1.0000   1.0000
   1.0000   1.0000   1.0000
   1.0000   1.0000   1.0000
   1.0000   1.0000   1.0000
   1.0000   1.0000   1.0000
   1.0000   1.0000   1.0000
   1.0000   1.0000   1.0000
   1.0000   1.0000   1.0000
   1.0000   1.0000   1.0000
   1.0000   1.0000   1.0000
   1.0000   1.0000   1.0000
   1.0000   1.0000   1.0000
   1.0000   1.0000   1.0000
   1.0000   1.0000   1.0000
   1.0000   1.0000   1.0000

applying weight : 1
applying weight : 1
applying weight : 1
Here are the weights in c++ : 
   1.0000   1.0000   1.0000
   1.0000   1.0000   1.0000
   1.0000   1.0000   1.0000
   1.0000   1.0000   1.0000
   1.0000   1.0000   1.0000
   1.0000   1.0000   1.0000
   1.0000   1.0000   1.0000
   1.0000   1.0000   1.0000
   1.0000   1.0000   1.0000
   1.0000   1.0000   1.0000
   1.0000   1.0000   1.0000
   1.0000   1.0000   1.0000
   1.0000   1.0000   1.0000
   1.0000   1.0000   1.0000
   1.0000   1.0000   1.0000
   1.0000   1.0000   1.0000
   1.0000   1.0000   1.0000
   1.0000   1.0000   1.0000
   1.0000   1.0000   1.0000
   1.0000   1.0000   1.0000
   1.0000   1.0000   1.0000
   1.0000   1.0000   1.0000
   1.0000   1.0000   1.0000
   1.0000   1.0000   1.0000
   1.0000   1.0000   1.0000
   1.0000   1.0000   1.0000
   1.0000   1.0000   1.0000
   1.0000   1.0000   1.0000
   1.0000   1.0000   1.0000
   1.0000   1.0000   1.0000
   1.0000   1.0000   1.0000
   1.0000   1.0000   1.0000
   1.0000   1.0000   1.0000
   1.0000   1.0000   1.0000
   1.0000   1.0000   1.0000
   1.0000   1.0000   1.0000
   1.0000   1.0000   1.0000
   1.0000   1.0000   1.0000
   1.0000   1.0000   1.0000
   1.0000   1.0000   1.0000
   1.0000   1.0000   1.0000
   1.0000   1.0000   1.0000
   1.0000   1.0000   1.0000
   1.0000   1.0000   1.0000
   1.0000   1.0000   1.0000
   1.0000   1.0000   1.0000
   1.0000   1.0000   1.0000
   1.0000   1.0000   1.0000
   1.0000   1.0000   1.0000

applying weight : 1
applying weight : 1
applying weight : 1
Here are the weights in c++ : 
   1.0000   1.0000   1.0000
   1.0000   1.0000   1.0000
   1.0000   1.0000   1.0000
   1.0000   1.0000   1.0000
   1.0000   1.0000   1.0000
   1.0000   1.0000   1.0000
   1.0000   1.0000   1.0000
   1.0000   1.0000   1.0000
   1.0000   1.0000   1.0000
   1.0000   1.0000   1.0000
   1.0000   1.0000   1.0000
   1.0000   1.0000   1.0000
   1.0000   1.0000   1.0000
   1.0000   1.0000   1.0000
   1.0000   1.0000   1.0000
   1.0000   1.0000   1.0000
   1.0000   1.0000   1.0000
   1.0000   1.0000   1.0000
   1.0000   1.0000   1.0000
   1.0000   1.0000   1.0000
   1.0000   1.0000   1.0000
   1.0000   1.0000   1.0000
   1.0000   1.0000   1.0000
   1.0000   1.0000   1.0000
   1.0000   1.0000   1.0000
   1.0000   1.0000   1.0000
   1.0000   1.0000   1.0000
   1.0000   1.0000   1.0000
   1.0000   1.0000   1.0000
   1.0000   1.0000   1.0000
   1.0000   1.0000   1.0000
   1.0000   1.0000   1.0000
   1.0000   1.0000   1.0000
   1.0000   1.0000   1.0000
   1.0000   1.0000   1.0000
   1.0000   1.0000   1.0000
   1.0000   1.0000   1.0000
   1.0000   1.0000   1.0000
   1.0000   1.0000   1.0000
   1.0000   1.0000   1.0000
   1.0000   1.0000   1.0000
   1.0000   1.0000   1.0000
   1.0000   1.0000   1.0000
   1.0000   1.0000   1.0000
   1.0000   1.0000   1.0000
   1.0000   1.0000   1.0000
   1.0000   1.0000   1.0000
   1.0000   1.0000   1.0000
   1.0000   1.0000   1.0000

applying weight : 1
applying weight : 1
applying weight : 1
Here are the weights in c++ : 
   1.0000   1.0000   1.0000
   1.0000   1.0000   1.0000
   1.0000   1.0000   1.0000
   1.0000   1.0000   1.0000
   1.0000   1.0000   1.0000
   1.0000   1.0000   1.0000
   1.0000   1.0000   1.0000
   1.0000   1.0000   1.0000
   1.0000   1.0000   1.0000
   1.0000   1.0000   1.0000
   1.0000   1.0000   1.0000
   1.0000   1.0000   1.0000
   1.0000   1.0000   1.0000
   1.0000   1.0000   1.0000
   1.0000   1.0000   1.0000
   1.0000   1.0000   1.0000
   1.0000   1.0000   1.0000
   1.0000   1.0000   1.0000
   1.0000   1.0000   1.0000
   1.0000   1.0000   1.0000
   1.0000   1.0000   1.0000
   1.0000   1.0000   1.0000
   1.0000   1.0000   1.0000
   1.0000   1.0000   1.0000
   1.0000   1.0000   1.0000
   1.0000   1.0000   1.0000
   1.0000   1.0000   1.0000
   1.0000   1.0000   1.0000
   1.0000   1.0000   1.0000
   1.0000   1.0000   1.0000
   1.0000   1.0000   1.0000
   1.0000   1.0000   1.0000
   1.0000   1.0000   1.0000
   1.0000   1.0000   1.0000
   1.0000   1.0000   1.0000
   1.0000   1.0000   1.0000
   1.0000   1.0000   1.0000
   1.0000   1.0000   1.0000
   1.0000   1.0000   1.0000
   1.0000   1.0000   1.0000
   1.0000   1.0000   1.0000
   1.0000   1.0000   1.0000
   1.0000   1.0000   1.0000
   1.0000   1.0000   1.0000
   1.0000   1.0000   1.0000
   1.0000   1.0000   1.0000
   1.0000   1.0000   1.0000
   1.0000   1.0000   1.0000
   1.0000   1.0000   1.0000

applying weight : 1
applying weight : 1
applying weight : 1
Here are the weights in c++ : 
   1.0000   1.0000   1.0000
   1.0000   1.0000   1.0000
   1.0000   1.0000   1.0000
   1.0000   1.0000   1.0000
   1.0000   1.0000   1.0000
   1.0000   1.0000   1.0000
   1.0000   1.0000   1.0000
   1.0000   1.0000   1.0000
   1.0000   1.0000   1.0000
   1.0000   1.0000   1.0000
   1.0000   1.0000   1.0000
   1.0000   1.0000   1.0000
   1.0000   1.0000   1.0000
   1.0000   1.0000   1.0000
   1.0000   1.0000   1.0000
   1.0000   1.0000   1.0000
   1.0000   1.0000   1.0000
   1.0000   1.0000   1.0000
   1.0000   1.0000   1.0000
   1.0000   1.0000   1.0000
   1.0000   1.0000   1.0000
   1.0000   1.0000   1.0000
   1.0000   1.0000   1.0000
   1.0000   1.0000   1.0000
   1.0000   1.0000   1.0000
   1.0000   1.0000   1.0000
   1.0000   1.0000   1.0000
   1.0000   1.0000   1.0000
   1.0000   1.0000   1.0000
   1.0000   1.0000   1.0000
   1.0000   1.0000   1.0000
   1.0000   1.0000   1.0000
   1.0000   1.0000   1.0000
   1.0000   1.0000   1.0000
   1.0000   1.0000   1.0000
   1.0000   1.0000   1.0000
   1.0000   1.0000   1.0000
   1.0000   1.0000   1.0000
   1.0000   1.0000   1.0000
   1.0000   1.0000   1.0000
   1.0000   1.0000   1.0000
   1.0000   1.0000   1.0000
   1.0000   1.0000   1.0000
   1.0000   1.0000   1.0000
   1.0000   1.0000   1.0000
   1.0000   1.0000   1.0000
   1.0000   1.0000   1.0000
   1.0000   1.0000   1.0000
   1.0000   1.0000   1.0000

applying weight : 1
applying weight : 1
applying weight : 1
Here are the weights in c++ : 
   1.0000   1.0000   1.0000
   1.0000   1.0000   1.0000
   1.0000   1.0000   1.0000
   1.0000   1.0000   1.0000
   1.0000   1.0000   1.0000
   1.0000   1.0000   1.0000
   1.0000   1.0000   1.0000
   1.0000   1.0000   1.0000
   1.0000   1.0000   1.0000
   1.0000   1.0000   1.0000
   1.0000   1.0000   1.0000
   1.0000   1.0000   1.0000
   1.0000   1.0000   1.0000
   1.0000   1.0000   1.0000
   1.0000   1.0000   1.0000
   1.0000   1.0000   1.0000
   1.0000   1.0000   1.0000
   1.0000   1.0000   1.0000
   1.0000   1.0000   1.0000
   1.0000   1.0000   1.0000
   1.0000   1.0000   1.0000
   1.0000   1.0000   1.0000
   1.0000   1.0000   1.0000
   1.0000   1.0000   1.0000
   1.0000   1.0000   1.0000
   1.0000   1.0000   1.0000
   1.0000   1.0000   1.0000
   1.0000   1.0000   1.0000
   1.0000   1.0000   1.0000
   1.0000   1.0000   1.0000
   1.0000   1.0000   1.0000
   1.0000   1.0000   1.0000
   1.0000   1.0000   1.0000
   1.0000   1.0000   1.0000
   1.0000   1.0000   1.0000
   1.0000   1.0000   1.0000
   1.0000   1.0000   1.0000
   1.0000   1.0000   1.0000
   1.0000   1.0000   1.0000
   1.0000   1.0000   1.0000
   1.0000   1.0000   1.0000
   1.0000   1.0000   1.0000
   1.0000   1.0000   1.0000
   1.0000   1.0000   1.0000
   1.0000   1.0000   1.0000
   1.0000   1.0000   1.0000
   1.0000   1.0000   1.0000
   1.0000   1.0000   1.0000
   1.0000   1.0000   1.0000

applying weight : 1
applying weight : 1
applying weight : 1
Here are the weights in c++ : 
   1.0000   1.0000   1.0000
   1.0000   1.0000   1.0000
   1.0000   1.0000   1.0000
   1.0000   1.0000   1.0000
   1.0000   1.0000   1.0000
   1.0000   1.0000   1.0000
   1.0000   1.0000   1.0000
   1.0000   1.0000   1.0000
   1.0000   1.0000   1.0000
   1.0000   1.0000   1.0000
   1.0000   1.0000   1.0000
   1.0000   1.0000   1.0000
   1.0000   1.0000   1.0000
   1.0000   1.0000   1.0000
   1.0000   1.0000   1.0000
   1.0000   1.0000   1.0000
   1.0000   1.0000   1.0000
   1.0000   1.0000   1.0000
   1.0000   1.0000   1.0000
   1.0000   1.0000   1.0000
   1.0000   1.0000   1.0000
   1.0000   1.0000   1.0000
   1.0000   1.0000   1.0000
   1.0000   1.0000   1.0000
   1.0000   1.0000   1.0000
   1.0000   1.0000   1.0000
   1.0000   1.0000   1.0000
   1.0000   1.0000   1.0000
   1.0000   1.0000   1.0000
   1.0000   1.0000   1.0000
   1.0000   1.0000   1.0000
   1.0000   1.0000   1.0000
   1.0000   1.0000   1.0000
   1.0000   1.0000   1.0000
   1.0000   1.0000   1.0000
   1.0000   1.0000   1.0000
   1.0000   1.0000   1.0000
   1.0000   1.0000   1.0000
   1.0000   1.0000   1.0000
   1.0000   1.0000   1.0000
   1.0000   1.0000   1.0000
   1.0000   1.0000   1.0000
   1.0000   1.0000   1.0000
   1.0000   1.0000   1.0000
   1.0000   1.0000   1.0000
   1.0000   1.0000   1.0000
   1.0000   1.0000   1.0000
   1.0000   1.0000   1.0000
   1.0000   1.0000   1.0000

applying weight : 1
applying weight : 1
applying weight : 1
Here are the weights in c++ : 
   1.0000   1.0000   1.0000
   1.0000   1.0000   1.0000
   1.0000   1.0000   1.0000
   1.0000   1.0000   1.0000
   1.0000   1.0000   1.0000
   1.0000   1.0000   1.0000
   1.0000   1.0000   1.0000
   1.0000   1.0000   1.0000
   1.0000   1.0000   1.0000
   1.0000   1.0000   1.0000
   1.0000   1.0000   1.0000
   1.0000   1.0000   1.0000
   1.0000   1.0000   1.0000
   1.0000   1.0000   1.0000
   1.0000   1.0000   1.0000
   1.0000   1.0000   1.0000
   1.0000   1.0000   1.0000
   1.0000   1.0000   1.0000
   1.0000   1.0000   1.0000
   1.0000   1.0000   1.0000
   1.0000   1.0000   1.0000
   1.0000   1.0000   1.0000
   1.0000   1.0000   1.0000
   1.0000   1.0000   1.0000
   1.0000   1.0000   1.0000
   1.0000   1.0000   1.0000
   1.0000   1.0000   1.0000
   1.0000   1.0000   1.0000
   1.0000   1.0000   1.0000
   1.0000   1.0000   1.0000
   1.0000   1.0000   1.0000
   1.0000   1.0000   1.0000
   1.0000   1.0000   1.0000
   1.0000   1.0000   1.0000
   1.0000   1.0000   1.0000
   1.0000   1.0000   1.0000
   1.0000   1.0000   1.0000
   1.0000   1.0000   1.0000
   1.0000   1.0000   1.0000
   1.0000   1.0000   1.0000
   1.0000   1.0000   1.0000
   1.0000   1.0000   1.0000
   1.0000   1.0000   1.0000
   1.0000   1.0000   1.0000
   1.0000   1.0000   1.0000
   1.0000   1.0000   1.0000
   1.0000   1.0000   1.0000
   1.0000   1.0000   1.0000
   1.0000   1.0000   1.0000

applying weight : 1
applying weight : 1
applying weight : 1
Here are the weights in c++ : 
   1.0000   1.0000   1.0000
   1.0000   1.0000   1.0000
   1.0000   1.0000   1.0000
   1.0000   1.0000   1.0000
   1.0000   1.0000   1.0000
   1.0000   1.0000   1.0000
   1.0000   1.0000   1.0000
   1.0000   1.0000   1.0000
   1.0000   1.0000   1.0000
   1.0000   1.0000   1.0000
   1.0000   1.0000   1.0000
   1.0000   1.0000   1.0000
   1.0000   1.0000   1.0000
   1.0000   1.0000   1.0000
   1.0000   1.0000   1.0000
   1.0000   1.0000   1.0000
   1.0000   1.0000   1.0000
   1.0000   1.0000   1.0000
   1.0000   1.0000   1.0000
   1.0000   1.0000   1.0000
   1.0000   1.0000   1.0000
   1.0000   1.0000   1.0000
   1.0000   1.0000   1.0000
   1.0000   1.0000   1.0000
   1.0000   1.0000   1.0000
   1.0000   1.0000   1.0000
   1.0000   1.0000   1.0000
   1.0000   1.0000   1.0000
   1.0000   1.0000   1.0000
   1.0000   1.0000   1.0000
   1.0000   1.0000   1.0000
   1.0000   1.0000   1.0000
   1.0000   1.0000   1.0000
   1.0000   1.0000   1.0000
   1.0000   1.0000   1.0000
   1.0000   1.0000   1.0000
   1.0000   1.0000   1.0000
   1.0000   1.0000   1.0000
   1.0000   1.0000   1.0000
   1.0000   1.0000   1.0000
   1.0000   1.0000   1.0000
   1.0000   1.0000   1.0000
   1.0000   1.0000   1.0000
   1.0000   1.0000   1.0000
   1.0000   1.0000   1.0000
   1.0000   1.0000   1.0000
   1.0000   1.0000   1.0000
   1.0000   1.0000   1.0000
   1.0000   1.0000   1.0000

applying weight : 1
applying weight : 1
applying weight : 1
Here are the weights in c++ : 
   1.0000   1.0000   1.0000
   1.0000   1.0000   1.0000
   1.0000   1.0000   1.0000
   1.0000   1.0000   1.0000
   1.0000   1.0000   1.0000
   1.0000   1.0000   1.0000
   1.0000   1.0000   1.0000
   1.0000   1.0000   1.0000
   1.0000   1.0000   1.0000
   1.0000   1.0000   1.0000
   1.0000   1.0000   1.0000
   1.0000   1.0000   1.0000
   1.0000   1.0000   1.0000
   1.0000   1.0000   1.0000
   1.0000   1.0000   1.0000
   1.0000   1.0000   1.0000
   1.0000   1.0000   1.0000
   1.0000   1.0000   1.0000
   1.0000   1.0000   1.0000
   1.0000   1.0000   1.0000
   1.0000   1.0000   1.0000
   1.0000   1.0000   1.0000
   1.0000   1.0000   1.0000
   1.0000   1.0000   1.0000
   1.0000   1.0000   1.0000
   1.0000   1.0000   1.0000
   1.0000   1.0000   1.0000
   1.0000   1.0000   1.0000
   1.0000   1.0000   1.0000
   1.0000   1.0000   1.0000
   1.0000   1.0000   1.0000
   1.0000   1.0000   1.0000
   1.0000   1.0000   1.0000
   1.0000   1.0000   1.0000
   1.0000   1.0000   1.0000
   1.0000   1.0000   1.0000
   1.0000   1.0000   1.0000
   1.0000   1.0000   1.0000
   1.0000   1.0000   1.0000
   1.0000   1.0000   1.0000
   1.0000   1.0000   1.0000
   1.0000   1.0000   1.0000
   1.0000   1.0000   1.0000
   1.0000   1.0000   1.0000
   1.0000   1.0000   1.0000
   1.0000   1.0000   1.0000
   1.0000   1.0000   1.0000
   1.0000   1.0000   1.0000
   1.0000   1.0000   1.0000

applying weight : 1
applying weight : 1
applying weight : 1
Here are the weights in c++ : 
   1.0000   1.0000   1.0000
   1.0000   1.0000   1.0000
   1.0000   1.0000   1.0000
   1.0000   1.0000   1.0000
   1.0000   1.0000   1.0000
   1.0000   1.0000   1.0000
   1.0000   1.0000   1.0000
   1.0000   1.0000   1.0000
   1.0000   1.0000   1.0000
   1.0000   1.0000   1.0000
   1.0000   1.0000   1.0000
   1.0000   1.0000   1.0000
   1.0000   1.0000   1.0000
   1.0000   1.0000   1.0000
   1.0000   1.0000   1.0000
   1.0000   1.0000   1.0000
   1.0000   1.0000   1.0000
   1.0000   1.0000   1.0000
   1.0000   1.0000   1.0000
   1.0000   1.0000   1.0000
   1.0000   1.0000   1.0000
   1.0000   1.0000   1.0000
   1.0000   1.0000   1.0000
   1.0000   1.0000   1.0000
   1.0000   1.0000   1.0000
   1.0000   1.0000   1.0000
   1.0000   1.0000   1.0000
   1.0000   1.0000   1.0000
   1.0000   1.0000   1.0000
   1.0000   1.0000   1.0000
   1.0000   1.0000   1.0000
   1.0000   1.0000   1.0000
   1.0000   1.0000   1.0000
   1.0000   1.0000   1.0000
   1.0000   1.0000   1.0000
   1.0000   1.0000   1.0000
   1.0000   1.0000   1.0000
   1.0000   1.0000   1.0000
   1.0000   1.0000   1.0000
   1.0000   1.0000   1.0000
   1.0000   1.0000   1.0000
   1.0000   1.0000   1.0000
   1.0000   1.0000   1.0000
   1.0000   1.0000   1.0000
   1.0000   1.0000   1.0000
   1.0000   1.0000   1.0000
   1.0000   1.0000   1.0000
   1.0000   1.0000   1.0000
   1.0000   1.0000   1.0000

applying weight : 1
applying weight : 1
applying weight : 1
Here are the weights in c++ : 
   1.0000   1.0000   1.0000
   1.0000   1.0000   1.0000
   1.0000   1.0000   1.0000
   1.0000   1.0000   1.0000
   1.0000   1.0000   1.0000
   1.0000   1.0000   1.0000
   1.0000   1.0000   1.0000
   1.0000   1.0000   1.0000
   1.0000   1.0000   1.0000
   1.0000   1.0000   1.0000
   1.0000   1.0000   1.0000
   1.0000   1.0000   1.0000
   1.0000   1.0000   1.0000
   1.0000   1.0000   1.0000
   1.0000   1.0000   1.0000
   1.0000   1.0000   1.0000
   1.0000   1.0000   1.0000
   1.0000   1.0000   1.0000
   1.0000   1.0000   1.0000
   1.0000   1.0000   1.0000
   1.0000   1.0000   1.0000
   1.0000   1.0000   1.0000
   1.0000   1.0000   1.0000
   1.0000   1.0000   1.0000
   1.0000   1.0000   1.0000
   1.0000   1.0000   1.0000
   1.0000   1.0000   1.0000
   1.0000   1.0000   1.0000
   1.0000   1.0000   1.0000
   1.0000   1.0000   1.0000
   1.0000   1.0000   1.0000
   1.0000   1.0000   1.0000
   1.0000   1.0000   1.0000
   1.0000   1.0000   1.0000
   1.0000   1.0000   1.0000
   1.0000   1.0000   1.0000
   1.0000   1.0000   1.0000
   1.0000   1.0000   1.0000
   1.0000   1.0000   1.0000
   1.0000   1.0000   1.0000
   1.0000   1.0000   1.0000
   1.0000   1.0000   1.0000
   1.0000   1.0000   1.0000
   1.0000   1.0000   1.0000
   1.0000   1.0000   1.0000
   1.0000   1.0000   1.0000
   1.0000   1.0000   1.0000
   1.0000   1.0000   1.0000
   1.0000   1.0000   1.0000

applying weight : 1
applying weight : 1
applying weight : 1
Here are the weights in c++ : 
   1.0000   1.0000   1.0000
   1.0000   1.0000   1.0000
   1.0000   1.0000   1.0000
   1.0000   1.0000   1.0000
   1.0000   1.0000   1.0000
   1.0000   1.0000   1.0000
   1.0000   1.0000   1.0000
   1.0000   1.0000   1.0000
   1.0000   1.0000   1.0000
   1.0000   1.0000   1.0000
   1.0000   1.0000   1.0000
   1.0000   1.0000   1.0000
   1.0000   1.0000   1.0000
   1.0000   1.0000   1.0000
   1.0000   1.0000   1.0000
   1.0000   1.0000   1.0000
   1.0000   1.0000   1.0000
   1.0000   1.0000   1.0000
   1.0000   1.0000   1.0000
   1.0000   1.0000   1.0000
   1.0000   1.0000   1.0000
   1.0000   1.0000   1.0000
   1.0000   1.0000   1.0000
   1.0000   1.0000   1.0000
   1.0000   1.0000   1.0000
   1.0000   1.0000   1.0000
   1.0000   1.0000   1.0000
   1.0000   1.0000   1.0000
   1.0000   1.0000   1.0000
   1.0000   1.0000   1.0000
   1.0000   1.0000   1.0000
   1.0000   1.0000   1.0000
   1.0000   1.0000   1.0000
   1.0000   1.0000   1.0000
   1.0000   1.0000   1.0000
   1.0000   1.0000   1.0000
   1.0000   1.0000   1.0000
   1.0000   1.0000   1.0000
   1.0000   1.0000   1.0000
   1.0000   1.0000   1.0000
   1.0000   1.0000   1.0000
   1.0000   1.0000   1.0000
   1.0000   1.0000   1.0000
   1.0000   1.0000   1.0000
   1.0000   1.0000   1.0000
   1.0000   1.0000   1.0000
   1.0000   1.0000   1.0000
   1.0000   1.0000   1.0000
   1.0000   1.0000   1.0000

applying weight : 1
applying weight : 1
applying weight : 1
Here are the weights in c++ : 
   1.0000   1.0000   1.0000
   1.0000   1.0000   1.0000
   1.0000   1.0000   1.0000
   1.0000   1.0000   1.0000
   1.0000   1.0000   1.0000
   1.0000   1.0000   1.0000
   1.0000   1.0000   1.0000
   1.0000   1.0000   1.0000
   1.0000   1.0000   1.0000
   1.0000   1.0000   1.0000
   1.0000   1.0000   1.0000
   1.0000   1.0000   1.0000
   1.0000   1.0000   1.0000
   1.0000   1.0000   1.0000
   1.0000   1.0000   1.0000
   1.0000   1.0000   1.0000
   1.0000   1.0000   1.0000
   1.0000   1.0000   1.0000
   1.0000   1.0000   1.0000
   1.0000   1.0000   1.0000
   1.0000   1.0000   1.0000
   1.0000   1.0000   1.0000
   1.0000   1.0000   1.0000
   1.0000   1.0000   1.0000
   1.0000   1.0000   1.0000
   1.0000   1.0000   1.0000
   1.0000   1.0000   1.0000
   1.0000   1.0000   1.0000
   1.0000   1.0000   1.0000
   1.0000   1.0000   1.0000
   1.0000   1.0000   1.0000
   1.0000   1.0000   1.0000
   1.0000   1.0000   1.0000
   1.0000   1.0000   1.0000
   1.0000   1.0000   1.0000
   1.0000   1.0000   1.0000
   1.0000   1.0000   1.0000
   1.0000   1.0000   1.0000
   1.0000   1.0000   1.0000
   1.0000   1.0000   1.0000
   1.0000   1.0000   1.0000
   1.0000   1.0000   1.0000
   1.0000   1.0000   1.0000
   1.0000   1.0000   1.0000
   1.0000   1.0000   1.0000
   1.0000   1.0000   1.0000
   1.0000   1.0000   1.0000
   1.0000   1.0000   1.0000
   1.0000   1.0000   1.0000

applying weight : 1
applying weight : 1
applying weight : 1
Here are the weights in c++ : 
   1.0000   1.0000   1.0000
   1.0000   1.0000   1.0000
   1.0000   1.0000   1.0000
   1.0000   1.0000   1.0000
   1.0000   1.0000   1.0000
   1.0000   1.0000   1.0000
   1.0000   1.0000   1.0000
   1.0000   1.0000   1.0000
   1.0000   1.0000   1.0000
   1.0000   1.0000   1.0000
   1.0000   1.0000   1.0000
   1.0000   1.0000   1.0000
   1.0000   1.0000   1.0000
   1.0000   1.0000   1.0000
   1.0000   1.0000   1.0000
   1.0000   1.0000   1.0000
   1.0000   1.0000   1.0000
   1.0000   1.0000   1.0000
   1.0000   1.0000   1.0000
   1.0000   1.0000   1.0000
   1.0000   1.0000   1.0000
   1.0000   1.0000   1.0000
   1.0000   1.0000   1.0000
   1.0000   1.0000   1.0000
   1.0000   1.0000   1.0000
   1.0000   1.0000   1.0000
   1.0000   1.0000   1.0000
   1.0000   1.0000   1.0000
   1.0000   1.0000   1.0000
   1.0000   1.0000   1.0000
   1.0000   1.0000   1.0000
   1.0000   1.0000   1.0000
   1.0000   1.0000   1.0000
   1.0000   1.0000   1.0000
   1.0000   1.0000   1.0000
   1.0000   1.0000   1.0000
   1.0000   1.0000   1.0000
   1.0000   1.0000   1.0000
   1.0000   1.0000   1.0000
   1.0000   1.0000   1.0000
   1.0000   1.0000   1.0000
   1.0000   1.0000   1.0000
   1.0000   1.0000   1.0000
   1.0000   1.0000   1.0000
   1.0000   1.0000   1.0000
   1.0000   1.0000   1.0000
   1.0000   1.0000   1.0000
   1.0000   1.0000   1.0000
   1.0000   1.0000   1.0000

applying weight : 1
applying weight : 1
applying weight : 1
Here are the weights in c++ : 
   1.0000   1.0000   1.0000
   1.0000   1.0000   1.0000
   1.0000   1.0000   1.0000
   1.0000   1.0000   1.0000
   1.0000   1.0000   1.0000
   1.0000   1.0000   1.0000
   1.0000   1.0000   1.0000
   1.0000   1.0000   1.0000
   1.0000   1.0000   1.0000
   1.0000   1.0000   1.0000
   1.0000   1.0000   1.0000
   1.0000   1.0000   1.0000
   1.0000   1.0000   1.0000
   1.0000   1.0000   1.0000
   1.0000   1.0000   1.0000
   1.0000   1.0000   1.0000
   1.0000   1.0000   1.0000
   1.0000   1.0000   1.0000
   1.0000   1.0000   1.0000
   1.0000   1.0000   1.0000
   1.0000   1.0000   1.0000
   1.0000   1.0000   1.0000
   1.0000   1.0000   1.0000
   1.0000   1.0000   1.0000
   1.0000   1.0000   1.0000
   1.0000   1.0000   1.0000
   1.0000   1.0000   1.0000
   1.0000   1.0000   1.0000
   1.0000   1.0000   1.0000
   1.0000   1.0000   1.0000
   1.0000   1.0000   1.0000
   1.0000   1.0000   1.0000
   1.0000   1.0000   1.0000
   1.0000   1.0000   1.0000
   1.0000   1.0000   1.0000
   1.0000   1.0000   1.0000
   1.0000   1.0000   1.0000
   1.0000   1.0000   1.0000
   1.0000   1.0000   1.0000
   1.0000   1.0000   1.0000
   1.0000   1.0000   1.0000
   1.0000   1.0000   1.0000
   1.0000   1.0000   1.0000
   1.0000   1.0000   1.0000
   1.0000   1.0000   1.0000
   1.0000   1.0000   1.0000
   1.0000   1.0000   1.0000
   1.0000   1.0000   1.0000
   1.0000   1.0000   1.0000

applying weight : 1
applying weight : 1
applying weight : 1
Here are the weights in c++ : 
   1.0000   1.0000   1.0000
   1.0000   1.0000   1.0000
   1.0000   1.0000   1.0000
   1.0000   1.0000   1.0000
   1.0000   1.0000   1.0000
   1.0000   1.0000   1.0000
   1.0000   1.0000   1.0000
   1.0000   1.0000   1.0000
   1.0000   1.0000   1.0000
   1.0000   1.0000   1.0000
   1.0000   1.0000   1.0000
   1.0000   1.0000   1.0000
   1.0000   1.0000   1.0000
   1.0000   1.0000   1.0000
   1.0000   1.0000   1.0000
   1.0000   1.0000   1.0000
   1.0000   1.0000   1.0000
   1.0000   1.0000   1.0000
   1.0000   1.0000   1.0000
   1.0000   1.0000   1.0000
   1.0000   1.0000   1.0000
   1.0000   1.0000   1.0000
   1.0000   1.0000   1.0000
   1.0000   1.0000   1.0000
   1.0000   1.0000   1.0000
   1.0000   1.0000   1.0000
   1.0000   1.0000   1.0000
   1.0000   1.0000   1.0000
   1.0000   1.0000   1.0000
   1.0000   1.0000   1.0000
   1.0000   1.0000   1.0000
   1.0000   1.0000   1.0000
   1.0000   1.0000   1.0000
   1.0000   1.0000   1.0000
   1.0000   1.0000   1.0000
   1.0000   1.0000   1.0000
   1.0000   1.0000   1.0000
   1.0000   1.0000   1.0000
   1.0000   1.0000   1.0000
   1.0000   1.0000   1.0000
   1.0000   1.0000   1.0000
   1.0000   1.0000   1.0000
   1.0000   1.0000   1.0000
   1.0000   1.0000   1.0000
   1.0000   1.0000   1.0000
   1.0000   1.0000   1.0000
   1.0000   1.0000   1.0000
   1.0000   1.0000   1.0000
   1.0000   1.0000   1.0000

applying weight : 1
applying weight : 1
applying weight : 1
Here are the weights in c++ : 
   1.0000   1.0000   1.0000
   1.0000   1.0000   1.0000
   1.0000   1.0000   1.0000
   1.0000   1.0000   1.0000
   1.0000   1.0000   1.0000
   1.0000   1.0000   1.0000
   1.0000   1.0000   1.0000
   1.0000   1.0000   1.0000
   1.0000   1.0000   1.0000
   1.0000   1.0000   1.0000
   1.0000   1.0000   1.0000
   1.0000   1.0000   1.0000
   1.0000   1.0000   1.0000
   1.0000   1.0000   1.0000
   1.0000   1.0000   1.0000
   1.0000   1.0000   1.0000
   1.0000   1.0000   1.0000
   1.0000   1.0000   1.0000
   1.0000   1.0000   1.0000
   1.0000   1.0000   1.0000
   1.0000   1.0000   1.0000
   1.0000   1.0000   1.0000
   1.0000   1.0000   1.0000
   1.0000   1.0000   1.0000
   1.0000   1.0000   1.0000
   1.0000   1.0000   1.0000
   1.0000   1.0000   1.0000
   1.0000   1.0000   1.0000
   1.0000   1.0000   1.0000
   1.0000   1.0000   1.0000
   1.0000   1.0000   1.0000
   1.0000   1.0000   1.0000
   1.0000   1.0000   1.0000
   1.0000   1.0000   1.0000
   1.0000   1.0000   1.0000
   1.0000   1.0000   1.0000
   1.0000   1.0000   1.0000
   1.0000   1.0000   1.0000
   1.0000   1.0000   1.0000
   1.0000   1.0000   1.0000
   1.0000   1.0000   1.0000
   1.0000   1.0000   1.0000
   1.0000   1.0000   1.0000
   1.0000   1.0000   1.0000
   1.0000   1.0000   1.0000
   1.0000   1.0000   1.0000
   1.0000   1.0000   1.0000
   1.0000   1.0000   1.0000
   1.0000   1.0000   1.0000

applying weight : 1
applying weight : 1
applying weight : 1
Here are the weights in c++ : 
   1.0000   1.0000   1.0000
   1.0000   1.0000   1.0000
   1.0000   1.0000   1.0000
   1.0000   1.0000   1.0000
   1.0000   1.0000   1.0000
   1.0000   1.0000   1.0000
   1.0000   1.0000   1.0000
   1.0000   1.0000   1.0000
   1.0000   1.0000   1.0000
   1.0000   1.0000   1.0000
   1.0000   1.0000   1.0000
   1.0000   1.0000   1.0000
   1.0000   1.0000   1.0000
   1.0000   1.0000   1.0000
   1.0000   1.0000   1.0000
   1.0000   1.0000   1.0000
   1.0000   1.0000   1.0000
   1.0000   1.0000   1.0000
   1.0000   1.0000   1.0000
   1.0000   1.0000   1.0000
   1.0000   1.0000   1.0000
   1.0000   1.0000   1.0000
   1.0000   1.0000   1.0000
   1.0000   1.0000   1.0000
   1.0000   1.0000   1.0000
   1.0000   1.0000   1.0000
   1.0000   1.0000   1.0000
   1.0000   1.0000   1.0000
   1.0000   1.0000   1.0000
   1.0000   1.0000   1.0000
   1.0000   1.0000   1.0000
   1.0000   1.0000   1.0000
   1.0000   1.0000   1.0000
   1.0000   1.0000   1.0000
   1.0000   1.0000   1.0000
   1.0000   1.0000   1.0000
   1.0000   1.0000   1.0000
   1.0000   1.0000   1.0000
   1.0000   1.0000   1.0000
   1.0000   1.0000   1.0000
   1.0000   1.0000   1.0000
   1.0000   1.0000   1.0000
   1.0000   1.0000   1.0000
   1.0000   1.0000   1.0000
   1.0000   1.0000   1.0000
   1.0000   1.0000   1.0000
   1.0000   1.0000   1.0000
   1.0000   1.0000   1.0000
   1.0000   1.0000   1.0000

applying weight : 1
applying weight : 1
applying weight : 1
Here are the weights in c++ : 
   1.0000   1.0000   1.0000
   1.0000   1.0000   1.0000
   1.0000   1.0000   1.0000
   1.0000   1.0000   1.0000
   1.0000   1.0000   1.0000
   1.0000   1.0000   1.0000
   1.0000   1.0000   1.0000
   1.0000   1.0000   1.0000
   1.0000   1.0000   1.0000
   1.0000   1.0000   1.0000
   1.0000   1.0000   1.0000
   1.0000   1.0000   1.0000
   1.0000   1.0000   1.0000
   1.0000   1.0000   1.0000
   1.0000   1.0000   1.0000
   1.0000   1.0000   1.0000
   1.0000   1.0000   1.0000
   1.0000   1.0000   1.0000
   1.0000   1.0000   1.0000
   1.0000   1.0000   1.0000
   1.0000   1.0000   1.0000
   1.0000   1.0000   1.0000
   1.0000   1.0000   1.0000
   1.0000   1.0000   1.0000
   1.0000   1.0000   1.0000
   1.0000   1.0000   1.0000
   1.0000   1.0000   1.0000
   1.0000   1.0000   1.0000
   1.0000   1.0000   1.0000
   1.0000   1.0000   1.0000
   1.0000   1.0000   1.0000
   1.0000   1.0000   1.0000
   1.0000   1.0000   1.0000
   1.0000   1.0000   1.0000
   1.0000   1.0000   1.0000
   1.0000   1.0000   1.0000
   1.0000   1.0000   1.0000
   1.0000   1.0000   1.0000
   1.0000   1.0000   1.0000
   1.0000   1.0000   1.0000
   1.0000   1.0000   1.0000
   1.0000   1.0000   1.0000
   1.0000   1.0000   1.0000
   1.0000   1.0000   1.0000
   1.0000   1.0000   1.0000
   1.0000   1.0000   1.0000
   1.0000   1.0000   1.0000
   1.0000   1.0000   1.0000
   1.0000   1.0000   1.0000

applying weight : 1
applying weight : 1
applying weight : 1
Here are the weights in c++ : 
   1.0000   1.0000   1.0000
   1.0000   1.0000   1.0000
   1.0000   1.0000   1.0000
   1.0000   1.0000   1.0000
   1.0000   1.0000   1.0000
   1.0000   1.0000   1.0000
   1.0000   1.0000   1.0000
   1.0000   1.0000   1.0000
   1.0000   1.0000   1.0000
   1.0000   1.0000   1.0000
   1.0000   1.0000   1.0000
   1.0000   1.0000   1.0000
   1.0000   1.0000   1.0000
   1.0000   1.0000   1.0000
   1.0000   1.0000   1.0000
   1.0000   1.0000   1.0000
   1.0000   1.0000   1.0000
   1.0000   1.0000   1.0000
   1.0000   1.0000   1.0000
   1.0000   1.0000   1.0000
   1.0000   1.0000   1.0000
   1.0000   1.0000   1.0000
   1.0000   1.0000   1.0000
   1.0000   1.0000   1.0000
   1.0000   1.0000   1.0000
   1.0000   1.0000   1.0000
   1.0000   1.0000   1.0000
   1.0000   1.0000   1.0000
   1.0000   1.0000   1.0000
   1.0000   1.0000   1.0000
   1.0000   1.0000   1.0000
   1.0000   1.0000   1.0000
   1.0000   1.0000   1.0000
   1.0000   1.0000   1.0000
   1.0000   1.0000   1.0000
   1.0000   1.0000   1.0000
   1.0000   1.0000   1.0000
   1.0000   1.0000   1.0000
   1.0000   1.0000   1.0000
   1.0000   1.0000   1.0000
   1.0000   1.0000   1.0000
   1.0000   1.0000   1.0000
   1.0000   1.0000   1.0000
   1.0000   1.0000   1.0000
   1.0000   1.0000   1.0000
   1.0000   1.0000   1.0000
   1.0000   1.0000   1.0000
   1.0000   1.0000   1.0000
   1.0000   1.0000   1.0000

applying weight : 1
applying weight : 1
applying weight : 1
Here are the weights in c++ : 
   1.0000   1.0000   1.0000
   1.0000   1.0000   1.0000
   1.0000   1.0000   1.0000
   1.0000   1.0000   1.0000
   1.0000   1.0000   1.0000
   1.0000   1.0000   1.0000
   1.0000   1.0000   1.0000
   1.0000   1.0000   1.0000
   1.0000   1.0000   1.0000
   1.0000   1.0000   1.0000
   1.0000   1.0000   1.0000
   1.0000   1.0000   1.0000
   1.0000   1.0000   1.0000
   1.0000   1.0000   1.0000
   1.0000   1.0000   1.0000
   1.0000   1.0000   1.0000
   1.0000   1.0000   1.0000
   1.0000   1.0000   1.0000
   1.0000   1.0000   1.0000
   1.0000   1.0000   1.0000
   1.0000   1.0000   1.0000
   1.0000   1.0000   1.0000
   1.0000   1.0000   1.0000
   1.0000   1.0000   1.0000
   1.0000   1.0000   1.0000
   1.0000   1.0000   1.0000
   1.0000   1.0000   1.0000
   1.0000   1.0000   1.0000
   1.0000   1.0000   1.0000
   1.0000   1.0000   1.0000
   1.0000   1.0000   1.0000
   1.0000   1.0000   1.0000
   1.0000   1.0000   1.0000
   1.0000   1.0000   1.0000
   1.0000   1.0000   1.0000
   1.0000   1.0000   1.0000
   1.0000   1.0000   1.0000
   1.0000   1.0000   1.0000
   1.0000   1.0000   1.0000
   1.0000   1.0000   1.0000
   1.0000   1.0000   1.0000
   1.0000   1.0000   1.0000
   1.0000   1.0000   1.0000
   1.0000   1.0000   1.0000
   1.0000   1.0000   1.0000
   1.0000   1.0000   1.0000
   1.0000   1.0000   1.0000
   1.0000   1.0000   1.0000
   1.0000   1.0000   1.0000

applying weight : 1
applying weight : 1
applying weight : 1
Here are the weights in c++ : 
   1.0000   1.0000   1.0000
   1.0000   1.0000   1.0000
   1.0000   1.0000   1.0000
   1.0000   1.0000   1.0000
   1.0000   1.0000   1.0000
   1.0000   1.0000   1.0000
   1.0000   1.0000   1.0000
   1.0000   1.0000   1.0000
   1.0000   1.0000   1.0000
   1.0000   1.0000   1.0000
   1.0000   1.0000   1.0000
   1.0000   1.0000   1.0000
   1.0000   1.0000   1.0000
   1.0000   1.0000   1.0000
   1.0000   1.0000   1.0000
   1.0000   1.0000   1.0000
   1.0000   1.0000   1.0000
   1.0000   1.0000   1.0000
   1.0000   1.0000   1.0000
   1.0000   1.0000   1.0000
   1.0000   1.0000   1.0000
   1.0000   1.0000   1.0000
   1.0000   1.0000   1.0000
   1.0000   1.0000   1.0000
   1.0000   1.0000   1.0000
   1.0000   1.0000   1.0000
   1.0000   1.0000   1.0000
   1.0000   1.0000   1.0000
   1.0000   1.0000   1.0000
   1.0000   1.0000   1.0000
   1.0000   1.0000   1.0000
   1.0000   1.0000   1.0000
   1.0000   1.0000   1.0000
   1.0000   1.0000   1.0000
   1.0000   1.0000   1.0000
   1.0000   1.0000   1.0000
   1.0000   1.0000   1.0000
   1.0000   1.0000   1.0000
   1.0000   1.0000   1.0000
   1.0000   1.0000   1.0000
   1.0000   1.0000   1.0000
   1.0000   1.0000   1.0000
   1.0000   1.0000   1.0000
   1.0000   1.0000   1.0000
   1.0000   1.0000   1.0000
   1.0000   1.0000   1.0000
   1.0000   1.0000   1.0000
   1.0000   1.0000   1.0000
   1.0000   1.0000   1.0000

applying weight : 1
applying weight : 1
applying weight : 1
Here are the weights in c++ : 
   1.0000   1.0000   1.0000
   1.0000   1.0000   1.0000
   1.0000   1.0000   1.0000
   1.0000   1.0000   1.0000
   1.0000   1.0000   1.0000
   1.0000   1.0000   1.0000
   1.0000   1.0000   1.0000
   1.0000   1.0000   1.0000
   1.0000   1.0000   1.0000
   1.0000   1.0000   1.0000
   1.0000   1.0000   1.0000
   1.0000   1.0000   1.0000
   1.0000   1.0000   1.0000
   1.0000   1.0000   1.0000
   1.0000   1.0000   1.0000
   1.0000   1.0000   1.0000
   1.0000   1.0000   1.0000
   1.0000   1.0000   1.0000
   1.0000   1.0000   1.0000
   1.0000   1.0000   1.0000
   1.0000   1.0000   1.0000
   1.0000   1.0000   1.0000
   1.0000   1.0000   1.0000
   1.0000   1.0000   1.0000
   1.0000   1.0000   1.0000
   1.0000   1.0000   1.0000
   1.0000   1.0000   1.0000
   1.0000   1.0000   1.0000
   1.0000   1.0000   1.0000
   1.0000   1.0000   1.0000
   1.0000   1.0000   1.0000
   1.0000   1.0000   1.0000
   1.0000   1.0000   1.0000
   1.0000   1.0000   1.0000
   1.0000   1.0000   1.0000
   1.0000   1.0000   1.0000
   1.0000   1.0000   1.0000
   1.0000   1.0000   1.0000
   1.0000   1.0000   1.0000
   1.0000   1.0000   1.0000
   1.0000   1.0000   1.0000
   1.0000   1.0000   1.0000
   1.0000   1.0000   1.0000
   1.0000   1.0000   1.0000
   1.0000   1.0000   1.0000
   1.0000   1.0000   1.0000
   1.0000   1.0000   1.0000
   1.0000   1.0000   1.0000
   1.0000   1.0000   1.0000

applying weight : 1
applying weight : 1
applying weight : 1
Here are the weights in c++ : 
   1.0000   1.0000   1.0000
   1.0000   1.0000   1.0000
   1.0000   1.0000   1.0000
   1.0000   1.0000   1.0000
   1.0000   1.0000   1.0000
   1.0000   1.0000   1.0000
   1.0000   1.0000   1.0000
   1.0000   1.0000   1.0000
   1.0000   1.0000   1.0000
   1.0000   1.0000   1.0000
   1.0000   1.0000   1.0000
   1.0000   1.0000   1.0000
   1.0000   1.0000   1.0000
   1.0000   1.0000   1.0000
   1.0000   1.0000   1.0000
   1.0000   1.0000   1.0000
   1.0000   1.0000   1.0000
   1.0000   1.0000   1.0000
   1.0000   1.0000   1.0000
   1.0000   1.0000   1.0000
   1.0000   1.0000   1.0000
   1.0000   1.0000   1.0000
   1.0000   1.0000   1.0000
   1.0000   1.0000   1.0000
   1.0000   1.0000   1.0000
   1.0000   1.0000   1.0000
   1.0000   1.0000   1.0000
   1.0000   1.0000   1.0000
   1.0000   1.0000   1.0000
   1.0000   1.0000   1.0000
   1.0000   1.0000   1.0000
   1.0000   1.0000   1.0000
   1.0000   1.0000   1.0000
   1.0000   1.0000   1.0000
   1.0000   1.0000   1.0000
   1.0000   1.0000   1.0000
   1.0000   1.0000   1.0000
   1.0000   1.0000   1.0000
   1.0000   1.0000   1.0000
   1.0000   1.0000   1.0000
   1.0000   1.0000   1.0000
   1.0000   1.0000   1.0000
   1.0000   1.0000   1.0000
   1.0000   1.0000   1.0000
   1.0000   1.0000   1.0000
   1.0000   1.0000   1.0000
   1.0000   1.0000   1.0000
   1.0000   1.0000   1.0000
   1.0000   1.0000   1.0000

applying weight : 1
applying weight : 1
applying weight : 1
Here are the weights in c++ : 
   1.0000   1.0000   1.0000
   1.0000   1.0000   1.0000
   1.0000   1.0000   1.0000
   1.0000   1.0000   1.0000
   1.0000   1.0000   1.0000
   1.0000   1.0000   1.0000
   1.0000   1.0000   1.0000
   1.0000   1.0000   1.0000
   1.0000   1.0000   1.0000
   1.0000   1.0000   1.0000
   1.0000   1.0000   1.0000
   1.0000   1.0000   1.0000
   1.0000   1.0000   1.0000
   1.0000   1.0000   1.0000
   1.0000   1.0000   1.0000
   1.0000   1.0000   1.0000
   1.0000   1.0000   1.0000
   1.0000   1.0000   1.0000
   1.0000   1.0000   1.0000
   1.0000   1.0000   1.0000
   1.0000   1.0000   1.0000
   1.0000   1.0000   1.0000
   1.0000   1.0000   1.0000
   1.0000   1.0000   1.0000
   1.0000   1.0000   1.0000
   1.0000   1.0000   1.0000
   1.0000   1.0000   1.0000
   1.0000   1.0000   1.0000
   1.0000   1.0000   1.0000
   1.0000   1.0000   1.0000
   1.0000   1.0000   1.0000
   1.0000   1.0000   1.0000
   1.0000   1.0000   1.0000
   1.0000   1.0000   1.0000
   1.0000   1.0000   1.0000
   1.0000   1.0000   1.0000
   1.0000   1.0000   1.0000
   1.0000   1.0000   1.0000
   1.0000   1.0000   1.0000
   1.0000   1.0000   1.0000
   1.0000   1.0000   1.0000
   1.0000   1.0000   1.0000
   1.0000   1.0000   1.0000
   1.0000   1.0000   1.0000
   1.0000   1.0000   1.0000
   1.0000   1.0000   1.0000
   1.0000   1.0000   1.0000
   1.0000   1.0000   1.0000
   1.0000   1.0000   1.0000

applying weight : 1
applying weight : 1
applying weight : 1
Here are the weights in c++ : 
   1.0000   1.0000   1.0000
   1.0000   1.0000   1.0000
   1.0000   1.0000   1.0000
   1.0000   1.0000   1.0000
   1.0000   1.0000   1.0000
   1.0000   1.0000   1.0000
   1.0000   1.0000   1.0000
   1.0000   1.0000   1.0000
   1.0000   1.0000   1.0000
   1.0000   1.0000   1.0000
   1.0000   1.0000   1.0000
   1.0000   1.0000   1.0000
   1.0000   1.0000   1.0000
   1.0000   1.0000   1.0000
   1.0000   1.0000   1.0000
   1.0000   1.0000   1.0000
   1.0000   1.0000   1.0000
   1.0000   1.0000   1.0000
   1.0000   1.0000   1.0000
   1.0000   1.0000   1.0000
   1.0000   1.0000   1.0000
   1.0000   1.0000   1.0000
   1.0000   1.0000   1.0000
   1.0000   1.0000   1.0000
   1.0000   1.0000   1.0000
   1.0000   1.0000   1.0000
   1.0000   1.0000   1.0000
   1.0000   1.0000   1.0000
   1.0000   1.0000   1.0000
   1.0000   1.0000   1.0000
   1.0000   1.0000   1.0000
   1.0000   1.0000   1.0000
   1.0000   1.0000   1.0000
   1.0000   1.0000   1.0000
   1.0000   1.0000   1.0000
   1.0000   1.0000   1.0000
   1.0000   1.0000   1.0000
   1.0000   1.0000   1.0000
   1.0000   1.0000   1.0000
   1.0000   1.0000   1.0000
   1.0000   1.0000   1.0000
   1.0000   1.0000   1.0000
   1.0000   1.0000   1.0000
   1.0000   1.0000   1.0000
   1.0000   1.0000   1.0000
   1.0000   1.0000   1.0000
   1.0000   1.0000   1.0000
   1.0000   1.0000   1.0000
   1.0000   1.0000   1.0000

applying weight : 1
applying weight : 1
applying weight : 1
Here are the weights in c++ : 
   1.0000   1.0000   1.0000
   1.0000   1.0000   1.0000
   1.0000   1.0000   1.0000
   1.0000   1.0000   1.0000
   1.0000   1.0000   1.0000
   1.0000   1.0000   1.0000
   1.0000   1.0000   1.0000
   1.0000   1.0000   1.0000
   1.0000   1.0000   1.0000
   1.0000   1.0000   1.0000
   1.0000   1.0000   1.0000
   1.0000   1.0000   1.0000
   1.0000   1.0000   1.0000
   1.0000   1.0000   1.0000
   1.0000   1.0000   1.0000
   1.0000   1.0000   1.0000
   1.0000   1.0000   1.0000
   1.0000   1.0000   1.0000
   1.0000   1.0000   1.0000
   1.0000   1.0000   1.0000
   1.0000   1.0000   1.0000
   1.0000   1.0000   1.0000
   1.0000   1.0000   1.0000
   1.0000   1.0000   1.0000
   1.0000   1.0000   1.0000
   1.0000   1.0000   1.0000
   1.0000   1.0000   1.0000
   1.0000   1.0000   1.0000
   1.0000   1.0000   1.0000
   1.0000   1.0000   1.0000
   1.0000   1.0000   1.0000
   1.0000   1.0000   1.0000
   1.0000   1.0000   1.0000
   1.0000   1.0000   1.0000
   1.0000   1.0000   1.0000
   1.0000   1.0000   1.0000
   1.0000   1.0000   1.0000
   1.0000   1.0000   1.0000
   1.0000   1.0000   1.0000
   1.0000   1.0000   1.0000
   1.0000   1.0000   1.0000
   1.0000   1.0000   1.0000
   1.0000   1.0000   1.0000
   1.0000   1.0000   1.0000
   1.0000   1.0000   1.0000
   1.0000   1.0000   1.0000
   1.0000   1.0000   1.0000
   1.0000   1.0000   1.0000
   1.0000   1.0000   1.0000

applying weight : 1
applying weight : 1
applying weight : 1
Here are the weights in c++ : 
   1.0000   1.0000   1.0000
   1.0000   1.0000   1.0000
   1.0000   1.0000   1.0000
   1.0000   1.0000   1.0000
   1.0000   1.0000   1.0000
   1.0000   1.0000   1.0000
   1.0000   1.0000   1.0000
   1.0000   1.0000   1.0000
   1.0000   1.0000   1.0000
   1.0000   1.0000   1.0000
   1.0000   1.0000   1.0000
   1.0000   1.0000   1.0000
   1.0000   1.0000   1.0000
   1.0000   1.0000   1.0000
   1.0000   1.0000   1.0000
   1.0000   1.0000   1.0000
   1.0000   1.0000   1.0000
   1.0000   1.0000   1.0000
   1.0000   1.0000   1.0000
   1.0000   1.0000   1.0000
   1.0000   1.0000   1.0000
   1.0000   1.0000   1.0000
   1.0000   1.0000   1.0000
   1.0000   1.0000   1.0000
   1.0000   1.0000   1.0000
   1.0000   1.0000   1.0000
   1.0000   1.0000   1.0000
   1.0000   1.0000   1.0000
   1.0000   1.0000   1.0000
   1.0000   1.0000   1.0000
   1.0000   1.0000   1.0000
   1.0000   1.0000   1.0000
   1.0000   1.0000   1.0000
   1.0000   1.0000   1.0000
   1.0000   1.0000   1.0000
   1.0000   1.0000   1.0000
   1.0000   1.0000   1.0000
   1.0000   1.0000   1.0000
   1.0000   1.0000   1.0000
   1.0000   1.0000   1.0000
   1.0000   1.0000   1.0000
   1.0000   1.0000   1.0000
   1.0000   1.0000   1.0000
   1.0000   1.0000   1.0000
   1.0000   1.0000   1.0000
   1.0000   1.0000   1.0000
   1.0000   1.0000   1.0000
   1.0000   1.0000   1.0000
   1.0000   1.0000   1.0000

applying weight : 1
applying weight : 1
applying weight : 1
Here are the weights in c++ : 
   1.0000   1.0000   1.0000
   1.0000   1.0000   1.0000
   1.0000   1.0000   1.0000
   1.0000   1.0000   1.0000
   1.0000   1.0000   1.0000
   1.0000   1.0000   1.0000
   1.0000   1.0000   1.0000
   1.0000   1.0000   1.0000
   1.0000   1.0000   1.0000
   1.0000   1.0000   1.0000
   1.0000   1.0000   1.0000
   1.0000   1.0000   1.0000
   1.0000   1.0000   1.0000
   1.0000   1.0000   1.0000
   1.0000   1.0000   1.0000
   1.0000   1.0000   1.0000
   1.0000   1.0000   1.0000
   1.0000   1.0000   1.0000
   1.0000   1.0000   1.0000
   1.0000   1.0000   1.0000
   1.0000   1.0000   1.0000
   1.0000   1.0000   1.0000
   1.0000   1.0000   1.0000
   1.0000   1.0000   1.0000
   1.0000   1.0000   1.0000
   1.0000   1.0000   1.0000
   1.0000   1.0000   1.0000
   1.0000   1.0000   1.0000
   1.0000   1.0000   1.0000
   1.0000   1.0000   1.0000
   1.0000   1.0000   1.0000
   1.0000   1.0000   1.0000
   1.0000   1.0000   1.0000
   1.0000   1.0000   1.0000
   1.0000   1.0000   1.0000
   1.0000   1.0000   1.0000
   1.0000   1.0000   1.0000
   1.0000   1.0000   1.0000
   1.0000   1.0000   1.0000
   1.0000   1.0000   1.0000
   1.0000   1.0000   1.0000
   1.0000   1.0000   1.0000
   1.0000   1.0000   1.0000
   1.0000   1.0000   1.0000
   1.0000   1.0000   1.0000
   1.0000   1.0000   1.0000
   1.0000   1.0000   1.0000
   1.0000   1.0000   1.0000
   1.0000   1.0000   1.0000

applying weight : 1
applying weight : 1
applying weight : 1
Here are the weights in c++ : 
   1.0000   1.0000   1.0000
   1.0000   1.0000   1.0000
   1.0000   1.0000   1.0000
   1.0000   1.0000   1.0000
   1.0000   1.0000   1.0000
   1.0000   1.0000   1.0000
   1.0000   1.0000   1.0000
   1.0000   1.0000   1.0000
   1.0000   1.0000   1.0000
   1.0000   1.0000   1.0000
   1.0000   1.0000   1.0000
   1.0000   1.0000   1.0000
   1.0000   1.0000   1.0000
   1.0000   1.0000   1.0000
   1.0000   1.0000   1.0000
   1.0000   1.0000   1.0000
   1.0000   1.0000   1.0000
   1.0000   1.0000   1.0000
   1.0000   1.0000   1.0000
   1.0000   1.0000   1.0000
   1.0000   1.0000   1.0000
   1.0000   1.0000   1.0000
   1.0000   1.0000   1.0000
   1.0000   1.0000   1.0000
   1.0000   1.0000   1.0000
   1.0000   1.0000   1.0000
   1.0000   1.0000   1.0000
   1.0000   1.0000   1.0000
   1.0000   1.0000   1.0000
   1.0000   1.0000   1.0000
   1.0000   1.0000   1.0000
   1.0000   1.0000   1.0000
   1.0000   1.0000   1.0000
   1.0000   1.0000   1.0000
   1.0000   1.0000   1.0000
   1.0000   1.0000   1.0000
   1.0000   1.0000   1.0000
   1.0000   1.0000   1.0000
   1.0000   1.0000   1.0000
   1.0000   1.0000   1.0000
   1.0000   1.0000   1.0000
   1.0000   1.0000   1.0000
   1.0000   1.0000   1.0000
   1.0000   1.0000   1.0000
   1.0000   1.0000   1.0000
   1.0000   1.0000   1.0000
   1.0000   1.0000   1.0000
   1.0000   1.0000   1.0000
   1.0000   1.0000   1.0000

applying weight : 1
applying weight : 1
applying weight : 1
Here are the weights in c++ : 
   1.0000   1.0000   1.0000
   1.0000   1.0000   1.0000
   1.0000   1.0000   1.0000
   1.0000   1.0000   1.0000
   1.0000   1.0000   1.0000
   1.0000   1.0000   1.0000
   1.0000   1.0000   1.0000
   1.0000   1.0000   1.0000
   1.0000   1.0000   1.0000
   1.0000   1.0000   1.0000
   1.0000   1.0000   1.0000
   1.0000   1.0000   1.0000
   1.0000   1.0000   1.0000
   1.0000   1.0000   1.0000
   1.0000   1.0000   1.0000
   1.0000   1.0000   1.0000
   1.0000   1.0000   1.0000
   1.0000   1.0000   1.0000
   1.0000   1.0000   1.0000
   1.0000   1.0000   1.0000
   1.0000   1.0000   1.0000
   1.0000   1.0000   1.0000
   1.0000   1.0000   1.0000
   1.0000   1.0000   1.0000
   1.0000   1.0000   1.0000
   1.0000   1.0000   1.0000
   1.0000   1.0000   1.0000
   1.0000   1.0000   1.0000
   1.0000   1.0000   1.0000
   1.0000   1.0000   1.0000
   1.0000   1.0000   1.0000
   1.0000   1.0000   1.0000
   1.0000   1.0000   1.0000
   1.0000   1.0000   1.0000
   1.0000   1.0000   1.0000
   1.0000   1.0000   1.0000
   1.0000   1.0000   1.0000
   1.0000   1.0000   1.0000
   1.0000   1.0000   1.0000
   1.0000   1.0000   1.0000
   1.0000   1.0000   1.0000
   1.0000   1.0000   1.0000
   1.0000   1.0000   1.0000
   1.0000   1.0000   1.0000
   1.0000   1.0000   1.0000
   1.0000   1.0000   1.0000
   1.0000   1.0000   1.0000
   1.0000   1.0000   1.0000
   1.0000   1.0000   1.0000

applying weight : 1
applying weight : 1
applying weight : 1
Here are the weights in c++ : 
   1.0000   1.0000   1.0000
   1.0000   1.0000   1.0000
   1.0000   1.0000   1.0000
   1.0000   1.0000   1.0000
   1.0000   1.0000   1.0000
   1.0000   1.0000   1.0000
   1.0000   1.0000   1.0000
   1.0000   1.0000   1.0000
   1.0000   1.0000   1.0000
   1.0000   1.0000   1.0000
   1.0000   1.0000   1.0000
   1.0000   1.0000   1.0000
   1.0000   1.0000   1.0000
   1.0000   1.0000   1.0000
   1.0000   1.0000   1.0000
   1.0000   1.0000   1.0000
   1.0000   1.0000   1.0000
   1.0000   1.0000   1.0000
   1.0000   1.0000   1.0000
   1.0000   1.0000   1.0000
   1.0000   1.0000   1.0000
   1.0000   1.0000   1.0000
   1.0000   1.0000   1.0000
   1.0000   1.0000   1.0000
   1.0000   1.0000   1.0000
   1.0000   1.0000   1.0000
   1.0000   1.0000   1.0000
   1.0000   1.0000   1.0000
   1.0000   1.0000   1.0000
   1.0000   1.0000   1.0000
   1.0000   1.0000   1.0000
   1.0000   1.0000   1.0000
   1.0000   1.0000   1.0000
   1.0000   1.0000   1.0000
   1.0000   1.0000   1.0000
   1.0000   1.0000   1.0000
   1.0000   1.0000   1.0000
   1.0000   1.0000   1.0000
   1.0000   1.0000   1.0000
   1.0000   1.0000   1.0000
   1.0000   1.0000   1.0000
   1.0000   1.0000   1.0000
   1.0000   1.0000   1.0000
   1.0000   1.0000   1.0000
   1.0000   1.0000   1.0000
   1.0000   1.0000   1.0000
   1.0000   1.0000   1.0000
   1.0000   1.0000   1.0000
   1.0000   1.0000   1.0000

applying weight : 1
applying weight : 1
applying weight : 1
Here are the weights in c++ : 
   1.0000   1.0000   1.0000
   1.0000   1.0000   1.0000
   1.0000   1.0000   1.0000
   1.0000   1.0000   1.0000
   1.0000   1.0000   1.0000
   1.0000   1.0000   1.0000
   1.0000   1.0000   1.0000
   1.0000   1.0000   1.0000
   1.0000   1.0000   1.0000
   1.0000   1.0000   1.0000
   1.0000   1.0000   1.0000
   1.0000   1.0000   1.0000
   1.0000   1.0000   1.0000
   1.0000   1.0000   1.0000
   1.0000   1.0000   1.0000
   1.0000   1.0000   1.0000
   1.0000   1.0000   1.0000
   1.0000   1.0000   1.0000
   1.0000   1.0000   1.0000
   1.0000   1.0000   1.0000
   1.0000   1.0000   1.0000
   1.0000   1.0000   1.0000
   1.0000   1.0000   1.0000
   1.0000   1.0000   1.0000
   1.0000   1.0000   1.0000
   1.0000   1.0000   1.0000
   1.0000   1.0000   1.0000
   1.0000   1.0000   1.0000
   1.0000   1.0000   1.0000
   1.0000   1.0000   1.0000
   1.0000   1.0000   1.0000
   1.0000   1.0000   1.0000
   1.0000   1.0000   1.0000
   1.0000   1.0000   1.0000
   1.0000   1.0000   1.0000
   1.0000   1.0000   1.0000
   1.0000   1.0000   1.0000
   1.0000   1.0000   1.0000
   1.0000   1.0000   1.0000
   1.0000   1.0000   1.0000
   1.0000   1.0000   1.0000
   1.0000   1.0000   1.0000
   1.0000   1.0000   1.0000
   1.0000   1.0000   1.0000
   1.0000   1.0000   1.0000
   1.0000   1.0000   1.0000
   1.0000   1.0000   1.0000
   1.0000   1.0000   1.0000
   1.0000   1.0000   1.0000

applying weight : 1
applying weight : 1
applying weight : 1
Here are the weights in c++ : 
   1.0000   1.0000   1.0000
   1.0000   1.0000   1.0000
   1.0000   1.0000   1.0000
   1.0000   1.0000   1.0000
   1.0000   1.0000   1.0000
   1.0000   1.0000   1.0000
   1.0000   1.0000   1.0000
   1.0000   1.0000   1.0000
   1.0000   1.0000   1.0000
   1.0000   1.0000   1.0000
   1.0000   1.0000   1.0000
   1.0000   1.0000   1.0000
   1.0000   1.0000   1.0000
   1.0000   1.0000   1.0000
   1.0000   1.0000   1.0000
   1.0000   1.0000   1.0000
   1.0000   1.0000   1.0000
   1.0000   1.0000   1.0000
   1.0000   1.0000   1.0000
   1.0000   1.0000   1.0000
   1.0000   1.0000   1.0000
   1.0000   1.0000   1.0000
   1.0000   1.0000   1.0000
   1.0000   1.0000   1.0000
   1.0000   1.0000   1.0000
   1.0000   1.0000   1.0000
   1.0000   1.0000   1.0000
   1.0000   1.0000   1.0000
   1.0000   1.0000   1.0000
   1.0000   1.0000   1.0000
   1.0000   1.0000   1.0000
   1.0000   1.0000   1.0000
   1.0000   1.0000   1.0000
   1.0000   1.0000   1.0000
   1.0000   1.0000   1.0000
   1.0000   1.0000   1.0000
   1.0000   1.0000   1.0000
   1.0000   1.0000   1.0000
   1.0000   1.0000   1.0000
   1.0000   1.0000   1.0000
   1.0000   1.0000   1.0000
   1.0000   1.0000   1.0000
   1.0000   1.0000   1.0000
   1.0000   1.0000   1.0000
   1.0000   1.0000   1.0000
   1.0000   1.0000   1.0000
   1.0000   1.0000   1.0000
   1.0000   1.0000   1.0000
   1.0000   1.0000   1.0000
   1.0000   1.0000   1.0000
   1.0000   1.0000   1.0000
   1.0000   1.0000   1.0000
   1.0000   1.0000   1.0000
   1.0000   1.0000   1.0000
   1.0000   1.0000   1.0000
   1.0000   1.0000   1.0000
   1.0000   1.0000   1.0000

applying weight : 1
applying weight : 1
applying weight : 1
Here are the weights in c++ : 
   1.0000   1.0000   1.0000
   1.0000   1.0000   1.0000
   1.0000   1.0000   1.0000
   1.0000   1.0000   1.0000
   1.0000   1.0000   1.0000
   1.0000   1.0000   1.0000
   1.0000   1.0000   1.0000
   1.0000   1.0000   1.0000
   1.0000   1.0000   1.0000
   1.0000   1.0000   1.0000
   1.0000   1.0000   1.0000
   1.0000   1.0000   1.0000
   1.0000   1.0000   1.0000
   1.0000   1.0000   1.0000
   1.0000   1.0000   1.0000
   1.0000   1.0000   1.0000
   1.0000   1.0000   1.0000
   1.0000   1.0000   1.0000
   1.0000   1.0000   1.0000
   1.0000   1.0000   1.0000
   1.0000   1.0000   1.0000
   1.0000   1.0000   1.0000
   1.0000   1.0000   1.0000
   1.0000   1.0000   1.0000
   1.0000   1.0000   1.0000
   1.0000   1.0000   1.0000
   1.0000   1.0000   1.0000
   1.0000   1.0000   1.0000
   1.0000   1.0000   1.0000
   1.0000   1.0000   1.0000
   1.0000   1.0000   1.0000
   1.0000   1.0000   1.0000
   1.0000   1.0000   1.0000
   1.0000   1.0000   1.0000
   1.0000   1.0000   1.0000
   1.0000   1.0000   1.0000
   1.0000   1.0000   1.0000
   1.0000   1.0000   1.0000
   1.0000   1.0000   1.0000
   1.0000   1.0000   1.0000
   1.0000   1.0000   1.0000
   1.0000   1.0000   1.0000
   1.0000   1.0000   1.0000
   1.0000   1.0000   1.0000
   1.0000   1.0000   1.0000
   1.0000   1.0000   1.0000
   1.0000   1.0000   1.0000
   1.0000   1.0000   1.0000
   1.0000   1.0000   1.0000
   1.0000   1.0000   1.0000
   1.0000   1.0000   1.0000
   1.0000   1.0000   1.0000
   1.0000   1.0000   1.0000
   1.0000   1.0000   1.0000
   1.0000   1.0000   1.0000
   1.0000   1.0000   1.0000
   1.0000   1.0000   1.0000

applying weight : 1
applying weight : 1
applying weight : 1
Here are the weights in c++ : 
   1.0000   1.0000   1.0000
   1.0000   1.0000   1.0000
   1.0000   1.0000   1.0000
   1.0000   1.0000   1.0000
   1.0000   1.0000   1.0000
   1.0000   1.0000   1.0000
   1.0000   1.0000   1.0000
   1.0000   1.0000   1.0000
   1.0000   1.0000   1.0000
   1.0000   1.0000   1.0000
   1.0000   1.0000   1.0000
   1.0000   1.0000   1.0000
   1.0000   1.0000   1.0000
   1.0000   1.0000   1.0000
   1.0000   1.0000   1.0000
   1.0000   1.0000   1.0000
   1.0000   1.0000   1.0000
   1.0000   1.0000   1.0000
   1.0000   1.0000   1.0000
   1.0000   1.0000   1.0000
   1.0000   1.0000   1.0000
   1.0000   1.0000   1.0000
   1.0000   1.0000   1.0000
   1.0000   1.0000   1.0000
   1.0000   1.0000   1.0000
   1.0000   1.0000   1.0000
   1.0000   1.0000   1.0000
   1.0000   1.0000   1.0000
   1.0000   1.0000   1.0000
   1.0000   1.0000   1.0000
   1.0000   1.0000   1.0000
   1.0000   1.0000   1.0000
   1.0000   1.0000   1.0000
   1.0000   1.0000   1.0000
   1.0000   1.0000   1.0000
   1.0000   1.0000   1.0000
   1.0000   1.0000   1.0000
   1.0000   1.0000   1.0000
   1.0000   1.0000   1.0000
   1.0000   1.0000   1.0000
   1.0000   1.0000   1.0000
   1.0000   1.0000   1.0000
   1.0000   1.0000   1.0000
   1.0000   1.0000   1.0000
   1.0000   1.0000   1.0000
   1.0000   1.0000   1.0000
   1.0000   1.0000   1.0000
   1.0000   1.0000   1.0000
   1.0000   1.0000   1.0000
   1.0000   1.0000   1.0000
   1.0000   1.0000   1.0000
   1.0000   1.0000   1.0000
   1.0000   1.0000   1.0000
   1.0000   1.0000   1.0000
   1.0000   1.0000   1.0000
   1.0000   1.0000   1.0000
   1.0000   1.0000   1.0000

applying weight : 1
applying weight : 1
applying weight : 1
Here are the weights in c++ : 
   1.0000   1.0000   1.0000
   1.0000   1.0000   1.0000
   1.0000   1.0000   1.0000
   1.0000   1.0000   1.0000
   1.0000   1.0000   1.0000
   1.0000   1.0000   1.0000
   1.0000   1.0000   1.0000
   1.0000   1.0000   1.0000
   1.0000   1.0000   1.0000
   1.0000   1.0000   1.0000
   1.0000   1.0000   1.0000
   1.0000   1.0000   1.0000
   1.0000   1.0000   1.0000
   1.0000   1.0000   1.0000
   1.0000   1.0000   1.0000
   1.0000   1.0000   1.0000
   1.0000   1.0000   1.0000
   1.0000   1.0000   1.0000
   1.0000   1.0000   1.0000
   1.0000   1.0000   1.0000
   1.0000   1.0000   1.0000
   1.0000   1.0000   1.0000
   1.0000   1.0000   1.0000
   1.0000   1.0000   1.0000
   1.0000   1.0000   1.0000
   1.0000   1.0000   1.0000
   1.0000   1.0000   1.0000
   1.0000   1.0000   1.0000
   1.0000   1.0000   1.0000
   1.0000   1.0000   1.0000
   1.0000   1.0000   1.0000
   1.0000   1.0000   1.0000
   1.0000   1.0000   1.0000
   1.0000   1.0000   1.0000
   1.0000   1.0000   1.0000
   1.0000   1.0000   1.0000
   1.0000   1.0000   1.0000
   1.0000   1.0000   1.0000
   1.0000   1.0000   1.0000
   1.0000   1.0000   1.0000
   1.0000   1.0000   1.0000
   1.0000   1.0000   1.0000
   1.0000   1.0000   1.0000
   1.0000   1.0000   1.0000
   1.0000   1.0000   1.0000
   1.0000   1.0000   1.0000
   1.0000   1.0000   1.0000
   1.0000   1.0000   1.0000
   1.0000   1.0000   1.0000
   1.0000   1.0000   1.0000
   1.0000   1.0000   1.0000
   1.0000   1.0000   1.0000
   1.0000   1.0000   1.0000
   1.0000   1.0000   1.0000
   1.0000   1.0000   1.0000
   1.0000   1.0000   1.0000
   1.0000   1.0000   1.0000

applying weight : 1
applying weight : 1
applying weight : 1
Here are the weights in c++ : 
   1.0000   1.0000   1.0000
   1.0000   1.0000   1.0000
   1.0000   1.0000   1.0000
   1.0000   1.0000   1.0000
   1.0000   1.0000   1.0000
   1.0000   1.0000   1.0000
   1.0000   1.0000   1.0000
   1.0000   1.0000   1.0000
   1.0000   1.0000   1.0000
   1.0000   1.0000   1.0000
   1.0000   1.0000   1.0000
   1.0000   1.0000   1.0000
   1.0000   1.0000   1.0000
   1.0000   1.0000   1.0000
   1.0000   1.0000   1.0000
   1.0000   1.0000   1.0000
   1.0000   1.0000   1.0000
   1.0000   1.0000   1.0000
   1.0000   1.0000   1.0000
   1.0000   1.0000   1.0000
   1.0000   1.0000   1.0000
   1.0000   1.0000   1.0000
   1.0000   1.0000   1.0000
   1.0000   1.0000   1.0000
   1.0000   1.0000   1.0000
   1.0000   1.0000   1.0000
   1.0000   1.0000   1.0000
   1.0000   1.0000   1.0000
   1.0000   1.0000   1.0000
   1.0000   1.0000   1.0000
   1.0000   1.0000   1.0000
   1.0000   1.0000   1.0000
   1.0000   1.0000   1.0000
   1.0000   1.0000   1.0000
   1.0000   1.0000   1.0000
   1.0000   1.0000   1.0000
   1.0000   1.0000   1.0000
   1.0000   1.0000   1.0000
   1.0000   1.0000   1.0000
   1.0000   1.0000   1.0000
   1.0000   1.0000   1.0000
   1.0000   1.0000   1.0000
   1.0000   1.0000   1.0000
   1.0000   1.0000   1.0000
   1.0000   1.0000   1.0000
   1.0000   1.0000   1.0000
   1.0000   1.0000   1.0000
   1.0000   1.0000   1.0000
   1.0000   1.0000   1.0000
   1.0000   1.0000   1.0000
   1.0000   1.0000   1.0000
   1.0000   1.0000   1.0000
   1.0000   1.0000   1.0000
   1.0000   1.0000   1.0000
   1.0000   1.0000   1.0000
   1.0000   1.0000   1.0000
   1.0000   1.0000   1.0000

applying weight : 1
applying weight : 1
applying weight : 1
Here are the weights in c++ : 
   1.0000   1.0000   1.0000
   1.0000   1.0000   1.0000
   1.0000   1.0000   1.0000
   1.0000   1.0000   1.0000
   1.0000   1.0000   1.0000
   1.0000   1.0000   1.0000
   1.0000   1.0000   1.0000
   1.0000   1.0000   1.0000
   1.0000   1.0000   1.0000
   1.0000   1.0000   1.0000
   1.0000   1.0000   1.0000
   1.0000   1.0000   1.0000
   1.0000   1.0000   1.0000
   1.0000   1.0000   1.0000
   1.0000   1.0000   1.0000
   1.0000   1.0000   1.0000
   1.0000   1.0000   1.0000
   1.0000   1.0000   1.0000
   1.0000   1.0000   1.0000
   1.0000   1.0000   1.0000
   1.0000   1.0000   1.0000
   1.0000   1.0000   1.0000
   1.0000   1.0000   1.0000
   1.0000   1.0000   1.0000
   1.0000   1.0000   1.0000
   1.0000   1.0000   1.0000
   1.0000   1.0000   1.0000
   1.0000   1.0000   1.0000
   1.0000   1.0000   1.0000
   1.0000   1.0000   1.0000
   1.0000   1.0000   1.0000
   1.0000   1.0000   1.0000
   1.0000   1.0000   1.0000
   1.0000   1.0000   1.0000
   1.0000   1.0000   1.0000
   1.0000   1.0000   1.0000
   1.0000   1.0000   1.0000
   1.0000   1.0000   1.0000
   1.0000   1.0000   1.0000
   1.0000   1.0000   1.0000
   1.0000   1.0000   1.0000
   1.0000   1.0000   1.0000
   1.0000   1.0000   1.0000
   1.0000   1.0000   1.0000
   1.0000   1.0000   1.0000
   1.0000   1.0000   1.0000
   1.0000   1.0000   1.0000
   1.0000   1.0000   1.0000
   1.0000   1.0000   1.0000
   1.0000   1.0000   1.0000
   1.0000   1.0000   1.0000
   1.0000   1.0000   1.0000
   1.0000   1.0000   1.0000
   1.0000   1.0000   1.0000
   1.0000   1.0000   1.0000
   1.0000   1.0000   1.0000
   1.0000   1.0000   1.0000

applying weight : 1
applying weight : 1
applying weight : 1
Here are the weights in c++ : 
   1.0000   1.0000   1.0000
   1.0000   1.0000   1.0000
   1.0000   1.0000   1.0000
   1.0000   1.0000   1.0000
   1.0000   1.0000   1.0000
   1.0000   1.0000   1.0000
   1.0000   1.0000   1.0000
   1.0000   1.0000   1.0000
   1.0000   1.0000   1.0000
   1.0000   1.0000   1.0000
   1.0000   1.0000   1.0000
   1.0000   1.0000   1.0000
   1.0000   1.0000   1.0000
   1.0000   1.0000   1.0000
   1.0000   1.0000   1.0000
   1.0000   1.0000   1.0000
   1.0000   1.0000   1.0000
   1.0000   1.0000   1.0000
   1.0000   1.0000   1.0000
   1.0000   1.0000   1.0000
   1.0000   1.0000   1.0000
   1.0000   1.0000   1.0000
   1.0000   1.0000   1.0000
   1.0000   1.0000   1.0000
   1.0000   1.0000   1.0000
   1.0000   1.0000   1.0000
   1.0000   1.0000   1.0000
   1.0000   1.0000   1.0000
   1.0000   1.0000   1.0000
   1.0000   1.0000   1.0000
   1.0000   1.0000   1.0000
   1.0000   1.0000   1.0000
   1.0000   1.0000   1.0000
   1.0000   1.0000   1.0000
   1.0000   1.0000   1.0000
   1.0000   1.0000   1.0000
   1.0000   1.0000   1.0000
   1.0000   1.0000   1.0000
   1.0000   1.0000   1.0000
   1.0000   1.0000   1.0000
   1.0000   1.0000   1.0000
   1.0000   1.0000   1.0000
   1.0000   1.0000   1.0000
   1.0000   1.0000   1.0000
   1.0000   1.0000   1.0000
   1.0000   1.0000   1.0000
   1.0000   1.0000   1.0000
   1.0000   1.0000   1.0000
   1.0000   1.0000   1.0000
   1.0000   1.0000   1.0000
   1.0000   1.0000   1.0000
   1.0000   1.0000   1.0000
   1.0000   1.0000   1.0000
   1.0000   1.0000   1.0000
   1.0000   1.0000   1.0000
   1.0000   1.0000   1.0000
   1.0000   1.0000   1.0000

applying weight : 1
applying weight : 1
applying weight : 1
Here are the weights in c++ : 
   1.0000   1.0000   1.0000
   1.0000   1.0000   1.0000
   1.0000   1.0000   1.0000
   1.0000   1.0000   1.0000
   1.0000   1.0000   1.0000
   1.0000   1.0000   1.0000
   1.0000   1.0000   1.0000
   1.0000   1.0000   1.0000
   1.0000   1.0000   1.0000
   1.0000   1.0000   1.0000
   1.0000   1.0000   1.0000
   1.0000   1.0000   1.0000
   1.0000   1.0000   1.0000
   1.0000   1.0000   1.0000
   1.0000   1.0000   1.0000
   1.0000   1.0000   1.0000
   1.0000   1.0000   1.0000
   1.0000   1.0000   1.0000
   1.0000   1.0000   1.0000
   1.0000   1.0000   1.0000
   1.0000   1.0000   1.0000
   1.0000   1.0000   1.0000
   1.0000   1.0000   1.0000
   1.0000   1.0000   1.0000
   1.0000   1.0000   1.0000
   1.0000   1.0000   1.0000
   1.0000   1.0000   1.0000
   1.0000   1.0000   1.0000
   1.0000   1.0000   1.0000
   1.0000   1.0000   1.0000
   1.0000   1.0000   1.0000
   1.0000   1.0000   1.0000
   1.0000   1.0000   1.0000
   1.0000   1.0000   1.0000
   1.0000   1.0000   1.0000
   1.0000   1.0000   1.0000
   1.0000   1.0000   1.0000
   1.0000   1.0000   1.0000
   1.0000   1.0000   1.0000
   1.0000   1.0000   1.0000
   1.0000   1.0000   1.0000
   1.0000   1.0000   1.0000
   1.0000   1.0000   1.0000
   1.0000   1.0000   1.0000
   1.0000   1.0000   1.0000
   1.0000   1.0000   1.0000
   1.0000   1.0000   1.0000
   1.0000   1.0000   1.0000
   1.0000   1.0000   1.0000
   1.0000   1.0000   1.0000
   1.0000   1.0000   1.0000
   1.0000   1.0000   1.0000
   1.0000   1.0000   1.0000
   1.0000   1.0000   1.0000
   1.0000   1.0000   1.0000
   1.0000   1.0000   1.0000
   1.0000   1.0000   1.0000

applying weight : 1
applying weight : 1
applying weight : 1
Here are the weights in c++ : 
   1.0000   1.0000   1.0000
   1.0000   1.0000   1.0000
   1.0000   1.0000   1.0000
   1.0000   1.0000   1.0000
   1.0000   1.0000   1.0000
   1.0000   1.0000   1.0000
   1.0000   1.0000   1.0000
   1.0000   1.0000   1.0000
   1.0000   1.0000   1.0000
   1.0000   1.0000   1.0000
   1.0000   1.0000   1.0000
   1.0000   1.0000   1.0000
   1.0000   1.0000   1.0000
   1.0000   1.0000   1.0000
   1.0000   1.0000   1.0000
   1.0000   1.0000   1.0000
   1.0000   1.0000   1.0000
   1.0000   1.0000   1.0000
   1.0000   1.0000   1.0000
   1.0000   1.0000   1.0000
   1.0000   1.0000   1.0000
   1.0000   1.0000   1.0000
   1.0000   1.0000   1.0000
   1.0000   1.0000   1.0000
   1.0000   1.0000   1.0000
   1.0000   1.0000   1.0000
   1.0000   1.0000   1.0000
   1.0000   1.0000   1.0000
   1.0000   1.0000   1.0000
   1.0000   1.0000   1.0000
   1.0000   1.0000   1.0000
   1.0000   1.0000   1.0000
   1.0000   1.0000   1.0000
   1.0000   1.0000   1.0000
   1.0000   1.0000   1.0000
   1.0000   1.0000   1.0000
   1.0000   1.0000   1.0000
   1.0000   1.0000   1.0000
   1.0000   1.0000   1.0000
   1.0000   1.0000   1.0000
   1.0000   1.0000   1.0000
   1.0000   1.0000   1.0000
   1.0000   1.0000   1.0000
   1.0000   1.0000   1.0000
   1.0000   1.0000   1.0000
   1.0000   1.0000   1.0000
   1.0000   1.0000   1.0000
   1.0000   1.0000   1.0000
   1.0000   1.0000   1.0000
   1.0000   1.0000   1.0000
   1.0000   1.0000   1.0000
   1.0000   1.0000   1.0000
   1.0000   1.0000   1.0000
   1.0000   1.0000   1.0000
   1.0000   1.0000   1.0000
   1.0000   1.0000   1.0000
   1.0000   1.0000   1.0000

applying weight : 1
applying weight : 1
applying weight : 1
Here are the weights in c++ : 
   1.0000   1.0000   1.0000
   1.0000   1.0000   1.0000
   1.0000   1.0000   1.0000
   1.0000   1.0000   1.0000
   1.0000   1.0000   1.0000
   1.0000   1.0000   1.0000
   1.0000   1.0000   1.0000
   1.0000   1.0000   1.0000
   1.0000   1.0000   1.0000
   1.0000   1.0000   1.0000
   1.0000   1.0000   1.0000
   1.0000   1.0000   1.0000
   1.0000   1.0000   1.0000
   1.0000   1.0000   1.0000
   1.0000   1.0000   1.0000
   1.0000   1.0000   1.0000
   1.0000   1.0000   1.0000
   1.0000   1.0000   1.0000
   1.0000   1.0000   1.0000
   1.0000   1.0000   1.0000
   1.0000   1.0000   1.0000
   1.0000   1.0000   1.0000
   1.0000   1.0000   1.0000
   1.0000   1.0000   1.0000
   1.0000   1.0000   1.0000
   1.0000   1.0000   1.0000
   1.0000   1.0000   1.0000
   1.0000   1.0000   1.0000
   1.0000   1.0000   1.0000
   1.0000   1.0000   1.0000
   1.0000   1.0000   1.0000
   1.0000   1.0000   1.0000
   1.0000   1.0000   1.0000
   1.0000   1.0000   1.0000
   1.0000   1.0000   1.0000
   1.0000   1.0000   1.0000
   1.0000   1.0000   1.0000
   1.0000   1.0000   1.0000
   1.0000   1.0000   1.0000
   1.0000   1.0000   1.0000
   1.0000   1.0000   1.0000
   1.0000   1.0000   1.0000
   1.0000   1.0000   1.0000
   1.0000   1.0000   1.0000
   1.0000   1.0000   1.0000
   1.0000   1.0000   1.0000
   1.0000   1.0000   1.0000
   1.0000   1.0000   1.0000
   1.0000   1.0000   1.0000
   1.0000   1.0000   1.0000
   1.0000   1.0000   1.0000
   1.0000   1.0000   1.0000
   1.0000   1.0000   1.0000
   1.0000   1.0000   1.0000
   1.0000   1.0000   1.0000
   1.0000   1.0000   1.0000
   1.0000   1.0000   1.0000

applying weight : 1
applying weight : 1
applying weight : 1
Here are the weights in c++ : 
   1.0000   1.0000   1.0000
   1.0000   1.0000   1.0000
   1.0000   1.0000   1.0000
   1.0000   1.0000   1.0000
   1.0000   1.0000   1.0000
   1.0000   1.0000   1.0000
   1.0000   1.0000   1.0000
   1.0000   1.0000   1.0000
   1.0000   1.0000   1.0000
   1.0000   1.0000   1.0000
   1.0000   1.0000   1.0000
   1.0000   1.0000   1.0000
   1.0000   1.0000   1.0000
   1.0000   1.0000   1.0000
   1.0000   1.0000   1.0000
   1.0000   1.0000   1.0000
   1.0000   1.0000   1.0000
   1.0000   1.0000   1.0000
   1.0000   1.0000   1.0000
   1.0000   1.0000   1.0000
   1.0000   1.0000   1.0000
   1.0000   1.0000   1.0000
   1.0000   1.0000   1.0000
   1.0000   1.0000   1.0000
   1.0000   1.0000   1.0000
   1.0000   1.0000   1.0000
   1.0000   1.0000   1.0000
   1.0000   1.0000   1.0000
   1.0000   1.0000   1.0000
   1.0000   1.0000   1.0000
   1.0000   1.0000   1.0000
   1.0000   1.0000   1.0000
   1.0000   1.0000   1.0000
   1.0000   1.0000   1.0000
   1.0000   1.0000   1.0000
   1.0000   1.0000   1.0000
   1.0000   1.0000   1.0000
   1.0000   1.0000   1.0000
   1.0000   1.0000   1.0000
   1.0000   1.0000   1.0000
   1.0000   1.0000   1.0000
   1.0000   1.0000   1.0000
   1.0000   1.0000   1.0000
   1.0000   1.0000   1.0000
   1.0000   1.0000   1.0000
   1.0000   1.0000   1.0000
   1.0000   1.0000   1.0000
   1.0000   1.0000   1.0000
   1.0000   1.0000   1.0000
   1.0000   1.0000   1.0000
   1.0000   1.0000   1.0000
   1.0000   1.0000   1.0000
   1.0000   1.0000   1.0000
   1.0000   1.0000   1.0000
   1.0000   1.0000   1.0000
   1.0000   1.0000   1.0000
   1.0000   1.0000   1.0000

applying weight : 1
applying weight : 1
applying weight : 1
Here are the weights in c++ : 
   1.0000   1.0000   1.0000
   1.0000   1.0000   1.0000
   1.0000   1.0000   1.0000
   1.0000   1.0000   1.0000
   1.0000   1.0000   1.0000
   1.0000   1.0000   1.0000
   1.0000   1.0000   1.0000
   1.0000   1.0000   1.0000
   1.0000   1.0000   1.0000
   1.0000   1.0000   1.0000
   1.0000   1.0000   1.0000
   1.0000   1.0000   1.0000
   1.0000   1.0000   1.0000
   1.0000   1.0000   1.0000
   1.0000   1.0000   1.0000
   1.0000   1.0000   1.0000
   1.0000   1.0000   1.0000
   1.0000   1.0000   1.0000
   1.0000   1.0000   1.0000
   1.0000   1.0000   1.0000
   1.0000   1.0000   1.0000
   1.0000   1.0000   1.0000
   1.0000   1.0000   1.0000
   1.0000   1.0000   1.0000
   1.0000   1.0000   1.0000
   1.0000   1.0000   1.0000
   1.0000   1.0000   1.0000
   1.0000   1.0000   1.0000
   1.0000   1.0000   1.0000
   1.0000   1.0000   1.0000
   1.0000   1.0000   1.0000
   1.0000   1.0000   1.0000
   1.0000   1.0000   1.0000
   1.0000   1.0000   1.0000
   1.0000   1.0000   1.0000
   1.0000   1.0000   1.0000
   1.0000   1.0000   1.0000
   1.0000   1.0000   1.0000
   1.0000   1.0000   1.0000
   1.0000   1.0000   1.0000
   1.0000   1.0000   1.0000
   1.0000   1.0000   1.0000
   1.0000   1.0000   1.0000
   1.0000   1.0000   1.0000
   1.0000   1.0000   1.0000
   1.0000   1.0000   1.0000
   1.0000   1.0000   1.0000
   1.0000   1.0000   1.0000
   1.0000   1.0000   1.0000
   1.0000   1.0000   1.0000
   1.0000   1.0000   1.0000
   1.0000   1.0000   1.0000
   1.0000   1.0000   1.0000
   1.0000   1.0000   1.0000
   1.0000   1.0000   1.0000
   1.0000   1.0000   1.0000
   1.0000   1.0000   1.0000

applying weight : 1
applying weight : 1
applying weight : 1
Here are the weights in c++ : 
   1.0000   1.0000   1.0000
   1.0000   1.0000   1.0000
   1.0000   1.0000   1.0000
   1.0000   1.0000   1.0000
   1.0000   1.0000   1.0000
   1.0000   1.0000   1.0000
   1.0000   1.0000   1.0000
   1.0000   1.0000   1.0000
   1.0000   1.0000   1.0000
   1.0000   1.0000   1.0000
   1.0000   1.0000   1.0000
   1.0000   1.0000   1.0000
   1.0000   1.0000   1.0000
   1.0000   1.0000   1.0000
   1.0000   1.0000   1.0000
   1.0000   1.0000   1.0000
   1.0000   1.0000   1.0000
   1.0000   1.0000   1.0000
   1.0000   1.0000   1.0000
   1.0000   1.0000   1.0000
   1.0000   1.0000   1.0000
   1.0000   1.0000   1.0000
   1.0000   1.0000   1.0000
   1.0000   1.0000   1.0000
   1.0000   1.0000   1.0000
   1.0000   1.0000   1.0000
   1.0000   1.0000   1.0000
   1.0000   1.0000   1.0000
   1.0000   1.0000   1.0000
   1.0000   1.0000   1.0000
   1.0000   1.0000   1.0000
   1.0000   1.0000   1.0000
   1.0000   1.0000   1.0000
   1.0000   1.0000   1.0000
   1.0000   1.0000   1.0000
   1.0000   1.0000   1.0000
   1.0000   1.0000   1.0000
   1.0000   1.0000   1.0000
   1.0000   1.0000   1.0000
   1.0000   1.0000   1.0000
   1.0000   1.0000   1.0000
   1.0000   1.0000   1.0000
   1.0000   1.0000   1.0000
   1.0000   1.0000   1.0000
   1.0000   1.0000   1.0000
   1.0000   1.0000   1.0000
   1.0000   1.0000   1.0000
   1.0000   1.0000   1.0000
   1.0000   1.0000   1.0000
   1.0000   1.0000   1.0000
   1.0000   1.0000   1.0000
   1.0000   1.0000   1.0000
   1.0000   1.0000   1.0000
   1.0000   1.0000   1.0000
   1.0000   1.0000   1.0000
   1.0000   1.0000   1.0000
   1.0000   1.0000   1.0000

applying weight : 1
applying weight : 1
applying weight : 1
Here are the weights in c++ : 
   1.0000   1.0000   1.0000
   1.0000   1.0000   1.0000
   1.0000   1.0000   1.0000
   1.0000   1.0000   1.0000
   1.0000   1.0000   1.0000
   1.0000   1.0000   1.0000
   1.0000   1.0000   1.0000
   1.0000   1.0000   1.0000
   1.0000   1.0000   1.0000
   1.0000   1.0000   1.0000
   1.0000   1.0000   1.0000
   1.0000   1.0000   1.0000
   1.0000   1.0000   1.0000
   1.0000   1.0000   1.0000
   1.0000   1.0000   1.0000
   1.0000   1.0000   1.0000
   1.0000   1.0000   1.0000
   1.0000   1.0000   1.0000
   1.0000   1.0000   1.0000
   1.0000   1.0000   1.0000
   1.0000   1.0000   1.0000
   1.0000   1.0000   1.0000
   1.0000   1.0000   1.0000
   1.0000   1.0000   1.0000
   1.0000   1.0000   1.0000
   1.0000   1.0000   1.0000
   1.0000   1.0000   1.0000
   1.0000   1.0000   1.0000
   1.0000   1.0000   1.0000
   1.0000   1.0000   1.0000
   1.0000   1.0000   1.0000
   1.0000   1.0000   1.0000
   1.0000   1.0000   1.0000
   1.0000   1.0000   1.0000
   1.0000   1.0000   1.0000
   1.0000   1.0000   1.0000
   1.0000   1.0000   1.0000
   1.0000   1.0000   1.0000
   1.0000   1.0000   1.0000
   1.0000   1.0000   1.0000
   1.0000   1.0000   1.0000
   1.0000   1.0000   1.0000
   1.0000   1.0000   1.0000
   1.0000   1.0000   1.0000
   1.0000   1.0000   1.0000
   1.0000   1.0000   1.0000
   1.0000   1.0000   1.0000
   1.0000   1.0000   1.0000
   1.0000   1.0000   1.0000
   1.0000   1.0000   1.0000
   1.0000   1.0000   1.0000
   1.0000   1.0000   1.0000
   1.0000   1.0000   1.0000
   1.0000   1.0000   1.0000
   1.0000   1.0000   1.0000
   1.0000   1.0000   1.0000
   1.0000   1.0000   1.0000

applying weight : 1
applying weight : 1
applying weight : 1
Here are the weights in c++ : 
   1.0000   1.0000   1.0000
   1.0000   1.0000   1.0000
   1.0000   1.0000   1.0000
   1.0000   1.0000   1.0000
   1.0000   1.0000   1.0000
   1.0000   1.0000   1.0000
   1.0000   1.0000   1.0000
   1.0000   1.0000   1.0000
   1.0000   1.0000   1.0000
   1.0000   1.0000   1.0000
   1.0000   1.0000   1.0000
   1.0000   1.0000   1.0000
   1.0000   1.0000   1.0000
   1.0000   1.0000   1.0000
   1.0000   1.0000   1.0000
   1.0000   1.0000   1.0000
   1.0000   1.0000   1.0000
   1.0000   1.0000   1.0000
   1.0000   1.0000   1.0000
   1.0000   1.0000   1.0000
   1.0000   1.0000   1.0000
   1.0000   1.0000   1.0000
   1.0000   1.0000   1.0000
   1.0000   1.0000   1.0000
   1.0000   1.0000   1.0000
   1.0000   1.0000   1.0000
   1.0000   1.0000   1.0000
   1.0000   1.0000   1.0000
   1.0000   1.0000   1.0000
   1.0000   1.0000   1.0000
   1.0000   1.0000   1.0000
   1.0000   1.0000   1.0000
   1.0000   1.0000   1.0000
   1.0000   1.0000   1.0000
   1.0000   1.0000   1.0000
   1.0000   1.0000   1.0000
   1.0000   1.0000   1.0000
   1.0000   1.0000   1.0000
   1.0000   1.0000   1.0000
   1.0000   1.0000   1.0000
   1.0000   1.0000   1.0000
   1.0000   1.0000   1.0000
   1.0000   1.0000   1.0000
   1.0000   1.0000   1.0000
   1.0000   1.0000   1.0000
   1.0000   1.0000   1.0000
   1.0000   1.0000   1.0000
   1.0000   1.0000   1.0000
   1.0000   1.0000   1.0000
   1.0000   1.0000   1.0000
   1.0000   1.0000   1.0000
   1.0000   1.0000   1.0000
   1.0000   1.0000   1.0000
   1.0000   1.0000   1.0000
   1.0000   1.0000   1.0000
   1.0000   1.0000   1.0000
   1.0000   1.0000   1.0000

applying weight : 1
applying weight : 1
applying weight : 1
Here are the weights in c++ : 
   1.0000   1.0000   1.0000
   1.0000   1.0000   1.0000
   1.0000   1.0000   1.0000
   1.0000   1.0000   1.0000
   1.0000   1.0000   1.0000
   1.0000   1.0000   1.0000
   1.0000   1.0000   1.0000
   1.0000   1.0000   1.0000
   1.0000   1.0000   1.0000
   1.0000   1.0000   1.0000
   1.0000   1.0000   1.0000
   1.0000   1.0000   1.0000
   1.0000   1.0000   1.0000
   1.0000   1.0000   1.0000
   1.0000   1.0000   1.0000
   1.0000   1.0000   1.0000
   1.0000   1.0000   1.0000
   1.0000   1.0000   1.0000
   1.0000   1.0000   1.0000
   1.0000   1.0000   1.0000
   1.0000   1.0000   1.0000
   1.0000   1.0000   1.0000
   1.0000   1.0000   1.0000
   1.0000   1.0000   1.0000
   1.0000   1.0000   1.0000
   1.0000   1.0000   1.0000
   1.0000   1.0000   1.0000
   1.0000   1.0000   1.0000
   1.0000   1.0000   1.0000
   1.0000   1.0000   1.0000
   1.0000   1.0000   1.0000
   1.0000   1.0000   1.0000
   1.0000   1.0000   1.0000
   1.0000   1.0000   1.0000
   1.0000   1.0000   1.0000
   1.0000   1.0000   1.0000
   1.0000   1.0000   1.0000
   1.0000   1.0000   1.0000
   1.0000   1.0000   1.0000
   1.0000   1.0000   1.0000
   1.0000   1.0000   1.0000
   1.0000   1.0000   1.0000
   1.0000   1.0000   1.0000
   1.0000   1.0000   1.0000
   1.0000   1.0000   1.0000
   1.0000   1.0000   1.0000
   1.0000   1.0000   1.0000
   1.0000   1.0000   1.0000
   1.0000   1.0000   1.0000
   1.0000   1.0000   1.0000
   1.0000   1.0000   1.0000
   1.0000   1.0000   1.0000
   1.0000   1.0000   1.0000
   1.0000   1.0000   1.0000
   1.0000   1.0000   1.0000
   1.0000   1.0000   1.0000
   1.0000   1.0000   1.0000

applying weight : 1
applying weight : 1
applying weight : 1
Here are the weights in c++ : 
   1.0000   1.0000   1.0000
   1.0000   1.0000   1.0000
   1.0000   1.0000   1.0000
   1.0000   1.0000   1.0000
   1.0000   1.0000   1.0000
   1.0000   1.0000   1.0000
   1.0000   1.0000   1.0000
   1.0000   1.0000   1.0000
   1.0000   1.0000   1.0000
   1.0000   1.0000   1.0000
   1.0000   1.0000   1.0000
   1.0000   1.0000   1.0000
   1.0000   1.0000   1.0000
   1.0000   1.0000   1.0000
   1.0000   1.0000   1.0000
   1.0000   1.0000   1.0000
   1.0000   1.0000   1.0000
   1.0000   1.0000   1.0000
   1.0000   1.0000   1.0000
   1.0000   1.0000   1.0000
   1.0000   1.0000   1.0000
   1.0000   1.0000   1.0000
   1.0000   1.0000   1.0000
   1.0000   1.0000   1.0000
   1.0000   1.0000   1.0000
   1.0000   1.0000   1.0000
   1.0000   1.0000   1.0000
   1.0000   1.0000   1.0000
   1.0000   1.0000   1.0000
   1.0000   1.0000   1.0000
   1.0000   1.0000   1.0000
   1.0000   1.0000   1.0000
   1.0000   1.0000   1.0000
   1.0000   1.0000   1.0000
   1.0000   1.0000   1.0000
   1.0000   1.0000   1.0000
   1.0000   1.0000   1.0000
   1.0000   1.0000   1.0000
   1.0000   1.0000   1.0000
   1.0000   1.0000   1.0000
   1.0000   1.0000   1.0000
   1.0000   1.0000   1.0000
   1.0000   1.0000   1.0000
   1.0000   1.0000   1.0000
   1.0000   1.0000   1.0000
   1.0000   1.0000   1.0000
   1.0000   1.0000   1.0000
   1.0000   1.0000   1.0000
   1.0000   1.0000   1.0000
   1.0000   1.0000   1.0000
   1.0000   1.0000   1.0000
   1.0000   1.0000   1.0000
   1.0000   1.0000   1.0000
   1.0000   1.0000   1.0000
   1.0000   1.0000   1.0000
   1.0000   1.0000   1.0000
   1.0000   1.0000   1.0000

applying weight : 1
applying weight : 1
applying weight : 1
Here are the weights in c++ : 
   1.0000   1.0000   1.0000
   1.0000   1.0000   1.0000
   1.0000   1.0000   1.0000
   1.0000   1.0000   1.0000
   1.0000   1.0000   1.0000
   1.0000   1.0000   1.0000
   1.0000   1.0000   1.0000
   1.0000   1.0000   1.0000
   1.0000   1.0000   1.0000
   1.0000   1.0000   1.0000
   1.0000   1.0000   1.0000
   1.0000   1.0000   1.0000
   1.0000   1.0000   1.0000
   1.0000   1.0000   1.0000
   1.0000   1.0000   1.0000
   1.0000   1.0000   1.0000
   1.0000   1.0000   1.0000
   1.0000   1.0000   1.0000
   1.0000   1.0000   1.0000
   1.0000   1.0000   1.0000
   1.0000   1.0000   1.0000
   1.0000   1.0000   1.0000
   1.0000   1.0000   1.0000
   1.0000   1.0000   1.0000
   1.0000   1.0000   1.0000
   1.0000   1.0000   1.0000
   1.0000   1.0000   1.0000
   1.0000   1.0000   1.0000
   1.0000   1.0000   1.0000
   1.0000   1.0000   1.0000
   1.0000   1.0000   1.0000
   1.0000   1.0000   1.0000
   1.0000   1.0000   1.0000
   1.0000   1.0000   1.0000
   1.0000   1.0000   1.0000
   1.0000   1.0000   1.0000
   1.0000   1.0000   1.0000
   1.0000   1.0000   1.0000
   1.0000   1.0000   1.0000
   1.0000   1.0000   1.0000
   1.0000   1.0000   1.0000
   1.0000   1.0000   1.0000
   1.0000   1.0000   1.0000
   1.0000   1.0000   1.0000
   1.0000   1.0000   1.0000
   1.0000   1.0000   1.0000
   1.0000   1.0000   1.0000
   1.0000   1.0000   1.0000
   1.0000   1.0000   1.0000
   1.0000   1.0000   1.0000
   1.0000   1.0000   1.0000
   1.0000   1.0000   1.0000
   1.0000   1.0000   1.0000
   1.0000   1.0000   1.0000
   1.0000   1.0000   1.0000
   1.0000   1.0000   1.0000
   1.0000   1.0000   1.0000

applying weight : 1
applying weight : 1
applying weight : 1
Here are the weights in c++ : 
   1.0000   1.0000   1.0000
   1.0000   1.0000   1.0000
   1.0000   1.0000   1.0000
   1.0000   1.0000   1.0000
   1.0000   1.0000   1.0000
   1.0000   1.0000   1.0000
   1.0000   1.0000   1.0000
   1.0000   1.0000   1.0000
   1.0000   1.0000   1.0000
   1.0000   1.0000   1.0000
   1.0000   1.0000   1.0000
   1.0000   1.0000   1.0000
   1.0000   1.0000   1.0000
   1.0000   1.0000   1.0000
   1.0000   1.0000   1.0000
   1.0000   1.0000   1.0000
   1.0000   1.0000   1.0000
   1.0000   1.0000   1.0000
   1.0000   1.0000   1.0000
   1.0000   1.0000   1.0000
   1.0000   1.0000   1.0000
   1.0000   1.0000   1.0000
   1.0000   1.0000   1.0000
   1.0000   1.0000   1.0000
   1.0000   1.0000   1.0000
   1.0000   1.0000   1.0000
   1.0000   1.0000   1.0000
   1.0000   1.0000   1.0000
   1.0000   1.0000   1.0000
   1.0000   1.0000   1.0000
   1.0000   1.0000   1.0000
   1.0000   1.0000   1.0000
   1.0000   1.0000   1.0000
   1.0000   1.0000   1.0000
   1.0000   1.0000   1.0000
   1.0000   1.0000   1.0000
   1.0000   1.0000   1.0000
   1.0000   1.0000   1.0000
   1.0000   1.0000   1.0000
   1.0000   1.0000   1.0000
   1.0000   1.0000   1.0000
   1.0000   1.0000   1.0000
   1.0000   1.0000   1.0000
   1.0000   1.0000   1.0000
   1.0000   1.0000   1.0000
   1.0000   1.0000   1.0000
   1.0000   1.0000   1.0000
   1.0000   1.0000   1.0000
   1.0000   1.0000   1.0000
   1.0000   1.0000   1.0000
   1.0000   1.0000   1.0000
   1.0000   1.0000   1.0000
   1.0000   1.0000   1.0000
   1.0000   1.0000   1.0000
   1.0000   1.0000   1.0000
   1.0000   1.0000   1.0000
   1.0000   1.0000   1.0000

applying weight : 1
applying weight : 1
applying weight : 1
Here are the weights in c++ : 
   1.0000   1.0000   1.0000
   1.0000   1.0000   1.0000
   1.0000   1.0000   1.0000
   1.0000   1.0000   1.0000
   1.0000   1.0000   1.0000
   1.0000   1.0000   1.0000
   1.0000   1.0000   1.0000
   1.0000   1.0000   1.0000
   1.0000   1.0000   1.0000
   1.0000   1.0000   1.0000
   1.0000   1.0000   1.0000
   1.0000   1.0000   1.0000
   1.0000   1.0000   1.0000
   1.0000   1.0000   1.0000
   1.0000   1.0000   1.0000
   1.0000   1.0000   1.0000
   1.0000   1.0000   1.0000
   1.0000   1.0000   1.0000
   1.0000   1.0000   1.0000
   1.0000   1.0000   1.0000
   1.0000   1.0000   1.0000
   1.0000   1.0000   1.0000
   1.0000   1.0000   1.0000
   1.0000   1.0000   1.0000
   1.0000   1.0000   1.0000
   1.0000   1.0000   1.0000
   1.0000   1.0000   1.0000
   1.0000   1.0000   1.0000
   1.0000   1.0000   1.0000
   1.0000   1.0000   1.0000
   1.0000   1.0000   1.0000
   1.0000   1.0000   1.0000
   1.0000   1.0000   1.0000
   1.0000   1.0000   1.0000
   1.0000   1.0000   1.0000
   1.0000   1.0000   1.0000
   1.0000   1.0000   1.0000
   1.0000   1.0000   1.0000
   1.0000   1.0000   1.0000
   1.0000   1.0000   1.0000
   1.0000   1.0000   1.0000
   1.0000   1.0000   1.0000
   1.0000   1.0000   1.0000
   1.0000   1.0000   1.0000
   1.0000   1.0000   1.0000
   1.0000   1.0000   1.0000
   1.0000   1.0000   1.0000
   1.0000   1.0000   1.0000
   1.0000   1.0000   1.0000
   1.0000   1.0000   1.0000
   1.0000   1.0000   1.0000
   1.0000   1.0000   1.0000
   1.0000   1.0000   1.0000
   1.0000   1.0000   1.0000
   1.0000   1.0000   1.0000
   1.0000   1.0000   1.0000
   1.0000   1.0000   1.0000

applying weight : 1
applying weight : 1
applying weight : 1
Here are the weights in c++ : 
   1.0000   1.0000   1.0000
   1.0000   1.0000   1.0000
   1.0000   1.0000   1.0000
   1.0000   1.0000   1.0000
   1.0000   1.0000   1.0000
   1.0000   1.0000   1.0000
   1.0000   1.0000   1.0000
   1.0000   1.0000   1.0000
   1.0000   1.0000   1.0000
   1.0000   1.0000   1.0000
   1.0000   1.0000   1.0000
   1.0000   1.0000   1.0000
   1.0000   1.0000   1.0000
   1.0000   1.0000   1.0000
   1.0000   1.0000   1.0000
   1.0000   1.0000   1.0000
   1.0000   1.0000   1.0000
   1.0000   1.0000   1.0000
   1.0000   1.0000   1.0000
   1.0000   1.0000   1.0000
   1.0000   1.0000   1.0000
   1.0000   1.0000   1.0000
   1.0000   1.0000   1.0000
   1.0000   1.0000   1.0000
   1.0000   1.0000   1.0000
   1.0000   1.0000   1.0000
   1.0000   1.0000   1.0000
   1.0000   1.0000   1.0000
   1.0000   1.0000   1.0000
   1.0000   1.0000   1.0000
   1.0000   1.0000   1.0000
   1.0000   1.0000   1.0000
   1.0000   1.0000   1.0000
   1.0000   1.0000   1.0000
   1.0000   1.0000   1.0000
   1.0000   1.0000   1.0000
   1.0000   1.0000   1.0000
   1.0000   1.0000   1.0000
   1.0000   1.0000   1.0000
   1.0000   1.0000   1.0000
   1.0000   1.0000   1.0000
   1.0000   1.0000   1.0000
   1.0000   1.0000   1.0000
   1.0000   1.0000   1.0000
   1.0000   1.0000   1.0000
   1.0000   1.0000   1.0000
   1.0000   1.0000   1.0000
   1.0000   1.0000   1.0000
   1.0000   1.0000   1.0000
   1.0000   1.0000   1.0000
   1.0000   1.0000   1.0000
   1.0000   1.0000   1.0000
   1.0000   1.0000   1.0000
   1.0000   1.0000   1.0000
   1.0000   1.0000   1.0000
   1.0000   1.0000   1.0000
   1.0000   1.0000   1.0000

applying weight : 1
applying weight : 1
applying weight : 1
Here are the weights in c++ : 
   1.0000   1.0000   1.0000
   1.0000   1.0000   1.0000
   1.0000   1.0000   1.0000
   1.0000   1.0000   1.0000
   1.0000   1.0000   1.0000
   1.0000   1.0000   1.0000
   1.0000   1.0000   1.0000
   1.0000   1.0000   1.0000
   1.0000   1.0000   1.0000
   1.0000   1.0000   1.0000
   1.0000   1.0000   1.0000
   1.0000   1.0000   1.0000
   1.0000   1.0000   1.0000
   1.0000   1.0000   1.0000
   1.0000   1.0000   1.0000
   1.0000   1.0000   1.0000
   1.0000   1.0000   1.0000
   1.0000   1.0000   1.0000
   1.0000   1.0000   1.0000
   1.0000   1.0000   1.0000
   1.0000   1.0000   1.0000
   1.0000   1.0000   1.0000
   1.0000   1.0000   1.0000
   1.0000   1.0000   1.0000
   1.0000   1.0000   1.0000
   1.0000   1.0000   1.0000
   1.0000   1.0000   1.0000
   1.0000   1.0000   1.0000
   1.0000   1.0000   1.0000
   1.0000   1.0000   1.0000
   1.0000   1.0000   1.0000
   1.0000   1.0000   1.0000
   1.0000   1.0000   1.0000
   1.0000   1.0000   1.0000
   1.0000   1.0000   1.0000
   1.0000   1.0000   1.0000
   1.0000   1.0000   1.0000
   1.0000   1.0000   1.0000
   1.0000   1.0000   1.0000
   1.0000   1.0000   1.0000
   1.0000   1.0000   1.0000
   1.0000   1.0000   1.0000
   1.0000   1.0000   1.0000
   1.0000   1.0000   1.0000
   1.0000   1.0000   1.0000
   1.0000   1.0000   1.0000
   1.0000   1.0000   1.0000
   1.0000   1.0000   1.0000
   1.0000   1.0000   1.0000
   1.0000   1.0000   1.0000
   1.0000   1.0000   1.0000
   1.0000   1.0000   1.0000
   1.0000   1.0000   1.0000
   1.0000   1.0000   1.0000
   1.0000   1.0000   1.0000
   1.0000   1.0000   1.0000
   1.0000   1.0000   1.0000

applying weight : 1
applying weight : 1
applying weight : 1
Here are the weights in c++ : 
   1.0000   1.0000   1.0000
   1.0000   1.0000   1.0000
   1.0000   1.0000   1.0000
   1.0000   1.0000   1.0000
   1.0000   1.0000   1.0000
   1.0000   1.0000   1.0000
   1.0000   1.0000   1.0000
   1.0000   1.0000   1.0000
   1.0000   1.0000   1.0000
   1.0000   1.0000   1.0000
   1.0000   1.0000   1.0000
   1.0000   1.0000   1.0000
   1.0000   1.0000   1.0000
   1.0000   1.0000   1.0000
   1.0000   1.0000   1.0000
   1.0000   1.0000   1.0000
   1.0000   1.0000   1.0000
   1.0000   1.0000   1.0000
   1.0000   1.0000   1.0000
   1.0000   1.0000   1.0000
   1.0000   1.0000   1.0000
   1.0000   1.0000   1.0000
   1.0000   1.0000   1.0000
   1.0000   1.0000   1.0000
   1.0000   1.0000   1.0000
   1.0000   1.0000   1.0000
   1.0000   1.0000   1.0000
   1.0000   1.0000   1.0000
   1.0000   1.0000   1.0000
   1.0000   1.0000   1.0000
   1.0000   1.0000   1.0000
   1.0000   1.0000   1.0000
   1.0000   1.0000   1.0000
   1.0000   1.0000   1.0000
   1.0000   1.0000   1.0000
   1.0000   1.0000   1.0000
   1.0000   1.0000   1.0000
   1.0000   1.0000   1.0000
   1.0000   1.0000   1.0000
   1.0000   1.0000   1.0000
   1.0000   1.0000   1.0000
   1.0000   1.0000   1.0000
   1.0000   1.0000   1.0000
   1.0000   1.0000   1.0000
   1.0000   1.0000   1.0000
   1.0000   1.0000   1.0000
   1.0000   1.0000   1.0000
   1.0000   1.0000   1.0000
   1.0000   1.0000   1.0000
   1.0000   1.0000   1.0000
   1.0000   1.0000   1.0000
   1.0000   1.0000   1.0000
   1.0000   1.0000   1.0000
   1.0000   1.0000   1.0000
   1.0000   1.0000   1.0000
   1.0000   1.0000   1.0000
   1.0000   1.0000   1.0000

applying weight : 1
applying weight : 1
applying weight : 1
Here are the weights in c++ : 
   1.0000   1.0000   1.0000
   1.0000   1.0000   1.0000
   1.0000   1.0000   1.0000
   1.0000   1.0000   1.0000
   1.0000   1.0000   1.0000
   1.0000   1.0000   1.0000
   1.0000   1.0000   1.0000
   1.0000   1.0000   1.0000
   1.0000   1.0000   1.0000
   1.0000   1.0000   1.0000
   1.0000   1.0000   1.0000
   1.0000   1.0000   1.0000
   1.0000   1.0000   1.0000
   1.0000   1.0000   1.0000
   1.0000   1.0000   1.0000
   1.0000   1.0000   1.0000
   1.0000   1.0000   1.0000
   1.0000   1.0000   1.0000
   1.0000   1.0000   1.0000
   1.0000   1.0000   1.0000
   1.0000   1.0000   1.0000
   1.0000   1.0000   1.0000
   1.0000   1.0000   1.0000
   1.0000   1.0000   1.0000
   1.0000   1.0000   1.0000
   1.0000   1.0000   1.0000
   1.0000   1.0000   1.0000
   1.0000   1.0000   1.0000
   1.0000   1.0000   1.0000
   1.0000   1.0000   1.0000
   1.0000   1.0000   1.0000
   1.0000   1.0000   1.0000
   1.0000   1.0000   1.0000
   1.0000   1.0000   1.0000
   1.0000   1.0000   1.0000
   1.0000   1.0000   1.0000
   1.0000   1.0000   1.0000
   1.0000   1.0000   1.0000
   1.0000   1.0000   1.0000
   1.0000   1.0000   1.0000
   1.0000   1.0000   1.0000
   1.0000   1.0000   1.0000
   1.0000   1.0000   1.0000
   1.0000   1.0000   1.0000
   1.0000   1.0000   1.0000
   1.0000   1.0000   1.0000
   1.0000   1.0000   1.0000
   1.0000   1.0000   1.0000
   1.0000   1.0000   1.0000
   1.0000   1.0000   1.0000
   1.0000   1.0000   1.0000
   1.0000   1.0000   1.0000
   1.0000   1.0000   1.0000
   1.0000   1.0000   1.0000
   1.0000   1.0000   1.0000
   1.0000   1.0000   1.0000
   1.0000   1.0000   1.0000

applying weight : 1
applying weight : 1
applying weight : 1
Here are the weights in c++ : 
   1.0000   1.0000   1.0000
   1.0000   1.0000   1.0000
   1.0000   1.0000   1.0000
   1.0000   1.0000   1.0000
   1.0000   1.0000   1.0000
   1.0000   1.0000   1.0000
   1.0000   1.0000   1.0000
   1.0000   1.0000   1.0000
   1.0000   1.0000   1.0000
   1.0000   1.0000   1.0000
   1.0000   1.0000   1.0000
   1.0000   1.0000   1.0000
   1.0000   1.0000   1.0000
   1.0000   1.0000   1.0000
   1.0000   1.0000   1.0000
   1.0000   1.0000   1.0000
   1.0000   1.0000   1.0000
   1.0000   1.0000   1.0000
   1.0000   1.0000   1.0000
   1.0000   1.0000   1.0000
   1.0000   1.0000   1.0000
   1.0000   1.0000   1.0000
   1.0000   1.0000   1.0000
   1.0000   1.0000   1.0000
   1.0000   1.0000   1.0000
   1.0000   1.0000   1.0000
   1.0000   1.0000   1.0000
   1.0000   1.0000   1.0000
   1.0000   1.0000   1.0000
   1.0000   1.0000   1.0000
   1.0000   1.0000   1.0000
   1.0000   1.0000   1.0000
   1.0000   1.0000   1.0000
   1.0000   1.0000   1.0000
   1.0000   1.0000   1.0000
   1.0000   1.0000   1.0000
   1.0000   1.0000   1.0000
   1.0000   1.0000   1.0000
   1.0000   1.0000   1.0000
   1.0000   1.0000   1.0000
   1.0000   1.0000   1.0000
   1.0000   1.0000   1.0000
   1.0000   1.0000   1.0000
   1.0000   1.0000   1.0000
   1.0000   1.0000   1.0000
   1.0000   1.0000   1.0000
   1.0000   1.0000   1.0000
   1.0000   1.0000   1.0000
   1.0000   1.0000   1.0000
   1.0000   1.0000   1.0000
   1.0000   1.0000   1.0000
   1.0000   1.0000   1.0000
   1.0000   1.0000   1.0000
   1.0000   1.0000   1.0000
   1.0000   1.0000   1.0000
   1.0000   1.0000   1.0000
   1.0000   1.0000   1.0000

applying weight : 1
applying weight : 1
applying weight : 1
Here are the weights in c++ : 
   1.0000   1.0000   1.0000
   1.0000   1.0000   1.0000
   1.0000   1.0000   1.0000
   1.0000   1.0000   1.0000
   1.0000   1.0000   1.0000
   1.0000   1.0000   1.0000
   1.0000   1.0000   1.0000
   1.0000   1.0000   1.0000
   1.0000   1.0000   1.0000
   1.0000   1.0000   1.0000
   1.0000   1.0000   1.0000
   1.0000   1.0000   1.0000
   1.0000   1.0000   1.0000
   1.0000   1.0000   1.0000
   1.0000   1.0000   1.0000
   1.0000   1.0000   1.0000
   1.0000   1.0000   1.0000
   1.0000   1.0000   1.0000
   1.0000   1.0000   1.0000
   1.0000   1.0000   1.0000
   1.0000   1.0000   1.0000
   1.0000   1.0000   1.0000
   1.0000   1.0000   1.0000
   1.0000   1.0000   1.0000
   1.0000   1.0000   1.0000
   1.0000   1.0000   1.0000
   1.0000   1.0000   1.0000
   1.0000   1.0000   1.0000
   1.0000   1.0000   1.0000
   1.0000   1.0000   1.0000
   1.0000   1.0000   1.0000
   1.0000   1.0000   1.0000
   1.0000   1.0000   1.0000
   1.0000   1.0000   1.0000
   1.0000   1.0000   1.0000
   1.0000   1.0000   1.0000
   1.0000   1.0000   1.0000
   1.0000   1.0000   1.0000
   1.0000   1.0000   1.0000
   1.0000   1.0000   1.0000
   1.0000   1.0000   1.0000
   1.0000   1.0000   1.0000
   1.0000   1.0000   1.0000
   1.0000   1.0000   1.0000
   1.0000   1.0000   1.0000
   1.0000   1.0000   1.0000
   1.0000   1.0000   1.0000
   1.0000   1.0000   1.0000
   1.0000   1.0000   1.0000
   1.0000   1.0000   1.0000
   1.0000   1.0000   1.0000
   1.0000   1.0000   1.0000
   1.0000   1.0000   1.0000
   1.0000   1.0000   1.0000
   1.0000   1.0000   1.0000
   1.0000   1.0000   1.0000
   1.0000   1.0000   1.0000

applying weight : 1
applying weight : 1
applying weight : 1
Here are the weights in c++ : 
   1.0000   1.0000   1.0000
   1.0000   1.0000   1.0000
   1.0000   1.0000   1.0000
   1.0000   1.0000   1.0000
   1.0000   1.0000   1.0000
   1.0000   1.0000   1.0000
   1.0000   1.0000   1.0000
   1.0000   1.0000   1.0000
   1.0000   1.0000   1.0000
   1.0000   1.0000   1.0000
   1.0000   1.0000   1.0000
   1.0000   1.0000   1.0000
   1.0000   1.0000   1.0000
   1.0000   1.0000   1.0000
   1.0000   1.0000   1.0000
   1.0000   1.0000   1.0000
   1.0000   1.0000   1.0000
   1.0000   1.0000   1.0000
   1.0000   1.0000   1.0000
   1.0000   1.0000   1.0000
   1.0000   1.0000   1.0000
   1.0000   1.0000   1.0000
   1.0000   1.0000   1.0000
   1.0000   1.0000   1.0000
   1.0000   1.0000   1.0000
   1.0000   1.0000   1.0000
   1.0000   1.0000   1.0000
   1.0000   1.0000   1.0000
   1.0000   1.0000   1.0000
   1.0000   1.0000   1.0000
   1.0000   1.0000   1.0000
   1.0000   1.0000   1.0000
   1.0000   1.0000   1.0000
   1.0000   1.0000   1.0000
   1.0000   1.0000   1.0000
   1.0000   1.0000   1.0000
   1.0000   1.0000   1.0000
   1.0000   1.0000   1.0000
   1.0000   1.0000   1.0000
   1.0000   1.0000   1.0000
   1.0000   1.0000   1.0000
   1.0000   1.0000   1.0000
   1.0000   1.0000   1.0000
   1.0000   1.0000   1.0000
   1.0000   1.0000   1.0000
   1.0000   1.0000   1.0000
   1.0000   1.0000   1.0000
   1.0000   1.0000   1.0000
   1.0000   1.0000   1.0000
   1.0000   1.0000   1.0000
   1.0000   1.0000   1.0000
   1.0000   1.0000   1.0000
   1.0000   1.0000   1.0000
   1.0000   1.0000   1.0000
   1.0000   1.0000   1.0000
   1.0000   1.0000   1.0000
   1.0000   1.0000   1.0000

applying weight : 1
applying weight : 1
applying weight : 1
Here are the weights in c++ : 
   1.0000   1.0000   1.0000
   1.0000   1.0000   1.0000
   1.0000   1.0000   1.0000
   1.0000   1.0000   1.0000
   1.0000   1.0000   1.0000
   1.0000   1.0000   1.0000
   1.0000   1.0000   1.0000
   1.0000   1.0000   1.0000
   1.0000   1.0000   1.0000
   1.0000   1.0000   1.0000
   1.0000   1.0000   1.0000
   1.0000   1.0000   1.0000
   1.0000   1.0000   1.0000
   1.0000   1.0000   1.0000
   1.0000   1.0000   1.0000
   1.0000   1.0000   1.0000
   1.0000   1.0000   1.0000
   1.0000   1.0000   1.0000
   1.0000   1.0000   1.0000
   1.0000   1.0000   1.0000
   1.0000   1.0000   1.0000
   1.0000   1.0000   1.0000
   1.0000   1.0000   1.0000
   1.0000   1.0000   1.0000
   1.0000   1.0000   1.0000
   1.0000   1.0000   1.0000
   1.0000   1.0000   1.0000
   1.0000   1.0000   1.0000
   1.0000   1.0000   1.0000
   1.0000   1.0000   1.0000
   1.0000   1.0000   1.0000
   1.0000   1.0000   1.0000
   1.0000   1.0000   1.0000
   1.0000   1.0000   1.0000
   1.0000   1.0000   1.0000
   1.0000   1.0000   1.0000
   1.0000   1.0000   1.0000
   1.0000   1.0000   1.0000
   1.0000   1.0000   1.0000
   1.0000   1.0000   1.0000
   1.0000   1.0000   1.0000
   1.0000   1.0000   1.0000
   1.0000   1.0000   1.0000
   1.0000   1.0000   1.0000
   1.0000   1.0000   1.0000
   1.0000   1.0000   1.0000
   1.0000   1.0000   1.0000
   1.0000   1.0000   1.0000
   1.0000   1.0000   1.0000
   1.0000   1.0000   1.0000
   1.0000   1.0000   1.0000
   1.0000   1.0000   1.0000
   1.0000   1.0000   1.0000
   1.0000   1.0000   1.0000
   1.0000   1.0000   1.0000
   1.0000   1.0000   1.0000
   1.0000   1.0000   1.0000

applying weight : 1
applying weight : 1
applying weight : 1
Here are the weights in c++ : 
   1.0000   1.0000   1.0000
   1.0000   1.0000   1.0000
   1.0000   1.0000   1.0000
   1.0000   1.0000   1.0000
   1.0000   1.0000   1.0000
   1.0000   1.0000   1.0000
   1.0000   1.0000   1.0000
   1.0000   1.0000   1.0000
   1.0000   1.0000   1.0000
   1.0000   1.0000   1.0000
   1.0000   1.0000   1.0000
   1.0000   1.0000   1.0000
   1.0000   1.0000   1.0000
   1.0000   1.0000   1.0000
   1.0000   1.0000   1.0000
   1.0000   1.0000   1.0000
   1.0000   1.0000   1.0000
   1.0000   1.0000   1.0000
   1.0000   1.0000   1.0000
   1.0000   1.0000   1.0000
   1.0000   1.0000   1.0000
   1.0000   1.0000   1.0000
   1.0000   1.0000   1.0000
   1.0000   1.0000   1.0000
   1.0000   1.0000   1.0000
   1.0000   1.0000   1.0000
   1.0000   1.0000   1.0000
   1.0000   1.0000   1.0000
   1.0000   1.0000   1.0000
   1.0000   1.0000   1.0000
   1.0000   1.0000   1.0000
   1.0000   1.0000   1.0000
   1.0000   1.0000   1.0000
   1.0000   1.0000   1.0000
   1.0000   1.0000   1.0000
   1.0000   1.0000   1.0000
   1.0000   1.0000   1.0000
   1.0000   1.0000   1.0000
   1.0000   1.0000   1.0000
   1.0000   1.0000   1.0000
   1.0000   1.0000   1.0000
   1.0000   1.0000   1.0000
   1.0000   1.0000   1.0000
   1.0000   1.0000   1.0000
   1.0000   1.0000   1.0000
   1.0000   1.0000   1.0000
   1.0000   1.0000   1.0000
   1.0000   1.0000   1.0000
   1.0000   1.0000   1.0000
   1.0000   1.0000   1.0000
   1.0000   1.0000   1.0000
   1.0000   1.0000   1.0000
   1.0000   1.0000   1.0000
   1.0000   1.0000   1.0000
   1.0000   1.0000   1.0000
   1.0000   1.0000   1.0000
   1.0000   1.0000   1.0000

applying weight : 1
applying weight : 1
applying weight : 1
Here are the weights in c++ : 
   1.0000   1.0000   1.0000
   1.0000   1.0000   1.0000
   1.0000   1.0000   1.0000
   1.0000   1.0000   1.0000
   1.0000   1.0000   1.0000
   1.0000   1.0000   1.0000
   1.0000   1.0000   1.0000
   1.0000   1.0000   1.0000
   1.0000   1.0000   1.0000
   1.0000   1.0000   1.0000
   1.0000   1.0000   1.0000
   1.0000   1.0000   1.0000
   1.0000   1.0000   1.0000
   1.0000   1.0000   1.0000
   1.0000   1.0000   1.0000
   1.0000   1.0000   1.0000
   1.0000   1.0000   1.0000
   1.0000   1.0000   1.0000
   1.0000   1.0000   1.0000
   1.0000   1.0000   1.0000
   1.0000   1.0000   1.0000
   1.0000   1.0000   1.0000
   1.0000   1.0000   1.0000
   1.0000   1.0000   1.0000
   1.0000   1.0000   1.0000
   1.0000   1.0000   1.0000
   1.0000   1.0000   1.0000
   1.0000   1.0000   1.0000
   1.0000   1.0000   1.0000
   1.0000   1.0000   1.0000
   1.0000   1.0000   1.0000
   1.0000   1.0000   1.0000
   1.0000   1.0000   1.0000
   1.0000   1.0000   1.0000
   1.0000   1.0000   1.0000
   1.0000   1.0000   1.0000
   1.0000   1.0000   1.0000
   1.0000   1.0000   1.0000
   1.0000   1.0000   1.0000
   1.0000   1.0000   1.0000
   1.0000   1.0000   1.0000
   1.0000   1.0000   1.0000
   1.0000   1.0000   1.0000
   1.0000   1.0000   1.0000
   1.0000   1.0000   1.0000
   1.0000   1.0000   1.0000
   1.0000   1.0000   1.0000
   1.0000   1.0000   1.0000
   1.0000   1.0000   1.0000
   1.0000   1.0000   1.0000
   1.0000   1.0000   1.0000
   1.0000   1.0000   1.0000
   1.0000   1.0000   1.0000
   1.0000   1.0000   1.0000
   1.0000   1.0000   1.0000
   1.0000   1.0000   1.0000
   1.0000   1.0000   1.0000

applying weight : 1
applying weight : 1
applying weight : 1
Here are the weights in c++ : 
   1.0000   1.0000   1.0000
   1.0000   1.0000   1.0000
   1.0000   1.0000   1.0000
   1.0000   1.0000   1.0000
   1.0000   1.0000   1.0000
   1.0000   1.0000   1.0000
   1.0000   1.0000   1.0000
   1.0000   1.0000   1.0000
   1.0000   1.0000   1.0000
   1.0000   1.0000   1.0000
   1.0000   1.0000   1.0000
   1.0000   1.0000   1.0000
   1.0000   1.0000   1.0000
   1.0000   1.0000   1.0000
   1.0000   1.0000   1.0000
   1.0000   1.0000   1.0000
   1.0000   1.0000   1.0000
   1.0000   1.0000   1.0000
   1.0000   1.0000   1.0000
   1.0000   1.0000   1.0000
   1.0000   1.0000   1.0000
   1.0000   1.0000   1.0000
   1.0000   1.0000   1.0000
   1.0000   1.0000   1.0000
   1.0000   1.0000   1.0000
   1.0000   1.0000   1.0000
   1.0000   1.0000   1.0000
   1.0000   1.0000   1.0000
   1.0000   1.0000   1.0000
   1.0000   1.0000   1.0000
   1.0000   1.0000   1.0000
   1.0000   1.0000   1.0000
   1.0000   1.0000   1.0000
   1.0000   1.0000   1.0000
   1.0000   1.0000   1.0000
   1.0000   1.0000   1.0000
   1.0000   1.0000   1.0000
   1.0000   1.0000   1.0000
   1.0000   1.0000   1.0000
   1.0000   1.0000   1.0000
   1.0000   1.0000   1.0000
   1.0000   1.0000   1.0000
   1.0000   1.0000   1.0000
   1.0000   1.0000   1.0000
   1.0000   1.0000   1.0000
   1.0000   1.0000   1.0000
   1.0000   1.0000   1.0000
   1.0000   1.0000   1.0000
   1.0000   1.0000   1.0000
   1.0000   1.0000   1.0000
   1.0000   1.0000   1.0000
   1.0000   1.0000   1.0000
   1.0000   1.0000   1.0000
   1.0000   1.0000   1.0000
   1.0000   1.0000   1.0000
   1.0000   1.0000   1.0000
   1.0000   1.0000   1.0000

applying weight : 1
applying weight : 1
applying weight : 1
Here are the weights in c++ : 
   1.0000   1.0000   1.0000
   1.0000   1.0000   1.0000
   1.0000   1.0000   1.0000
   1.0000   1.0000   1.0000
   1.0000   1.0000   1.0000
   1.0000   1.0000   1.0000
   1.0000   1.0000   1.0000
   1.0000   1.0000   1.0000
   1.0000   1.0000   1.0000
   1.0000   1.0000   1.0000
   1.0000   1.0000   1.0000
   1.0000   1.0000   1.0000
   1.0000   1.0000   1.0000
   1.0000   1.0000   1.0000
   1.0000   1.0000   1.0000
   1.0000   1.0000   1.0000
   1.0000   1.0000   1.0000
   1.0000   1.0000   1.0000
   1.0000   1.0000   1.0000
   1.0000   1.0000   1.0000
   1.0000   1.0000   1.0000
   1.0000   1.0000   1.0000
   1.0000   1.0000   1.0000
   1.0000   1.0000   1.0000
   1.0000   1.0000   1.0000
   1.0000   1.0000   1.0000
   1.0000   1.0000   1.0000
   1.0000   1.0000   1.0000
   1.0000   1.0000   1.0000
   1.0000   1.0000   1.0000
   1.0000   1.0000   1.0000
   1.0000   1.0000   1.0000
   1.0000   1.0000   1.0000
   1.0000   1.0000   1.0000
   1.0000   1.0000   1.0000
   1.0000   1.0000   1.0000
   1.0000   1.0000   1.0000
   1.0000   1.0000   1.0000
   1.0000   1.0000   1.0000
   1.0000   1.0000   1.0000
   1.0000   1.0000   1.0000
   1.0000   1.0000   1.0000
   1.0000   1.0000   1.0000
   1.0000   1.0000   1.0000
   1.0000   1.0000   1.0000
   1.0000   1.0000   1.0000
   1.0000   1.0000   1.0000
   1.0000   1.0000   1.0000
   1.0000   1.0000   1.0000
   1.0000   1.0000   1.0000
   1.0000   1.0000   1.0000
   1.0000   1.0000   1.0000
   1.0000   1.0000   1.0000
   1.0000   1.0000   1.0000
   1.0000   1.0000   1.0000
   1.0000   1.0000   1.0000
   1.0000   1.0000   1.0000

applying weight : 1
applying weight : 1
applying weight : 1
Here are the weights in c++ : 
   1.0000   1.0000   1.0000
   1.0000   1.0000   1.0000
   1.0000   1.0000   1.0000
   1.0000   1.0000   1.0000
   1.0000   1.0000   1.0000
   1.0000   1.0000   1.0000
   1.0000   1.0000   1.0000
   1.0000   1.0000   1.0000
   1.0000   1.0000   1.0000
   1.0000   1.0000   1.0000
   1.0000   1.0000   1.0000
   1.0000   1.0000   1.0000
   1.0000   1.0000   1.0000
   1.0000   1.0000   1.0000
   1.0000   1.0000   1.0000
   1.0000   1.0000   1.0000
   1.0000   1.0000   1.0000
   1.0000   1.0000   1.0000
   1.0000   1.0000   1.0000
   1.0000   1.0000   1.0000
   1.0000   1.0000   1.0000
   1.0000   1.0000   1.0000
   1.0000   1.0000   1.0000
   1.0000   1.0000   1.0000
   1.0000   1.0000   1.0000
   1.0000   1.0000   1.0000
   1.0000   1.0000   1.0000
   1.0000   1.0000   1.0000
   1.0000   1.0000   1.0000
   1.0000   1.0000   1.0000
   1.0000   1.0000   1.0000
   1.0000   1.0000   1.0000
   1.0000   1.0000   1.0000
   1.0000   1.0000   1.0000
   1.0000   1.0000   1.0000
   1.0000   1.0000   1.0000
   1.0000   1.0000   1.0000
   1.0000   1.0000   1.0000
   1.0000   1.0000   1.0000
   1.0000   1.0000   1.0000
   1.0000   1.0000   1.0000
   1.0000   1.0000   1.0000
   1.0000   1.0000   1.0000
   1.0000   1.0000   1.0000
   1.0000   1.0000   1.0000
   1.0000   1.0000   1.0000
   1.0000   1.0000   1.0000
   1.0000   1.0000   1.0000
   1.0000   1.0000   1.0000
   1.0000   1.0000   1.0000
   1.0000   1.0000   1.0000
   1.0000   1.0000   1.0000
   1.0000   1.0000   1.0000
   1.0000   1.0000   1.0000
   1.0000   1.0000   1.0000
   1.0000   1.0000   1.0000
   1.0000   1.0000   1.0000

applying weight : 1
applying weight : 1
applying weight : 1
Here are the weights in c++ : 
   1.0000   1.0000   1.0000
   1.0000   1.0000   1.0000
   1.0000   1.0000   1.0000
   1.0000   1.0000   1.0000
   1.0000   1.0000   1.0000
   1.0000   1.0000   1.0000
   1.0000   1.0000   1.0000
   1.0000   1.0000   1.0000
   1.0000   1.0000   1.0000
   1.0000   1.0000   1.0000
   1.0000   1.0000   1.0000
   1.0000   1.0000   1.0000
   1.0000   1.0000   1.0000
   1.0000   1.0000   1.0000
   1.0000   1.0000   1.0000
   1.0000   1.0000   1.0000
   1.0000   1.0000   1.0000
   1.0000   1.0000   1.0000
   1.0000   1.0000   1.0000
   1.0000   1.0000   1.0000
   1.0000   1.0000   1.0000
   1.0000   1.0000   1.0000
   1.0000   1.0000   1.0000
   1.0000   1.0000   1.0000
   1.0000   1.0000   1.0000
   1.0000   1.0000   1.0000
   1.0000   1.0000   1.0000
   1.0000   1.0000   1.0000
   1.0000   1.0000   1.0000
   1.0000   1.0000   1.0000
   1.0000   1.0000   1.0000
   1.0000   1.0000   1.0000
   1.0000   1.0000   1.0000
   1.0000   1.0000   1.0000
   1.0000   1.0000   1.0000
   1.0000   1.0000   1.0000
   1.0000   1.0000   1.0000
   1.0000   1.0000   1.0000
   1.0000   1.0000   1.0000
   1.0000   1.0000   1.0000
   1.0000   1.0000   1.0000
   1.0000   1.0000   1.0000
   1.0000   1.0000   1.0000
   1.0000   1.0000   1.0000
   1.0000   1.0000   1.0000
   1.0000   1.0000   1.0000
   1.0000   1.0000   1.0000
   1.0000   1.0000   1.0000
   1.0000   1.0000   1.0000
   1.0000   1.0000   1.0000
   1.0000   1.0000   1.0000
   1.0000   1.0000   1.0000
   1.0000   1.0000   1.0000
   1.0000   1.0000   1.0000
   1.0000   1.0000   1.0000
   1.0000   1.0000   1.0000
   1.0000   1.0000   1.0000

applying weight : 1
applying weight : 1
applying weight : 1
Here are the weights in c++ : 
   1.0000   1.0000   1.0000
   1.0000   1.0000   1.0000
   1.0000   1.0000   1.0000
   1.0000   1.0000   1.0000
   1.0000   1.0000   1.0000
   1.0000   1.0000   1.0000
   1.0000   1.0000   1.0000
   1.0000   1.0000   1.0000
   1.0000   1.0000   1.0000
   1.0000   1.0000   1.0000
   1.0000   1.0000   1.0000
   1.0000   1.0000   1.0000
   1.0000   1.0000   1.0000
   1.0000   1.0000   1.0000
   1.0000   1.0000   1.0000
   1.0000   1.0000   1.0000
   1.0000   1.0000   1.0000
   1.0000   1.0000   1.0000
   1.0000   1.0000   1.0000
   1.0000   1.0000   1.0000
   1.0000   1.0000   1.0000
   1.0000   1.0000   1.0000
   1.0000   1.0000   1.0000
   1.0000   1.0000   1.0000
   1.0000   1.0000   1.0000
   1.0000   1.0000   1.0000
   1.0000   1.0000   1.0000
   1.0000   1.0000   1.0000
   1.0000   1.0000   1.0000
   1.0000   1.0000   1.0000
   1.0000   1.0000   1.0000
   1.0000   1.0000   1.0000
   1.0000   1.0000   1.0000
   1.0000   1.0000   1.0000
   1.0000   1.0000   1.0000
   1.0000   1.0000   1.0000
   1.0000   1.0000   1.0000
   1.0000   1.0000   1.0000
   1.0000   1.0000   1.0000
   1.0000   1.0000   1.0000
   1.0000   1.0000   1.0000
   1.0000   1.0000   1.0000
   1.0000   1.0000   1.0000
   1.0000   1.0000   1.0000
   1.0000   1.0000   1.0000
   1.0000   1.0000   1.0000
   1.0000   1.0000   1.0000
   1.0000   1.0000   1.0000
   1.0000   1.0000   1.0000
   1.0000   1.0000   1.0000
   1.0000   1.0000   1.0000
   1.0000   1.0000   1.0000
   1.0000   1.0000   1.0000
   1.0000   1.0000   1.0000
   1.0000   1.0000   1.0000
   1.0000   1.0000   1.0000
   1.0000   1.0000   1.0000

applying weight : 1
applying weight : 1
applying weight : 1
Here are the weights in c++ : 
   1.0000   1.0000   1.0000
   1.0000   1.0000   1.0000
   1.0000   1.0000   1.0000
   1.0000   1.0000   1.0000
   1.0000   1.0000   1.0000
   1.0000   1.0000   1.0000
   1.0000   1.0000   1.0000
   1.0000   1.0000   1.0000
   1.0000   1.0000   1.0000
   1.0000   1.0000   1.0000
   1.0000   1.0000   1.0000
   1.0000   1.0000   1.0000
   1.0000   1.0000   1.0000
   1.0000   1.0000   1.0000
   1.0000   1.0000   1.0000
   1.0000   1.0000   1.0000
   1.0000   1.0000   1.0000
   1.0000   1.0000   1.0000
   1.0000   1.0000   1.0000
   1.0000   1.0000   1.0000
   1.0000   1.0000   1.0000
   1.0000   1.0000   1.0000
   1.0000   1.0000   1.0000
   1.0000   1.0000   1.0000
   1.0000   1.0000   1.0000
   1.0000   1.0000   1.0000
   1.0000   1.0000   1.0000
   1.0000   1.0000   1.0000
   1.0000   1.0000   1.0000
   1.0000   1.0000   1.0000
   1.0000   1.0000   1.0000
   1.0000   1.0000   1.0000
   1.0000   1.0000   1.0000
   1.0000   1.0000   1.0000
   1.0000   1.0000   1.0000
   1.0000   1.0000   1.0000
   1.0000   1.0000   1.0000
   1.0000   1.0000   1.0000
   1.0000   1.0000   1.0000
   1.0000   1.0000   1.0000
   1.0000   1.0000   1.0000
   1.0000   1.0000   1.0000
   1.0000   1.0000   1.0000
   1.0000   1.0000   1.0000
   1.0000   1.0000   1.0000
   1.0000   1.0000   1.0000
   1.0000   1.0000   1.0000
   1.0000   1.0000   1.0000
   1.0000   1.0000   1.0000
   1.0000   1.0000   1.0000
   1.0000   1.0000   1.0000
   1.0000   1.0000   1.0000
   1.0000   1.0000   1.0000
   1.0000   1.0000   1.0000
   1.0000   1.0000   1.0000
   1.0000   1.0000   1.0000
   1.0000   1.0000   1.0000

applying weight : 1
applying weight : 1
applying weight : 1
Here are the weights in c++ : 
   1.0000   1.0000   1.0000
   1.0000   1.0000   1.0000
   1.0000   1.0000   1.0000
   1.0000   1.0000   1.0000
   1.0000   1.0000   1.0000
   1.0000   1.0000   1.0000
   1.0000   1.0000   1.0000
   1.0000   1.0000   1.0000
   1.0000   1.0000   1.0000
   1.0000   1.0000   1.0000
   1.0000   1.0000   1.0000
   1.0000   1.0000   1.0000
   1.0000   1.0000   1.0000
   1.0000   1.0000   1.0000
   1.0000   1.0000   1.0000
   1.0000   1.0000   1.0000
   1.0000   1.0000   1.0000
   1.0000   1.0000   1.0000
   1.0000   1.0000   1.0000
   1.0000   1.0000   1.0000
   1.0000   1.0000   1.0000
   1.0000   1.0000   1.0000
   1.0000   1.0000   1.0000
   1.0000   1.0000   1.0000
   1.0000   1.0000   1.0000
   1.0000   1.0000   1.0000
   1.0000   1.0000   1.0000
   1.0000   1.0000   1.0000
   1.0000   1.0000   1.0000
   1.0000   1.0000   1.0000
   1.0000   1.0000   1.0000
   1.0000   1.0000   1.0000
   1.0000   1.0000   1.0000
   1.0000   1.0000   1.0000
   1.0000   1.0000   1.0000
   1.0000   1.0000   1.0000
   1.0000   1.0000   1.0000
   1.0000   1.0000   1.0000
   1.0000   1.0000   1.0000
   1.0000   1.0000   1.0000
   1.0000   1.0000   1.0000
   1.0000   1.0000   1.0000
   1.0000   1.0000   1.0000
   1.0000   1.0000   1.0000
   1.0000   1.0000   1.0000
   1.0000   1.0000   1.0000
   1.0000   1.0000   1.0000
   1.0000   1.0000   1.0000
   1.0000   1.0000   1.0000
   1.0000   1.0000   1.0000
   1.0000   1.0000   1.0000
   1.0000   1.0000   1.0000
   1.0000   1.0000   1.0000
   1.0000   1.0000   1.0000
   1.0000   1.0000   1.0000
   1.0000   1.0000   1.0000
   1.0000   1.0000   1.0000

applying weight : 1
applying weight : 1
applying weight : 1
Here are the weights in c++ : 
   1.0000   1.0000   1.0000
   1.0000   1.0000   1.0000
   1.0000   1.0000   1.0000
   1.0000   1.0000   1.0000
   1.0000   1.0000   1.0000
   1.0000   1.0000   1.0000
   1.0000   1.0000   1.0000
   1.0000   1.0000   1.0000
   1.0000   1.0000   1.0000
   1.0000   1.0000   1.0000
   1.0000   1.0000   1.0000
   1.0000   1.0000   1.0000
   1.0000   1.0000   1.0000
   1.0000   1.0000   1.0000
   1.0000   1.0000   1.0000
   1.0000   1.0000   1.0000
   1.0000   1.0000   1.0000
   1.0000   1.0000   1.0000
   1.0000   1.0000   1.0000
   1.0000   1.0000   1.0000
   1.0000   1.0000   1.0000
   1.0000   1.0000   1.0000
   1.0000   1.0000   1.0000
   1.0000   1.0000   1.0000
   1.0000   1.0000   1.0000
   1.0000   1.0000   1.0000
   1.0000   1.0000   1.0000
   1.0000   1.0000   1.0000
   1.0000   1.0000   1.0000
   1.0000   1.0000   1.0000
   1.0000   1.0000   1.0000
   1.0000   1.0000   1.0000
   1.0000   1.0000   1.0000
   1.0000   1.0000   1.0000
   1.0000   1.0000   1.0000
   1.0000   1.0000   1.0000
   1.0000   1.0000   1.0000
   1.0000   1.0000   1.0000
   1.0000   1.0000   1.0000
   1.0000   1.0000   1.0000
   1.0000   1.0000   1.0000
   1.0000   1.0000   1.0000
   1.0000   1.0000   1.0000
   1.0000   1.0000   1.0000
   1.0000   1.0000   1.0000
   1.0000   1.0000   1.0000
   1.0000   1.0000   1.0000
   1.0000   1.0000   1.0000
   1.0000   1.0000   1.0000
   1.0000   1.0000   1.0000
   1.0000   1.0000   1.0000
   1.0000   1.0000   1.0000
   1.0000   1.0000   1.0000
   1.0000   1.0000   1.0000
   1.0000   1.0000   1.0000
   1.0000   1.0000   1.0000
   1.0000   1.0000   1.0000

applying weight : 1
applying weight : 1
applying weight : 1
Here are the weights in c++ : 
   1.0000   1.0000   1.0000
   1.0000   1.0000   1.0000
   1.0000   1.0000   1.0000
   1.0000   1.0000   1.0000
   1.0000   1.0000   1.0000
   1.0000   1.0000   1.0000
   1.0000   1.0000   1.0000
   1.0000   1.0000   1.0000
   1.0000   1.0000   1.0000
   1.0000   1.0000   1.0000
   1.0000   1.0000   1.0000
   1.0000   1.0000   1.0000
   1.0000   1.0000   1.0000
   1.0000   1.0000   1.0000
   1.0000   1.0000   1.0000
   1.0000   1.0000   1.0000
   1.0000   1.0000   1.0000
   1.0000   1.0000   1.0000
   1.0000   1.0000   1.0000
   1.0000   1.0000   1.0000
   1.0000   1.0000   1.0000
   1.0000   1.0000   1.0000
   1.0000   1.0000   1.0000
   1.0000   1.0000   1.0000
   1.0000   1.0000   1.0000
   1.0000   1.0000   1.0000
   1.0000   1.0000   1.0000
   1.0000   1.0000   1.0000
   1.0000   1.0000   1.0000
   1.0000   1.0000   1.0000
   1.0000   1.0000   1.0000
   1.0000   1.0000   1.0000
   1.0000   1.0000   1.0000
   1.0000   1.0000   1.0000
   1.0000   1.0000   1.0000
   1.0000   1.0000   1.0000
   1.0000   1.0000   1.0000
   1.0000   1.0000   1.0000
   1.0000   1.0000   1.0000
   1.0000   1.0000   1.0000
   1.0000   1.0000   1.0000
   1.0000   1.0000   1.0000
   1.0000   1.0000   1.0000
   1.0000   1.0000   1.0000
   1.0000   1.0000   1.0000
   1.0000   1.0000   1.0000
   1.0000   1.0000   1.0000
   1.0000   1.0000   1.0000
   1.0000   1.0000   1.0000
   1.0000   1.0000   1.0000
   1.0000   1.0000   1.0000
   1.0000   1.0000   1.0000
   1.0000   1.0000   1.0000
   1.0000   1.0000   1.0000
   1.0000   1.0000   1.0000
   1.0000   1.0000   1.0000
   1.0000   1.0000   1.0000

applying weight : 1
applying weight : 1
applying weight : 1
Here are the weights in c++ : 
   1.0000   1.0000   1.0000
   1.0000   1.0000   1.0000
   1.0000   1.0000   1.0000
   1.0000   1.0000   1.0000
   1.0000   1.0000   1.0000
   1.0000   1.0000   1.0000
   1.0000   1.0000   1.0000
   1.0000   1.0000   1.0000
   1.0000   1.0000   1.0000
   1.0000   1.0000   1.0000
   1.0000   1.0000   1.0000
   1.0000   1.0000   1.0000
   1.0000   1.0000   1.0000
   1.0000   1.0000   1.0000
   1.0000   1.0000   1.0000
   1.0000   1.0000   1.0000
   1.0000   1.0000   1.0000
   1.0000   1.0000   1.0000
   1.0000   1.0000   1.0000
   1.0000   1.0000   1.0000
   1.0000   1.0000   1.0000
   1.0000   1.0000   1.0000
   1.0000   1.0000   1.0000
   1.0000   1.0000   1.0000
   1.0000   1.0000   1.0000
   1.0000   1.0000   1.0000
   1.0000   1.0000   1.0000
   1.0000   1.0000   1.0000
   1.0000   1.0000   1.0000
   1.0000   1.0000   1.0000
   1.0000   1.0000   1.0000
   1.0000   1.0000   1.0000
   1.0000   1.0000   1.0000
   1.0000   1.0000   1.0000
   1.0000   1.0000   1.0000
   1.0000   1.0000   1.0000
   1.0000   1.0000   1.0000
   1.0000   1.0000   1.0000
   1.0000   1.0000   1.0000
   1.0000   1.0000   1.0000
   1.0000   1.0000   1.0000
   1.0000   1.0000   1.0000
   1.0000   1.0000   1.0000
   1.0000   1.0000   1.0000
   1.0000   1.0000   1.0000
   1.0000   1.0000   1.0000
   1.0000   1.0000   1.0000
   1.0000   1.0000   1.0000
   1.0000   1.0000   1.0000
   1.0000   1.0000   1.0000
   1.0000   1.0000   1.0000
   1.0000   1.0000   1.0000
   1.0000   1.0000   1.0000
   1.0000   1.0000   1.0000
   1.0000   1.0000   1.0000
   1.0000   1.0000   1.0000
   1.0000   1.0000   1.0000

applying weight : 1
applying weight : 1
applying weight : 1
Here are the weights in c++ : 
   1.0000   1.0000   1.0000
   1.0000   1.0000   1.0000
   1.0000   1.0000   1.0000
   1.0000   1.0000   1.0000
   1.0000   1.0000   1.0000
   1.0000   1.0000   1.0000
   1.0000   1.0000   1.0000
   1.0000   1.0000   1.0000
   1.0000   1.0000   1.0000
   1.0000   1.0000   1.0000
   1.0000   1.0000   1.0000
   1.0000   1.0000   1.0000
   1.0000   1.0000   1.0000
   1.0000   1.0000   1.0000
   1.0000   1.0000   1.0000
   1.0000   1.0000   1.0000
   1.0000   1.0000   1.0000
   1.0000   1.0000   1.0000
   1.0000   1.0000   1.0000
   1.0000   1.0000   1.0000
   1.0000   1.0000   1.0000
   1.0000   1.0000   1.0000
   1.0000   1.0000   1.0000
   1.0000   1.0000   1.0000
   1.0000   1.0000   1.0000
   1.0000   1.0000   1.0000
   1.0000   1.0000   1.0000
   1.0000   1.0000   1.0000
   1.0000   1.0000   1.0000
   1.0000   1.0000   1.0000
   1.0000   1.0000   1.0000
   1.0000   1.0000   1.0000
   1.0000   1.0000   1.0000
   1.0000   1.0000   1.0000
   1.0000   1.0000   1.0000
   1.0000   1.0000   1.0000
   1.0000   1.0000   1.0000
   1.0000   1.0000   1.0000
   1.0000   1.0000   1.0000
   1.0000   1.0000   1.0000
   1.0000   1.0000   1.0000
   1.0000   1.0000   1.0000
   1.0000   1.0000   1.0000
   1.0000   1.0000   1.0000
   1.0000   1.0000   1.0000
   1.0000   1.0000   1.0000
   1.0000   1.0000   1.0000
   1.0000   1.0000   1.0000
   1.0000   1.0000   1.0000
   1.0000   1.0000   1.0000
   1.0000   1.0000   1.0000
   1.0000   1.0000   1.0000
   1.0000   1.0000   1.0000
   1.0000   1.0000   1.0000
   1.0000   1.0000   1.0000
   1.0000   1.0000   1.0000
   1.0000   1.0000   1.0000

applying weight : 1
applying weight : 1
applying weight : 1
Here are the weights in c++ : 
   1.0000   1.0000   1.0000
   1.0000   1.0000   1.0000
   1.0000   1.0000   1.0000
   1.0000   1.0000   1.0000
   1.0000   1.0000   1.0000
   1.0000   1.0000   1.0000
   1.0000   1.0000   1.0000
   1.0000   1.0000   1.0000
   1.0000   1.0000   1.0000
   1.0000   1.0000   1.0000
   1.0000   1.0000   1.0000
   1.0000   1.0000   1.0000
   1.0000   1.0000   1.0000
   1.0000   1.0000   1.0000
   1.0000   1.0000   1.0000
   1.0000   1.0000   1.0000
   1.0000   1.0000   1.0000
   1.0000   1.0000   1.0000
   1.0000   1.0000   1.0000
   1.0000   1.0000   1.0000
   1.0000   1.0000   1.0000
   1.0000   1.0000   1.0000
   1.0000   1.0000   1.0000
   1.0000   1.0000   1.0000
   1.0000   1.0000   1.0000
   1.0000   1.0000   1.0000
   1.0000   1.0000   1.0000
   1.0000   1.0000   1.0000
   1.0000   1.0000   1.0000
   1.0000   1.0000   1.0000
   1.0000   1.0000   1.0000
   1.0000   1.0000   1.0000
   1.0000   1.0000   1.0000
   1.0000   1.0000   1.0000
   1.0000   1.0000   1.0000
   1.0000   1.0000   1.0000
   1.0000   1.0000   1.0000
   1.0000   1.0000   1.0000
   1.0000   1.0000   1.0000
   1.0000   1.0000   1.0000
   1.0000   1.0000   1.0000
   1.0000   1.0000   1.0000
   1.0000   1.0000   1.0000
   1.0000   1.0000   1.0000
   1.0000   1.0000   1.0000
   1.0000   1.0000   1.0000
   1.0000   1.0000   1.0000
   1.0000   1.0000   1.0000
   1.0000   1.0000   1.0000
   1.0000   1.0000   1.0000
   1.0000   1.0000   1.0000
   1.0000   1.0000   1.0000
   1.0000   1.0000   1.0000
   1.0000   1.0000   1.0000
   1.0000   1.0000   1.0000
   1.0000   1.0000   1.0000
   1.0000   1.0000   1.0000

applying weight : 1
applying weight : 1
applying weight : 1
Here are the weights in c++ : 
   1.0000   1.0000   1.0000
   1.0000   1.0000   1.0000
   1.0000   1.0000   1.0000
   1.0000   1.0000   1.0000
   1.0000   1.0000   1.0000
   1.0000   1.0000   1.0000
   1.0000   1.0000   1.0000
   1.0000   1.0000   1.0000
   1.0000   1.0000   1.0000
   1.0000   1.0000   1.0000
   1.0000   1.0000   1.0000
   1.0000   1.0000   1.0000
   1.0000   1.0000   1.0000
   1.0000   1.0000   1.0000
   1.0000   1.0000   1.0000
   1.0000   1.0000   1.0000
   1.0000   1.0000   1.0000
   1.0000   1.0000   1.0000
   1.0000   1.0000   1.0000
   1.0000   1.0000   1.0000
   1.0000   1.0000   1.0000
   1.0000   1.0000   1.0000
   1.0000   1.0000   1.0000
   1.0000   1.0000   1.0000
   1.0000   1.0000   1.0000
   1.0000   1.0000   1.0000
   1.0000   1.0000   1.0000
   1.0000   1.0000   1.0000
   1.0000   1.0000   1.0000
   1.0000   1.0000   1.0000
   1.0000   1.0000   1.0000
   1.0000   1.0000   1.0000
   1.0000   1.0000   1.0000
   1.0000   1.0000   1.0000
   1.0000   1.0000   1.0000
   1.0000   1.0000   1.0000
   1.0000   1.0000   1.0000
   1.0000   1.0000   1.0000
   1.0000   1.0000   1.0000
   1.0000   1.0000   1.0000
   1.0000   1.0000   1.0000
   1.0000   1.0000   1.0000
   1.0000   1.0000   1.0000
   1.0000   1.0000   1.0000
   1.0000   1.0000   1.0000
   1.0000   1.0000   1.0000
   1.0000   1.0000   1.0000
   1.0000   1.0000   1.0000
   1.0000   1.0000   1.0000
   1.0000   1.0000   1.0000
   1.0000   1.0000   1.0000
   1.0000   1.0000   1.0000
   1.0000   1.0000   1.0000
   1.0000   1.0000   1.0000
   1.0000   1.0000   1.0000
   1.0000   1.0000   1.0000
   1.0000   1.0000   1.0000

applying weight : 1
applying weight : 1
applying weight : 1
Here are the weights in c++ : 
   1.0000   1.0000   1.0000
   1.0000   1.0000   1.0000
   1.0000   1.0000   1.0000
   1.0000   1.0000   1.0000
   1.0000   1.0000   1.0000
   1.0000   1.0000   1.0000
   1.0000   1.0000   1.0000
   1.0000   1.0000   1.0000
   1.0000   1.0000   1.0000
   1.0000   1.0000   1.0000
   1.0000   1.0000   1.0000
   1.0000   1.0000   1.0000
   1.0000   1.0000   1.0000
   1.0000   1.0000   1.0000
   1.0000   1.0000   1.0000
   1.0000   1.0000   1.0000
   1.0000   1.0000   1.0000
   1.0000   1.0000   1.0000
   1.0000   1.0000   1.0000
   1.0000   1.0000   1.0000
   1.0000   1.0000   1.0000
   1.0000   1.0000   1.0000
   1.0000   1.0000   1.0000
   1.0000   1.0000   1.0000
   1.0000   1.0000   1.0000
   1.0000   1.0000   1.0000
   1.0000   1.0000   1.0000
   1.0000   1.0000   1.0000
   1.0000   1.0000   1.0000
   1.0000   1.0000   1.0000
   1.0000   1.0000   1.0000
   1.0000   1.0000   1.0000
   1.0000   1.0000   1.0000
   1.0000   1.0000   1.0000
   1.0000   1.0000   1.0000
   1.0000   1.0000   1.0000
   1.0000   1.0000   1.0000
   1.0000   1.0000   1.0000
   1.0000   1.0000   1.0000
   1.0000   1.0000   1.0000
   1.0000   1.0000   1.0000
   1.0000   1.0000   1.0000
   1.0000   1.0000   1.0000
   1.0000   1.0000   1.0000
   1.0000   1.0000   1.0000
   1.0000   1.0000   1.0000
   1.0000   1.0000   1.0000
   1.0000   1.0000   1.0000
   1.0000   1.0000   1.0000
   1.0000   1.0000   1.0000
   1.0000   1.0000   1.0000
   1.0000   1.0000   1.0000
   1.0000   1.0000   1.0000
   1.0000   1.0000   1.0000
   1.0000   1.0000   1.0000
   1.0000   1.0000   1.0000
   1.0000   1.0000   1.0000

applying weight : 1
applying weight : 1
applying weight : 1
Here are the weights in c++ : 
   1.0000   1.0000   1.0000
   1.0000   1.0000   1.0000
   1.0000   1.0000   1.0000
   1.0000   1.0000   1.0000
   1.0000   1.0000   1.0000
   1.0000   1.0000   1.0000
   1.0000   1.0000   1.0000
   1.0000   1.0000   1.0000
   1.0000   1.0000   1.0000
   1.0000   1.0000   1.0000
   1.0000   1.0000   1.0000
   1.0000   1.0000   1.0000
   1.0000   1.0000   1.0000
   1.0000   1.0000   1.0000
   1.0000   1.0000   1.0000
   1.0000   1.0000   1.0000
   1.0000   1.0000   1.0000
   1.0000   1.0000   1.0000
   1.0000   1.0000   1.0000
   1.0000   1.0000   1.0000
   1.0000   1.0000   1.0000
   1.0000   1.0000   1.0000
   1.0000   1.0000   1.0000
   1.0000   1.0000   1.0000
   1.0000   1.0000   1.0000
   1.0000   1.0000   1.0000
   1.0000   1.0000   1.0000
   1.0000   1.0000   1.0000
   1.0000   1.0000   1.0000
   1.0000   1.0000   1.0000
   1.0000   1.0000   1.0000
   1.0000   1.0000   1.0000
   1.0000   1.0000   1.0000
   1.0000   1.0000   1.0000
   1.0000   1.0000   1.0000
   1.0000   1.0000   1.0000
   1.0000   1.0000   1.0000
   1.0000   1.0000   1.0000
   1.0000   1.0000   1.0000
   1.0000   1.0000   1.0000
   1.0000   1.0000   1.0000
   1.0000   1.0000   1.0000
   1.0000   1.0000   1.0000
   1.0000   1.0000   1.0000
   1.0000   1.0000   1.0000
   1.0000   1.0000   1.0000
   1.0000   1.0000   1.0000
   1.0000   1.0000   1.0000
   1.0000   1.0000   1.0000
   1.0000   1.0000   1.0000
   1.0000   1.0000   1.0000
   1.0000   1.0000   1.0000
   1.0000   1.0000   1.0000
   1.0000   1.0000   1.0000
   1.0000   1.0000   1.0000
   1.0000   1.0000   1.0000
   1.0000   1.0000   1.0000

applying weight : 1
applying weight : 1
applying weight : 1
Here are the weights in c++ : 
   1.0000   1.0000   1.0000
   1.0000   1.0000   1.0000
   1.0000   1.0000   1.0000
   1.0000   1.0000   1.0000
   1.0000   1.0000   1.0000
   1.0000   1.0000   1.0000
   1.0000   1.0000   1.0000
   1.0000   1.0000   1.0000
   1.0000   1.0000   1.0000
   1.0000   1.0000   1.0000
   1.0000   1.0000   1.0000
   1.0000   1.0000   1.0000
   1.0000   1.0000   1.0000
   1.0000   1.0000   1.0000
   1.0000   1.0000   1.0000
   1.0000   1.0000   1.0000
   1.0000   1.0000   1.0000
   1.0000   1.0000   1.0000
   1.0000   1.0000   1.0000
   1.0000   1.0000   1.0000
   1.0000   1.0000   1.0000
   1.0000   1.0000   1.0000
   1.0000   1.0000   1.0000
   1.0000   1.0000   1.0000
   1.0000   1.0000   1.0000
   1.0000   1.0000   1.0000
   1.0000   1.0000   1.0000
   1.0000   1.0000   1.0000
   1.0000   1.0000   1.0000
   1.0000   1.0000   1.0000
   1.0000   1.0000   1.0000
   1.0000   1.0000   1.0000
   1.0000   1.0000   1.0000
   1.0000   1.0000   1.0000
   1.0000   1.0000   1.0000
   1.0000   1.0000   1.0000
   1.0000   1.0000   1.0000
   1.0000   1.0000   1.0000
   1.0000   1.0000   1.0000
   1.0000   1.0000   1.0000
   1.0000   1.0000   1.0000
   1.0000   1.0000   1.0000
   1.0000   1.0000   1.0000
   1.0000   1.0000   1.0000
   1.0000   1.0000   1.0000
   1.0000   1.0000   1.0000
   1.0000   1.0000   1.0000
   1.0000   1.0000   1.0000
   1.0000   1.0000   1.0000
   1.0000   1.0000   1.0000
   1.0000   1.0000   1.0000
   1.0000   1.0000   1.0000
   1.0000   1.0000   1.0000
   1.0000   1.0000   1.0000
   1.0000   1.0000   1.0000
   1.0000   1.0000   1.0000
   1.0000   1.0000   1.0000

applying weight : 1
applying weight : 1
applying weight : 1
Here are the weights in c++ : 
   1.0000   1.0000   1.0000
   1.0000   1.0000   1.0000
   1.0000   1.0000   1.0000
   1.0000   1.0000   1.0000
   1.0000   1.0000   1.0000
   1.0000   1.0000   1.0000
   1.0000   1.0000   1.0000
   1.0000   1.0000   1.0000
   1.0000   1.0000   1.0000
   1.0000   1.0000   1.0000
   1.0000   1.0000   1.0000
   1.0000   1.0000   1.0000
   1.0000   1.0000   1.0000
   1.0000   1.0000   1.0000
   1.0000   1.0000   1.0000
   1.0000   1.0000   1.0000
   1.0000   1.0000   1.0000
   1.0000   1.0000   1.0000
   1.0000   1.0000   1.0000
   1.0000   1.0000   1.0000
   1.0000   1.0000   1.0000
   1.0000   1.0000   1.0000
   1.0000   1.0000   1.0000
   1.0000   1.0000   1.0000
   1.0000   1.0000   1.0000
   1.0000   1.0000   1.0000
   1.0000   1.0000   1.0000
   1.0000   1.0000   1.0000
   1.0000   1.0000   1.0000
   1.0000   1.0000   1.0000
   1.0000   1.0000   1.0000
   1.0000   1.0000   1.0000
   1.0000   1.0000   1.0000
   1.0000   1.0000   1.0000
   1.0000   1.0000   1.0000
   1.0000   1.0000   1.0000
   1.0000   1.0000   1.0000
   1.0000   1.0000   1.0000
   1.0000   1.0000   1.0000
   1.0000   1.0000   1.0000
   1.0000   1.0000   1.0000
   1.0000   1.0000   1.0000
   1.0000   1.0000   1.0000
   1.0000   1.0000   1.0000
   1.0000   1.0000   1.0000
   1.0000   1.0000   1.0000
   1.0000   1.0000   1.0000
   1.0000   1.0000   1.0000
   1.0000   1.0000   1.0000
   1.0000   1.0000   1.0000
   1.0000   1.0000   1.0000
   1.0000   1.0000   1.0000
   1.0000   1.0000   1.0000
   1.0000   1.0000   1.0000
   1.0000   1.0000   1.0000
   1.0000   1.0000   1.0000
   1.0000   1.0000   1.0000

applying weight : 1
applying weight : 1
applying weight : 1
Here are the weights in c++ : 
   1.0000   1.0000   1.0000
   1.0000   1.0000   1.0000
   1.0000   1.0000   1.0000
   1.0000   1.0000   1.0000
   1.0000   1.0000   1.0000
   1.0000   1.0000   1.0000
   1.0000   1.0000   1.0000
   1.0000   1.0000   1.0000
   1.0000   1.0000   1.0000
   1.0000   1.0000   1.0000
   1.0000   1.0000   1.0000
   1.0000   1.0000   1.0000
   1.0000   1.0000   1.0000
   1.0000   1.0000   1.0000
   1.0000   1.0000   1.0000
   1.0000   1.0000   1.0000
   1.0000   1.0000   1.0000
   1.0000   1.0000   1.0000
   1.0000   1.0000   1.0000
   1.0000   1.0000   1.0000
   1.0000   1.0000   1.0000
   1.0000   1.0000   1.0000
   1.0000   1.0000   1.0000
   1.0000   1.0000   1.0000
   1.0000   1.0000   1.0000
   1.0000   1.0000   1.0000
   1.0000   1.0000   1.0000
   1.0000   1.0000   1.0000
   1.0000   1.0000   1.0000
   1.0000   1.0000   1.0000
   1.0000   1.0000   1.0000
   1.0000   1.0000   1.0000
   1.0000   1.0000   1.0000
   1.0000   1.0000   1.0000
   1.0000   1.0000   1.0000
   1.0000   1.0000   1.0000
   1.0000   1.0000   1.0000
   1.0000   1.0000   1.0000
   1.0000   1.0000   1.0000
   1.0000   1.0000   1.0000
   1.0000   1.0000   1.0000
   1.0000   1.0000   1.0000
   1.0000   1.0000   1.0000
   1.0000   1.0000   1.0000
   1.0000   1.0000   1.0000
   1.0000   1.0000   1.0000
   1.0000   1.0000   1.0000
   1.0000   1.0000   1.0000
   1.0000   1.0000   1.0000
   1.0000   1.0000   1.0000
   1.0000   1.0000   1.0000
   1.0000   1.0000   1.0000
   1.0000   1.0000   1.0000
   1.0000   1.0000   1.0000
   1.0000   1.0000   1.0000
   1.0000   1.0000   1.0000
   1.0000   1.0000   1.0000

applying weight : 1
applying weight : 1
applying weight : 1
Here are the weights in c++ : 
   1.0000   1.0000   1.0000
   1.0000   1.0000   1.0000
   1.0000   1.0000   1.0000
   1.0000   1.0000   1.0000
   1.0000   1.0000   1.0000
   1.0000   1.0000   1.0000
   1.0000   1.0000   1.0000
   1.0000   1.0000   1.0000
   1.0000   1.0000   1.0000
   1.0000   1.0000   1.0000
   1.0000   1.0000   1.0000
   1.0000   1.0000   1.0000
   1.0000   1.0000   1.0000
   1.0000   1.0000   1.0000
   1.0000   1.0000   1.0000
   1.0000   1.0000   1.0000
   1.0000   1.0000   1.0000
   1.0000   1.0000   1.0000
   1.0000   1.0000   1.0000
   1.0000   1.0000   1.0000
   1.0000   1.0000   1.0000
   1.0000   1.0000   1.0000
   1.0000   1.0000   1.0000
   1.0000   1.0000   1.0000
   1.0000   1.0000   1.0000
   1.0000   1.0000   1.0000
   1.0000   1.0000   1.0000
   1.0000   1.0000   1.0000
   1.0000   1.0000   1.0000
   1.0000   1.0000   1.0000
   1.0000   1.0000   1.0000
   1.0000   1.0000   1.0000
   1.0000   1.0000   1.0000
   1.0000   1.0000   1.0000
   1.0000   1.0000   1.0000
   1.0000   1.0000   1.0000
   1.0000   1.0000   1.0000
   1.0000   1.0000   1.0000
   1.0000   1.0000   1.0000
   1.0000   1.0000   1.0000
   1.0000   1.0000   1.0000
   1.0000   1.0000   1.0000
   1.0000   1.0000   1.0000
   1.0000   1.0000   1.0000
   1.0000   1.0000   1.0000
   1.0000   1.0000   1.0000
   1.0000   1.0000   1.0000
   1.0000   1.0000   1.0000
   1.0000   1.0000   1.0000
   1.0000   1.0000   1.0000
   1.0000   1.0000   1.0000
   1.0000   1.0000   1.0000
   1.0000   1.0000   1.0000
   1.0000   1.0000   1.0000
   1.0000   1.0000   1.0000
   1.0000   1.0000   1.0000
   1.0000   1.0000   1.0000

applying weight : 1
applying weight : 1
applying weight : 1
Here are the weights in c++ : 
   1.0000   1.0000   1.0000
   1.0000   1.0000   1.0000
   1.0000   1.0000   1.0000
   1.0000   1.0000   1.0000
   1.0000   1.0000   1.0000
   1.0000   1.0000   1.0000
   1.0000   1.0000   1.0000
   1.0000   1.0000   1.0000
   1.0000   1.0000   1.0000
   1.0000   1.0000   1.0000
   1.0000   1.0000   1.0000
   1.0000   1.0000   1.0000
   1.0000   1.0000   1.0000
   1.0000   1.0000   1.0000
   1.0000   1.0000   1.0000
   1.0000   1.0000   1.0000
   1.0000   1.0000   1.0000
   1.0000   1.0000   1.0000
   1.0000   1.0000   1.0000
   1.0000   1.0000   1.0000
   1.0000   1.0000   1.0000
   1.0000   1.0000   1.0000
   1.0000   1.0000   1.0000
   1.0000   1.0000   1.0000
   1.0000   1.0000   1.0000
   1.0000   1.0000   1.0000
   1.0000   1.0000   1.0000
   1.0000   1.0000   1.0000
   1.0000   1.0000   1.0000
   1.0000   1.0000   1.0000
   1.0000   1.0000   1.0000
   1.0000   1.0000   1.0000
   1.0000   1.0000   1.0000
   1.0000   1.0000   1.0000
   1.0000   1.0000   1.0000
   1.0000   1.0000   1.0000
   1.0000   1.0000   1.0000
   1.0000   1.0000   1.0000
   1.0000   1.0000   1.0000
   1.0000   1.0000   1.0000
   1.0000   1.0000   1.0000
   1.0000   1.0000   1.0000
   1.0000   1.0000   1.0000
   1.0000   1.0000   1.0000
   1.0000   1.0000   1.0000
   1.0000   1.0000   1.0000
   1.0000   1.0000   1.0000
   1.0000   1.0000   1.0000
   1.0000   1.0000   1.0000
   1.0000   1.0000   1.0000
   1.0000   1.0000   1.0000
   1.0000   1.0000   1.0000
   1.0000   1.0000   1.0000
   1.0000   1.0000   1.0000
   1.0000   1.0000   1.0000
   1.0000   1.0000   1.0000
   1.0000   1.0000   1.0000

applying weight : 1
applying weight : 1
applying weight : 1
Here are the weights in c++ : 
   1.0000   1.0000   1.0000
   1.0000   1.0000   1.0000
   1.0000   1.0000   1.0000
   1.0000   1.0000   1.0000
   1.0000   1.0000   1.0000
   1.0000   1.0000   1.0000
   1.0000   1.0000   1.0000
   1.0000   1.0000   1.0000
   1.0000   1.0000   1.0000
   1.0000   1.0000   1.0000
   1.0000   1.0000   1.0000
   1.0000   1.0000   1.0000
   1.0000   1.0000   1.0000
   1.0000   1.0000   1.0000
   1.0000   1.0000   1.0000
   1.0000   1.0000   1.0000
   1.0000   1.0000   1.0000
   1.0000   1.0000   1.0000
   1.0000   1.0000   1.0000
   1.0000   1.0000   1.0000
   1.0000   1.0000   1.0000
   1.0000   1.0000   1.0000
   1.0000   1.0000   1.0000
   1.0000   1.0000   1.0000
   1.0000   1.0000   1.0000
   1.0000   1.0000   1.0000
   1.0000   1.0000   1.0000
   1.0000   1.0000   1.0000
   1.0000   1.0000   1.0000
   1.0000   1.0000   1.0000
   1.0000   1.0000   1.0000
   1.0000   1.0000   1.0000
   1.0000   1.0000   1.0000
   1.0000   1.0000   1.0000
   1.0000   1.0000   1.0000
   1.0000   1.0000   1.0000
   1.0000   1.0000   1.0000
   1.0000   1.0000   1.0000
   1.0000   1.0000   1.0000
   1.0000   1.0000   1.0000
   1.0000   1.0000   1.0000
   1.0000   1.0000   1.0000
   1.0000   1.0000   1.0000
   1.0000   1.0000   1.0000
   1.0000   1.0000   1.0000
   1.0000   1.0000   1.0000
   1.0000   1.0000   1.0000
   1.0000   1.0000   1.0000
   1.0000   1.0000   1.0000
   1.0000   1.0000   1.0000
   1.0000   1.0000   1.0000
   1.0000   1.0000   1.0000
   1.0000   1.0000   1.0000
   1.0000   1.0000   1.0000
   1.0000   1.0000   1.0000
   1.0000   1.0000   1.0000
   1.0000   1.0000   1.0000

applying weight : 1
applying weight : 1
applying weight : 1
Here are the weights in c++ : 
   1.0000   1.0000   1.0000
   1.0000   1.0000   1.0000
   1.0000   1.0000   1.0000
   1.0000   1.0000   1.0000
   1.0000   1.0000   1.0000
   1.0000   1.0000   1.0000
   1.0000   1.0000   1.0000
   1.0000   1.0000   1.0000
   1.0000   1.0000   1.0000
   1.0000   1.0000   1.0000
   1.0000   1.0000   1.0000
   1.0000   1.0000   1.0000
   1.0000   1.0000   1.0000
   1.0000   1.0000   1.0000
   1.0000   1.0000   1.0000
   1.0000   1.0000   1.0000
   1.0000   1.0000   1.0000
   1.0000   1.0000   1.0000
   1.0000   1.0000   1.0000
   1.0000   1.0000   1.0000
   1.0000   1.0000   1.0000
   1.0000   1.0000   1.0000
   1.0000   1.0000   1.0000
   1.0000   1.0000   1.0000
   1.0000   1.0000   1.0000
   1.0000   1.0000   1.0000
   1.0000   1.0000   1.0000
   1.0000   1.0000   1.0000
   1.0000   1.0000   1.0000
   1.0000   1.0000   1.0000
   1.0000   1.0000   1.0000
   1.0000   1.0000   1.0000
   1.0000   1.0000   1.0000
   1.0000   1.0000   1.0000
   1.0000   1.0000   1.0000
   1.0000   1.0000   1.0000
   1.0000   1.0000   1.0000
   1.0000   1.0000   1.0000
   1.0000   1.0000   1.0000
   1.0000   1.0000   1.0000
   1.0000   1.0000   1.0000
   1.0000   1.0000   1.0000
   1.0000   1.0000   1.0000
   1.0000   1.0000   1.0000
   1.0000   1.0000   1.0000
   1.0000   1.0000   1.0000
   1.0000   1.0000   1.0000
   1.0000   1.0000   1.0000
   1.0000   1.0000   1.0000
   1.0000   1.0000   1.0000
   1.0000   1.0000   1.0000
   1.0000   1.0000   1.0000
   1.0000   1.0000   1.0000
   1.0000   1.0000   1.0000
   1.0000   1.0000   1.0000
   1.0000   1.0000   1.0000
   1.0000   1.0000   1.0000

applying weight : 1
applying weight : 1
applying weight : 1
Here are the weights in c++ : 
   1.0000   1.0000   1.0000
   1.0000   1.0000   1.0000
   1.0000   1.0000   1.0000
   1.0000   1.0000   1.0000
   1.0000   1.0000   1.0000
   1.0000   1.0000   1.0000
   1.0000   1.0000   1.0000
   1.0000   1.0000   1.0000
   1.0000   1.0000   1.0000
   1.0000   1.0000   1.0000
   1.0000   1.0000   1.0000
   1.0000   1.0000   1.0000
   1.0000   1.0000   1.0000
   1.0000   1.0000   1.0000
   1.0000   1.0000   1.0000
   1.0000   1.0000   1.0000
   1.0000   1.0000   1.0000
   1.0000   1.0000   1.0000
   1.0000   1.0000   1.0000
   1.0000   1.0000   1.0000
   1.0000   1.0000   1.0000
   1.0000   1.0000   1.0000
   1.0000   1.0000   1.0000
   1.0000   1.0000   1.0000
   1.0000   1.0000   1.0000
   1.0000   1.0000   1.0000
   1.0000   1.0000   1.0000
   1.0000   1.0000   1.0000
   1.0000   1.0000   1.0000
   1.0000   1.0000   1.0000
   1.0000   1.0000   1.0000
   1.0000   1.0000   1.0000
   1.0000   1.0000   1.0000
   1.0000   1.0000   1.0000
   1.0000   1.0000   1.0000
   1.0000   1.0000   1.0000
   1.0000   1.0000   1.0000
   1.0000   1.0000   1.0000
   1.0000   1.0000   1.0000
   1.0000   1.0000   1.0000
   1.0000   1.0000   1.0000
   1.0000   1.0000   1.0000
   1.0000   1.0000   1.0000
   1.0000   1.0000   1.0000
   1.0000   1.0000   1.0000
   1.0000   1.0000   1.0000
   1.0000   1.0000   1.0000
   1.0000   1.0000   1.0000
   1.0000   1.0000   1.0000
   1.0000   1.0000   1.0000
   1.0000   1.0000   1.0000
   1.0000   1.0000   1.0000
   1.0000   1.0000   1.0000
   1.0000   1.0000   1.0000
   1.0000   1.0000   1.0000
   1.0000   1.0000   1.0000
   1.0000   1.0000   1.0000

applying weight : 1
applying weight : 1
applying weight : 1
Here are the weights in c++ : 
   1.0000   1.0000   1.0000
   1.0000   1.0000   1.0000
   1.0000   1.0000   1.0000
   1.0000   1.0000   1.0000
   1.0000   1.0000   1.0000
   1.0000   1.0000   1.0000
   1.0000   1.0000   1.0000
   1.0000   1.0000   1.0000
   1.0000   1.0000   1.0000
   1.0000   1.0000   1.0000
   1.0000   1.0000   1.0000
   1.0000   1.0000   1.0000
   1.0000   1.0000   1.0000
   1.0000   1.0000   1.0000
   1.0000   1.0000   1.0000
   1.0000   1.0000   1.0000
   1.0000   1.0000   1.0000
   1.0000   1.0000   1.0000
   1.0000   1.0000   1.0000
   1.0000   1.0000   1.0000
   1.0000   1.0000   1.0000
   1.0000   1.0000   1.0000
   1.0000   1.0000   1.0000
   1.0000   1.0000   1.0000
   1.0000   1.0000   1.0000
   1.0000   1.0000   1.0000
   1.0000   1.0000   1.0000
   1.0000   1.0000   1.0000
   1.0000   1.0000   1.0000
   1.0000   1.0000   1.0000
   1.0000   1.0000   1.0000
   1.0000   1.0000   1.0000
   1.0000   1.0000   1.0000
   1.0000   1.0000   1.0000
   1.0000   1.0000   1.0000
   1.0000   1.0000   1.0000
   1.0000   1.0000   1.0000
   1.0000   1.0000   1.0000
   1.0000   1.0000   1.0000
   1.0000   1.0000   1.0000
   1.0000   1.0000   1.0000
   1.0000   1.0000   1.0000
   1.0000   1.0000   1.0000
   1.0000   1.0000   1.0000
   1.0000   1.0000   1.0000
   1.0000   1.0000   1.0000
   1.0000   1.0000   1.0000
   1.0000   1.0000   1.0000
   1.0000   1.0000   1.0000
   1.0000   1.0000   1.0000
   1.0000   1.0000   1.0000
   1.0000   1.0000   1.0000
   1.0000   1.0000   1.0000
   1.0000   1.0000   1.0000
   1.0000   1.0000   1.0000
   1.0000   1.0000   1.0000
   1.0000   1.0000   1.0000

applying weight : 1
applying weight : 1
applying weight : 1
Here are the weights in c++ : 
   1.0000   1.0000   1.0000
   1.0000   1.0000   1.0000
   1.0000   1.0000   1.0000
   1.0000   1.0000   1.0000
   1.0000   1.0000   1.0000
   1.0000   1.0000   1.0000
   1.0000   1.0000   1.0000
   1.0000   1.0000   1.0000
   1.0000   1.0000   1.0000
   1.0000   1.0000   1.0000
   1.0000   1.0000   1.0000
   1.0000   1.0000   1.0000
   1.0000   1.0000   1.0000
   1.0000   1.0000   1.0000
   1.0000   1.0000   1.0000
   1.0000   1.0000   1.0000
   1.0000   1.0000   1.0000
   1.0000   1.0000   1.0000
   1.0000   1.0000   1.0000
   1.0000   1.0000   1.0000
   1.0000   1.0000   1.0000
   1.0000   1.0000   1.0000
   1.0000   1.0000   1.0000
   1.0000   1.0000   1.0000
   1.0000   1.0000   1.0000
   1.0000   1.0000   1.0000
   1.0000   1.0000   1.0000
   1.0000   1.0000   1.0000
   1.0000   1.0000   1.0000
   1.0000   1.0000   1.0000
   1.0000   1.0000   1.0000
   1.0000   1.0000   1.0000
   1.0000   1.0000   1.0000
   1.0000   1.0000   1.0000
   1.0000   1.0000   1.0000
   1.0000   1.0000   1.0000
   1.0000   1.0000   1.0000
   1.0000   1.0000   1.0000
   1.0000   1.0000   1.0000
   1.0000   1.0000   1.0000
   1.0000   1.0000   1.0000
   1.0000   1.0000   1.0000
   1.0000   1.0000   1.0000
   1.0000   1.0000   1.0000
   1.0000   1.0000   1.0000
   1.0000   1.0000   1.0000
   1.0000   1.0000   1.0000
   1.0000   1.0000   1.0000
   1.0000   1.0000   1.0000
   1.0000   1.0000   1.0000
   1.0000   1.0000   1.0000
   1.0000   1.0000   1.0000
   1.0000   1.0000   1.0000
   1.0000   1.0000   1.0000
   1.0000   1.0000   1.0000
   1.0000   1.0000   1.0000
   1.0000   1.0000   1.0000

applying weight : 1
applying weight : 1
applying weight : 1
Here are the weights in c++ : 
   1.0000   1.0000   1.0000
   1.0000   1.0000   1.0000
   1.0000   1.0000   1.0000
   1.0000   1.0000   1.0000
   1.0000   1.0000   1.0000
   1.0000   1.0000   1.0000
   1.0000   1.0000   1.0000
   1.0000   1.0000   1.0000
   1.0000   1.0000   1.0000
   1.0000   1.0000   1.0000
   1.0000   1.0000   1.0000
   1.0000   1.0000   1.0000
   1.0000   1.0000   1.0000
   1.0000   1.0000   1.0000
   1.0000   1.0000   1.0000
   1.0000   1.0000   1.0000
   1.0000   1.0000   1.0000
   1.0000   1.0000   1.0000
   1.0000   1.0000   1.0000
   1.0000   1.0000   1.0000
   1.0000   1.0000   1.0000
   1.0000   1.0000   1.0000
   1.0000   1.0000   1.0000
   1.0000   1.0000   1.0000
   1.0000   1.0000   1.0000
   1.0000   1.0000   1.0000
   1.0000   1.0000   1.0000
   1.0000   1.0000   1.0000
   1.0000   1.0000   1.0000
   1.0000   1.0000   1.0000
   1.0000   1.0000   1.0000
   1.0000   1.0000   1.0000
   1.0000   1.0000   1.0000
   1.0000   1.0000   1.0000
   1.0000   1.0000   1.0000
   1.0000   1.0000   1.0000
   1.0000   1.0000   1.0000
   1.0000   1.0000   1.0000
   1.0000   1.0000   1.0000
   1.0000   1.0000   1.0000
   1.0000   1.0000   1.0000
   1.0000   1.0000   1.0000
   1.0000   1.0000   1.0000
   1.0000   1.0000   1.0000
   1.0000   1.0000   1.0000
   1.0000   1.0000   1.0000
   1.0000   1.0000   1.0000
   1.0000   1.0000   1.0000
   1.0000   1.0000   1.0000
   1.0000   1.0000   1.0000
   1.0000   1.0000   1.0000
   1.0000   1.0000   1.0000
   1.0000   1.0000   1.0000
   1.0000   1.0000   1.0000
   1.0000   1.0000   1.0000
   1.0000   1.0000   1.0000
   1.0000   1.0000   1.0000

applying weight : 1
applying weight : 1
applying weight : 1
Here are the weights in c++ : 
   1.0000   1.0000   1.0000
   1.0000   1.0000   1.0000
   1.0000   1.0000   1.0000
   1.0000   1.0000   1.0000
   1.0000   1.0000   1.0000
   1.0000   1.0000   1.0000
   1.0000   1.0000   1.0000
   1.0000   1.0000   1.0000
   1.0000   1.0000   1.0000
   1.0000   1.0000   1.0000
   1.0000   1.0000   1.0000
   1.0000   1.0000   1.0000
   1.0000   1.0000   1.0000
   1.0000   1.0000   1.0000
   1.0000   1.0000   1.0000
   1.0000   1.0000   1.0000
   1.0000   1.0000   1.0000
   1.0000   1.0000   1.0000
   1.0000   1.0000   1.0000
   1.0000   1.0000   1.0000
   1.0000   1.0000   1.0000
   1.0000   1.0000   1.0000
   1.0000   1.0000   1.0000
   1.0000   1.0000   1.0000
   1.0000   1.0000   1.0000
   1.0000   1.0000   1.0000
   1.0000   1.0000   1.0000
   1.0000   1.0000   1.0000
   1.0000   1.0000   1.0000
   1.0000   1.0000   1.0000
   1.0000   1.0000   1.0000
   1.0000   1.0000   1.0000
   1.0000   1.0000   1.0000
   1.0000   1.0000   1.0000
   1.0000   1.0000   1.0000
   1.0000   1.0000   1.0000
   1.0000   1.0000   1.0000
   1.0000   1.0000   1.0000
   1.0000   1.0000   1.0000
   1.0000   1.0000   1.0000
   1.0000   1.0000   1.0000
   1.0000   1.0000   1.0000
   1.0000   1.0000   1.0000
   1.0000   1.0000   1.0000
   1.0000   1.0000   1.0000
   1.0000   1.0000   1.0000
   1.0000   1.0000   1.0000
   1.0000   1.0000   1.0000
   1.0000   1.0000   1.0000
   1.0000   1.0000   1.0000
   1.0000   1.0000   1.0000
   1.0000   1.0000   1.0000
   1.0000   1.0000   1.0000
   1.0000   1.0000   1.0000
   1.0000   1.0000   1.0000
   1.0000   1.0000   1.0000
   1.0000   1.0000   1.0000

applying weight : 1
applying weight : 1
applying weight : 1
Here are the weights in c++ : 
   1.0000   1.0000   1.0000
   1.0000   1.0000   1.0000
   1.0000   1.0000   1.0000
   1.0000   1.0000   1.0000
   1.0000   1.0000   1.0000
   1.0000   1.0000   1.0000
   1.0000   1.0000   1.0000
   1.0000   1.0000   1.0000
   1.0000   1.0000   1.0000
   1.0000   1.0000   1.0000
   1.0000   1.0000   1.0000
   1.0000   1.0000   1.0000
   1.0000   1.0000   1.0000
   1.0000   1.0000   1.0000
   1.0000   1.0000   1.0000
   1.0000   1.0000   1.0000
   1.0000   1.0000   1.0000
   1.0000   1.0000   1.0000
   1.0000   1.0000   1.0000
   1.0000   1.0000   1.0000
   1.0000   1.0000   1.0000
   1.0000   1.0000   1.0000
   1.0000   1.0000   1.0000
   1.0000   1.0000   1.0000
   1.0000   1.0000   1.0000
   1.0000   1.0000   1.0000
   1.0000   1.0000   1.0000
   1.0000   1.0000   1.0000
   1.0000   1.0000   1.0000
   1.0000   1.0000   1.0000
   1.0000   1.0000   1.0000
   1.0000   1.0000   1.0000
   1.0000   1.0000   1.0000
   1.0000   1.0000   1.0000
   1.0000   1.0000   1.0000
   1.0000   1.0000   1.0000
   1.0000   1.0000   1.0000
   1.0000   1.0000   1.0000
   1.0000   1.0000   1.0000
   1.0000   1.0000   1.0000
   1.0000   1.0000   1.0000
   1.0000   1.0000   1.0000
   1.0000   1.0000   1.0000
   1.0000   1.0000   1.0000
   1.0000   1.0000   1.0000
   1.0000   1.0000   1.0000
   1.0000   1.0000   1.0000
   1.0000   1.0000   1.0000
   1.0000   1.0000   1.0000
   1.0000   1.0000   1.0000
   1.0000   1.0000   1.0000
   1.0000   1.0000   1.0000
   1.0000   1.0000   1.0000
   1.0000   1.0000   1.0000
   1.0000   1.0000   1.0000
   1.0000   1.0000   1.0000
   1.0000   1.0000   1.0000

applying weight : 1
applying weight : 1
applying weight : 1
Here are the weights in c++ : 
   1.0000   1.0000   1.0000
   1.0000   1.0000   1.0000
   1.0000   1.0000   1.0000
   1.0000   1.0000   1.0000
   1.0000   1.0000   1.0000
   1.0000   1.0000   1.0000
   1.0000   1.0000   1.0000
   1.0000   1.0000   1.0000
   1.0000   1.0000   1.0000
   1.0000   1.0000   1.0000
   1.0000   1.0000   1.0000
   1.0000   1.0000   1.0000
   1.0000   1.0000   1.0000
   1.0000   1.0000   1.0000
   1.0000   1.0000   1.0000
   1.0000   1.0000   1.0000
   1.0000   1.0000   1.0000
   1.0000   1.0000   1.0000
   1.0000   1.0000   1.0000
   1.0000   1.0000   1.0000
   1.0000   1.0000   1.0000
   1.0000   1.0000   1.0000
   1.0000   1.0000   1.0000
   1.0000   1.0000   1.0000
   1.0000   1.0000   1.0000
   1.0000   1.0000   1.0000
   1.0000   1.0000   1.0000
   1.0000   1.0000   1.0000
   1.0000   1.0000   1.0000
   1.0000   1.0000   1.0000
   1.0000   1.0000   1.0000
   1.0000   1.0000   1.0000
   1.0000   1.0000   1.0000
   1.0000   1.0000   1.0000
   1.0000   1.0000   1.0000
   1.0000   1.0000   1.0000
   1.0000   1.0000   1.0000
   1.0000   1.0000   1.0000
   1.0000   1.0000   1.0000
   1.0000   1.0000   1.0000
   1.0000   1.0000   1.0000
   1.0000   1.0000   1.0000
   1.0000   1.0000   1.0000
   1.0000   1.0000   1.0000
   1.0000   1.0000   1.0000
   1.0000   1.0000   1.0000
   1.0000   1.0000   1.0000
   1.0000   1.0000   1.0000
   1.0000   1.0000   1.0000
   1.0000   1.0000   1.0000
   1.0000   1.0000   1.0000
   1.0000   1.0000   1.0000
   1.0000   1.0000   1.0000
   1.0000   1.0000   1.0000
   1.0000   1.0000   1.0000
   1.0000   1.0000   1.0000
   1.0000   1.0000   1.0000

applying weight : 1
applying weight : 1
applying weight : 1
Here are the weights in c++ : 
   1.0000   1.0000   1.0000
   1.0000   1.0000   1.0000
   1.0000   1.0000   1.0000
   1.0000   1.0000   1.0000
   1.0000   1.0000   1.0000
   1.0000   1.0000   1.0000
   1.0000   1.0000   1.0000
   1.0000   1.0000   1.0000
   1.0000   1.0000   1.0000
   1.0000   1.0000   1.0000
   1.0000   1.0000   1.0000
   1.0000   1.0000   1.0000
   1.0000   1.0000   1.0000
   1.0000   1.0000   1.0000
   1.0000   1.0000   1.0000
   1.0000   1.0000   1.0000
   1.0000   1.0000   1.0000
   1.0000   1.0000   1.0000
   1.0000   1.0000   1.0000
   1.0000   1.0000   1.0000
   1.0000   1.0000   1.0000
   1.0000   1.0000   1.0000
   1.0000   1.0000   1.0000
   1.0000   1.0000   1.0000
   1.0000   1.0000   1.0000
   1.0000   1.0000   1.0000
   1.0000   1.0000   1.0000
   1.0000   1.0000   1.0000
   1.0000   1.0000   1.0000
   1.0000   1.0000   1.0000
   1.0000   1.0000   1.0000
   1.0000   1.0000   1.0000
   1.0000   1.0000   1.0000
   1.0000   1.0000   1.0000
   1.0000   1.0000   1.0000
   1.0000   1.0000   1.0000
   1.0000   1.0000   1.0000
   1.0000   1.0000   1.0000
   1.0000   1.0000   1.0000
   1.0000   1.0000   1.0000
   1.0000   1.0000   1.0000
   1.0000   1.0000   1.0000
   1.0000   1.0000   1.0000
   1.0000   1.0000   1.0000
   1.0000   1.0000   1.0000
   1.0000   1.0000   1.0000
   1.0000   1.0000   1.0000
   1.0000   1.0000   1.0000
   1.0000   1.0000   1.0000
   1.0000   1.0000   1.0000
   1.0000   1.0000   1.0000
   1.0000   1.0000   1.0000
   1.0000   1.0000   1.0000
   1.0000   1.0000   1.0000
   1.0000   1.0000   1.0000
   1.0000   1.0000   1.0000
   1.0000   1.0000   1.0000

applying weight : 1
applying weight : 1
applying weight : 1
Here are the weights in c++ : 
   1.0000   1.0000   1.0000
   1.0000   1.0000   1.0000
   1.0000   1.0000   1.0000
   1.0000   1.0000   1.0000
   1.0000   1.0000   1.0000
   1.0000   1.0000   1.0000
   1.0000   1.0000   1.0000
   1.0000   1.0000   1.0000
   1.0000   1.0000   1.0000
   1.0000   1.0000   1.0000
   1.0000   1.0000   1.0000
   1.0000   1.0000   1.0000
   1.0000   1.0000   1.0000
   1.0000   1.0000   1.0000
   1.0000   1.0000   1.0000
   1.0000   1.0000   1.0000
   1.0000   1.0000   1.0000
   1.0000   1.0000   1.0000
   1.0000   1.0000   1.0000
   1.0000   1.0000   1.0000
   1.0000   1.0000   1.0000
   1.0000   1.0000   1.0000
   1.0000   1.0000   1.0000
   1.0000   1.0000   1.0000
   1.0000   1.0000   1.0000
   1.0000   1.0000   1.0000
   1.0000   1.0000   1.0000
   1.0000   1.0000   1.0000
   1.0000   1.0000   1.0000
   1.0000   1.0000   1.0000
   1.0000   1.0000   1.0000
   1.0000   1.0000   1.0000
   1.0000   1.0000   1.0000
   1.0000   1.0000   1.0000
   1.0000   1.0000   1.0000
   1.0000   1.0000   1.0000
   1.0000   1.0000   1.0000
   1.0000   1.0000   1.0000
   1.0000   1.0000   1.0000
   1.0000   1.0000   1.0000
   1.0000   1.0000   1.0000
   1.0000   1.0000   1.0000
   1.0000   1.0000   1.0000
   1.0000   1.0000   1.0000
   1.0000   1.0000   1.0000
   1.0000   1.0000   1.0000
   1.0000   1.0000   1.0000
   1.0000   1.0000   1.0000
   1.0000   1.0000   1.0000
   1.0000   1.0000   1.0000
   1.0000   1.0000   1.0000
   1.0000   1.0000   1.0000
   1.0000   1.0000   1.0000
   1.0000   1.0000   1.0000
   1.0000   1.0000   1.0000
   1.0000   1.0000   1.0000
   1.0000   1.0000   1.0000

applying weight : 1
applying weight : 1
applying weight : 1
Here are the weights in c++ : 
   1.0000   1.0000   1.0000
   1.0000   1.0000   1.0000
   1.0000   1.0000   1.0000
   1.0000   1.0000   1.0000
   1.0000   1.0000   1.0000
   1.0000   1.0000   1.0000
   1.0000   1.0000   1.0000
   1.0000   1.0000   1.0000
   1.0000   1.0000   1.0000
   1.0000   1.0000   1.0000
   1.0000   1.0000   1.0000
   1.0000   1.0000   1.0000
   1.0000   1.0000   1.0000
   1.0000   1.0000   1.0000
   1.0000   1.0000   1.0000
   1.0000   1.0000   1.0000
   1.0000   1.0000   1.0000
   1.0000   1.0000   1.0000
   1.0000   1.0000   1.0000
   1.0000   1.0000   1.0000
   1.0000   1.0000   1.0000
   1.0000   1.0000   1.0000
   1.0000   1.0000   1.0000
   1.0000   1.0000   1.0000
   1.0000   1.0000   1.0000
   1.0000   1.0000   1.0000
   1.0000   1.0000   1.0000
   1.0000   1.0000   1.0000
   1.0000   1.0000   1.0000
   1.0000   1.0000   1.0000
   1.0000   1.0000   1.0000
   1.0000   1.0000   1.0000
   1.0000   1.0000   1.0000
   1.0000   1.0000   1.0000
   1.0000   1.0000   1.0000
   1.0000   1.0000   1.0000
   1.0000   1.0000   1.0000
   1.0000   1.0000   1.0000
   1.0000   1.0000   1.0000
   1.0000   1.0000   1.0000
   1.0000   1.0000   1.0000
   1.0000   1.0000   1.0000
   1.0000   1.0000   1.0000
   1.0000   1.0000   1.0000
   1.0000   1.0000   1.0000
   1.0000   1.0000   1.0000
   1.0000   1.0000   1.0000
   1.0000   1.0000   1.0000
   1.0000   1.0000   1.0000
   1.0000   1.0000   1.0000
   1.0000   1.0000   1.0000
   1.0000   1.0000   1.0000
   1.0000   1.0000   1.0000
   1.0000   1.0000   1.0000
   1.0000   1.0000   1.0000
   1.0000   1.0000   1.0000
   1.0000   1.0000   1.0000

applying weight : 1
applying weight : 1
applying weight : 1
Here are the weights in c++ : 
   1.0000   1.0000   1.0000
   1.0000   1.0000   1.0000
   1.0000   1.0000   1.0000
   1.0000   1.0000   1.0000
   1.0000   1.0000   1.0000
   1.0000   1.0000   1.0000
   1.0000   1.0000   1.0000
   1.0000   1.0000   1.0000
   1.0000   1.0000   1.0000
   1.0000   1.0000   1.0000
   1.0000   1.0000   1.0000
   1.0000   1.0000   1.0000
   1.0000   1.0000   1.0000
   1.0000   1.0000   1.0000
   1.0000   1.0000   1.0000
   1.0000   1.0000   1.0000
   1.0000   1.0000   1.0000
   1.0000   1.0000   1.0000
   1.0000   1.0000   1.0000
   1.0000   1.0000   1.0000
   1.0000   1.0000   1.0000
   1.0000   1.0000   1.0000
   1.0000   1.0000   1.0000
   1.0000   1.0000   1.0000
   1.0000   1.0000   1.0000
   1.0000   1.0000   1.0000
   1.0000   1.0000   1.0000
   1.0000   1.0000   1.0000
   1.0000   1.0000   1.0000
   1.0000   1.0000   1.0000
   1.0000   1.0000   1.0000
   1.0000   1.0000   1.0000
   1.0000   1.0000   1.0000
   1.0000   1.0000   1.0000
   1.0000   1.0000   1.0000
   1.0000   1.0000   1.0000
   1.0000   1.0000   1.0000
   1.0000   1.0000   1.0000
   1.0000   1.0000   1.0000
   1.0000   1.0000   1.0000
   1.0000   1.0000   1.0000
   1.0000   1.0000   1.0000
   1.0000   1.0000   1.0000
   1.0000   1.0000   1.0000
   1.0000   1.0000   1.0000
   1.0000   1.0000   1.0000
   1.0000   1.0000   1.0000
   1.0000   1.0000   1.0000
   1.0000   1.0000   1.0000
   1.0000   1.0000   1.0000
   1.0000   1.0000   1.0000
   1.0000   1.0000   1.0000
   1.0000   1.0000   1.0000
   1.0000   1.0000   1.0000
   1.0000   1.0000   1.0000
   1.0000   1.0000   1.0000
   1.0000   1.0000   1.0000

applying weight : 1
applying weight : 1
applying weight : 1
Here are the weights in c++ : 
   1.0000   1.0000   1.0000
   1.0000   1.0000   1.0000
   1.0000   1.0000   1.0000
   1.0000   1.0000   1.0000
   1.0000   1.0000   1.0000
   1.0000   1.0000   1.0000
   1.0000   1.0000   1.0000
   1.0000   1.0000   1.0000
   1.0000   1.0000   1.0000
   1.0000   1.0000   1.0000
   1.0000   1.0000   1.0000
   1.0000   1.0000   1.0000
   1.0000   1.0000   1.0000
   1.0000   1.0000   1.0000
   1.0000   1.0000   1.0000
   1.0000   1.0000   1.0000
   1.0000   1.0000   1.0000
   1.0000   1.0000   1.0000
   1.0000   1.0000   1.0000
   1.0000   1.0000   1.0000
   1.0000   1.0000   1.0000
   1.0000   1.0000   1.0000
   1.0000   1.0000   1.0000
   1.0000   1.0000   1.0000
   1.0000   1.0000   1.0000
   1.0000   1.0000   1.0000
   1.0000   1.0000   1.0000
   1.0000   1.0000   1.0000
   1.0000   1.0000   1.0000
   1.0000   1.0000   1.0000
   1.0000   1.0000   1.0000
   1.0000   1.0000   1.0000
   1.0000   1.0000   1.0000
   1.0000   1.0000   1.0000
   1.0000   1.0000   1.0000
   1.0000   1.0000   1.0000
   1.0000   1.0000   1.0000
   1.0000   1.0000   1.0000
   1.0000   1.0000   1.0000
   1.0000   1.0000   1.0000
   1.0000   1.0000   1.0000
   1.0000   1.0000   1.0000
   1.0000   1.0000   1.0000
   1.0000   1.0000   1.0000
   1.0000   1.0000   1.0000
   1.0000   1.0000   1.0000
   1.0000   1.0000   1.0000
   1.0000   1.0000   1.0000
   1.0000   1.0000   1.0000
   1.0000   1.0000   1.0000
   1.0000   1.0000   1.0000
   1.0000   1.0000   1.0000
   1.0000   1.0000   1.0000
   1.0000   1.0000   1.0000
   1.0000   1.0000   1.0000
   1.0000   1.0000   1.0000
   1.0000   1.0000   1.0000

applying weight : 1
applying weight : 1
applying weight : 1
Here are the weights in c++ : 
   1.0000   1.0000   1.0000
   1.0000   1.0000   1.0000
   1.0000   1.0000   1.0000
   1.0000   1.0000   1.0000
   1.0000   1.0000   1.0000
   1.0000   1.0000   1.0000
   1.0000   1.0000   1.0000
   1.0000   1.0000   1.0000
   1.0000   1.0000   1.0000
   1.0000   1.0000   1.0000
   1.0000   1.0000   1.0000
   1.0000   1.0000   1.0000
   1.0000   1.0000   1.0000
   1.0000   1.0000   1.0000
   1.0000   1.0000   1.0000
   1.0000   1.0000   1.0000
   1.0000   1.0000   1.0000
   1.0000   1.0000   1.0000
   1.0000   1.0000   1.0000
   1.0000   1.0000   1.0000
   1.0000   1.0000   1.0000
   1.0000   1.0000   1.0000
   1.0000   1.0000   1.0000
   1.0000   1.0000   1.0000
   1.0000   1.0000   1.0000
   1.0000   1.0000   1.0000
   1.0000   1.0000   1.0000
   1.0000   1.0000   1.0000
   1.0000   1.0000   1.0000
   1.0000   1.0000   1.0000
   1.0000   1.0000   1.0000
   1.0000   1.0000   1.0000
   1.0000   1.0000   1.0000
   1.0000   1.0000   1.0000
   1.0000   1.0000   1.0000
   1.0000   1.0000   1.0000
   1.0000   1.0000   1.0000
   1.0000   1.0000   1.0000
   1.0000   1.0000   1.0000
   1.0000   1.0000   1.0000
   1.0000   1.0000   1.0000
   1.0000   1.0000   1.0000
   1.0000   1.0000   1.0000
   1.0000   1.0000   1.0000
   1.0000   1.0000   1.0000
   1.0000   1.0000   1.0000
   1.0000   1.0000   1.0000
   1.0000   1.0000   1.0000
   1.0000   1.0000   1.0000
   1.0000   1.0000   1.0000
   1.0000   1.0000   1.0000
   1.0000   1.0000   1.0000
   1.0000   1.0000   1.0000
   1.0000   1.0000   1.0000
   1.0000   1.0000   1.0000
   1.0000   1.0000   1.0000
   1.0000   1.0000   1.0000

applying weight : 1
applying weight : 1
applying weight : 1
Here are the weights in c++ : 
   1.0000   1.0000   1.0000
   1.0000   1.0000   1.0000
   1.0000   1.0000   1.0000
   1.0000   1.0000   1.0000
   1.0000   1.0000   1.0000
   1.0000   1.0000   1.0000
   1.0000   1.0000   1.0000
   1.0000   1.0000   1.0000
   1.0000   1.0000   1.0000
   1.0000   1.0000   1.0000
   1.0000   1.0000   1.0000
   1.0000   1.0000   1.0000
   1.0000   1.0000   1.0000
   1.0000   1.0000   1.0000
   1.0000   1.0000   1.0000
   1.0000   1.0000   1.0000
   1.0000   1.0000   1.0000
   1.0000   1.0000   1.0000
   1.0000   1.0000   1.0000
   1.0000   1.0000   1.0000
   1.0000   1.0000   1.0000
   1.0000   1.0000   1.0000
   1.0000   1.0000   1.0000
   1.0000   1.0000   1.0000
   1.0000   1.0000   1.0000
   1.0000   1.0000   1.0000
   1.0000   1.0000   1.0000
   1.0000   1.0000   1.0000
   1.0000   1.0000   1.0000
   1.0000   1.0000   1.0000
   1.0000   1.0000   1.0000
   1.0000   1.0000   1.0000
   1.0000   1.0000   1.0000
   1.0000   1.0000   1.0000
   1.0000   1.0000   1.0000
   1.0000   1.0000   1.0000
   1.0000   1.0000   1.0000
   1.0000   1.0000   1.0000
   1.0000   1.0000   1.0000
   1.0000   1.0000   1.0000
   1.0000   1.0000   1.0000
   1.0000   1.0000   1.0000
   1.0000   1.0000   1.0000
   1.0000   1.0000   1.0000
   1.0000   1.0000   1.0000
   1.0000   1.0000   1.0000
   1.0000   1.0000   1.0000
   1.0000   1.0000   1.0000
   1.0000   1.0000   1.0000
   1.0000   1.0000   1.0000
   1.0000   1.0000   1.0000
   1.0000   1.0000   1.0000
   1.0000   1.0000   1.0000
   1.0000   1.0000   1.0000
   1.0000   1.0000   1.0000
   1.0000   1.0000   1.0000
   1.0000   1.0000   1.0000

applying weight : 1
applying weight : 1
applying weight : 1
Here are the weights in c++ : 
   1.0000   1.0000   1.0000
   1.0000   1.0000   1.0000
   1.0000   1.0000   1.0000
   1.0000   1.0000   1.0000
   1.0000   1.0000   1.0000
   1.0000   1.0000   1.0000
   1.0000   1.0000   1.0000
   1.0000   1.0000   1.0000
   1.0000   1.0000   1.0000
   1.0000   1.0000   1.0000
   1.0000   1.0000   1.0000
   1.0000   1.0000   1.0000
   1.0000   1.0000   1.0000
   1.0000   1.0000   1.0000
   1.0000   1.0000   1.0000
   1.0000   1.0000   1.0000
   1.0000   1.0000   1.0000
   1.0000   1.0000   1.0000
   1.0000   1.0000   1.0000
   1.0000   1.0000   1.0000
   1.0000   1.0000   1.0000
   1.0000   1.0000   1.0000
   1.0000   1.0000   1.0000
   1.0000   1.0000   1.0000
   1.0000   1.0000   1.0000
   1.0000   1.0000   1.0000
   1.0000   1.0000   1.0000
   1.0000   1.0000   1.0000
   1.0000   1.0000   1.0000
   1.0000   1.0000   1.0000
   1.0000   1.0000   1.0000
   1.0000   1.0000   1.0000
   1.0000   1.0000   1.0000
   1.0000   1.0000   1.0000
   1.0000   1.0000   1.0000
   1.0000   1.0000   1.0000
   1.0000   1.0000   1.0000
   1.0000   1.0000   1.0000
   1.0000   1.0000   1.0000
   1.0000   1.0000   1.0000
   1.0000   1.0000   1.0000
   1.0000   1.0000   1.0000
   1.0000   1.0000   1.0000
   1.0000   1.0000   1.0000
   1.0000   1.0000   1.0000
   1.0000   1.0000   1.0000
   1.0000   1.0000   1.0000
   1.0000   1.0000   1.0000
   1.0000   1.0000   1.0000
   1.0000   1.0000   1.0000
   1.0000   1.0000   1.0000
   1.0000   1.0000   1.0000
   1.0000   1.0000   1.0000
   1.0000   1.0000   1.0000
   1.0000   1.0000   1.0000
   1.0000   1.0000   1.0000
   1.0000   1.0000   1.0000

applying weight : 1
applying weight : 1
applying weight : 1
Here are the weights in c++ : 
   1.0000   1.0000   1.0000
   1.0000   1.0000   1.0000
   1.0000   1.0000   1.0000
   1.0000   1.0000   1.0000
   1.0000   1.0000   1.0000
   1.0000   1.0000   1.0000
   1.0000   1.0000   1.0000
   1.0000   1.0000   1.0000
   1.0000   1.0000   1.0000
   1.0000   1.0000   1.0000
   1.0000   1.0000   1.0000
   1.0000   1.0000   1.0000
   1.0000   1.0000   1.0000
   1.0000   1.0000   1.0000
   1.0000   1.0000   1.0000
   1.0000   1.0000   1.0000
   1.0000   1.0000   1.0000
   1.0000   1.0000   1.0000
   1.0000   1.0000   1.0000
   1.0000   1.0000   1.0000
   1.0000   1.0000   1.0000
   1.0000   1.0000   1.0000
   1.0000   1.0000   1.0000
   1.0000   1.0000   1.0000
   1.0000   1.0000   1.0000
   1.0000   1.0000   1.0000
   1.0000   1.0000   1.0000
   1.0000   1.0000   1.0000
   1.0000   1.0000   1.0000
   1.0000   1.0000   1.0000
   1.0000   1.0000   1.0000
   1.0000   1.0000   1.0000
   1.0000   1.0000   1.0000
   1.0000   1.0000   1.0000
   1.0000   1.0000   1.0000
   1.0000   1.0000   1.0000
   1.0000   1.0000   1.0000
   1.0000   1.0000   1.0000
   1.0000   1.0000   1.0000
   1.0000   1.0000   1.0000
   1.0000   1.0000   1.0000
   1.0000   1.0000   1.0000
   1.0000   1.0000   1.0000
   1.0000   1.0000   1.0000
   1.0000   1.0000   1.0000
   1.0000   1.0000   1.0000
   1.0000   1.0000   1.0000
   1.0000   1.0000   1.0000
   1.0000   1.0000   1.0000
   1.0000   1.0000   1.0000
   1.0000   1.0000   1.0000
   1.0000   1.0000   1.0000
   1.0000   1.0000   1.0000
   1.0000   1.0000   1.0000
   1.0000   1.0000   1.0000
   1.0000   1.0000   1.0000
   1.0000   1.0000   1.0000

applying weight : 1
applying weight : 1
applying weight : 1
Here are the weights in c++ : 
   1.0000   1.0000   1.0000
   1.0000   1.0000   1.0000
   1.0000   1.0000   1.0000
   1.0000   1.0000   1.0000
   1.0000   1.0000   1.0000
   1.0000   1.0000   1.0000
   1.0000   1.0000   1.0000
   1.0000   1.0000   1.0000
   1.0000   1.0000   1.0000
   1.0000   1.0000   1.0000
   1.0000   1.0000   1.0000
   1.0000   1.0000   1.0000
   1.0000   1.0000   1.0000
   1.0000   1.0000   1.0000
   1.0000   1.0000   1.0000
   1.0000   1.0000   1.0000
   1.0000   1.0000   1.0000
   1.0000   1.0000   1.0000
   1.0000   1.0000   1.0000
   1.0000   1.0000   1.0000
   1.0000   1.0000   1.0000
   1.0000   1.0000   1.0000
   1.0000   1.0000   1.0000
   1.0000   1.0000   1.0000
   1.0000   1.0000   1.0000
   1.0000   1.0000   1.0000
   1.0000   1.0000   1.0000
   1.0000   1.0000   1.0000
   1.0000   1.0000   1.0000
   1.0000   1.0000   1.0000
   1.0000   1.0000   1.0000
   1.0000   1.0000   1.0000
   1.0000   1.0000   1.0000
   1.0000   1.0000   1.0000
   1.0000   1.0000   1.0000
   1.0000   1.0000   1.0000
   1.0000   1.0000   1.0000
   1.0000   1.0000   1.0000
   1.0000   1.0000   1.0000
   1.0000   1.0000   1.0000
   1.0000   1.0000   1.0000
   1.0000   1.0000   1.0000
   1.0000   1.0000   1.0000
   1.0000   1.0000   1.0000
   1.0000   1.0000   1.0000
   1.0000   1.0000   1.0000
   1.0000   1.0000   1.0000
   1.0000   1.0000   1.0000
   1.0000   1.0000   1.0000
   1.0000   1.0000   1.0000
   1.0000   1.0000   1.0000
   1.0000   1.0000   1.0000
   1.0000   1.0000   1.0000
   1.0000   1.0000   1.0000
   1.0000   1.0000   1.0000
   1.0000   1.0000   1.0000
   1.0000   1.0000   1.0000

applying weight : 1
applying weight : 1
applying weight : 1
Here are the weights in c++ : 
   1.0000   1.0000   1.0000
   1.0000   1.0000   1.0000
   1.0000   1.0000   1.0000
   1.0000   1.0000   1.0000
   1.0000   1.0000   1.0000
   1.0000   1.0000   1.0000
   1.0000   1.0000   1.0000
   1.0000   1.0000   1.0000
   1.0000   1.0000   1.0000
   1.0000   1.0000   1.0000
   1.0000   1.0000   1.0000
   1.0000   1.0000   1.0000
   1.0000   1.0000   1.0000
   1.0000   1.0000   1.0000
   1.0000   1.0000   1.0000
   1.0000   1.0000   1.0000
   1.0000   1.0000   1.0000
   1.0000   1.0000   1.0000
   1.0000   1.0000   1.0000
   1.0000   1.0000   1.0000
   1.0000   1.0000   1.0000
   1.0000   1.0000   1.0000
   1.0000   1.0000   1.0000
   1.0000   1.0000   1.0000
   1.0000   1.0000   1.0000
   1.0000   1.0000   1.0000
   1.0000   1.0000   1.0000
   1.0000   1.0000   1.0000
   1.0000   1.0000   1.0000
   1.0000   1.0000   1.0000
   1.0000   1.0000   1.0000
   1.0000   1.0000   1.0000
   1.0000   1.0000   1.0000
   1.0000   1.0000   1.0000
   1.0000   1.0000   1.0000
   1.0000   1.0000   1.0000
   1.0000   1.0000   1.0000
   1.0000   1.0000   1.0000
   1.0000   1.0000   1.0000
   1.0000   1.0000   1.0000
   1.0000   1.0000   1.0000
   1.0000   1.0000   1.0000
   1.0000   1.0000   1.0000
   1.0000   1.0000   1.0000
   1.0000   1.0000   1.0000
   1.0000   1.0000   1.0000
   1.0000   1.0000   1.0000
   1.0000   1.0000   1.0000
   1.0000   1.0000   1.0000
   1.0000   1.0000   1.0000
   1.0000   1.0000   1.0000
   1.0000   1.0000   1.0000
   1.0000   1.0000   1.0000
   1.0000   1.0000   1.0000
   1.0000   1.0000   1.0000
   1.0000   1.0000   1.0000
   1.0000   1.0000   1.0000

applying weight : 1
applying weight : 1
applying weight : 1
Here are the weights in c++ : 
   1.0000   1.0000   1.0000
   1.0000   1.0000   1.0000
   1.0000   1.0000   1.0000
   1.0000   1.0000   1.0000
   1.0000   1.0000   1.0000
   1.0000   1.0000   1.0000
   1.0000   1.0000   1.0000
   1.0000   1.0000   1.0000
   1.0000   1.0000   1.0000
   1.0000   1.0000   1.0000
   1.0000   1.0000   1.0000
   1.0000   1.0000   1.0000
   1.0000   1.0000   1.0000
   1.0000   1.0000   1.0000
   1.0000   1.0000   1.0000
   1.0000   1.0000   1.0000
   1.0000   1.0000   1.0000
   1.0000   1.0000   1.0000
   1.0000   1.0000   1.0000
   1.0000   1.0000   1.0000
   1.0000   1.0000   1.0000
   1.0000   1.0000   1.0000
   1.0000   1.0000   1.0000
   1.0000   1.0000   1.0000
   1.0000   1.0000   1.0000
   1.0000   1.0000   1.0000
   1.0000   1.0000   1.0000
   1.0000   1.0000   1.0000
   1.0000   1.0000   1.0000
   1.0000   1.0000   1.0000
   1.0000   1.0000   1.0000
   1.0000   1.0000   1.0000
   1.0000   1.0000   1.0000
   1.0000   1.0000   1.0000
   1.0000   1.0000   1.0000
   1.0000   1.0000   1.0000
   1.0000   1.0000   1.0000
   1.0000   1.0000   1.0000
   1.0000   1.0000   1.0000
   1.0000   1.0000   1.0000
   1.0000   1.0000   1.0000
   1.0000   1.0000   1.0000
   1.0000   1.0000   1.0000
   1.0000   1.0000   1.0000
   1.0000   1.0000   1.0000
   1.0000   1.0000   1.0000
   1.0000   1.0000   1.0000
   1.0000   1.0000   1.0000
   1.0000   1.0000   1.0000
   1.0000   1.0000   1.0000
   1.0000   1.0000   1.0000
   1.0000   1.0000   1.0000
   1.0000   1.0000   1.0000
   1.0000   1.0000   1.0000
   1.0000   1.0000   1.0000
   1.0000   1.0000   1.0000
   1.0000   1.0000   1.0000

applying weight : 1
applying weight : 1
applying weight : 1
Here are the weights in c++ : 
   1.0000   1.0000   1.0000
   1.0000   1.0000   1.0000
   1.0000   1.0000   1.0000
   1.0000   1.0000   1.0000
   1.0000   1.0000   1.0000
   1.0000   1.0000   1.0000
   1.0000   1.0000   1.0000
   1.0000   1.0000   1.0000
   1.0000   1.0000   1.0000
   1.0000   1.0000   1.0000
   1.0000   1.0000   1.0000
   1.0000   1.0000   1.0000
   1.0000   1.0000   1.0000
   1.0000   1.0000   1.0000
   1.0000   1.0000   1.0000
   1.0000   1.0000   1.0000
   1.0000   1.0000   1.0000
   1.0000   1.0000   1.0000
   1.0000   1.0000   1.0000
   1.0000   1.0000   1.0000
   1.0000   1.0000   1.0000
   1.0000   1.0000   1.0000
   1.0000   1.0000   1.0000
   1.0000   1.0000   1.0000
   1.0000   1.0000   1.0000
   1.0000   1.0000   1.0000
   1.0000   1.0000   1.0000
   1.0000   1.0000   1.0000
   1.0000   1.0000   1.0000
   1.0000   1.0000   1.0000
   1.0000   1.0000   1.0000
   1.0000   1.0000   1.0000
   1.0000   1.0000   1.0000
   1.0000   1.0000   1.0000
   1.0000   1.0000   1.0000
   1.0000   1.0000   1.0000
   1.0000   1.0000   1.0000
   1.0000   1.0000   1.0000
   1.0000   1.0000   1.0000
   1.0000   1.0000   1.0000
   1.0000   1.0000   1.0000
   1.0000   1.0000   1.0000
   1.0000   1.0000   1.0000
   1.0000   1.0000   1.0000
   1.0000   1.0000   1.0000
   1.0000   1.0000   1.0000
   1.0000   1.0000   1.0000
   1.0000   1.0000   1.0000
   1.0000   1.0000   1.0000
   1.0000   1.0000   1.0000
   1.0000   1.0000   1.0000
   1.0000   1.0000   1.0000
   1.0000   1.0000   1.0000
   1.0000   1.0000   1.0000
   1.0000   1.0000   1.0000
   1.0000   1.0000   1.0000
   1.0000   1.0000   1.0000

applying weight : 1
applying weight : 1
applying weight : 1
Here are the weights in c++ : 
   1.0000   1.0000   1.0000
   1.0000   1.0000   1.0000
   1.0000   1.0000   1.0000
   1.0000   1.0000   1.0000
   1.0000   1.0000   1.0000
   1.0000   1.0000   1.0000
   1.0000   1.0000   1.0000
   1.0000   1.0000   1.0000
   1.0000   1.0000   1.0000
   1.0000   1.0000   1.0000
   1.0000   1.0000   1.0000
   1.0000   1.0000   1.0000
   1.0000   1.0000   1.0000
   1.0000   1.0000   1.0000
   1.0000   1.0000   1.0000
   1.0000   1.0000   1.0000
   1.0000   1.0000   1.0000
   1.0000   1.0000   1.0000
   1.0000   1.0000   1.0000
   1.0000   1.0000   1.0000
   1.0000   1.0000   1.0000
   1.0000   1.0000   1.0000
   1.0000   1.0000   1.0000
   1.0000   1.0000   1.0000
   1.0000   1.0000   1.0000
   1.0000   1.0000   1.0000
   1.0000   1.0000   1.0000
   1.0000   1.0000   1.0000
   1.0000   1.0000   1.0000
   1.0000   1.0000   1.0000
   1.0000   1.0000   1.0000
   1.0000   1.0000   1.0000
   1.0000   1.0000   1.0000
   1.0000   1.0000   1.0000
   1.0000   1.0000   1.0000
   1.0000   1.0000   1.0000
   1.0000   1.0000   1.0000
   1.0000   1.0000   1.0000
   1.0000   1.0000   1.0000
   1.0000   1.0000   1.0000
   1.0000   1.0000   1.0000
   1.0000   1.0000   1.0000
   1.0000   1.0000   1.0000
   1.0000   1.0000   1.0000
   1.0000   1.0000   1.0000
   1.0000   1.0000   1.0000
   1.0000   1.0000   1.0000
   1.0000   1.0000   1.0000
   1.0000   1.0000   1.0000
   1.0000   1.0000   1.0000
   1.0000   1.0000   1.0000
   1.0000   1.0000   1.0000
   1.0000   1.0000   1.0000
   1.0000   1.0000   1.0000
   1.0000   1.0000   1.0000
   1.0000   1.0000   1.0000
   1.0000   1.0000   1.0000

applying weight : 1
applying weight : 1
applying weight : 1
Here are the weights in c++ : 
   1.0000   1.0000   1.0000
   1.0000   1.0000   1.0000
   1.0000   1.0000   1.0000
   1.0000   1.0000   1.0000
   1.0000   1.0000   1.0000
   1.0000   1.0000   1.0000
   1.0000   1.0000   1.0000
   1.0000   1.0000   1.0000
   1.0000   1.0000   1.0000
   1.0000   1.0000   1.0000
   1.0000   1.0000   1.0000
   1.0000   1.0000   1.0000
   1.0000   1.0000   1.0000
   1.0000   1.0000   1.0000
   1.0000   1.0000   1.0000
   1.0000   1.0000   1.0000
   1.0000   1.0000   1.0000
   1.0000   1.0000   1.0000
   1.0000   1.0000   1.0000
   1.0000   1.0000   1.0000
   1.0000   1.0000   1.0000
   1.0000   1.0000   1.0000
   1.0000   1.0000   1.0000
   1.0000   1.0000   1.0000
   1.0000   1.0000   1.0000
   1.0000   1.0000   1.0000
   1.0000   1.0000   1.0000
   1.0000   1.0000   1.0000
   1.0000   1.0000   1.0000
   1.0000   1.0000   1.0000
   1.0000   1.0000   1.0000
   1.0000   1.0000   1.0000
   1.0000   1.0000   1.0000
   1.0000   1.0000   1.0000
   1.0000   1.0000   1.0000
   1.0000   1.0000   1.0000
   1.0000   1.0000   1.0000
   1.0000   1.0000   1.0000
   1.0000   1.0000   1.0000
   1.0000   1.0000   1.0000
   1.0000   1.0000   1.0000
   1.0000   1.0000   1.0000
   1.0000   1.0000   1.0000
   1.0000   1.0000   1.0000
   1.0000   1.0000   1.0000
   1.0000   1.0000   1.0000
   1.0000   1.0000   1.0000
   1.0000   1.0000   1.0000
   1.0000   1.0000   1.0000
   1.0000   1.0000   1.0000
   1.0000   1.0000   1.0000
   1.0000   1.0000   1.0000
   1.0000   1.0000   1.0000
   1.0000   1.0000   1.0000
   1.0000   1.0000   1.0000
   1.0000   1.0000   1.0000
   1.0000   1.0000   1.0000

applying weight : 1
applying weight : 1
applying weight : 1
Here are the weights in c++ : 
   1.0000   1.0000   1.0000
   1.0000   1.0000   1.0000
   1.0000   1.0000   1.0000
   1.0000   1.0000   1.0000
   1.0000   1.0000   1.0000
   1.0000   1.0000   1.0000
   1.0000   1.0000   1.0000
   1.0000   1.0000   1.0000
   1.0000   1.0000   1.0000
   1.0000   1.0000   1.0000
   1.0000   1.0000   1.0000
   1.0000   1.0000   1.0000
   1.0000   1.0000   1.0000
   1.0000   1.0000   1.0000
   1.0000   1.0000   1.0000
   1.0000   1.0000   1.0000
   1.0000   1.0000   1.0000
   1.0000   1.0000   1.0000
   1.0000   1.0000   1.0000
   1.0000   1.0000   1.0000
   1.0000   1.0000   1.0000
   1.0000   1.0000   1.0000
   1.0000   1.0000   1.0000
   1.0000   1.0000   1.0000
   1.0000   1.0000   1.0000
   1.0000   1.0000   1.0000
   1.0000   1.0000   1.0000
   1.0000   1.0000   1.0000
   1.0000   1.0000   1.0000
   1.0000   1.0000   1.0000
   1.0000   1.0000   1.0000
   1.0000   1.0000   1.0000
   1.0000   1.0000   1.0000
   1.0000   1.0000   1.0000
   1.0000   1.0000   1.0000
   1.0000   1.0000   1.0000
   1.0000   1.0000   1.0000
   1.0000   1.0000   1.0000
   1.0000   1.0000   1.0000
   1.0000   1.0000   1.0000
   1.0000   1.0000   1.0000
   1.0000   1.0000   1.0000
   1.0000   1.0000   1.0000
   1.0000   1.0000   1.0000
   1.0000   1.0000   1.0000
   1.0000   1.0000   1.0000
   1.0000   1.0000   1.0000
   1.0000   1.0000   1.0000
   1.0000   1.0000   1.0000
   1.0000   1.0000   1.0000
   1.0000   1.0000   1.0000
   1.0000   1.0000   1.0000
   1.0000   1.0000   1.0000
   1.0000   1.0000   1.0000
   1.0000   1.0000   1.0000
   1.0000   1.0000   1.0000
   1.0000   1.0000   1.0000

applying weight : 1
applying weight : 1
applying weight : 1
Here are the weights in c++ : 
   1.0000   1.0000   1.0000
   1.0000   1.0000   1.0000
   1.0000   1.0000   1.0000
   1.0000   1.0000   1.0000
   1.0000   1.0000   1.0000
   1.0000   1.0000   1.0000
   1.0000   1.0000   1.0000
   1.0000   1.0000   1.0000
   1.0000   1.0000   1.0000
   1.0000   1.0000   1.0000
   1.0000   1.0000   1.0000
   1.0000   1.0000   1.0000
   1.0000   1.0000   1.0000
   1.0000   1.0000   1.0000
   1.0000   1.0000   1.0000
   1.0000   1.0000   1.0000
   1.0000   1.0000   1.0000
   1.0000   1.0000   1.0000
   1.0000   1.0000   1.0000
   1.0000   1.0000   1.0000
   1.0000   1.0000   1.0000
   1.0000   1.0000   1.0000
   1.0000   1.0000   1.0000
   1.0000   1.0000   1.0000
   1.0000   1.0000   1.0000
   1.0000   1.0000   1.0000
   1.0000   1.0000   1.0000
   1.0000   1.0000   1.0000
   1.0000   1.0000   1.0000
   1.0000   1.0000   1.0000
   1.0000   1.0000   1.0000
   1.0000   1.0000   1.0000
   1.0000   1.0000   1.0000
   1.0000   1.0000   1.0000
   1.0000   1.0000   1.0000
   1.0000   1.0000   1.0000
   1.0000   1.0000   1.0000
   1.0000   1.0000   1.0000
   1.0000   1.0000   1.0000
   1.0000   1.0000   1.0000
   1.0000   1.0000   1.0000
   1.0000   1.0000   1.0000
   1.0000   1.0000   1.0000
   1.0000   1.0000   1.0000
   1.0000   1.0000   1.0000
   1.0000   1.0000   1.0000
   1.0000   1.0000   1.0000
   1.0000   1.0000   1.0000
   1.0000   1.0000   1.0000
   1.0000   1.0000   1.0000
   1.0000   1.0000   1.0000
   1.0000   1.0000   1.0000
   1.0000   1.0000   1.0000
   1.0000   1.0000   1.0000
   1.0000   1.0000   1.0000
   1.0000   1.0000   1.0000
   1.0000   1.0000   1.0000

applying weight : 1
applying weight : 1
applying weight : 1
Here are the weights in c++ : 
   1.0000   1.0000   1.0000
   1.0000   1.0000   1.0000
   1.0000   1.0000   1.0000
   1.0000   1.0000   1.0000
   1.0000   1.0000   1.0000
   1.0000   1.0000   1.0000
   1.0000   1.0000   1.0000
   1.0000   1.0000   1.0000
   1.0000   1.0000   1.0000
   1.0000   1.0000   1.0000
   1.0000   1.0000   1.0000
   1.0000   1.0000   1.0000
   1.0000   1.0000   1.0000
   1.0000   1.0000   1.0000
   1.0000   1.0000   1.0000
   1.0000   1.0000   1.0000
   1.0000   1.0000   1.0000
   1.0000   1.0000   1.0000
   1.0000   1.0000   1.0000
   1.0000   1.0000   1.0000
   1.0000   1.0000   1.0000
   1.0000   1.0000   1.0000
   1.0000   1.0000   1.0000
   1.0000   1.0000   1.0000
   1.0000   1.0000   1.0000
   1.0000   1.0000   1.0000
   1.0000   1.0000   1.0000
   1.0000   1.0000   1.0000
   1.0000   1.0000   1.0000
   1.0000   1.0000   1.0000
   1.0000   1.0000   1.0000
   1.0000   1.0000   1.0000
   1.0000   1.0000   1.0000
   1.0000   1.0000   1.0000
   1.0000   1.0000   1.0000
   1.0000   1.0000   1.0000
   1.0000   1.0000   1.0000
   1.0000   1.0000   1.0000
   1.0000   1.0000   1.0000
   1.0000   1.0000   1.0000
   1.0000   1.0000   1.0000
   1.0000   1.0000   1.0000
   1.0000   1.0000   1.0000
   1.0000   1.0000   1.0000
   1.0000   1.0000   1.0000
   1.0000   1.0000   1.0000
   1.0000   1.0000   1.0000
   1.0000   1.0000   1.0000
   1.0000   1.0000   1.0000
   1.0000   1.0000   1.0000
   1.0000   1.0000   1.0000
   1.0000   1.0000   1.0000
   1.0000   1.0000   1.0000
   1.0000   1.0000   1.0000
   1.0000   1.0000   1.0000
   1.0000   1.0000   1.0000
   1.0000   1.0000   1.0000

applying weight : 1
applying weight : 1
applying weight : 1
Here are the weights in c++ : 
   1.0000   1.0000   1.0000
   1.0000   1.0000   1.0000
   1.0000   1.0000   1.0000
   1.0000   1.0000   1.0000
   1.0000   1.0000   1.0000
   1.0000   1.0000   1.0000
   1.0000   1.0000   1.0000
   1.0000   1.0000   1.0000
   1.0000   1.0000   1.0000
   1.0000   1.0000   1.0000
   1.0000   1.0000   1.0000
   1.0000   1.0000   1.0000
   1.0000   1.0000   1.0000
   1.0000   1.0000   1.0000
   1.0000   1.0000   1.0000
   1.0000   1.0000   1.0000
   1.0000   1.0000   1.0000
   1.0000   1.0000   1.0000
   1.0000   1.0000   1.0000
   1.0000   1.0000   1.0000
   1.0000   1.0000   1.0000
   1.0000   1.0000   1.0000
   1.0000   1.0000   1.0000
   1.0000   1.0000   1.0000
   1.0000   1.0000   1.0000
   1.0000   1.0000   1.0000
   1.0000   1.0000   1.0000
   1.0000   1.0000   1.0000
   1.0000   1.0000   1.0000
   1.0000   1.0000   1.0000
   1.0000   1.0000   1.0000
   1.0000   1.0000   1.0000
   1.0000   1.0000   1.0000
   1.0000   1.0000   1.0000
   1.0000   1.0000   1.0000
   1.0000   1.0000   1.0000
   1.0000   1.0000   1.0000
   1.0000   1.0000   1.0000
   1.0000   1.0000   1.0000
   1.0000   1.0000   1.0000
   1.0000   1.0000   1.0000
   1.0000   1.0000   1.0000
   1.0000   1.0000   1.0000
   1.0000   1.0000   1.0000
   1.0000   1.0000   1.0000
   1.0000   1.0000   1.0000
   1.0000   1.0000   1.0000
   1.0000   1.0000   1.0000
   1.0000   1.0000   1.0000
   1.0000   1.0000   1.0000
   1.0000   1.0000   1.0000
   1.0000   1.0000   1.0000
   1.0000   1.0000   1.0000
   1.0000   1.0000   1.0000
   1.0000   1.0000   1.0000
   1.0000   1.0000   1.0000
   1.0000   1.0000   1.0000

applying weight : 1
applying weight : 1
applying weight : 1
Here are the weights in c++ : 
   1.0000   1.0000   1.0000
   1.0000   1.0000   1.0000
   1.0000   1.0000   1.0000
   1.0000   1.0000   1.0000
   1.0000   1.0000   1.0000
   1.0000   1.0000   1.0000
   1.0000   1.0000   1.0000
   1.0000   1.0000   1.0000
   1.0000   1.0000   1.0000
   1.0000   1.0000   1.0000
   1.0000   1.0000   1.0000
   1.0000   1.0000   1.0000
   1.0000   1.0000   1.0000
   1.0000   1.0000   1.0000
   1.0000   1.0000   1.0000
   1.0000   1.0000   1.0000
   1.0000   1.0000   1.0000
   1.0000   1.0000   1.0000
   1.0000   1.0000   1.0000
   1.0000   1.0000   1.0000
   1.0000   1.0000   1.0000
   1.0000   1.0000   1.0000
   1.0000   1.0000   1.0000
   1.0000   1.0000   1.0000
   1.0000   1.0000   1.0000
   1.0000   1.0000   1.0000
   1.0000   1.0000   1.0000
   1.0000   1.0000   1.0000
   1.0000   1.0000   1.0000
   1.0000   1.0000   1.0000
   1.0000   1.0000   1.0000
   1.0000   1.0000   1.0000
   1.0000   1.0000   1.0000
   1.0000   1.0000   1.0000
   1.0000   1.0000   1.0000
   1.0000   1.0000   1.0000
   1.0000   1.0000   1.0000
   1.0000   1.0000   1.0000
   1.0000   1.0000   1.0000
   1.0000   1.0000   1.0000
   1.0000   1.0000   1.0000
   1.0000   1.0000   1.0000
   1.0000   1.0000   1.0000
   1.0000   1.0000   1.0000
   1.0000   1.0000   1.0000
   1.0000   1.0000   1.0000
   1.0000   1.0000   1.0000
   1.0000   1.0000   1.0000
   1.0000   1.0000   1.0000
   1.0000   1.0000   1.0000
   1.0000   1.0000   1.0000
   1.0000   1.0000   1.0000
   1.0000   1.0000   1.0000
   1.0000   1.0000   1.0000
   1.0000   1.0000   1.0000
   1.0000   1.0000   1.0000
   1.0000   1.0000   1.0000

applying weight : 1
applying weight : 1
applying weight : 1
Here are the weights in c++ : 
   1.0000   1.0000   1.0000
   1.0000   1.0000   1.0000
   1.0000   1.0000   1.0000
   1.0000   1.0000   1.0000
   1.0000   1.0000   1.0000
   1.0000   1.0000   1.0000
   1.0000   1.0000   1.0000
   1.0000   1.0000   1.0000
   1.0000   1.0000   1.0000
   1.0000   1.0000   1.0000
   1.0000   1.0000   1.0000
   1.0000   1.0000   1.0000
   1.0000   1.0000   1.0000
   1.0000   1.0000   1.0000
   1.0000   1.0000   1.0000
   1.0000   1.0000   1.0000
   1.0000   1.0000   1.0000
   1.0000   1.0000   1.0000
   1.0000   1.0000   1.0000
   1.0000   1.0000   1.0000
   1.0000   1.0000   1.0000
   1.0000   1.0000   1.0000
   1.0000   1.0000   1.0000
   1.0000   1.0000   1.0000
   1.0000   1.0000   1.0000
   1.0000   1.0000   1.0000
   1.0000   1.0000   1.0000
   1.0000   1.0000   1.0000
   1.0000   1.0000   1.0000
   1.0000   1.0000   1.0000
   1.0000   1.0000   1.0000
   1.0000   1.0000   1.0000
   1.0000   1.0000   1.0000
   1.0000   1.0000   1.0000
   1.0000   1.0000   1.0000
   1.0000   1.0000   1.0000
   1.0000   1.0000   1.0000
   1.0000   1.0000   1.0000
   1.0000   1.0000   1.0000
   1.0000   1.0000   1.0000
   1.0000   1.0000   1.0000
   1.0000   1.0000   1.0000
   1.0000   1.0000   1.0000
   1.0000   1.0000   1.0000
   1.0000   1.0000   1.0000
   1.0000   1.0000   1.0000
   1.0000   1.0000   1.0000
   1.0000   1.0000   1.0000
   1.0000   1.0000   1.0000
   1.0000   1.0000   1.0000
   1.0000   1.0000   1.0000
   1.0000   1.0000   1.0000
   1.0000   1.0000   1.0000
   1.0000   1.0000   1.0000
   1.0000   1.0000   1.0000
   1.0000   1.0000   1.0000
   1.0000   1.0000   1.0000

applying weight : 1
applying weight : 1
applying weight : 1
Here are the weights in c++ : 
   1.0000   1.0000   1.0000
   1.0000   1.0000   1.0000
   1.0000   1.0000   1.0000
   1.0000   1.0000   1.0000
   1.0000   1.0000   1.0000
   1.0000   1.0000   1.0000
   1.0000   1.0000   1.0000
   1.0000   1.0000   1.0000
   1.0000   1.0000   1.0000
   1.0000   1.0000   1.0000
   1.0000   1.0000   1.0000
   1.0000   1.0000   1.0000
   1.0000   1.0000   1.0000
   1.0000   1.0000   1.0000
   1.0000   1.0000   1.0000
   1.0000   1.0000   1.0000
   1.0000   1.0000   1.0000
   1.0000   1.0000   1.0000
   1.0000   1.0000   1.0000
   1.0000   1.0000   1.0000
   1.0000   1.0000   1.0000
   1.0000   1.0000   1.0000
   1.0000   1.0000   1.0000
   1.0000   1.0000   1.0000
   1.0000   1.0000   1.0000
   1.0000   1.0000   1.0000
   1.0000   1.0000   1.0000
   1.0000   1.0000   1.0000
   1.0000   1.0000   1.0000
   1.0000   1.0000   1.0000
   1.0000   1.0000   1.0000
   1.0000   1.0000   1.0000
   1.0000   1.0000   1.0000
   1.0000   1.0000   1.0000
   1.0000   1.0000   1.0000
   1.0000   1.0000   1.0000
   1.0000   1.0000   1.0000
   1.0000   1.0000   1.0000
   1.0000   1.0000   1.0000
   1.0000   1.0000   1.0000
   1.0000   1.0000   1.0000
   1.0000   1.0000   1.0000
   1.0000   1.0000   1.0000
   1.0000   1.0000   1.0000
   1.0000   1.0000   1.0000
   1.0000   1.0000   1.0000
   1.0000   1.0000   1.0000
   1.0000   1.0000   1.0000
   1.0000   1.0000   1.0000
   1.0000   1.0000   1.0000
   1.0000   1.0000   1.0000
   1.0000   1.0000   1.0000
   1.0000   1.0000   1.0000
   1.0000   1.0000   1.0000
   1.0000   1.0000   1.0000
   1.0000   1.0000   1.0000
   1.0000   1.0000   1.0000

applying weight : 1
applying weight : 1
applying weight : 1
Here are the weights in c++ : 
   1.0000   1.0000   1.0000
   1.0000   1.0000   1.0000
   1.0000   1.0000   1.0000
   1.0000   1.0000   1.0000
   1.0000   1.0000   1.0000
   1.0000   1.0000   1.0000
   1.0000   1.0000   1.0000
   1.0000   1.0000   1.0000
   1.0000   1.0000   1.0000
   1.0000   1.0000   1.0000
   1.0000   1.0000   1.0000
   1.0000   1.0000   1.0000
   1.0000   1.0000   1.0000
   1.0000   1.0000   1.0000
   1.0000   1.0000   1.0000
   1.0000   1.0000   1.0000
   1.0000   1.0000   1.0000
   1.0000   1.0000   1.0000
   1.0000   1.0000   1.0000
   1.0000   1.0000   1.0000
   1.0000   1.0000   1.0000
   1.0000   1.0000   1.0000
   1.0000   1.0000   1.0000
   1.0000   1.0000   1.0000
   1.0000   1.0000   1.0000
   1.0000   1.0000   1.0000
   1.0000   1.0000   1.0000
   1.0000   1.0000   1.0000
   1.0000   1.0000   1.0000
   1.0000   1.0000   1.0000
   1.0000   1.0000   1.0000
   1.0000   1.0000   1.0000
   1.0000   1.0000   1.0000
   1.0000   1.0000   1.0000
   1.0000   1.0000   1.0000
   1.0000   1.0000   1.0000
   1.0000   1.0000   1.0000
   1.0000   1.0000   1.0000
   1.0000   1.0000   1.0000
   1.0000   1.0000   1.0000
   1.0000   1.0000   1.0000
   1.0000   1.0000   1.0000
   1.0000   1.0000   1.0000
   1.0000   1.0000   1.0000
   1.0000   1.0000   1.0000
   1.0000   1.0000   1.0000
   1.0000   1.0000   1.0000
   1.0000   1.0000   1.0000
   1.0000   1.0000   1.0000
   1.0000   1.0000   1.0000
   1.0000   1.0000   1.0000
   1.0000   1.0000   1.0000
   1.0000   1.0000   1.0000
   1.0000   1.0000   1.0000
   1.0000   1.0000   1.0000
   1.0000   1.0000   1.0000
   1.0000   1.0000   1.0000

applying weight : 1
applying weight : 1
applying weight : 1
Here are the weights in c++ : 
   1.0000   1.0000   1.0000
   1.0000   1.0000   1.0000
   1.0000   1.0000   1.0000
   1.0000   1.0000   1.0000
   1.0000   1.0000   1.0000
   1.0000   1.0000   1.0000
   1.0000   1.0000   1.0000
   1.0000   1.0000   1.0000
   1.0000   1.0000   1.0000
   1.0000   1.0000   1.0000
   1.0000   1.0000   1.0000
   1.0000   1.0000   1.0000
   1.0000   1.0000   1.0000
   1.0000   1.0000   1.0000
   1.0000   1.0000   1.0000
   1.0000   1.0000   1.0000
   1.0000   1.0000   1.0000
   1.0000   1.0000   1.0000
   1.0000   1.0000   1.0000
   1.0000   1.0000   1.0000
   1.0000   1.0000   1.0000
   1.0000   1.0000   1.0000
   1.0000   1.0000   1.0000
   1.0000   1.0000   1.0000
   1.0000   1.0000   1.0000
   1.0000   1.0000   1.0000
   1.0000   1.0000   1.0000
   1.0000   1.0000   1.0000
   1.0000   1.0000   1.0000
   1.0000   1.0000   1.0000
   1.0000   1.0000   1.0000
   1.0000   1.0000   1.0000
   1.0000   1.0000   1.0000
   1.0000   1.0000   1.0000
   1.0000   1.0000   1.0000
   1.0000   1.0000   1.0000
   1.0000   1.0000   1.0000
   1.0000   1.0000   1.0000
   1.0000   1.0000   1.0000
   1.0000   1.0000   1.0000
   1.0000   1.0000   1.0000
   1.0000   1.0000   1.0000
   1.0000   1.0000   1.0000
   1.0000   1.0000   1.0000
   1.0000   1.0000   1.0000
   1.0000   1.0000   1.0000
   1.0000   1.0000   1.0000
   1.0000   1.0000   1.0000
   1.0000   1.0000   1.0000
   1.0000   1.0000   1.0000
   1.0000   1.0000   1.0000
   1.0000   1.0000   1.0000
   1.0000   1.0000   1.0000
   1.0000   1.0000   1.0000
   1.0000   1.0000   1.0000
   1.0000   1.0000   1.0000
   1.0000   1.0000   1.0000

applying weight : 1
applying weight : 1
applying weight : 1
Here are the weights in c++ : 
   1.0000   1.0000   1.0000
   1.0000   1.0000   1.0000
   1.0000   1.0000   1.0000
   1.0000   1.0000   1.0000
   1.0000   1.0000   1.0000
   1.0000   1.0000   1.0000
   1.0000   1.0000   1.0000
   1.0000   1.0000   1.0000
   1.0000   1.0000   1.0000
   1.0000   1.0000   1.0000
   1.0000   1.0000   1.0000
   1.0000   1.0000   1.0000
   1.0000   1.0000   1.0000
   1.0000   1.0000   1.0000
   1.0000   1.0000   1.0000
   1.0000   1.0000   1.0000
   1.0000   1.0000   1.0000
   1.0000   1.0000   1.0000
   1.0000   1.0000   1.0000
   1.0000   1.0000   1.0000
   1.0000   1.0000   1.0000
   1.0000   1.0000   1.0000
   1.0000   1.0000   1.0000
   1.0000   1.0000   1.0000
   1.0000   1.0000   1.0000
   1.0000   1.0000   1.0000
   1.0000   1.0000   1.0000
   1.0000   1.0000   1.0000
   1.0000   1.0000   1.0000
   1.0000   1.0000   1.0000
   1.0000   1.0000   1.0000
   1.0000   1.0000   1.0000
   1.0000   1.0000   1.0000
   1.0000   1.0000   1.0000
   1.0000   1.0000   1.0000
   1.0000   1.0000   1.0000
   1.0000   1.0000   1.0000
   1.0000   1.0000   1.0000
   1.0000   1.0000   1.0000
   1.0000   1.0000   1.0000
   1.0000   1.0000   1.0000
   1.0000   1.0000   1.0000
   1.0000   1.0000   1.0000
   1.0000   1.0000   1.0000
   1.0000   1.0000   1.0000
   1.0000   1.0000   1.0000
   1.0000   1.0000   1.0000
   1.0000   1.0000   1.0000
   1.0000   1.0000   1.0000
   1.0000   1.0000   1.0000
   1.0000   1.0000   1.0000
   1.0000   1.0000   1.0000
   1.0000   1.0000   1.0000
   1.0000   1.0000   1.0000
   1.0000   1.0000   1.0000
   1.0000   1.0000   1.0000
   1.0000   1.0000   1.0000

applying weight : 1
applying weight : 1
applying weight : 1
Here are the weights in c++ : 
   1.0000   1.0000   1.0000
   1.0000   1.0000   1.0000
   1.0000   1.0000   1.0000
   1.0000   1.0000   1.0000
   1.0000   1.0000   1.0000
   1.0000   1.0000   1.0000
   1.0000   1.0000   1.0000
   1.0000   1.0000   1.0000
   1.0000   1.0000   1.0000
   1.0000   1.0000   1.0000
   1.0000   1.0000   1.0000
   1.0000   1.0000   1.0000
   1.0000   1.0000   1.0000
   1.0000   1.0000   1.0000
   1.0000   1.0000   1.0000
   1.0000   1.0000   1.0000
   1.0000   1.0000   1.0000
   1.0000   1.0000   1.0000
   1.0000   1.0000   1.0000
   1.0000   1.0000   1.0000
   1.0000   1.0000   1.0000
   1.0000   1.0000   1.0000
   1.0000   1.0000   1.0000
   1.0000   1.0000   1.0000
   1.0000   1.0000   1.0000
   1.0000   1.0000   1.0000
   1.0000   1.0000   1.0000
   1.0000   1.0000   1.0000
   1.0000   1.0000   1.0000
   1.0000   1.0000   1.0000
   1.0000   1.0000   1.0000
   1.0000   1.0000   1.0000
   1.0000   1.0000   1.0000
   1.0000   1.0000   1.0000
   1.0000   1.0000   1.0000
   1.0000   1.0000   1.0000
   1.0000   1.0000   1.0000
   1.0000   1.0000   1.0000
   1.0000   1.0000   1.0000
   1.0000   1.0000   1.0000
   1.0000   1.0000   1.0000
   1.0000   1.0000   1.0000
   1.0000   1.0000   1.0000
   1.0000   1.0000   1.0000
   1.0000   1.0000   1.0000
   1.0000   1.0000   1.0000
   1.0000   1.0000   1.0000
   1.0000   1.0000   1.0000
   1.0000   1.0000   1.0000
   1.0000   1.0000   1.0000
   1.0000   1.0000   1.0000
   1.0000   1.0000   1.0000
   1.0000   1.0000   1.0000
   1.0000   1.0000   1.0000
   1.0000   1.0000   1.0000
   1.0000   1.0000   1.0000
   1.0000   1.0000   1.0000

applying weight : 1
applying weight : 1
applying weight : 1
Here are the weights in c++ : 
   1.0000   1.0000   1.0000
   1.0000   1.0000   1.0000
   1.0000   1.0000   1.0000
   1.0000   1.0000   1.0000
   1.0000   1.0000   1.0000
   1.0000   1.0000   1.0000
   1.0000   1.0000   1.0000
   1.0000   1.0000   1.0000
   1.0000   1.0000   1.0000
   1.0000   1.0000   1.0000
   1.0000   1.0000   1.0000
   1.0000   1.0000   1.0000
   1.0000   1.0000   1.0000
   1.0000   1.0000   1.0000
   1.0000   1.0000   1.0000
   1.0000   1.0000   1.0000
   1.0000   1.0000   1.0000
   1.0000   1.0000   1.0000
   1.0000   1.0000   1.0000
   1.0000   1.0000   1.0000
   1.0000   1.0000   1.0000
   1.0000   1.0000   1.0000
   1.0000   1.0000   1.0000
   1.0000   1.0000   1.0000
   1.0000   1.0000   1.0000
   1.0000   1.0000   1.0000
   1.0000   1.0000   1.0000
   1.0000   1.0000   1.0000
   1.0000   1.0000   1.0000
   1.0000   1.0000   1.0000
   1.0000   1.0000   1.0000
   1.0000   1.0000   1.0000
   1.0000   1.0000   1.0000
   1.0000   1.0000   1.0000
   1.0000   1.0000   1.0000
   1.0000   1.0000   1.0000
   1.0000   1.0000   1.0000
   1.0000   1.0000   1.0000
   1.0000   1.0000   1.0000
   1.0000   1.0000   1.0000
   1.0000   1.0000   1.0000
   1.0000   1.0000   1.0000
   1.0000   1.0000   1.0000
   1.0000   1.0000   1.0000
   1.0000   1.0000   1.0000
   1.0000   1.0000   1.0000
   1.0000   1.0000   1.0000
   1.0000   1.0000   1.0000
   1.0000   1.0000   1.0000
   1.0000   1.0000   1.0000
   1.0000   1.0000   1.0000
   1.0000   1.0000   1.0000
   1.0000   1.0000   1.0000
   1.0000   1.0000   1.0000
   1.0000   1.0000   1.0000
   1.0000   1.0000   1.0000
   1.0000   1.0000   1.0000

applying weight : 1
applying weight : 1
applying weight : 1
Here are the weights in c++ : 
   1.0000   1.0000   1.0000
   1.0000   1.0000   1.0000
   1.0000   1.0000   1.0000
   1.0000   1.0000   1.0000
   1.0000   1.0000   1.0000
   1.0000   1.0000   1.0000
   1.0000   1.0000   1.0000
   1.0000   1.0000   1.0000
   1.0000   1.0000   1.0000
   1.0000   1.0000   1.0000
   1.0000   1.0000   1.0000
   1.0000   1.0000   1.0000
   1.0000   1.0000   1.0000
   1.0000   1.0000   1.0000
   1.0000   1.0000   1.0000
   1.0000   1.0000   1.0000
   1.0000   1.0000   1.0000
   1.0000   1.0000   1.0000
   1.0000   1.0000   1.0000
   1.0000   1.0000   1.0000
   1.0000   1.0000   1.0000
   1.0000   1.0000   1.0000
   1.0000   1.0000   1.0000
   1.0000   1.0000   1.0000
   1.0000   1.0000   1.0000
   1.0000   1.0000   1.0000
   1.0000   1.0000   1.0000
   1.0000   1.0000   1.0000
   1.0000   1.0000   1.0000
   1.0000   1.0000   1.0000
   1.0000   1.0000   1.0000
   1.0000   1.0000   1.0000
   1.0000   1.0000   1.0000
   1.0000   1.0000   1.0000
   1.0000   1.0000   1.0000
   1.0000   1.0000   1.0000
   1.0000   1.0000   1.0000
   1.0000   1.0000   1.0000
   1.0000   1.0000   1.0000
   1.0000   1.0000   1.0000
   1.0000   1.0000   1.0000
   1.0000   1.0000   1.0000
   1.0000   1.0000   1.0000
   1.0000   1.0000   1.0000
   1.0000   1.0000   1.0000
   1.0000   1.0000   1.0000
   1.0000   1.0000   1.0000
   1.0000   1.0000   1.0000
   1.0000   1.0000   1.0000
   1.0000   1.0000   1.0000
   1.0000   1.0000   1.0000
   1.0000   1.0000   1.0000
   1.0000   1.0000   1.0000
   1.0000   1.0000   1.0000
   1.0000   1.0000   1.0000
   1.0000   1.0000   1.0000
   1.0000   1.0000   1.0000

applying weight : 1
applying weight : 1
applying weight : 1
Here are the weights in c++ : 
   1.0000   1.0000   1.0000
   1.0000   1.0000   1.0000
   1.0000   1.0000   1.0000
   1.0000   1.0000   1.0000
   1.0000   1.0000   1.0000
   1.0000   1.0000   1.0000
   1.0000   1.0000   1.0000
   1.0000   1.0000   1.0000
   1.0000   1.0000   1.0000
   1.0000   1.0000   1.0000
   1.0000   1.0000   1.0000
   1.0000   1.0000   1.0000
   1.0000   1.0000   1.0000
   1.0000   1.0000   1.0000
   1.0000   1.0000   1.0000
   1.0000   1.0000   1.0000
   1.0000   1.0000   1.0000
   1.0000   1.0000   1.0000
   1.0000   1.0000   1.0000
   1.0000   1.0000   1.0000
   1.0000   1.0000   1.0000
   1.0000   1.0000   1.0000
   1.0000   1.0000   1.0000
   1.0000   1.0000   1.0000
   1.0000   1.0000   1.0000
   1.0000   1.0000   1.0000
   1.0000   1.0000   1.0000
   1.0000   1.0000   1.0000
   1.0000   1.0000   1.0000
   1.0000   1.0000   1.0000
   1.0000   1.0000   1.0000
   1.0000   1.0000   1.0000
   1.0000   1.0000   1.0000
   1.0000   1.0000   1.0000
   1.0000   1.0000   1.0000
   1.0000   1.0000   1.0000
   1.0000   1.0000   1.0000
   1.0000   1.0000   1.0000
   1.0000   1.0000   1.0000
   1.0000   1.0000   1.0000
   1.0000   1.0000   1.0000
   1.0000   1.0000   1.0000
   1.0000   1.0000   1.0000
   1.0000   1.0000   1.0000
   1.0000   1.0000   1.0000
   1.0000   1.0000   1.0000
   1.0000   1.0000   1.0000
   1.0000   1.0000   1.0000
   1.0000   1.0000   1.0000
   1.0000   1.0000   1.0000
   1.0000   1.0000   1.0000
   1.0000   1.0000   1.0000
   1.0000   1.0000   1.0000
   1.0000   1.0000   1.0000
   1.0000   1.0000   1.0000
   1.0000   1.0000   1.0000
   1.0000   1.0000   1.0000

applying weight : 1
applying weight : 1
applying weight : 1
Here are the weights in c++ : 
   1.0000   1.0000   1.0000
   1.0000   1.0000   1.0000
   1.0000   1.0000   1.0000
   1.0000   1.0000   1.0000
   1.0000   1.0000   1.0000
   1.0000   1.0000   1.0000
   1.0000   1.0000   1.0000
   1.0000   1.0000   1.0000
   1.0000   1.0000   1.0000
   1.0000   1.0000   1.0000
   1.0000   1.0000   1.0000
   1.0000   1.0000   1.0000
   1.0000   1.0000   1.0000
   1.0000   1.0000   1.0000
   1.0000   1.0000   1.0000
   1.0000   1.0000   1.0000
   1.0000   1.0000   1.0000
   1.0000   1.0000   1.0000
   1.0000   1.0000   1.0000
   1.0000   1.0000   1.0000
   1.0000   1.0000   1.0000
   1.0000   1.0000   1.0000
   1.0000   1.0000   1.0000
   1.0000   1.0000   1.0000
   1.0000   1.0000   1.0000
   1.0000   1.0000   1.0000
   1.0000   1.0000   1.0000
   1.0000   1.0000   1.0000
   1.0000   1.0000   1.0000
   1.0000   1.0000   1.0000
   1.0000   1.0000   1.0000
   1.0000   1.0000   1.0000
   1.0000   1.0000   1.0000
   1.0000   1.0000   1.0000
   1.0000   1.0000   1.0000
   1.0000   1.0000   1.0000
   1.0000   1.0000   1.0000
   1.0000   1.0000   1.0000
   1.0000   1.0000   1.0000
   1.0000   1.0000   1.0000
   1.0000   1.0000   1.0000
   1.0000   1.0000   1.0000
   1.0000   1.0000   1.0000
   1.0000   1.0000   1.0000
   1.0000   1.0000   1.0000
   1.0000   1.0000   1.0000
   1.0000   1.0000   1.0000
   1.0000   1.0000   1.0000
   1.0000   1.0000   1.0000
   1.0000   1.0000   1.0000
   1.0000   1.0000   1.0000
   1.0000   1.0000   1.0000
   1.0000   1.0000   1.0000
   1.0000   1.0000   1.0000
   1.0000   1.0000   1.0000
   1.0000   1.0000   1.0000
   1.0000   1.0000   1.0000

applying weight : 1
applying weight : 1
applying weight : 1
Here are the weights in c++ : 
   1.0000   1.0000   1.0000
   1.0000   1.0000   1.0000
   1.0000   1.0000   1.0000
   1.0000   1.0000   1.0000
   1.0000   1.0000   1.0000
   1.0000   1.0000   1.0000
   1.0000   1.0000   1.0000
   1.0000   1.0000   1.0000
   1.0000   1.0000   1.0000
   1.0000   1.0000   1.0000
   1.0000   1.0000   1.0000
   1.0000   1.0000   1.0000
   1.0000   1.0000   1.0000
   1.0000   1.0000   1.0000
   1.0000   1.0000   1.0000
   1.0000   1.0000   1.0000
   1.0000   1.0000   1.0000
   1.0000   1.0000   1.0000
   1.0000   1.0000   1.0000
   1.0000   1.0000   1.0000
   1.0000   1.0000   1.0000
   1.0000   1.0000   1.0000
   1.0000   1.0000   1.0000
   1.0000   1.0000   1.0000
   1.0000   1.0000   1.0000
   1.0000   1.0000   1.0000
   1.0000   1.0000   1.0000
   1.0000   1.0000   1.0000
   1.0000   1.0000   1.0000
   1.0000   1.0000   1.0000
   1.0000   1.0000   1.0000
   1.0000   1.0000   1.0000
   1.0000   1.0000   1.0000
   1.0000   1.0000   1.0000
   1.0000   1.0000   1.0000
   1.0000   1.0000   1.0000
   1.0000   1.0000   1.0000
   1.0000   1.0000   1.0000
   1.0000   1.0000   1.0000
   1.0000   1.0000   1.0000
   1.0000   1.0000   1.0000
   1.0000   1.0000   1.0000
   1.0000   1.0000   1.0000
   1.0000   1.0000   1.0000
   1.0000   1.0000   1.0000
   1.0000   1.0000   1.0000
   1.0000   1.0000   1.0000
   1.0000   1.0000   1.0000
   1.0000   1.0000   1.0000
   1.0000   1.0000   1.0000
   1.0000   1.0000   1.0000
   1.0000   1.0000   1.0000
   1.0000   1.0000   1.0000
   1.0000   1.0000   1.0000
   1.0000   1.0000   1.0000
   1.0000   1.0000   1.0000
   1.0000   1.0000   1.0000

applying weight : 1
applying weight : 1
applying weight : 1
Here are the weights in c++ : 
   1.0000   1.0000   1.0000
   1.0000   1.0000   1.0000
   1.0000   1.0000   1.0000
   1.0000   1.0000   1.0000
   1.0000   1.0000   1.0000
   1.0000   1.0000   1.0000
   1.0000   1.0000   1.0000
   1.0000   1.0000   1.0000
   1.0000   1.0000   1.0000
   1.0000   1.0000   1.0000
   1.0000   1.0000   1.0000
   1.0000   1.0000   1.0000
   1.0000   1.0000   1.0000
   1.0000   1.0000   1.0000
   1.0000   1.0000   1.0000
   1.0000   1.0000   1.0000
   1.0000   1.0000   1.0000
   1.0000   1.0000   1.0000
   1.0000   1.0000   1.0000
   1.0000   1.0000   1.0000
   1.0000   1.0000   1.0000
   1.0000   1.0000   1.0000
   1.0000   1.0000   1.0000
   1.0000   1.0000   1.0000
   1.0000   1.0000   1.0000
   1.0000   1.0000   1.0000
   1.0000   1.0000   1.0000
   1.0000   1.0000   1.0000
   1.0000   1.0000   1.0000
   1.0000   1.0000   1.0000
   1.0000   1.0000   1.0000
   1.0000   1.0000   1.0000
   1.0000   1.0000   1.0000
   1.0000   1.0000   1.0000
   1.0000   1.0000   1.0000
   1.0000   1.0000   1.0000
   1.0000   1.0000   1.0000
   1.0000   1.0000   1.0000
   1.0000   1.0000   1.0000
   1.0000   1.0000   1.0000
   1.0000   1.0000   1.0000
   1.0000   1.0000   1.0000
   1.0000   1.0000   1.0000
   1.0000   1.0000   1.0000
   1.0000   1.0000   1.0000
   1.0000   1.0000   1.0000
   1.0000   1.0000   1.0000
   1.0000   1.0000   1.0000
   1.0000   1.0000   1.0000
   1.0000   1.0000   1.0000
   1.0000   1.0000   1.0000
   1.0000   1.0000   1.0000
   1.0000   1.0000   1.0000
   1.0000   1.0000   1.0000
   1.0000   1.0000   1.0000
   1.0000   1.0000   1.0000
   1.0000   1.0000   1.0000

applying weight : 1
applying weight : 1
applying weight : 1
Here are the weights in c++ : 
   1.0000   1.0000   1.0000
   1.0000   1.0000   1.0000
   1.0000   1.0000   1.0000
   1.0000   1.0000   1.0000
   1.0000   1.0000   1.0000
   1.0000   1.0000   1.0000
   1.0000   1.0000   1.0000
   1.0000   1.0000   1.0000
   1.0000   1.0000   1.0000
   1.0000   1.0000   1.0000
   1.0000   1.0000   1.0000
   1.0000   1.0000   1.0000
   1.0000   1.0000   1.0000
   1.0000   1.0000   1.0000
   1.0000   1.0000   1.0000
   1.0000   1.0000   1.0000
   1.0000   1.0000   1.0000
   1.0000   1.0000   1.0000
   1.0000   1.0000   1.0000
   1.0000   1.0000   1.0000
   1.0000   1.0000   1.0000
   1.0000   1.0000   1.0000
   1.0000   1.0000   1.0000
   1.0000   1.0000   1.0000
   1.0000   1.0000   1.0000
   1.0000   1.0000   1.0000
   1.0000   1.0000   1.0000
   1.0000   1.0000   1.0000
   1.0000   1.0000   1.0000
   1.0000   1.0000   1.0000
   1.0000   1.0000   1.0000
   1.0000   1.0000   1.0000
   1.0000   1.0000   1.0000
   1.0000   1.0000   1.0000
   1.0000   1.0000   1.0000
   1.0000   1.0000   1.0000
   1.0000   1.0000   1.0000
   1.0000   1.0000   1.0000
   1.0000   1.0000   1.0000
   1.0000   1.0000   1.0000
   1.0000   1.0000   1.0000
   1.0000   1.0000   1.0000
   1.0000   1.0000   1.0000
   1.0000   1.0000   1.0000
   1.0000   1.0000   1.0000
   1.0000   1.0000   1.0000
   1.0000   1.0000   1.0000
   1.0000   1.0000   1.0000
   1.0000   1.0000   1.0000
   1.0000   1.0000   1.0000
   1.0000   1.0000   1.0000
   1.0000   1.0000   1.0000
   1.0000   1.0000   1.0000
   1.0000   1.0000   1.0000
   1.0000   1.0000   1.0000
   1.0000   1.0000   1.0000
   1.0000   1.0000   1.0000

applying weight : 1
applying weight : 1
applying weight : 1
Here are the weights in c++ : 
   1.0000   1.0000   1.0000
   1.0000   1.0000   1.0000
   1.0000   1.0000   1.0000
   1.0000   1.0000   1.0000
   1.0000   1.0000   1.0000
   1.0000   1.0000   1.0000
   1.0000   1.0000   1.0000
   1.0000   1.0000   1.0000
   1.0000   1.0000   1.0000
   1.0000   1.0000   1.0000
   1.0000   1.0000   1.0000
   1.0000   1.0000   1.0000
   1.0000   1.0000   1.0000
   1.0000   1.0000   1.0000
   1.0000   1.0000   1.0000
   1.0000   1.0000   1.0000
   1.0000   1.0000   1.0000
   1.0000   1.0000   1.0000
   1.0000   1.0000   1.0000
   1.0000   1.0000   1.0000
   1.0000   1.0000   1.0000
   1.0000   1.0000   1.0000
   1.0000   1.0000   1.0000
   1.0000   1.0000   1.0000
   1.0000   1.0000   1.0000
   1.0000   1.0000   1.0000
   1.0000   1.0000   1.0000
   1.0000   1.0000   1.0000
   1.0000   1.0000   1.0000
   1.0000   1.0000   1.0000
   1.0000   1.0000   1.0000
   1.0000   1.0000   1.0000
   1.0000   1.0000   1.0000
   1.0000   1.0000   1.0000
   1.0000   1.0000   1.0000
   1.0000   1.0000   1.0000
   1.0000   1.0000   1.0000
   1.0000   1.0000   1.0000
   1.0000   1.0000   1.0000
   1.0000   1.0000   1.0000
   1.0000   1.0000   1.0000
   1.0000   1.0000   1.0000
   1.0000   1.0000   1.0000
   1.0000   1.0000   1.0000
   1.0000   1.0000   1.0000
   1.0000   1.0000   1.0000
   1.0000   1.0000   1.0000
   1.0000   1.0000   1.0000
   1.0000   1.0000   1.0000
   1.0000   1.0000   1.0000
   1.0000   1.0000   1.0000
   1.0000   1.0000   1.0000
   1.0000   1.0000   1.0000
   1.0000   1.0000   1.0000
   1.0000   1.0000   1.0000
   1.0000   1.0000   1.0000
   1.0000   1.0000   1.0000

applying weight : 1
applying weight : 1
applying weight : 1
Here are the weights in c++ : 
   1.0000   1.0000   1.0000
   1.0000   1.0000   1.0000
   1.0000   1.0000   1.0000
   1.0000   1.0000   1.0000
   1.0000   1.0000   1.0000
   1.0000   1.0000   1.0000
   1.0000   1.0000   1.0000
   1.0000   1.0000   1.0000
   1.0000   1.0000   1.0000
   1.0000   1.0000   1.0000
   1.0000   1.0000   1.0000
   1.0000   1.0000   1.0000
   1.0000   1.0000   1.0000
   1.0000   1.0000   1.0000
   1.0000   1.0000   1.0000
   1.0000   1.0000   1.0000
   1.0000   1.0000   1.0000
   1.0000   1.0000   1.0000
   1.0000   1.0000   1.0000
   1.0000   1.0000   1.0000
   1.0000   1.0000   1.0000
   1.0000   1.0000   1.0000
   1.0000   1.0000   1.0000
   1.0000   1.0000   1.0000
   1.0000   1.0000   1.0000
   1.0000   1.0000   1.0000
   1.0000   1.0000   1.0000
   1.0000   1.0000   1.0000
   1.0000   1.0000   1.0000
   1.0000   1.0000   1.0000
   1.0000   1.0000   1.0000
   1.0000   1.0000   1.0000
   1.0000   1.0000   1.0000
   1.0000   1.0000   1.0000
   1.0000   1.0000   1.0000
   1.0000   1.0000   1.0000
   1.0000   1.0000   1.0000
   1.0000   1.0000   1.0000
   1.0000   1.0000   1.0000
   1.0000   1.0000   1.0000
   1.0000   1.0000   1.0000
   1.0000   1.0000   1.0000
   1.0000   1.0000   1.0000
   1.0000   1.0000   1.0000
   1.0000   1.0000   1.0000
   1.0000   1.0000   1.0000
   1.0000   1.0000   1.0000
   1.0000   1.0000   1.0000
   1.0000   1.0000   1.0000
   1.0000   1.0000   1.0000
   1.0000   1.0000   1.0000
   1.0000   1.0000   1.0000
   1.0000   1.0000   1.0000
   1.0000   1.0000   1.0000
   1.0000   1.0000   1.0000
   1.0000   1.0000   1.0000
   1.0000   1.0000   1.0000

applying weight : 1
applying weight : 1
applying weight : 1
Here are the weights in c++ : 
   1.0000   1.0000   1.0000
   1.0000   1.0000   1.0000
   1.0000   1.0000   1.0000
   1.0000   1.0000   1.0000
   1.0000   1.0000   1.0000
   1.0000   1.0000   1.0000
   1.0000   1.0000   1.0000
   1.0000   1.0000   1.0000
   1.0000   1.0000   1.0000
   1.0000   1.0000   1.0000
   1.0000   1.0000   1.0000
   1.0000   1.0000   1.0000
   1.0000   1.0000   1.0000
   1.0000   1.0000   1.0000
   1.0000   1.0000   1.0000
   1.0000   1.0000   1.0000
   1.0000   1.0000   1.0000
   1.0000   1.0000   1.0000
   1.0000   1.0000   1.0000
   1.0000   1.0000   1.0000
   1.0000   1.0000   1.0000
   1.0000   1.0000   1.0000
   1.0000   1.0000   1.0000
   1.0000   1.0000   1.0000
   1.0000   1.0000   1.0000
   1.0000   1.0000   1.0000
   1.0000   1.0000   1.0000
   1.0000   1.0000   1.0000
   1.0000   1.0000   1.0000
   1.0000   1.0000   1.0000
   1.0000   1.0000   1.0000
   1.0000   1.0000   1.0000
   1.0000   1.0000   1.0000
   1.0000   1.0000   1.0000
   1.0000   1.0000   1.0000
   1.0000   1.0000   1.0000
   1.0000   1.0000   1.0000
   1.0000   1.0000   1.0000
   1.0000   1.0000   1.0000
   1.0000   1.0000   1.0000
   1.0000   1.0000   1.0000
   1.0000   1.0000   1.0000
   1.0000   1.0000   1.0000
   1.0000   1.0000   1.0000
   1.0000   1.0000   1.0000
   1.0000   1.0000   1.0000
   1.0000   1.0000   1.0000
   1.0000   1.0000   1.0000
   1.0000   1.0000   1.0000
   1.0000   1.0000   1.0000
   1.0000   1.0000   1.0000
   1.0000   1.0000   1.0000
   1.0000   1.0000   1.0000
   1.0000   1.0000   1.0000
   1.0000   1.0000   1.0000
   1.0000   1.0000   1.0000
   1.0000   1.0000   1.0000

applying weight : 1
applying weight : 1
applying weight : 1
Here are the weights in c++ : 
   1.0000   1.0000   1.0000
   1.0000   1.0000   1.0000
   1.0000   1.0000   1.0000
   1.0000   1.0000   1.0000
   1.0000   1.0000   1.0000
   1.0000   1.0000   1.0000
   1.0000   1.0000   1.0000
   1.0000   1.0000   1.0000
   1.0000   1.0000   1.0000
   1.0000   1.0000   1.0000
   1.0000   1.0000   1.0000
   1.0000   1.0000   1.0000
   1.0000   1.0000   1.0000
   1.0000   1.0000   1.0000
   1.0000   1.0000   1.0000
   1.0000   1.0000   1.0000
   1.0000   1.0000   1.0000
   1.0000   1.0000   1.0000
   1.0000   1.0000   1.0000
   1.0000   1.0000   1.0000
   1.0000   1.0000   1.0000
   1.0000   1.0000   1.0000
   1.0000   1.0000   1.0000
   1.0000   1.0000   1.0000
   1.0000   1.0000   1.0000
   1.0000   1.0000   1.0000
   1.0000   1.0000   1.0000
   1.0000   1.0000   1.0000
   1.0000   1.0000   1.0000
   1.0000   1.0000   1.0000
   1.0000   1.0000   1.0000
   1.0000   1.0000   1.0000
   1.0000   1.0000   1.0000
   1.0000   1.0000   1.0000
   1.0000   1.0000   1.0000
   1.0000   1.0000   1.0000
   1.0000   1.0000   1.0000
   1.0000   1.0000   1.0000
   1.0000   1.0000   1.0000
   1.0000   1.0000   1.0000
   1.0000   1.0000   1.0000
   1.0000   1.0000   1.0000
   1.0000   1.0000   1.0000
   1.0000   1.0000   1.0000
   1.0000   1.0000   1.0000
   1.0000   1.0000   1.0000
   1.0000   1.0000   1.0000
   1.0000   1.0000   1.0000
   1.0000   1.0000   1.0000
   1.0000   1.0000   1.0000
   1.0000   1.0000   1.0000
   1.0000   1.0000   1.0000
   1.0000   1.0000   1.0000
   1.0000   1.0000   1.0000
   1.0000   1.0000   1.0000
   1.0000   1.0000   1.0000
   1.0000   1.0000   1.0000

applying weight : 1
applying weight : 1
applying weight : 1
Here are the weights in c++ : 
   1.0000   1.0000   1.0000
   1.0000   1.0000   1.0000
   1.0000   1.0000   1.0000
   1.0000   1.0000   1.0000
   1.0000   1.0000   1.0000
   1.0000   1.0000   1.0000
   1.0000   1.0000   1.0000
   1.0000   1.0000   1.0000
   1.0000   1.0000   1.0000
   1.0000   1.0000   1.0000
   1.0000   1.0000   1.0000
   1.0000   1.0000   1.0000
   1.0000   1.0000   1.0000
   1.0000   1.0000   1.0000
   1.0000   1.0000   1.0000
   1.0000   1.0000   1.0000
   1.0000   1.0000   1.0000
   1.0000   1.0000   1.0000
   1.0000   1.0000   1.0000
   1.0000   1.0000   1.0000
   1.0000   1.0000   1.0000
   1.0000   1.0000   1.0000
   1.0000   1.0000   1.0000
   1.0000   1.0000   1.0000
   1.0000   1.0000   1.0000
   1.0000   1.0000   1.0000
   1.0000   1.0000   1.0000
   1.0000   1.0000   1.0000
   1.0000   1.0000   1.0000
   1.0000   1.0000   1.0000
   1.0000   1.0000   1.0000
   1.0000   1.0000   1.0000
   1.0000   1.0000   1.0000
   1.0000   1.0000   1.0000
   1.0000   1.0000   1.0000
   1.0000   1.0000   1.0000
   1.0000   1.0000   1.0000
   1.0000   1.0000   1.0000
   1.0000   1.0000   1.0000
   1.0000   1.0000   1.0000
   1.0000   1.0000   1.0000
   1.0000   1.0000   1.0000
   1.0000   1.0000   1.0000
   1.0000   1.0000   1.0000
   1.0000   1.0000   1.0000
   1.0000   1.0000   1.0000
   1.0000   1.0000   1.0000
   1.0000   1.0000   1.0000
   1.0000   1.0000   1.0000
   1.0000   1.0000   1.0000
   1.0000   1.0000   1.0000
   1.0000   1.0000   1.0000
   1.0000   1.0000   1.0000
   1.0000   1.0000   1.0000
   1.0000   1.0000   1.0000
   1.0000   1.0000   1.0000
   1.0000   1.0000   1.0000

applying weight : 1
applying weight : 1
applying weight : 1
Here are the weights in c++ : 
   1.0000   1.0000   1.0000
   1.0000   1.0000   1.0000
   1.0000   1.0000   1.0000
   1.0000   1.0000   1.0000
   1.0000   1.0000   1.0000
   1.0000   1.0000   1.0000
   1.0000   1.0000   1.0000
   1.0000   1.0000   1.0000
   1.0000   1.0000   1.0000
   1.0000   1.0000   1.0000
   1.0000   1.0000   1.0000
   1.0000   1.0000   1.0000
   1.0000   1.0000   1.0000
   1.0000   1.0000   1.0000
   1.0000   1.0000   1.0000
   1.0000   1.0000   1.0000
   1.0000   1.0000   1.0000
   1.0000   1.0000   1.0000
   1.0000   1.0000   1.0000
   1.0000   1.0000   1.0000
   1.0000   1.0000   1.0000
   1.0000   1.0000   1.0000
   1.0000   1.0000   1.0000
   1.0000   1.0000   1.0000
   1.0000   1.0000   1.0000
   1.0000   1.0000   1.0000
   1.0000   1.0000   1.0000
   1.0000   1.0000   1.0000
   1.0000   1.0000   1.0000
   1.0000   1.0000   1.0000
   1.0000   1.0000   1.0000
   1.0000   1.0000   1.0000
   1.0000   1.0000   1.0000
   1.0000   1.0000   1.0000
   1.0000   1.0000   1.0000
   1.0000   1.0000   1.0000
   1.0000   1.0000   1.0000
   1.0000   1.0000   1.0000
   1.0000   1.0000   1.0000
   1.0000   1.0000   1.0000
   1.0000   1.0000   1.0000
   1.0000   1.0000   1.0000
   1.0000   1.0000   1.0000
   1.0000   1.0000   1.0000
   1.0000   1.0000   1.0000
   1.0000   1.0000   1.0000
   1.0000   1.0000   1.0000
   1.0000   1.0000   1.0000
   1.0000   1.0000   1.0000
   1.0000   1.0000   1.0000
   1.0000   1.0000   1.0000
   1.0000   1.0000   1.0000
   1.0000   1.0000   1.0000
   1.0000   1.0000   1.0000
   1.0000   1.0000   1.0000
   1.0000   1.0000   1.0000
   1.0000   1.0000   1.0000

applying weight : 1
applying weight : 1
applying weight : 1
Here are the weights in c++ : 
   1.0000   1.0000   1.0000
   1.0000   1.0000   1.0000
   1.0000   1.0000   1.0000
   1.0000   1.0000   1.0000
   1.0000   1.0000   1.0000
   1.0000   1.0000   1.0000
   1.0000   1.0000   1.0000
   1.0000   1.0000   1.0000
   1.0000   1.0000   1.0000
   1.0000   1.0000   1.0000
   1.0000   1.0000   1.0000
   1.0000   1.0000   1.0000
   1.0000   1.0000   1.0000
   1.0000   1.0000   1.0000
   1.0000   1.0000   1.0000
   1.0000   1.0000   1.0000
   1.0000   1.0000   1.0000
   1.0000   1.0000   1.0000
   1.0000   1.0000   1.0000
   1.0000   1.0000   1.0000
   1.0000   1.0000   1.0000
   1.0000   1.0000   1.0000
   1.0000   1.0000   1.0000
   1.0000   1.0000   1.0000
   1.0000   1.0000   1.0000
   1.0000   1.0000   1.0000
   1.0000   1.0000   1.0000
   1.0000   1.0000   1.0000
   1.0000   1.0000   1.0000
   1.0000   1.0000   1.0000
   1.0000   1.0000   1.0000
   1.0000   1.0000   1.0000
   1.0000   1.0000   1.0000
   1.0000   1.0000   1.0000
   1.0000   1.0000   1.0000
   1.0000   1.0000   1.0000
   1.0000   1.0000   1.0000
   1.0000   1.0000   1.0000
   1.0000   1.0000   1.0000
   1.0000   1.0000   1.0000
   1.0000   1.0000   1.0000
   1.0000   1.0000   1.0000
   1.0000   1.0000   1.0000
   1.0000   1.0000   1.0000
   1.0000   1.0000   1.0000
   1.0000   1.0000   1.0000
   1.0000   1.0000   1.0000
   1.0000   1.0000   1.0000
   1.0000   1.0000   1.0000
   1.0000   1.0000   1.0000
   1.0000   1.0000   1.0000
   1.0000   1.0000   1.0000
   1.0000   1.0000   1.0000
   1.0000   1.0000   1.0000
   1.0000   1.0000   1.0000
   1.0000   1.0000   1.0000
   1.0000   1.0000   1.0000

applying weight : 1
applying weight : 1
applying weight : 1
Here are the weights in c++ : 
   1.0000   1.0000   1.0000
   1.0000   1.0000   1.0000
   1.0000   1.0000   1.0000
   1.0000   1.0000   1.0000
   1.0000   1.0000   1.0000
   1.0000   1.0000   1.0000
   1.0000   1.0000   1.0000
   1.0000   1.0000   1.0000
   1.0000   1.0000   1.0000
   1.0000   1.0000   1.0000
   1.0000   1.0000   1.0000
   1.0000   1.0000   1.0000
   1.0000   1.0000   1.0000
   1.0000   1.0000   1.0000
   1.0000   1.0000   1.0000
   1.0000   1.0000   1.0000
   1.0000   1.0000   1.0000
   1.0000   1.0000   1.0000
   1.0000   1.0000   1.0000
   1.0000   1.0000   1.0000
   1.0000   1.0000   1.0000
   1.0000   1.0000   1.0000
   1.0000   1.0000   1.0000
   1.0000   1.0000   1.0000
   1.0000   1.0000   1.0000
   1.0000   1.0000   1.0000
   1.0000   1.0000   1.0000
   1.0000   1.0000   1.0000
   1.0000   1.0000   1.0000
   1.0000   1.0000   1.0000
   1.0000   1.0000   1.0000
   1.0000   1.0000   1.0000
   1.0000   1.0000   1.0000
   1.0000   1.0000   1.0000
   1.0000   1.0000   1.0000
   1.0000   1.0000   1.0000
   1.0000   1.0000   1.0000
   1.0000   1.0000   1.0000
   1.0000   1.0000   1.0000
   1.0000   1.0000   1.0000
   1.0000   1.0000   1.0000
   1.0000   1.0000   1.0000
   1.0000   1.0000   1.0000
   1.0000   1.0000   1.0000
   1.0000   1.0000   1.0000
   1.0000   1.0000   1.0000
   1.0000   1.0000   1.0000
   1.0000   1.0000   1.0000
   1.0000   1.0000   1.0000
   1.0000   1.0000   1.0000
   1.0000   1.0000   1.0000
   1.0000   1.0000   1.0000
   1.0000   1.0000   1.0000
   1.0000   1.0000   1.0000
   1.0000   1.0000   1.0000
   1.0000   1.0000   1.0000
   1.0000   1.0000   1.0000

applying weight : 1
applying weight : 1
applying weight : 1
Here are the weights in c++ : 
   1.0000   1.0000   1.0000
   1.0000   1.0000   1.0000
   1.0000   1.0000   1.0000
   1.0000   1.0000   1.0000
   1.0000   1.0000   1.0000
   1.0000   1.0000   1.0000
   1.0000   1.0000   1.0000
   1.0000   1.0000   1.0000
   1.0000   1.0000   1.0000
   1.0000   1.0000   1.0000
   1.0000   1.0000   1.0000
   1.0000   1.0000   1.0000
   1.0000   1.0000   1.0000
   1.0000   1.0000   1.0000
   1.0000   1.0000   1.0000
   1.0000   1.0000   1.0000
   1.0000   1.0000   1.0000
   1.0000   1.0000   1.0000
   1.0000   1.0000   1.0000
   1.0000   1.0000   1.0000
   1.0000   1.0000   1.0000
   1.0000   1.0000   1.0000
   1.0000   1.0000   1.0000
   1.0000   1.0000   1.0000
   1.0000   1.0000   1.0000
   1.0000   1.0000   1.0000
   1.0000   1.0000   1.0000
   1.0000   1.0000   1.0000
   1.0000   1.0000   1.0000
   1.0000   1.0000   1.0000
   1.0000   1.0000   1.0000
   1.0000   1.0000   1.0000
   1.0000   1.0000   1.0000
   1.0000   1.0000   1.0000
   1.0000   1.0000   1.0000
   1.0000   1.0000   1.0000
   1.0000   1.0000   1.0000
   1.0000   1.0000   1.0000
   1.0000   1.0000   1.0000
   1.0000   1.0000   1.0000
   1.0000   1.0000   1.0000
   1.0000   1.0000   1.0000
   1.0000   1.0000   1.0000
   1.0000   1.0000   1.0000
   1.0000   1.0000   1.0000
   1.0000   1.0000   1.0000
   1.0000   1.0000   1.0000
   1.0000   1.0000   1.0000
   1.0000   1.0000   1.0000
   1.0000   1.0000   1.0000
   1.0000   1.0000   1.0000
   1.0000   1.0000   1.0000
   1.0000   1.0000   1.0000
   1.0000   1.0000   1.0000
   1.0000   1.0000   1.0000
   1.0000   1.0000   1.0000
   1.0000   1.0000   1.0000

applying weight : 1
applying weight : 1
applying weight : 1
Here are the weights in c++ : 
   1.0000   1.0000   1.0000
   1.0000   1.0000   1.0000
   1.0000   1.0000   1.0000
   1.0000   1.0000   1.0000
   1.0000   1.0000   1.0000
   1.0000   1.0000   1.0000
   1.0000   1.0000   1.0000
   1.0000   1.0000   1.0000
   1.0000   1.0000   1.0000
   1.0000   1.0000   1.0000
   1.0000   1.0000   1.0000
   1.0000   1.0000   1.0000
   1.0000   1.0000   1.0000
   1.0000   1.0000   1.0000
   1.0000   1.0000   1.0000
   1.0000   1.0000   1.0000
   1.0000   1.0000   1.0000
   1.0000   1.0000   1.0000
   1.0000   1.0000   1.0000
   1.0000   1.0000   1.0000
   1.0000   1.0000   1.0000
   1.0000   1.0000   1.0000
   1.0000   1.0000   1.0000
   1.0000   1.0000   1.0000
   1.0000   1.0000   1.0000
   1.0000   1.0000   1.0000
   1.0000   1.0000   1.0000
   1.0000   1.0000   1.0000
   1.0000   1.0000   1.0000
   1.0000   1.0000   1.0000
   1.0000   1.0000   1.0000
   1.0000   1.0000   1.0000
   1.0000   1.0000   1.0000
   1.0000   1.0000   1.0000
   1.0000   1.0000   1.0000
   1.0000   1.0000   1.0000
   1.0000   1.0000   1.0000
   1.0000   1.0000   1.0000
   1.0000   1.0000   1.0000
   1.0000   1.0000   1.0000
   1.0000   1.0000   1.0000
   1.0000   1.0000   1.0000
   1.0000   1.0000   1.0000
   1.0000   1.0000   1.0000
   1.0000   1.0000   1.0000
   1.0000   1.0000   1.0000
   1.0000   1.0000   1.0000
   1.0000   1.0000   1.0000
   1.0000   1.0000   1.0000
   1.0000   1.0000   1.0000
   1.0000   1.0000   1.0000
   1.0000   1.0000   1.0000
   1.0000   1.0000   1.0000
   1.0000   1.0000   1.0000
   1.0000   1.0000   1.0000
   1.0000   1.0000   1.0000
   1.0000   1.0000   1.0000

applying weight : 1
applying weight : 1
applying weight : 1
Here are the weights in c++ : 
   1.0000   1.0000   1.0000
   1.0000   1.0000   1.0000
   1.0000   1.0000   1.0000
   1.0000   1.0000   1.0000
   1.0000   1.0000   1.0000
   1.0000   1.0000   1.0000
   1.0000   1.0000   1.0000
   1.0000   1.0000   1.0000
   1.0000   1.0000   1.0000
   1.0000   1.0000   1.0000
   1.0000   1.0000   1.0000
   1.0000   1.0000   1.0000
   1.0000   1.0000   1.0000
   1.0000   1.0000   1.0000
   1.0000   1.0000   1.0000
   1.0000   1.0000   1.0000
   1.0000   1.0000   1.0000
   1.0000   1.0000   1.0000
   1.0000   1.0000   1.0000
   1.0000   1.0000   1.0000
   1.0000   1.0000   1.0000
   1.0000   1.0000   1.0000
   1.0000   1.0000   1.0000
   1.0000   1.0000   1.0000
   1.0000   1.0000   1.0000
   1.0000   1.0000   1.0000
   1.0000   1.0000   1.0000
   1.0000   1.0000   1.0000
   1.0000   1.0000   1.0000
   1.0000   1.0000   1.0000
   1.0000   1.0000   1.0000
   1.0000   1.0000   1.0000
   1.0000   1.0000   1.0000
   1.0000   1.0000   1.0000
   1.0000   1.0000   1.0000
   1.0000   1.0000   1.0000
   1.0000   1.0000   1.0000
   1.0000   1.0000   1.0000
   1.0000   1.0000   1.0000
   1.0000   1.0000   1.0000
   1.0000   1.0000   1.0000
   1.0000   1.0000   1.0000
   1.0000   1.0000   1.0000
   1.0000   1.0000   1.0000
   1.0000   1.0000   1.0000
   1.0000   1.0000   1.0000
   1.0000   1.0000   1.0000
   1.0000   1.0000   1.0000
   1.0000   1.0000   1.0000
   1.0000   1.0000   1.0000
   1.0000   1.0000   1.0000
   1.0000   1.0000   1.0000
   1.0000   1.0000   1.0000
   1.0000   1.0000   1.0000
   1.0000   1.0000   1.0000
   1.0000   1.0000   1.0000
   1.0000   1.0000   1.0000

applying weight : 1
applying weight : 1
applying weight : 1
Here are the weights in c++ : 
   1.0000   1.0000   1.0000
   1.0000   1.0000   1.0000
   1.0000   1.0000   1.0000
   1.0000   1.0000   1.0000
   1.0000   1.0000   1.0000
   1.0000   1.0000   1.0000
   1.0000   1.0000   1.0000
   1.0000   1.0000   1.0000
   1.0000   1.0000   1.0000
   1.0000   1.0000   1.0000
   1.0000   1.0000   1.0000
   1.0000   1.0000   1.0000
   1.0000   1.0000   1.0000
   1.0000   1.0000   1.0000
   1.0000   1.0000   1.0000
   1.0000   1.0000   1.0000
   1.0000   1.0000   1.0000
   1.0000   1.0000   1.0000
   1.0000   1.0000   1.0000
   1.0000   1.0000   1.0000
   1.0000   1.0000   1.0000
   1.0000   1.0000   1.0000
   1.0000   1.0000   1.0000
   1.0000   1.0000   1.0000
   1.0000   1.0000   1.0000
   1.0000   1.0000   1.0000
   1.0000   1.0000   1.0000
   1.0000   1.0000   1.0000
   1.0000   1.0000   1.0000
   1.0000   1.0000   1.0000
   1.0000   1.0000   1.0000
   1.0000   1.0000   1.0000
   1.0000   1.0000   1.0000
   1.0000   1.0000   1.0000
   1.0000   1.0000   1.0000
   1.0000   1.0000   1.0000
   1.0000   1.0000   1.0000
   1.0000   1.0000   1.0000
   1.0000   1.0000   1.0000
   1.0000   1.0000   1.0000
   1.0000   1.0000   1.0000
   1.0000   1.0000   1.0000
   1.0000   1.0000   1.0000
   1.0000   1.0000   1.0000
   1.0000   1.0000   1.0000
   1.0000   1.0000   1.0000
   1.0000   1.0000   1.0000
   1.0000   1.0000   1.0000
   1.0000   1.0000   1.0000
   1.0000   1.0000   1.0000
   1.0000   1.0000   1.0000
   1.0000   1.0000   1.0000
   1.0000   1.0000   1.0000
   1.0000   1.0000   1.0000
   1.0000   1.0000   1.0000
   1.0000   1.0000   1.0000
   1.0000   1.0000   1.0000

applying weight : 1
applying weight : 1
applying weight : 1
Here are the weights in c++ : 
   1.0000   1.0000   1.0000
   1.0000   1.0000   1.0000
   1.0000   1.0000   1.0000
   1.0000   1.0000   1.0000
   1.0000   1.0000   1.0000
   1.0000   1.0000   1.0000
   1.0000   1.0000   1.0000
   1.0000   1.0000   1.0000
   1.0000   1.0000   1.0000
   1.0000   1.0000   1.0000
   1.0000   1.0000   1.0000
   1.0000   1.0000   1.0000
   1.0000   1.0000   1.0000
   1.0000   1.0000   1.0000
   1.0000   1.0000   1.0000
   1.0000   1.0000   1.0000
   1.0000   1.0000   1.0000
   1.0000   1.0000   1.0000
   1.0000   1.0000   1.0000
   1.0000   1.0000   1.0000
   1.0000   1.0000   1.0000
   1.0000   1.0000   1.0000
   1.0000   1.0000   1.0000
   1.0000   1.0000   1.0000
   1.0000   1.0000   1.0000
   1.0000   1.0000   1.0000
   1.0000   1.0000   1.0000
   1.0000   1.0000   1.0000
   1.0000   1.0000   1.0000
   1.0000   1.0000   1.0000
   1.0000   1.0000   1.0000
   1.0000   1.0000   1.0000
   1.0000   1.0000   1.0000
   1.0000   1.0000   1.0000
   1.0000   1.0000   1.0000
   1.0000   1.0000   1.0000
   1.0000   1.0000   1.0000
   1.0000   1.0000   1.0000
   1.0000   1.0000   1.0000
   1.0000   1.0000   1.0000
   1.0000   1.0000   1.0000
   1.0000   1.0000   1.0000
   1.0000   1.0000   1.0000
   1.0000   1.0000   1.0000
   1.0000   1.0000   1.0000
   1.0000   1.0000   1.0000
   1.0000   1.0000   1.0000
   1.0000   1.0000   1.0000
   1.0000   1.0000   1.0000
   1.0000   1.0000   1.0000
   1.0000   1.0000   1.0000
   1.0000   1.0000   1.0000
   1.0000   1.0000   1.0000
   1.0000   1.0000   1.0000
   1.0000   1.0000   1.0000
   1.0000   1.0000   1.0000
   1.0000   1.0000   1.0000

applying weight : 1
applying weight : 1
applying weight : 1
Here are the weights in c++ : 
   1.0000   1.0000   1.0000
   1.0000   1.0000   1.0000
   1.0000   1.0000   1.0000
   1.0000   1.0000   1.0000
   1.0000   1.0000   1.0000
   1.0000   1.0000   1.0000
   1.0000   1.0000   1.0000
   1.0000   1.0000   1.0000
   1.0000   1.0000   1.0000
   1.0000   1.0000   1.0000
   1.0000   1.0000   1.0000
   1.0000   1.0000   1.0000
   1.0000   1.0000   1.0000
   1.0000   1.0000   1.0000
   1.0000   1.0000   1.0000
   1.0000   1.0000   1.0000
   1.0000   1.0000   1.0000
   1.0000   1.0000   1.0000
   1.0000   1.0000   1.0000
   1.0000   1.0000   1.0000
   1.0000   1.0000   1.0000
   1.0000   1.0000   1.0000
   1.0000   1.0000   1.0000
   1.0000   1.0000   1.0000
   1.0000   1.0000   1.0000
   1.0000   1.0000   1.0000
   1.0000   1.0000   1.0000
   1.0000   1.0000   1.0000
   1.0000   1.0000   1.0000
   1.0000   1.0000   1.0000
   1.0000   1.0000   1.0000
   1.0000   1.0000   1.0000
   1.0000   1.0000   1.0000
   1.0000   1.0000   1.0000
   1.0000   1.0000   1.0000
   1.0000   1.0000   1.0000
   1.0000   1.0000   1.0000
   1.0000   1.0000   1.0000
   1.0000   1.0000   1.0000
   1.0000   1.0000   1.0000
   1.0000   1.0000   1.0000
   1.0000   1.0000   1.0000
   1.0000   1.0000   1.0000
   1.0000   1.0000   1.0000
   1.0000   1.0000   1.0000
   1.0000   1.0000   1.0000
   1.0000   1.0000   1.0000
   1.0000   1.0000   1.0000
   1.0000   1.0000   1.0000
   1.0000   1.0000   1.0000
   1.0000   1.0000   1.0000
   1.0000   1.0000   1.0000
   1.0000   1.0000   1.0000
   1.0000   1.0000   1.0000
   1.0000   1.0000   1.0000
   1.0000   1.0000   1.0000
   1.0000   1.0000   1.0000

applying weight : 1
applying weight : 1
applying weight : 1
Here are the weights in c++ : 
   1.0000   1.0000   1.0000
   1.0000   1.0000   1.0000
   1.0000   1.0000   1.0000
   1.0000   1.0000   1.0000
   1.0000   1.0000   1.0000
   1.0000   1.0000   1.0000
   1.0000   1.0000   1.0000
   1.0000   1.0000   1.0000
   1.0000   1.0000   1.0000
   1.0000   1.0000   1.0000
   1.0000   1.0000   1.0000
   1.0000   1.0000   1.0000
   1.0000   1.0000   1.0000
   1.0000   1.0000   1.0000
   1.0000   1.0000   1.0000
   1.0000   1.0000   1.0000
   1.0000   1.0000   1.0000
   1.0000   1.0000   1.0000
   1.0000   1.0000   1.0000
   1.0000   1.0000   1.0000
   1.0000   1.0000   1.0000
   1.0000   1.0000   1.0000
   1.0000   1.0000   1.0000
   1.0000   1.0000   1.0000
   1.0000   1.0000   1.0000
   1.0000   1.0000   1.0000
   1.0000   1.0000   1.0000
   1.0000   1.0000   1.0000
   1.0000   1.0000   1.0000
   1.0000   1.0000   1.0000
   1.0000   1.0000   1.0000
   1.0000   1.0000   1.0000
   1.0000   1.0000   1.0000
   1.0000   1.0000   1.0000
   1.0000   1.0000   1.0000
   1.0000   1.0000   1.0000
   1.0000   1.0000   1.0000
   1.0000   1.0000   1.0000
   1.0000   1.0000   1.0000
   1.0000   1.0000   1.0000
   1.0000   1.0000   1.0000
   1.0000   1.0000   1.0000
   1.0000   1.0000   1.0000
   1.0000   1.0000   1.0000
   1.0000   1.0000   1.0000
   1.0000   1.0000   1.0000
   1.0000   1.0000   1.0000
   1.0000   1.0000   1.0000
   1.0000   1.0000   1.0000
   1.0000   1.0000   1.0000
   1.0000   1.0000   1.0000
   1.0000   1.0000   1.0000
   1.0000   1.0000   1.0000
   1.0000   1.0000   1.0000
   1.0000   1.0000   1.0000
   1.0000   1.0000   1.0000
   1.0000   1.0000   1.0000

applying weight : 1
applying weight : 1
applying weight : 1
Here are the weights in c++ : 
   1.0000   1.0000   1.0000
   1.0000   1.0000   1.0000
   1.0000   1.0000   1.0000
   1.0000   1.0000   1.0000
   1.0000   1.0000   1.0000
   1.0000   1.0000   1.0000
   1.0000   1.0000   1.0000
   1.0000   1.0000   1.0000
   1.0000   1.0000   1.0000
   1.0000   1.0000   1.0000
   1.0000   1.0000   1.0000
   1.0000   1.0000   1.0000
   1.0000   1.0000   1.0000
   1.0000   1.0000   1.0000
   1.0000   1.0000   1.0000
   1.0000   1.0000   1.0000
   1.0000   1.0000   1.0000
   1.0000   1.0000   1.0000
   1.0000   1.0000   1.0000
   1.0000   1.0000   1.0000
   1.0000   1.0000   1.0000
   1.0000   1.0000   1.0000
   1.0000   1.0000   1.0000
   1.0000   1.0000   1.0000
   1.0000   1.0000   1.0000
   1.0000   1.0000   1.0000
   1.0000   1.0000   1.0000
   1.0000   1.0000   1.0000
   1.0000   1.0000   1.0000
   1.0000   1.0000   1.0000
   1.0000   1.0000   1.0000
   1.0000   1.0000   1.0000
   1.0000   1.0000   1.0000
   1.0000   1.0000   1.0000
   1.0000   1.0000   1.0000
   1.0000   1.0000   1.0000
   1.0000   1.0000   1.0000
   1.0000   1.0000   1.0000
   1.0000   1.0000   1.0000
   1.0000   1.0000   1.0000
   1.0000   1.0000   1.0000
   1.0000   1.0000   1.0000
   1.0000   1.0000   1.0000
   1.0000   1.0000   1.0000
   1.0000   1.0000   1.0000
   1.0000   1.0000   1.0000
   1.0000   1.0000   1.0000
   1.0000   1.0000   1.0000
   1.0000   1.0000   1.0000
   1.0000   1.0000   1.0000
   1.0000   1.0000   1.0000
   1.0000   1.0000   1.0000
   1.0000   1.0000   1.0000
   1.0000   1.0000   1.0000
   1.0000   1.0000   1.0000
   1.0000   1.0000   1.0000
   1.0000   1.0000   1.0000

applying weight : 1
applying weight : 1
applying weight : 1
Here are the weights in c++ : 
   1.0000   1.0000   1.0000
   1.0000   1.0000   1.0000
   1.0000   1.0000   1.0000
   1.0000   1.0000   1.0000
   1.0000   1.0000   1.0000
   1.0000   1.0000   1.0000
   1.0000   1.0000   1.0000
   1.0000   1.0000   1.0000
   1.0000   1.0000   1.0000
   1.0000   1.0000   1.0000
   1.0000   1.0000   1.0000
   1.0000   1.0000   1.0000
   1.0000   1.0000   1.0000
   1.0000   1.0000   1.0000
   1.0000   1.0000   1.0000
   1.0000   1.0000   1.0000
   1.0000   1.0000   1.0000
   1.0000   1.0000   1.0000
   1.0000   1.0000   1.0000
   1.0000   1.0000   1.0000
   1.0000   1.0000   1.0000
   1.0000   1.0000   1.0000
   1.0000   1.0000   1.0000
   1.0000   1.0000   1.0000
   1.0000   1.0000   1.0000
   1.0000   1.0000   1.0000
   1.0000   1.0000   1.0000
   1.0000   1.0000   1.0000
   1.0000   1.0000   1.0000
   1.0000   1.0000   1.0000
   1.0000   1.0000   1.0000
   1.0000   1.0000   1.0000
   1.0000   1.0000   1.0000
   1.0000   1.0000   1.0000
   1.0000   1.0000   1.0000
   1.0000   1.0000   1.0000
   1.0000   1.0000   1.0000
   1.0000   1.0000   1.0000
   1.0000   1.0000   1.0000
   1.0000   1.0000   1.0000
   1.0000   1.0000   1.0000
   1.0000   1.0000   1.0000
   1.0000   1.0000   1.0000
   1.0000   1.0000   1.0000
   1.0000   1.0000   1.0000
   1.0000   1.0000   1.0000
   1.0000   1.0000   1.0000
   1.0000   1.0000   1.0000
   1.0000   1.0000   1.0000
   1.0000   1.0000   1.0000
   1.0000   1.0000   1.0000
   1.0000   1.0000   1.0000
   1.0000   1.0000   1.0000
   1.0000   1.0000   1.0000
   1.0000   1.0000   1.0000
   1.0000   1.0000   1.0000
   1.0000   1.0000   1.0000

applying weight : 1
applying weight : 1
applying weight : 1
Here are the weights in c++ : 
   1.0000   1.0000   1.0000
   1.0000   1.0000   1.0000
   1.0000   1.0000   1.0000
   1.0000   1.0000   1.0000
   1.0000   1.0000   1.0000
   1.0000   1.0000   1.0000
   1.0000   1.0000   1.0000
   1.0000   1.0000   1.0000
   1.0000   1.0000   1.0000
   1.0000   1.0000   1.0000
   1.0000   1.0000   1.0000
   1.0000   1.0000   1.0000
   1.0000   1.0000   1.0000
   1.0000   1.0000   1.0000
   1.0000   1.0000   1.0000
   1.0000   1.0000   1.0000
   1.0000   1.0000   1.0000
   1.0000   1.0000   1.0000
   1.0000   1.0000   1.0000
   1.0000   1.0000   1.0000
   1.0000   1.0000   1.0000
   1.0000   1.0000   1.0000
   1.0000   1.0000   1.0000
   1.0000   1.0000   1.0000
   1.0000   1.0000   1.0000
   1.0000   1.0000   1.0000
   1.0000   1.0000   1.0000
   1.0000   1.0000   1.0000
   1.0000   1.0000   1.0000
   1.0000   1.0000   1.0000
   1.0000   1.0000   1.0000
   1.0000   1.0000   1.0000
   1.0000   1.0000   1.0000
   1.0000   1.0000   1.0000
   1.0000   1.0000   1.0000
   1.0000   1.0000   1.0000
   1.0000   1.0000   1.0000
   1.0000   1.0000   1.0000
   1.0000   1.0000   1.0000
   1.0000   1.0000   1.0000
   1.0000   1.0000   1.0000
   1.0000   1.0000   1.0000
   1.0000   1.0000   1.0000
   1.0000   1.0000   1.0000
   1.0000   1.0000   1.0000
   1.0000   1.0000   1.0000
   1.0000   1.0000   1.0000
   1.0000   1.0000   1.0000
   1.0000   1.0000   1.0000
   1.0000   1.0000   1.0000
   1.0000   1.0000   1.0000
   1.0000   1.0000   1.0000
   1.0000   1.0000   1.0000
   1.0000   1.0000   1.0000
   1.0000   1.0000   1.0000
   1.0000   1.0000   1.0000
   1.0000   1.0000   1.0000

applying weight : 1
applying weight : 1
applying weight : 1
Here are the weights in c++ : 
   1.0000   1.0000   1.0000
   1.0000   1.0000   1.0000
   1.0000   1.0000   1.0000
   1.0000   1.0000   1.0000
   1.0000   1.0000   1.0000
   1.0000   1.0000   1.0000
   1.0000   1.0000   1.0000
   1.0000   1.0000   1.0000
   1.0000   1.0000   1.0000
   1.0000   1.0000   1.0000
   1.0000   1.0000   1.0000
   1.0000   1.0000   1.0000
   1.0000   1.0000   1.0000
   1.0000   1.0000   1.0000
   1.0000   1.0000   1.0000
   1.0000   1.0000   1.0000
   1.0000   1.0000   1.0000
   1.0000   1.0000   1.0000
   1.0000   1.0000   1.0000
   1.0000   1.0000   1.0000
   1.0000   1.0000   1.0000
   1.0000   1.0000   1.0000
   1.0000   1.0000   1.0000
   1.0000   1.0000   1.0000
   1.0000   1.0000   1.0000
   1.0000   1.0000   1.0000
   1.0000   1.0000   1.0000
   1.0000   1.0000   1.0000
   1.0000   1.0000   1.0000
   1.0000   1.0000   1.0000
   1.0000   1.0000   1.0000
   1.0000   1.0000   1.0000
   1.0000   1.0000   1.0000
   1.0000   1.0000   1.0000
   1.0000   1.0000   1.0000
   1.0000   1.0000   1.0000
   1.0000   1.0000   1.0000
   1.0000   1.0000   1.0000
   1.0000   1.0000   1.0000
   1.0000   1.0000   1.0000
   1.0000   1.0000   1.0000
   1.0000   1.0000   1.0000
   1.0000   1.0000   1.0000
   1.0000   1.0000   1.0000
   1.0000   1.0000   1.0000
   1.0000   1.0000   1.0000
   1.0000   1.0000   1.0000
   1.0000   1.0000   1.0000
   1.0000   1.0000   1.0000
   1.0000   1.0000   1.0000
   1.0000   1.0000   1.0000
   1.0000   1.0000   1.0000
   1.0000   1.0000   1.0000
   1.0000   1.0000   1.0000
   1.0000   1.0000   1.0000
   1.0000   1.0000   1.0000
   1.0000   1.0000   1.0000

applying weight : 1
applying weight : 1
applying weight : 1
Here are the weights in c++ : 
   1.0000   1.0000   1.0000
   1.0000   1.0000   1.0000
   1.0000   1.0000   1.0000
   1.0000   1.0000   1.0000
   1.0000   1.0000   1.0000
   1.0000   1.0000   1.0000
   1.0000   1.0000   1.0000
   1.0000   1.0000   1.0000
   1.0000   1.0000   1.0000
   1.0000   1.0000   1.0000
   1.0000   1.0000   1.0000
   1.0000   1.0000   1.0000
   1.0000   1.0000   1.0000
   1.0000   1.0000   1.0000
   1.0000   1.0000   1.0000
   1.0000   1.0000   1.0000
   1.0000   1.0000   1.0000
   1.0000   1.0000   1.0000
   1.0000   1.0000   1.0000
   1.0000   1.0000   1.0000
   1.0000   1.0000   1.0000
   1.0000   1.0000   1.0000
   1.0000   1.0000   1.0000
   1.0000   1.0000   1.0000
   1.0000   1.0000   1.0000
   1.0000   1.0000   1.0000
   1.0000   1.0000   1.0000
   1.0000   1.0000   1.0000
   1.0000   1.0000   1.0000
   1.0000   1.0000   1.0000
   1.0000   1.0000   1.0000
   1.0000   1.0000   1.0000
   1.0000   1.0000   1.0000
   1.0000   1.0000   1.0000
   1.0000   1.0000   1.0000
   1.0000   1.0000   1.0000
   1.0000   1.0000   1.0000
   1.0000   1.0000   1.0000
   1.0000   1.0000   1.0000
   1.0000   1.0000   1.0000
   1.0000   1.0000   1.0000
   1.0000   1.0000   1.0000
   1.0000   1.0000   1.0000
   1.0000   1.0000   1.0000
   1.0000   1.0000   1.0000
   1.0000   1.0000   1.0000
   1.0000   1.0000   1.0000
   1.0000   1.0000   1.0000
   1.0000   1.0000   1.0000
   1.0000   1.0000   1.0000
   1.0000   1.0000   1.0000
   1.0000   1.0000   1.0000
   1.0000   1.0000   1.0000
   1.0000   1.0000   1.0000
   1.0000   1.0000   1.0000
   1.0000   1.0000   1.0000
   1.0000   1.0000   1.0000

applying weight : 1
applying weight : 1
applying weight : 1
Here are the weights in c++ : 
   1.0000   1.0000   1.0000
   1.0000   1.0000   1.0000
   1.0000   1.0000   1.0000
   1.0000   1.0000   1.0000
   1.0000   1.0000   1.0000
   1.0000   1.0000   1.0000
   1.0000   1.0000   1.0000
   1.0000   1.0000   1.0000
   1.0000   1.0000   1.0000
   1.0000   1.0000   1.0000
   1.0000   1.0000   1.0000
   1.0000   1.0000   1.0000
   1.0000   1.0000   1.0000
   1.0000   1.0000   1.0000
   1.0000   1.0000   1.0000
   1.0000   1.0000   1.0000
   1.0000   1.0000   1.0000
   1.0000   1.0000   1.0000
   1.0000   1.0000   1.0000
   1.0000   1.0000   1.0000
   1.0000   1.0000   1.0000
   1.0000   1.0000   1.0000
   1.0000   1.0000   1.0000
   1.0000   1.0000   1.0000
   1.0000   1.0000   1.0000
   1.0000   1.0000   1.0000
   1.0000   1.0000   1.0000
   1.0000   1.0000   1.0000
   1.0000   1.0000   1.0000
   1.0000   1.0000   1.0000
   1.0000   1.0000   1.0000
   1.0000   1.0000   1.0000
   1.0000   1.0000   1.0000
   1.0000   1.0000   1.0000
   1.0000   1.0000   1.0000
   1.0000   1.0000   1.0000
   1.0000   1.0000   1.0000
   1.0000   1.0000   1.0000
   1.0000   1.0000   1.0000
   1.0000   1.0000   1.0000
   1.0000   1.0000   1.0000
   1.0000   1.0000   1.0000
   1.0000   1.0000   1.0000
   1.0000   1.0000   1.0000
   1.0000   1.0000   1.0000
   1.0000   1.0000   1.0000
   1.0000   1.0000   1.0000
   1.0000   1.0000   1.0000
   1.0000   1.0000   1.0000
   1.0000   1.0000   1.0000
   1.0000   1.0000   1.0000
   1.0000   1.0000   1.0000
   1.0000   1.0000   1.0000
   1.0000   1.0000   1.0000
   1.0000   1.0000   1.0000
   1.0000   1.0000   1.0000
   1.0000   1.0000   1.0000

applying weight : 1
applying weight : 1
applying weight : 1
Here are the weights in c++ : 
   1.0000   1.0000   1.0000
   1.0000   1.0000   1.0000
   1.0000   1.0000   1.0000
   1.0000   1.0000   1.0000
   1.0000   1.0000   1.0000
   1.0000   1.0000   1.0000
   1.0000   1.0000   1.0000
   1.0000   1.0000   1.0000
   1.0000   1.0000   1.0000
   1.0000   1.0000   1.0000
   1.0000   1.0000   1.0000
   1.0000   1.0000   1.0000
   1.0000   1.0000   1.0000
   1.0000   1.0000   1.0000
   1.0000   1.0000   1.0000
   1.0000   1.0000   1.0000
   1.0000   1.0000   1.0000
   1.0000   1.0000   1.0000
   1.0000   1.0000   1.0000
   1.0000   1.0000   1.0000
   1.0000   1.0000   1.0000
   1.0000   1.0000   1.0000
   1.0000   1.0000   1.0000
   1.0000   1.0000   1.0000
   1.0000   1.0000   1.0000
   1.0000   1.0000   1.0000
   1.0000   1.0000   1.0000
   1.0000   1.0000   1.0000
   1.0000   1.0000   1.0000
   1.0000   1.0000   1.0000
   1.0000   1.0000   1.0000
   1.0000   1.0000   1.0000
   1.0000   1.0000   1.0000
   1.0000   1.0000   1.0000
   1.0000   1.0000   1.0000
   1.0000   1.0000   1.0000
   1.0000   1.0000   1.0000
   1.0000   1.0000   1.0000
   1.0000   1.0000   1.0000
   1.0000   1.0000   1.0000
   1.0000   1.0000   1.0000
   1.0000   1.0000   1.0000
   1.0000   1.0000   1.0000
   1.0000   1.0000   1.0000
   1.0000   1.0000   1.0000
   1.0000   1.0000   1.0000
   1.0000   1.0000   1.0000
   1.0000   1.0000   1.0000
   1.0000   1.0000   1.0000
   1.0000   1.0000   1.0000
   1.0000   1.0000   1.0000
   1.0000   1.0000   1.0000
   1.0000   1.0000   1.0000
   1.0000   1.0000   1.0000
   1.0000   1.0000   1.0000
   1.0000   1.0000   1.0000
   1.0000   1.0000   1.0000

applying weight : 1
applying weight : 1
applying weight : 1
   bw   cvl_scores
1 200 3.068423e+12
2 300 9.065686e+12
3 400 1.812569e+13
   bw   cvl_scores
1 200 3.068423e+12
2 300 9.065686e+12
3 400 1.812569e+13
   bw   cvl_scores
1 200 3.068423e+12
2 300 9.065686e+12
3 400 1.812569e+13
⠙ |   2    10 | testing the bandwidth selection functions                                                                          [1] "checking inputs ..."
[1] "prior data preparation ..."
[1] "Calculating the correction factor if required"
[1] "start calculating the kernel values for the adaptive bandwidth..."
[1] "    quadra 1/1"
[1] "    build graph ..."
[1] "        calculating NKDE values ..."
[1] "Splittig the dataset within the grid ..."
[1] "start calculating the CV values ..."
  |                                                                                                                                 |                                                                                                                         |   0%Here are the weights in c++ : 
   1.0000   1.0000   1.0000
   1.0000   1.0000   1.0000
   1.0000   1.0000   1.0000

applying weight : 1
applying weight : 1
applying weight : 1
Here are the weights in c++ : 
   1.0000   1.0000   1.0000
   1.0000   1.0000   1.0000
   1.0000   1.0000   1.0000

applying weight : 1
applying weight : 1
applying weight : 1
Here are the weights in c++ : 
   1.0000   1.0000   1.0000
   1.0000   1.0000   1.0000
   1.0000   1.0000   1.0000

applying weight : 1
applying weight : 1
applying weight : 1
  |                                                                                                                                 |=========================================================================================================================| 100%⠹ |   2    11 | testing the bandwidth selection functions                                                                          Here are the weights in c++ : 
   2.0000   2.0000   2.0000
   1.0000   1.0000   1.0000
   1.0000   1.0000   1.0000

applying weight : 2
applying weight : 2
applying weight : 2
Here are the weights in c++ : 
   2.0000   2.0000   2.0000
   1.0000   1.0000   1.0000
   1.0000   1.0000   1.0000

applying weight : 1
applying weight : 1
applying weight : 1
Here are the weights in c++ : 
   2.0000   2.0000   2.0000
   1.0000   1.0000   1.0000
   1.0000   1.0000   1.0000

applying weight : 1
applying weight : 1
applying weight : 1
⠸ |   2    12 | testing the bandwidth selection functions                                                                          ✔ |   2    12 | testing the bandwidth selection functions [8.5s]
───────────────────────────────────────────────────────────────────────────────────────────────────────────────────────────────────
Warning ('test_bw_selection_sf.R:526:3'): Testing that bw selection by cv-likelihood gives the same score in single and multicore
UNRELIABLE VALUE: One of the ‘future.apply’ iterations (‘future_lapply-1’) unexpectedly generated random numbers without declaring so. There is a risk that those random numbers are not statistically sound and the overall results might be invalid. To fix this, specify 'future.seed=TRUE'. This ensures that proper, parallel-safe random numbers are produced via the L'Ecuyer-CMRG method. To disable this check, use 'future.seed = NULL', or set option 'future.rng.onMisuse' to "ignore".
Backtrace:
  1. spNetwork::bw_cv_likelihood_calc.mc(...)
       at test_bw_selection_sf.R:526:2
 17. progressr (local) `<fn>`(`<progrssn>`)
 18. progressr:::flush_conditions(conditions)

Warning ('test_bw_selection_sf.R:526:3'): Testing that bw selection by cv-likelihood gives the same score in single and multicore
UNRELIABLE VALUE: One of the ‘future.apply’ iterations (‘future_lapply-2’) unexpectedly generated random numbers without declaring so. There is a risk that those random numbers are not statistically sound and the overall results might be invalid. To fix this, specify 'future.seed=TRUE'. This ensures that proper, parallel-safe random numbers are produced via the L'Ecuyer-CMRG method. To disable this check, use 'future.seed = NULL', or set option 'future.rng.onMisuse' to "ignore".
Backtrace:
 1. spNetwork::bw_cv_likelihood_calc.mc(...)
      at test_bw_selection_sf.R:526:2
 2. progressr::with_progress(...)
      at spNetwork/R/bandwidth_selection_cv_sf.R:618:4
 3. progressr:::flush_conditions(conditions)
      at spNetwork/R/bandwidth_selection_cv_sf.R:618:4
───────────────────────────────────────────────────────────────────────────────────────────────────────────────────────────────────
⠏ |         0 | bw_selection_tnkde_sf                                                                                              ⠏ |         0 | testing the bandwidth selection functions for tnkde                                                                ⠋ |         1 | testing the bandwidth selection functions for tnkde                                                                ⠙ |         2 | testing the bandwidth selection functions for tnkde                                                                [1] "prior data preparation ..."
[1] "Calculating the correction factor if required"
[1] "start calculating the CV values ..."
  |                                                                                                                                 |                                                                                                                         |   0%  |                                                                                                                                 |=========================================================================================================================| 100%[1] "prior data preparation ..."
[1] "Calculating the correction factor if required"
[1] "start calculating the CV values ..."
  |                                                                                                                                 |                                                                                                                         |   0%  |                                                                                                                                 |=========================================================================================================================| 100%⠸ |         4 | testing the bandwidth selection functions for tnkde                                                                [1] "prior data preparation ..."
[1] "Calculating the correction factor if required"
[1] "start calculating the CV values ..."
  |                                                                                                                                 |                                                                                                                         |   0%  |                                                                                                                                 |=========================================================================================================================| 100%[1] "prior data preparation ..."
[1] "Calculating the correction factor if required"
[1] "splitting the data by the grid..."
[1] "start calculating the CV values ..."
⠼ |   1     4 | testing the bandwidth selection functions for tnkde                                                                [1] 1
IGRAPH dbd28e0 UNW- 8 7 -- 
+ attr: name (v/c), weight (e/n), graph_id (e/n), wkt (e/c)
+ edges from dbd28e0 (vertex names):
[1] 0.0_5.0 --0.0_3.0  0.0_3.0 --0.0_0.0  -5.0_0.0--0.0_0.0  0.0_-5.0--0.0_-3.0 0.0_-3.0--0.0_0.0  5.0_0.0 --2.0_0.0 
[7] 2.0_0.0 --0.0_0.0 
[1] "here is the neighbour list : "
$`0.0_5.0`
[1] 2

$`0.0_3.0`
[1] 1 8

$`-5.0_0.0`
[1] 8

$`0.0_-5.0`
[1] 5

$`0.0_-3.0`
[1] 4 8

$`5.0_0.0`
[1] 7

$`2.0_0.0`
[1] 6 8

$`0.0_0.0`
[1] 2 3 5 7

step0
step1
step2
step3
step3
Iterating on 0
Here is k : 
[cube slice: 0]
        0        0
        0        0
        0        0

[cube slice: 1]
   1.3733e-04   1.0089e-04
   8.5734e-05   6.2988e-05
   5.3644e-05   3.9412e-05

[cube slice: 2]
   9.4522e-05   7.0501e-05
   7.2368e-05   5.3978e-05
   4.7774e-05   3.5634e-05

[cube slice: 3]
   1.2981e-04   9.6819e-05
   8.1037e-05   6.0443e-05
   5.0705e-05   3.7820e-05


weight applied !
Iterating on 1
Here is k : 
[cube slice: 0]
   1.3733e-04   1.0089e-04
   8.5734e-05   6.2988e-05
   5.3644e-05   3.9412e-05

[cube slice: 1]
        0        0
        0        0
        0        0

[cube slice: 2]
   1.2981e-04   9.6819e-05
   8.1037e-05   6.0443e-05
   5.0705e-05   3.7820e-05

[cube slice: 3]
   2.3077e-04   1.7212e-04
   1.0256e-04   7.6499e-05
   5.7691e-05   4.3031e-05


weight applied !
Iterating on 2
Here is k : 
[cube slice: 0]
   9.4522e-05   7.0501e-05
   7.2368e-05   5.3978e-05
   4.7774e-05   3.5634e-05

[cube slice: 1]
   1.2981e-04   9.6819e-05
   8.1037e-05   6.0443e-05
   5.0705e-05   3.7820e-05

[cube slice: 2]
        0        0
        0        0
        0        0

[cube slice: 3]
   1.3733e-04   1.0089e-04
   8.5734e-05   6.2988e-05
   5.3644e-05   3.9412e-05


weight applied !
Iterating on 3
Here is k : 
[cube slice: 0]
   1.2981e-04   9.6819e-05
   8.1037e-05   6.0443e-05
   5.0705e-05   3.7820e-05

[cube slice: 1]
   2.3077e-04   1.7212e-04
   1.0256e-04   7.6499e-05
   5.7691e-05   4.3031e-05

[cube slice: 2]
   1.3733e-04   1.0089e-04
   8.5734e-05   6.2988e-05
   5.3644e-05   3.9412e-05

[cube slice: 3]
        0        0
        0        0
        0        0


weight applied !
end of iterations !
[1] "here are the estimated densities before calculating local bws"
, , 1

             [,1]         [,2]
[1,] 0.0006057970 0.0004475834
[2,] 0.0003476460 0.0002571285
[3,] 0.0002131589 0.0001577076

, , 2

             [,1]         [,2]
[1,] 0.0007420410 0.0005492043
[2,] 0.0003778404 0.0002796497
[3,] 0.0002230761 0.0001651046

, , 3

             [,1]         [,2]
[1,] 0.0006057970 0.0004475834
[2,] 0.0003476460 0.0002571285
[3,] 0.0002131589 0.0001577076

, , 4

             [,1]         [,2]
[1,] 0.0007420410 0.0005492043
[2,] 0.0003778404 0.0002796497
[3,] 0.0002230761 0.0001651046

[1] "Here are the precaculated adaptive bws"
$bws_net
, , 1

         [,1]     [,2]
[1,] 10.52023 10.52483
[2,] 15.31560 15.31818
[3,] 20.22867 20.23050

, , 2

          [,1]      [,2]
[1,]  9.505496  9.501343
[2,] 14.690902 14.688424
[3,] 19.773913 19.772127

, , 3

         [,1]     [,2]
[1,] 10.52023 10.52483
[2,] 15.31560 15.31818
[3,] 20.22867 20.23050

, , 4

          [,1]      [,2]
[1,]  9.505496  9.501343
[2,] 14.690902 14.688424
[3,] 19.773913 19.772127


$bws_time
, , 1

         [,1]     [,2]
[1,] 6.312138 7.367379
[2,] 6.126240 7.148486
[3,] 6.068601 7.080675

, , 2

         [,1]     [,2]
[1,] 5.703298 6.650940
[2,] 5.876361 6.854598
[3,] 5.932174 6.920244

, , 3

         [,1]     [,2]
[1,] 6.312138 7.367379
[2,] 6.126240 7.148486
[3,] 6.068601 7.080675

, , 4

         [,1]     [,2]
[1,] 5.703298 6.650940
[2,] 5.876361 6.854598
[3,] 5.932174 6.920244


[1] "this is bws_net"
, , 1

         [,1]     [,2]
[1,] 10.52023 10.52483
[2,] 15.31560 15.31818
[3,] 20.22867 20.23050

, , 2

          [,1]      [,2]
[1,]  9.505496  9.501343
[2,] 14.690902 14.688424
[3,] 19.773913 19.772127

, , 3

         [,1]     [,2]
[1,] 10.52023 10.52483
[2,] 15.31560 15.31818
[3,] 20.22867 20.23050

, , 4

          [,1]      [,2]
[1,]  9.505496  9.501343
[2,] 14.690902 14.688424
[3,] 19.773913 19.772127

[1] "this is bws_time"
, , 1

         [,1]     [,2]
[1,] 6.312138 7.367379
[2,] 6.126240 7.148486
[3,] 6.068601 7.080675

, , 2

         [,1]     [,2]
[1,] 5.703298 6.650940
[2,] 5.876361 6.854598
[3,] 5.932174 6.920244

, , 3

         [,1]     [,2]
[1,] 6.312138 7.367379
[2,] 6.126240 7.148486
[3,] 6.068601 7.080675

, , 4

         [,1]     [,2]
[1,] 5.703298 6.650940
[2,] 5.876361 6.854598
[3,] 5.932174 6.920244

Here is the neighbours wids : 
1 2 3 4

Here is the neighbours time : 
5 5 6 6

iterating to calculate the densities from each event 
    0
starting the new function !
OUT OF FUNCTION
    1
starting the new function !
See me ! I must add some density at the origin ! 
OUT OF FUNCTION
    2
starting the new function !
OUT OF FUNCTION
    3
starting the new function !
See me ! I must add some density at the origin ! 
OUT OF FUNCTION
[1] "obtained k values  : "
, , 1

             [,1]         [,2]
[1,] 0.0003896808 0.0002891718
[2,] 0.0002469036 0.0001831887
[3,] 0.0001547128 0.0001147886

, , 2

             [,1]         [,2]
[1,] 0.0005139025 0.0003823410
[2,] 0.0002663878 0.0001978074
[3,] 0.0001603682 0.0001190343

, , 3

             [,1]         [,2]
[1,] 0.0003896808 0.0002891718
[2,] 0.0002469036 0.0001831887
[3,] 0.0001547128 0.0001147886

, , 4

             [,1]         [,2]
[1,] 0.0005139025 0.0003823410
[2,] 0.0002663878 0.0001978074
[3,] 0.0001603682 0.0001190343

⠧ |   2     6 | testing the bandwidth selection functions for tnkde                                                                [1] 1
IGRAPH dbe5caa UNW- 8 7 -- 
+ attr: name (v/c), weight (e/n), graph_id (e/n), wkt (e/c)
+ edges from dbe5caa (vertex names):
[1] 0.0_5.0 --0.0_3.0  0.0_3.0 --0.0_0.0  -5.0_0.0--0.0_0.0  0.0_-5.0--0.0_-3.0 0.0_-3.0--0.0_0.0  5.0_0.0 --2.0_0.0 
[7] 2.0_0.0 --0.0_0.0 
[1] "here is the neighbour list : "
$`0.0_5.0`
[1] 2

$`0.0_3.0`
[1] 1 8

$`-5.0_0.0`
[1] 8

$`0.0_-5.0`
[1] 5

$`0.0_-3.0`
[1] 4 8

$`5.0_0.0`
[1] 7

$`2.0_0.0`
[1] 6 8

$`0.0_0.0`
[1] 2 3 5 7

step0
step1
step2
step3
step3
Iterating on 0
Here is k : 
[cube slice: 0]
        0        0
        0        0
        0        0

[cube slice: 1]
   4.5776e-05   3.3632e-05
   2.8578e-05   2.0996e-05
   1.7881e-05   1.3137e-05

[cube slice: 2]
   3.1507e-05   2.3500e-05
   2.4123e-05   1.7993e-05
   1.5925e-05   1.1878e-05

[cube slice: 3]
   4.3269e-05   3.2273e-05
   2.7012e-05   2.0148e-05
   1.6902e-05   1.2607e-05


weight applied !
Iterating on 1
Here is k : 
[cube slice: 0]
   4.5776e-05   3.3632e-05
   2.8578e-05   2.0996e-05
   1.7881e-05   1.3137e-05

[cube slice: 1]
        0        0
        0        0
        0        0

[cube slice: 2]
   4.3269e-05   3.2273e-05
   2.7012e-05   2.0148e-05
   1.6902e-05   1.2607e-05

[cube slice: 3]
   2.3077e-04   1.7212e-04
   1.0256e-04   7.6499e-05
   5.7691e-05   4.3031e-05


weight applied !
Iterating on 2
Here is k : 
[cube slice: 0]
   3.1507e-05   2.3500e-05
   2.4123e-05   1.7993e-05
   1.5925e-05   1.1878e-05

[cube slice: 1]
   4.3269e-05   3.2273e-05
   2.7012e-05   2.0148e-05
   1.6902e-05   1.2607e-05

[cube slice: 2]
        0        0
        0        0
        0        0

[cube slice: 3]
   4.5776e-05   3.3632e-05
   2.8578e-05   2.0996e-05
   1.7881e-05   1.3137e-05


weight applied !
Iterating on 3
Here is k : 
[cube slice: 0]
   4.3269e-05   3.2273e-05
   2.7012e-05   2.0148e-05
   1.6902e-05   1.2607e-05

[cube slice: 1]
   2.3077e-04   1.7212e-04
   1.0256e-04   7.6499e-05
   5.7691e-05   4.3031e-05

[cube slice: 2]
   4.5776e-05   3.3632e-05
   2.8578e-05   2.0996e-05
   1.7881e-05   1.3137e-05

[cube slice: 3]
        0        0
        0        0
        0        0


weight applied !
end of iterations !
[1] "here are the estimated densities before calculating local bws"
, , 1

             [,1]         [,2]
[1,] 0.0003646928 2.687736e-04
[2,] 0.0001882200 1.388558e-04
[3,] 0.0001117431 8.246397e-05

, , 2

             [,1]         [,2]
[1,] 0.0005639512 0.0004173953
[2,] 0.0002666598 0.0001973620
[3,] 0.0001535097 0.0001136166

, , 3

             [,1]         [,2]
[1,] 0.0003646928 2.687736e-04
[2,] 0.0001882200 1.388558e-04
[3,] 0.0001117431 8.246397e-05

, , 4

             [,1]         [,2]
[1,] 0.0005639512 0.0004173953
[2,] 0.0002666598 0.0001973620
[3,] 0.0001535097 0.0001136166

[1] "Here are the precaculated adaptive bws"
$bws_net
, , 1

         [,1]     [,2]
[1,] 11.15138 11.16324
[2,] 16.36493 16.37820
[3,] 21.65254 21.66828

, , 2

         [,1]      [,2]
[1,]  8.96750  8.957973
[2,] 13.74891 13.737774
[3,] 18.47358 18.460164

, , 3

         [,1]     [,2]
[1,] 11.15138 11.16324
[2,] 16.36493 16.37820
[3,] 21.65254 21.66828

, , 4

         [,1]      [,2]
[1,]  8.96750  8.957973
[2,] 13.74891 13.737774
[3,] 18.47358 18.460164


$bws_time
, , 1

         [,1]     [,2]
[1,] 6.690828 7.814268
[2,] 6.545973 7.643160
[3,] 6.495762 7.583898

, , 2

         [,1]     [,2]
[1,] 5.380500 6.270581
[2,] 5.499564 6.410961
[3,] 5.542075 6.461058

, , 3

         [,1]     [,2]
[1,] 6.690828 7.814268
[2,] 6.545973 7.643160
[3,] 6.495762 7.583898

, , 4

         [,1]     [,2]
[1,] 5.380500 6.270581
[2,] 5.499564 6.410961
[3,] 5.542075 6.461058


[1] "this is bws_net"
, , 1

         [,1]     [,2]
[1,] 11.15138 11.16324
[2,] 16.36493 16.37820
[3,] 21.65254 21.66828

, , 2

         [,1]      [,2]
[1,]  8.96750  8.957973
[2,] 13.74891 13.737774
[3,] 18.47358 18.460164

, , 3

         [,1]     [,2]
[1,] 11.15138 11.16324
[2,] 16.36493 16.37820
[3,] 21.65254 21.66828

, , 4

         [,1]      [,2]
[1,]  8.96750  8.957973
[2,] 13.74891 13.737774
[3,] 18.47358 18.460164

[1] "this is bws_time"
, , 1

         [,1]     [,2]
[1,] 6.690828 7.814268
[2,] 6.545973 7.643160
[3,] 6.495762 7.583898

, , 2

         [,1]     [,2]
[1,] 5.380500 6.270581
[2,] 5.499564 6.410961
[3,] 5.542075 6.461058

, , 3

         [,1]     [,2]
[1,] 6.690828 7.814268
[2,] 6.545973 7.643160
[3,] 6.495762 7.583898

, , 4

         [,1]     [,2]
[1,] 5.380500 6.270581
[2,] 5.499564 6.410961
[3,] 5.542075 6.461058

Here is the neighbours wids : 
1 2 3 4

Here is the neighbours time : 
5 5 6 6

iterating to calculate the densities from each event 
    0
    1
See me ! I must add some density at the origin ! 
    2
    3
See me ! I must add some density at the origin ! 
[1] "obtained k values  : "
, , 1

             [,1]         [,2]
[1,] 1.408579e-04 1.046439e-04
[2,] 9.290514e-05 6.902407e-05
[3,] 5.850294e-05 4.345978e-05

, , 2

             [,1]         [,2]
[1,] 0.0004176040 3.129702e-04
[2,] 0.0001847328 1.380869e-04
[3,] 0.0001044005 7.797133e-05

, , 3

             [,1]         [,2]
[1,] 1.408579e-04 1.046439e-04
[2,] 9.290514e-05 6.902407e-05
[3,] 5.850294e-05 4.345978e-05

, , 4

             [,1]         [,2]
[1,] 0.0004176040 3.129702e-04
[2,] 0.0001847328 1.380869e-04
[3,] 0.0001044005 7.797133e-05

⠇ |   2     7 | testing the bandwidth selection functions for tnkde                                                                [1] 1
IGRAPH dc00975 UNW- 8 7 -- 
+ attr: name (v/c), weight (e/n), graph_id (e/n), wkt (e/c)
+ edges from dc00975 (vertex names):
[1] 0.0_5.0 --0.0_3.0  0.0_3.0 --0.0_0.0  -5.0_0.0--0.0_0.0  0.0_-5.0--0.0_-3.0 0.0_-3.0--0.0_0.0  5.0_0.0 --2.0_0.0 
[7] 2.0_0.0 --0.0_0.0 
[1] "here is the neighbour list : "
$`0.0_5.0`
[1] 2

$`0.0_3.0`
[1] 1 8

$`-5.0_0.0`
[1] 8

$`0.0_-5.0`
[1] 5

$`0.0_-3.0`
[1] 4 8

$`5.0_0.0`
[1] 7

$`2.0_0.0`
[1] 6 8

$`0.0_0.0`
[1] 2 3 5 7

step0
step1
step2
step3
step3
Iterating on 0
Here is k : 
[cube slice: 0]
   4.7261e-05   3.5251e-05
   3.6184e-05   2.6989e-05
   2.3887e-05   1.7817e-05


weight applied !
Iterating on 1
Here is k : 
[cube slice: 0]
   6.4903e-05   4.8409e-05
   4.0519e-05   3.0222e-05
   2.5353e-05   1.8910e-05


weight applied !
Iterating on 2
Here is k : 
[cube slice: 0]
   1.9414e-04   1.4263e-04
   7.0226e-05   5.1594e-05
   3.5764e-05   2.6275e-05


weight applied !
Iterating on 3
Here is k : 
[cube slice: 0]
   6.8665e-05   5.0447e-05
   4.2867e-05   3.1494e-05
   2.6822e-05   1.9706e-05


weight applied !
end of iterations !
[1] 2
IGRAPH dc02981 UNW- 8 7 -- 
+ attr: name (v/c), weight (e/n), graph_id (e/n), wkt (e/c)
+ edges from dc02981 (vertex names):
[1] 0.0_5.0 --0.0_3.0  0.0_3.0 --0.0_0.0  -5.0_0.0--0.0_0.0  0.0_-5.0--0.0_-3.0 0.0_-3.0--0.0_0.0  5.0_0.0 --2.0_0.0 
[7] 2.0_0.0 --0.0_0.0 
[1] "here is the neighbour list : "
$`0.0_5.0`
[1] 2

$`0.0_3.0`
[1] 1 8

$`-5.0_0.0`
[1] 8

$`0.0_-5.0`
[1] 5

$`0.0_-3.0`
[1] 4 8

$`5.0_0.0`
[1] 7

$`2.0_0.0`
[1] 6 8

$`0.0_0.0`
[1] 2 3 5 7

step0
step1
step2
step3
step3
Iterating on 0
Here is k : 
[cube slice: 0]
   6.8665e-05   5.0447e-05
   4.2867e-05   3.1494e-05
   2.6822e-05   1.9706e-05

[cube slice: 1]
   6.4903e-05   4.8409e-05
   4.0519e-05   3.0222e-05
   2.5353e-05   1.8910e-05


weight applied !
Iterating on 1
Here is k : 
[cube slice: 0]
   1.5801e-04   1.1609e-04
   6.1695e-05   4.5327e-05
   3.2910e-05   2.4179e-05

[cube slice: 1]
   1.4935e-04   1.1140e-04
   5.8315e-05   4.3496e-05
   3.1107e-05   2.3202e-05


weight applied !
Iterating on 2
Here is k : 
[cube slice: 0]
   6.4903e-05   4.8409e-05
   4.0519e-05   3.0222e-05
   2.5353e-05   1.8910e-05

[cube slice: 1]
   6.8665e-05   5.0447e-05
   4.2867e-05   3.1494e-05
   2.6822e-05   1.9706e-05


weight applied !
Iterating on 3
Here is k : 
[cube slice: 0]
   1.4935e-04   1.1140e-04
   5.8315e-05   4.3496e-05
   3.1107e-05   2.3202e-05

[cube slice: 1]
   1.5801e-04   1.1609e-04
   6.1695e-05   4.5327e-05
   3.2910e-05   2.4179e-05


weight applied !
end of iterations !
[1] 3
IGRAPH dc04959 UNW- 8 7 -- 
+ attr: name (v/c), weight (e/n), graph_id (e/n), wkt (e/c)
+ edges from dc04959 (vertex names):
[1] 0.0_5.0 --0.0_3.0  0.0_3.0 --0.0_0.0  -5.0_0.0--0.0_0.0  0.0_-5.0--0.0_-3.0 0.0_-3.0--0.0_0.0  5.0_0.0 --2.0_0.0 
[7] 2.0_0.0 --0.0_0.0 
[1] "here is the neighbour list : "
$`0.0_5.0`
[1] 2

$`0.0_3.0`
[1] 1 8

$`-5.0_0.0`
[1] 8

$`0.0_-5.0`
[1] 5

$`0.0_-3.0`
[1] 4 8

$`5.0_0.0`
[1] 7

$`2.0_0.0`
[1] 6 8

$`0.0_0.0`
[1] 2 3 5 7

step0
step1
step2
step3
step3
Iterating on 0
Here is k : 
[cube slice: 0]
   1.9414e-04   1.4263e-04
   7.0226e-05   5.1594e-05
   3.5764e-05   2.6275e-05


weight applied !
Iterating on 1
Here is k : 
[cube slice: 0]
   6.8665e-05   5.0447e-05
   4.2867e-05   3.1494e-05
   2.6822e-05   1.9706e-05


weight applied !
Iterating on 2
Here is k : 
[cube slice: 0]
   4.7261e-05   3.5251e-05
   3.6184e-05   2.6989e-05
   2.3887e-05   1.7817e-05


weight applied !
Iterating on 3
Here is k : 
[cube slice: 0]
   6.4903e-05   4.8409e-05
   4.0519e-05   3.0222e-05
   2.5353e-05   1.8910e-05


weight applied !
end of iterations !
[1] "here are the estimated densities before calculating local bws"
, , 1

             [,1]         [,2]
[1,] 0.0003749688 2.767413e-04
[2,] 0.0001897952 1.402989e-04
[3,] 0.0001118254 8.270799e-05

, , 2

             [,1]         [,2]
[1,] 0.0004409267 3.263416e-04
[2,] 0.0002033959 1.505387e-04
[3,] 0.0001161921 8.599689e-05

, , 3

             [,1]         [,2]
[1,] 0.0004409267 3.263416e-04
[2,] 0.0002033959 1.505387e-04
[3,] 0.0001161921 8.599689e-05

, , 4

             [,1]         [,2]
[1,] 0.0003749688 2.767413e-04
[2,] 0.0001897952 1.402989e-04
[3,] 0.0001118254 8.270799e-05

[1] "Here are the precaculated adaptive bws"
$bws_net
, , 1

         [,1]     [,2]
[1,] 10.41341 10.42077
[2,] 15.26179 15.26651
[3,] 20.19245 20.19593

, , 2

          [,1]      [,2]
[1,]  9.603006  9.596224
[2,] 14.742700 14.738144
[3,] 19.809384 19.805973

, , 3

         [,1]     [,2]
[1,] 10.41341 10.42077
[2,] 15.26179 15.26651
[3,] 20.19245 20.19593

, , 4

          [,1]      [,2]
[1,]  9.603006  9.596224
[2,] 14.742700 14.738144
[3,] 19.809384 19.805973


$bws_time
, , 1

         [,1]     [,2]
[1,] 6.248044 7.294536
[2,] 6.104716 7.124371
[3,] 6.057735 7.068575

, , 2

         [,1]     [,2]
[1,] 5.761803 6.717357
[2,] 5.897080 6.877801
[3,] 5.942815 6.932090

, , 3

         [,1]     [,2]
[1,] 6.248044 7.294536
[2,] 6.104716 7.124371
[3,] 6.057735 7.068575

, , 4

         [,1]     [,2]
[1,] 5.761803 6.717357
[2,] 5.897080 6.877801
[3,] 5.942815 6.932090


[1] "this is bws_net"
, , 1

         [,1]     [,2]
[1,] 10.41341 10.42077
[2,] 15.26179 15.26651
[3,] 20.19245 20.19593

, , 2

          [,1]      [,2]
[1,]  9.603006  9.596224
[2,] 14.742700 14.738144
[3,] 19.809384 19.805973

, , 3

         [,1]     [,2]
[1,] 10.41341 10.42077
[2,] 15.26179 15.26651
[3,] 20.19245 20.19593

, , 4

          [,1]      [,2]
[1,]  9.603006  9.596224
[2,] 14.742700 14.738144
[3,] 19.809384 19.805973

[1] "this is bws_time"
, , 1

         [,1]     [,2]
[1,] 6.248044 7.294536
[2,] 6.104716 7.124371
[3,] 6.057735 7.068575

, , 2

         [,1]     [,2]
[1,] 5.761803 6.717357
[2,] 5.897080 6.877801
[3,] 5.942815 6.932090

, , 3

         [,1]     [,2]
[1,] 6.248044 7.294536
[2,] 6.104716 7.124371
[3,] 6.057735 7.068575

, , 4

         [,1]     [,2]
[1,] 5.761803 6.717357
[2,] 5.897080 6.877801
[3,] 5.942815 6.932090

Here is the neighbours wids : 
1 2 3 4

Here is the neighbours time : 
5 5 6 6

iterating to calculate the densities from each event 
    0
v_old is : -999
v is : 2
d is : 0
alpha is : 1


v_old is : 2
v is : 8
d is : 3
alpha is : 1


v_old is : 8
v is : 7
d is : 5
alpha is : 0.5


v_old is : 7
v is : 6
d is : 8
alpha is : 0.5


v_old is : 8
v is : 5
d is : 6
alpha is : 0.5


v_old is : 5
v is : 4
d is : 8
alpha is : 0.5


v_old is : 8
v is : 3
d is : 8
alpha is : 0.5


v_old is : 8
v is : 2
d is : 6
alpha is : -0.5


v_old is : 2
v is : 1
d is : 8
alpha is : -0.5


v_old is : 2
v is : 1
d is : 2
alpha is : 1


HERE ARE THE CALCULATED NETWORK DENSITIES
[cube slice: 0]
   0.0201   0.0201
   0.0220   0.0220
   0.0193   0.0193


HERE IS THE MATRIX OF TIME BANDWIDTHS
   6.2480   7.2945
   6.1047   7.1244
   6.0577   7.0686


HERE IS THE MATRIX OF NETWORK BANDWIDTHS
   10.4134   10.4208
   15.2618   15.2665
   20.1925   20.1959


here is bws_net.n_rows 3
this is e : 0
this is n : 0
this is t : 0
here is bw_time6.24804
here is old time_keval0
this is t : 1
here is bw_time7.29454
here is old time_keval0
this is n : 1
this is t : 0
here is bw_time6.10472
here is old time_keval0
this is t : 1
here is bw_time7.12437
here is old time_keval0
this is n : 2
this is t : 0
here is bw_time6.05774
here is old time_keval0
this is t : 1
here is bw_time7.06857
here is old time_keval0
HERE ARE THE CALCULATED TIME DENSITIES
[cube slice: 0]
   0.1425   0.1237
   0.1454   0.1265
   0.1464   0.1274


HERE ARE THE UNSCALED DENSITIES
[cube slice: 0]
   0.0029   0.0025
   0.0032   0.0028
   0.0028   0.0025


    1
v_old is : -999
v is : 7
d is : 0
alpha is : 1


v_old is : 7
v is : 8
d is : 2
alpha is : 1


v_old is : 8
v is : 7
d is : 4
alpha is : -0.5


v_old is : 7
v is : 6
d is : 7
alpha is : -0.5


v_old is : 8
v is : 5
d is : 5
alpha is : 0.5


v_old is : 5
v is : 4
d is : 7
alpha is : 0.5


v_old is : 8
v is : 3
d is : 7
alpha is : 0.5


v_old is : 8
v is : 2
d is : 5
alpha is : 0.5


v_old is : 2
v is : 1
d is : 7
alpha is : 0.5


v_old is : 7
v is : 6
d is : 3
alpha is : 1


HERE ARE THE CALCULATED NETWORK DENSITIES
[cube slice: 0]
   0.0259   0.0259
   0.0249   0.0249
   0.0207   0.0207


HERE IS THE MATRIX OF TIME BANDWIDTHS
   5.7618   6.7174
   5.8971   6.8778
   5.9428   6.9321


HERE IS THE MATRIX OF NETWORK BANDWIDTHS
    9.6030    9.5962
   14.7427   14.7381
   19.8094   19.8060


here is bws_net.n_rows 3
this is e : 0
this is n : 0
this is t : 0
here is bw_time5.7618
here is old time_keval0
this is t : 1
here is bw_time6.71736
here is old time_keval0
this is n : 1
this is t : 0
here is bw_time5.89708
here is old time_keval0
this is t : 1
here is bw_time6.8778
here is old time_keval0
this is n : 2
this is t : 0
here is bw_time5.94282
here is old time_keval0
this is t : 1
here is bw_time6.93209
here is old time_keval0
HERE ARE THE CALCULATED TIME DENSITIES
[cube slice: 0]
   0.1531   0.1334
   0.1500   0.1306
   0.1489   0.1297


HERE ARE THE UNSCALED DENSITIES
[cube slice: 0]
   0.0040   0.0035
   0.0037   0.0033
   0.0031   0.0027


    2
v_old is : -999
v is : 5
d is : 0
alpha is : 1


v_old is : 5
v is : 8
d is : 3
alpha is : 1


v_old is : 8
v is : 7
d is : 5
alpha is : 0.5


v_old is : 7
v is : 6
d is : 8
alpha is : 0.5


v_old is : 8
v is : 5
d is : 6
alpha is : -0.5


v_old is : 5
v is : 4
d is : 8
alpha is : -0.5


v_old is : 8
v is : 3
d is : 8
alpha is : 0.5


v_old is : 8
v is : 2
d is : 6
alpha is : 0.5


v_old is : 2
v is : 1
d is : 8
alpha is : 0.5


v_old is : 5
v is : 4
d is : 2
alpha is : 1


HERE ARE THE CALCULATED NETWORK DENSITIES
[cube slice: 0]
   0.0699   0.0699
   0.0395   0.0395
   0.0271   0.0271


HERE IS THE MATRIX OF TIME BANDWIDTHS
   6.2480   7.2945
   6.1047   7.1244
   6.0577   7.0686


HERE IS THE MATRIX OF NETWORK BANDWIDTHS
   10.4134   10.4208
   15.2618   15.2665
   20.1925   20.1959


here is bws_net.n_rows 3
this is e : 0
this is n : 0
this is t : 0
here is bw_time6.24804
here is old time_keval0
this is t : 1
here is bw_time7.29454
here is old time_keval0
this is n : 1
this is t : 0
here is bw_time6.10472
here is old time_keval0
this is t : 1
here is bw_time7.12437
here is old time_keval0
this is n : 2
this is t : 0
here is bw_time6.05774
here is old time_keval0
this is t : 1
here is bw_time7.06857
here is old time_keval0
HERE ARE THE CALCULATED TIME DENSITIES
[cube slice: 0]
   0.1500   0.1285
   0.1536   0.1316
   0.1548   0.1326


HERE ARE THE UNSCALED DENSITIES
[cube slice: 0]
   0.0105   0.0090
   0.0061   0.0052
   0.0042   0.0036


    3
v_old is : -999
v is : 7
d is : 0
alpha is : 1


v_old is : 7
v is : 8
d is : 2
alpha is : 1


v_old is : 8
v is : 7
d is : 4
alpha is : -0.5


v_old is : 7
v is : 6
d is : 7
alpha is : -0.5


v_old is : 8
v is : 5
d is : 5
alpha is : 0.5


v_old is : 5
v is : 4
d is : 7
alpha is : 0.5


v_old is : 8
v is : 3
d is : 7
alpha is : 0.5


v_old is : 8
v is : 2
d is : 5
alpha is : 0.5


v_old is : 2
v is : 1
d is : 7
alpha is : 0.5


v_old is : 7
v is : 6
d is : 3
alpha is : 1


HERE ARE THE CALCULATED NETWORK DENSITIES
[cube slice: 0]
   0.0259   0.0259
   0.0249   0.0249
   0.0207   0.0207


HERE IS THE MATRIX OF TIME BANDWIDTHS
   5.7618   6.7174
   5.8971   6.8778
   5.9428   6.9321


HERE IS THE MATRIX OF NETWORK BANDWIDTHS
    9.6030    9.5962
   14.7427   14.7381
   19.8094   19.8060


here is bws_net.n_rows 3
this is e : 0
this is n : 0
this is t : 0
here is bw_time5.7618
here is old time_keval0
this is t : 1
here is bw_time6.71736
here is old time_keval0
this is n : 1
this is t : 0
here is bw_time5.89708
here is old time_keval0
this is t : 1
here is bw_time6.8778
here is old time_keval0
this is n : 2
this is t : 0
here is bw_time5.94282
here is old time_keval0
this is t : 1
here is bw_time6.93209
here is old time_keval0
HERE ARE THE CALCULATED TIME DENSITIES
[cube slice: 0]
   0.1627   0.1396
   0.1590   0.1363
   0.1578   0.1352


HERE ARE THE UNSCALED DENSITIES
[cube slice: 0]
   0.0042   0.0036
   0.0040   0.0034
   0.0033   0.0028


[1] "obtained k values  : "
, , 1

             [,1]         [,2]
[1,] 1.919847e-04 1.425208e-04
[2,] 1.227593e-04 9.110244e-05
[3,] 7.714421e-05 5.724483e-05

[1] "this is bws_net"
, , 1

         [,1]     [,2]
[1,] 10.41341 10.42077
[2,] 15.26179 15.26651
[3,] 20.19245 20.19593

, , 2

          [,1]      [,2]
[1,]  9.603006  9.596224
[2,] 14.742700 14.738144
[3,] 19.809384 19.805973

, , 3

         [,1]     [,2]
[1,] 10.41341 10.42077
[2,] 15.26179 15.26651
[3,] 20.19245 20.19593

, , 4

          [,1]      [,2]
[1,]  9.603006  9.596224
[2,] 14.742700 14.738144
[3,] 19.809384 19.805973

[1] "this is bws_time"
, , 1

         [,1]     [,2]
[1,] 6.248044 7.294536
[2,] 6.104716 7.124371
[3,] 6.057735 7.068575

, , 2

         [,1]     [,2]
[1,] 5.761803 6.717357
[2,] 5.897080 6.877801
[3,] 5.942815 6.932090

, , 3

         [,1]     [,2]
[1,] 6.248044 7.294536
[2,] 6.104716 7.124371
[3,] 6.057735 7.068575

, , 4

         [,1]     [,2]
[1,] 5.761803 6.717357
[2,] 5.897080 6.877801
[3,] 5.942815 6.932090

Here is the neighbours wids : 
1 2 3 4

Here is the neighbours time : 
5 5 6 6

iterating to calculate the densities from each event 
    0
v_old is : -999
v is : 2
d is : 0
alpha is : 1


v_old is : 2
v is : 8
d is : 3
alpha is : 1


v_old is : 8
v is : 7
d is : 5
alpha is : 0.5


v_old is : 7
v is : 6
d is : 8
alpha is : 0.5


v_old is : 8
v is : 5
d is : 6
alpha is : 0.5


v_old is : 5
v is : 4
d is : 8
alpha is : 0.5


v_old is : 8
v is : 3
d is : 8
alpha is : 0.5


v_old is : 8
v is : 2
d is : 6
alpha is : -0.5


v_old is : 2
v is : 1
d is : 8
alpha is : -0.5


v_old is : 2
v is : 1
d is : 2
alpha is : 1


HERE ARE THE CALCULATED NETWORK DENSITIES
[cube slice: 0]
   0.0267   0.0267
   0.0245   0.0245
   0.0205   0.0205

[cube slice: 1]
   0.0267   0.0267
   0.0245   0.0245
   0.0205   0.0205


HERE IS THE MATRIX OF TIME BANDWIDTHS
   6.2480   7.2945
   6.1047   7.1244
   6.0577   7.0686


HERE IS THE MATRIX OF NETWORK BANDWIDTHS
   10.4134   10.4208
   15.2618   15.2665
   20.1925   20.1959


here is bws_net.n_rows 3
this is e : 0
this is n : 0
this is t : 0
here is bw_time6.24804
here is old time_keval0
this is t : 1
here is bw_time7.29454
here is old time_keval0
this is n : 1
this is t : 0
here is bw_time6.10472
here is old time_keval0
this is t : 1
here is bw_time7.12437
here is old time_keval0
this is n : 2
this is t : 0
here is bw_time6.05774
here is old time_keval0
this is t : 1
here is bw_time7.06857
here is old time_keval0
this is e : 1
this is n : 0
this is t : 0
here is bw_time6.24804
here is old time_keval0
this is t : 1
here is bw_time7.29454
here is old time_keval0
this is n : 1
this is t : 0
here is bw_time6.10472
here is old time_keval0
this is t : 1
here is bw_time7.12437
here is old time_keval0
this is n : 2
this is t : 0
here is bw_time6.05774
here is old time_keval0
this is t : 1
here is bw_time7.06857
here is old time_keval0
HERE ARE THE CALCULATED TIME DENSITIES
[cube slice: 0]
   0.1500   0.1285
   0.1536   0.1316
   0.1548   0.1326

[cube slice: 1]
   0.1425   0.1237
   0.1454   0.1265
   0.1464   0.1274


HERE ARE THE UNSCALED DENSITIES
[cube slice: 0]
   0.0040   0.0034
   0.0038   0.0032
   0.0032   0.0027

[cube slice: 1]
   0.0038   0.0033
   0.0036   0.0031
   0.0030   0.0026


    1
See me ! I must add some density at the origin ! 
v_old is : -999
v is : 7
d is : 0
alpha is : 1


v_old is : 7
v is : 8
d is : 2
alpha is : 1


v_old is : 8
v is : 7
d is : 4
alpha is : -0.5


v_old is : 7
v is : 6
d is : 7
alpha is : -0.5


v_old is : 8
v is : 5
d is : 5
alpha is : 0.5


v_old is : 5
v is : 4
d is : 7
alpha is : 0.5


v_old is : 8
v is : 3
d is : 7
alpha is : 0.5


v_old is : 8
v is : 2
d is : 5
alpha is : 0.5


v_old is : 2
v is : 1
d is : 7
alpha is : 0.5


v_old is : 7
v is : 6
d is : 3
alpha is : 1


HERE ARE THE CALCULATED NETWORK DENSITIES
[cube slice: 0]
   0.0643   0.0643
   0.0363   0.0363
   0.0256   0.0256

[cube slice: 1]
   0.0643   0.0643
   0.0363   0.0363
   0.0256   0.0256


HERE IS THE MATRIX OF TIME BANDWIDTHS
   5.7618   6.7174
   5.8971   6.8778
   5.9428   6.9321


HERE IS THE MATRIX OF NETWORK BANDWIDTHS
    9.6030    9.5962
   14.7427   14.7381
   19.8094   19.8060


here is bws_net.n_rows 3
this is e : 0
this is n : 0
this is t : 0
here is bw_time5.7618
here is old time_keval0
this is t : 1
here is bw_time6.71736
here is old time_keval0
this is n : 1
this is t : 0
here is bw_time5.89708
here is old time_keval0
this is t : 1
here is bw_time6.8778
here is old time_keval0
this is n : 2
this is t : 0
here is bw_time5.94282
here is old time_keval0
this is t : 1
here is bw_time6.93209
here is old time_keval0
this is e : 1
this is n : 0
this is t : 0
here is bw_time5.7618
here is old time_keval0
this is t : 1
here is bw_time6.71736
here is old time_keval0
this is n : 1
this is t : 0
here is bw_time5.89708
here is old time_keval0
this is t : 1
here is bw_time6.8778
here is old time_keval0
this is n : 2
this is t : 0
here is bw_time5.94282
here is old time_keval0
this is t : 1
here is bw_time6.93209
here is old time_keval0
HERE ARE THE CALCULATED TIME DENSITIES
[cube slice: 0]
   0.1627   0.1396
   0.1590   0.1363
   0.1578   0.1352

[cube slice: 1]
   0.1531   0.1334
   0.1500   0.1306
   0.1489   0.1297


HERE ARE THE UNSCALED DENSITIES
[cube slice: 0]
   0.0105   0.0090
   0.0058   0.0050
   0.0040   0.0035

[cube slice: 1]
   0.0098   0.0086
   0.0054   0.0047
   0.0038   0.0033


    2
v_old is : -999
v is : 5
d is : 0
alpha is : 1


v_old is : 5
v is : 8
d is : 3
alpha is : 1


v_old is : 8
v is : 7
d is : 5
alpha is : 0.5


v_old is : 7
v is : 6
d is : 8
alpha is : 0.5


v_old is : 8
v is : 5
d is : 6
alpha is : -0.5


v_old is : 5
v is : 4
d is : 8
alpha is : -0.5


v_old is : 8
v is : 3
d is : 8
alpha is : 0.5


v_old is : 8
v is : 2
d is : 6
alpha is : 0.5


v_old is : 2
v is : 1
d is : 8
alpha is : 0.5


v_old is : 5
v is : 4
d is : 2
alpha is : 1


HERE ARE THE CALCULATED NETWORK DENSITIES
[cube slice: 0]
   0.0267   0.0267
   0.0245   0.0245
   0.0205   0.0205

[cube slice: 1]
   0.0267   0.0267
   0.0245   0.0245
   0.0205   0.0205


HERE IS THE MATRIX OF TIME BANDWIDTHS
   6.2480   7.2945
   6.1047   7.1244
   6.0577   7.0686


HERE IS THE MATRIX OF NETWORK BANDWIDTHS
   10.4134   10.4208
   15.2618   15.2665
   20.1925   20.1959


here is bws_net.n_rows 3
this is e : 0
this is n : 0
this is t : 0
here is bw_time6.24804
here is old time_keval0
this is t : 1
here is bw_time7.29454
here is old time_keval0
this is n : 1
this is t : 0
here is bw_time6.10472
here is old time_keval0
this is t : 1
here is bw_time7.12437
here is old time_keval0
this is n : 2
this is t : 0
here is bw_time6.05774
here is old time_keval0
this is t : 1
here is bw_time7.06857
here is old time_keval0
this is e : 1
this is n : 0
this is t : 0
here is bw_time6.24804
here is old time_keval0
this is t : 1
here is bw_time7.29454
here is old time_keval0
this is n : 1
this is t : 0
here is bw_time6.10472
here is old time_keval0
this is t : 1
here is bw_time7.12437
here is old time_keval0
this is n : 2
this is t : 0
here is bw_time6.05774
here is old time_keval0
this is t : 1
here is bw_time7.06857
here is old time_keval0
HERE ARE THE CALCULATED TIME DENSITIES
[cube slice: 0]
   0.1425   0.1237
   0.1454   0.1265
   0.1464   0.1274

[cube slice: 1]
   0.1500   0.1285
   0.1536   0.1316
   0.1548   0.1326


HERE ARE THE UNSCALED DENSITIES
[cube slice: 0]
   0.0038   0.0033
   0.0036   0.0031
   0.0030   0.0026

[cube slice: 1]
   0.0040   0.0034
   0.0038   0.0032
   0.0032   0.0027


    3
See me ! I must add some density at the origin ! 
v_old is : -999
v is : 7
d is : 0
alpha is : 1


v_old is : 7
v is : 8
d is : 2
alpha is : 1


v_old is : 8
v is : 7
d is : 4
alpha is : -0.5


v_old is : 7
v is : 6
d is : 7
alpha is : -0.5


v_old is : 8
v is : 5
d is : 5
alpha is : 0.5


v_old is : 5
v is : 4
d is : 7
alpha is : 0.5


v_old is : 8
v is : 3
d is : 7
alpha is : 0.5


v_old is : 8
v is : 2
d is : 5
alpha is : 0.5


v_old is : 2
v is : 1
d is : 7
alpha is : 0.5


v_old is : 7
v is : 6
d is : 3
alpha is : 1


HERE ARE THE CALCULATED NETWORK DENSITIES
[cube slice: 0]
   0.0643   0.0643
   0.0363   0.0363
   0.0256   0.0256

[cube slice: 1]
   0.0643   0.0643
   0.0363   0.0363
   0.0256   0.0256


HERE IS THE MATRIX OF TIME BANDWIDTHS
   5.7618   6.7174
   5.8971   6.8778
   5.9428   6.9321


HERE IS THE MATRIX OF NETWORK BANDWIDTHS
    9.6030    9.5962
   14.7427   14.7381
   19.8094   19.8060


here is bws_net.n_rows 3
this is e : 0
this is n : 0
this is t : 0
here is bw_time5.7618
here is old time_keval0
this is t : 1
here is bw_time6.71736
here is old time_keval0
this is n : 1
this is t : 0
here is bw_time5.89708
here is old time_keval0
this is t : 1
here is bw_time6.8778
here is old time_keval0
this is n : 2
this is t : 0
here is bw_time5.94282
here is old time_keval0
this is t : 1
here is bw_time6.93209
here is old time_keval0
this is e : 1
this is n : 0
this is t : 0
here is bw_time5.7618
here is old time_keval0
this is t : 1
here is bw_time6.71736
here is old time_keval0
this is n : 1
this is t : 0
here is bw_time5.89708
here is old time_keval0
this is t : 1
here is bw_time6.8778
here is old time_keval0
this is n : 2
this is t : 0
here is bw_time5.94282
here is old time_keval0
this is t : 1
here is bw_time6.93209
here is old time_keval0
HERE ARE THE CALCULATED TIME DENSITIES
[cube slice: 0]
   0.1531   0.1334
   0.1500   0.1306
   0.1489   0.1297

[cube slice: 1]
   0.1627   0.1396
   0.1590   0.1363
   0.1578   0.1352


HERE ARE THE UNSCALED DENSITIES
[cube slice: 0]
   0.0098   0.0086
   0.0054   0.0047
   0.0038   0.0033

[cube slice: 1]
   0.0105   0.0090
   0.0058   0.0050
   0.0040   0.0035


[1] "obtained k values  : "
, , 1

             [,1]         [,2]
[1,] 2.976306e-04 2.216645e-04
[2,] 1.411700e-04 1.048521e-04
[3,] 8.269822e-05 6.138814e-05

, , 2

             [,1]         [,2]
[1,] 2.976306e-04 2.216645e-04
[2,] 1.411700e-04 1.048521e-04
[3,] 8.269822e-05 6.138814e-05

[1] "this is bws_net"
, , 1

         [,1]     [,2]
[1,] 10.41341 10.42077
[2,] 15.26179 15.26651
[3,] 20.19245 20.19593

, , 2

          [,1]      [,2]
[1,]  9.603006  9.596224
[2,] 14.742700 14.738144
[3,] 19.809384 19.805973

, , 3

         [,1]     [,2]
[1,] 10.41341 10.42077
[2,] 15.26179 15.26651
[3,] 20.19245 20.19593

, , 4

          [,1]      [,2]
[1,]  9.603006  9.596224
[2,] 14.742700 14.738144
[3,] 19.809384 19.805973

[1] "this is bws_time"
, , 1

         [,1]     [,2]
[1,] 6.248044 7.294536
[2,] 6.104716 7.124371
[3,] 6.057735 7.068575

, , 2

         [,1]     [,2]
[1,] 5.761803 6.717357
[2,] 5.897080 6.877801
[3,] 5.942815 6.932090

, , 3

         [,1]     [,2]
[1,] 6.248044 7.294536
[2,] 6.104716 7.124371
[3,] 6.057735 7.068575

, , 4

         [,1]     [,2]
[1,] 5.761803 6.717357
[2,] 5.897080 6.877801
[3,] 5.942815 6.932090

Here is the neighbours wids : 
1 2 3 4

Here is the neighbours time : 
5 5 6 6

iterating to calculate the densities from each event 
    0
v_old is : -999
v is : 2
d is : 0
alpha is : 1


v_old is : 2
v is : 8
d is : 3
alpha is : 1


v_old is : 8
v is : 7
d is : 5
alpha is : 0.5


v_old is : 7
v is : 6
d is : 8
alpha is : 0.5


v_old is : 8
v is : 5
d is : 6
alpha is : 0.5


v_old is : 5
v is : 4
d is : 8
alpha is : 0.5


v_old is : 8
v is : 3
d is : 8
alpha is : 0.5


v_old is : 8
v is : 2
d is : 6
alpha is : -0.5


v_old is : 2
v is : 1
d is : 8
alpha is : -0.5


v_old is : 2
v is : 1
d is : 2
alpha is : 1


HERE ARE THE CALCULATED NETWORK DENSITIES
[cube slice: 0]
   0.0699   0.0699
   0.0395   0.0395
   0.0271   0.0271


HERE IS THE MATRIX OF TIME BANDWIDTHS
   6.2480   7.2945
   6.1047   7.1244
   6.0577   7.0686


HERE IS THE MATRIX OF NETWORK BANDWIDTHS
   10.4134   10.4208
   15.2618   15.2665
   20.1925   20.1959


here is bws_net.n_rows 3
this is e : 0
this is n : 0
this is t : 0
here is bw_time6.24804
here is old time_keval0
this is t : 1
here is bw_time7.29454
here is old time_keval0
this is n : 1
this is t : 0
here is bw_time6.10472
here is old time_keval0
this is t : 1
here is bw_time7.12437
here is old time_keval0
this is n : 2
this is t : 0
here is bw_time6.05774
here is old time_keval0
this is t : 1
here is bw_time7.06857
here is old time_keval0
HERE ARE THE CALCULATED TIME DENSITIES
[cube slice: 0]
   0.1500   0.1285
   0.1536   0.1316
   0.1548   0.1326


HERE ARE THE UNSCALED DENSITIES
[cube slice: 0]
   0.0105   0.0090
   0.0061   0.0052
   0.0042   0.0036


    1
v_old is : -999
v is : 7
d is : 0
alpha is : 1


v_old is : 7
v is : 8
d is : 2
alpha is : 1


v_old is : 8
v is : 7
d is : 4
alpha is : -0.5


v_old is : 7
v is : 6
d is : 7
alpha is : -0.5


v_old is : 8
v is : 5
d is : 5
alpha is : 0.5


v_old is : 5
v is : 4
d is : 7
alpha is : 0.5


v_old is : 8
v is : 3
d is : 7
alpha is : 0.5


v_old is : 8
v is : 2
d is : 5
alpha is : 0.5


v_old is : 2
v is : 1
d is : 7
alpha is : 0.5


v_old is : 7
v is : 6
d is : 3
alpha is : 1


HERE ARE THE CALCULATED NETWORK DENSITIES
[cube slice: 0]
   0.0259   0.0259
   0.0249   0.0249
   0.0207   0.0207


HERE IS THE MATRIX OF TIME BANDWIDTHS
   5.7618   6.7174
   5.8971   6.8778
   5.9428   6.9321


HERE IS THE MATRIX OF NETWORK BANDWIDTHS
    9.6030    9.5962
   14.7427   14.7381
   19.8094   19.8060


here is bws_net.n_rows 3
this is e : 0
this is n : 0
this is t : 0
here is bw_time5.7618
here is old time_keval0
this is t : 1
here is bw_time6.71736
here is old time_keval0
this is n : 1
this is t : 0
here is bw_time5.89708
here is old time_keval0
this is t : 1
here is bw_time6.8778
here is old time_keval0
this is n : 2
this is t : 0
here is bw_time5.94282
here is old time_keval0
this is t : 1
here is bw_time6.93209
here is old time_keval0
HERE ARE THE CALCULATED TIME DENSITIES
[cube slice: 0]
   0.1627   0.1396
   0.1590   0.1363
   0.1578   0.1352


HERE ARE THE UNSCALED DENSITIES
[cube slice: 0]
   0.0042   0.0036
   0.0040   0.0034
   0.0033   0.0028


    2
v_old is : -999
v is : 5
d is : 0
alpha is : 1


v_old is : 5
v is : 8
d is : 3
alpha is : 1


v_old is : 8
v is : 7
d is : 5
alpha is : 0.5


v_old is : 7
v is : 6
d is : 8
alpha is : 0.5


v_old is : 8
v is : 5
d is : 6
alpha is : -0.5


v_old is : 5
v is : 4
d is : 8
alpha is : -0.5


v_old is : 8
v is : 3
d is : 8
alpha is : 0.5


v_old is : 8
v is : 2
d is : 6
alpha is : 0.5


v_old is : 2
v is : 1
d is : 8
alpha is : 0.5


v_old is : 5
v is : 4
d is : 2
alpha is : 1


HERE ARE THE CALCULATED NETWORK DENSITIES
[cube slice: 0]
   0.0201   0.0201
   0.0220   0.0220
   0.0193   0.0193


HERE IS THE MATRIX OF TIME BANDWIDTHS
   6.2480   7.2945
   6.1047   7.1244
   6.0577   7.0686


HERE IS THE MATRIX OF NETWORK BANDWIDTHS
   10.4134   10.4208
   15.2618   15.2665
   20.1925   20.1959


here is bws_net.n_rows 3
this is e : 0
this is n : 0
this is t : 0
here is bw_time6.24804
here is old time_keval0
this is t : 1
here is bw_time7.29454
here is old time_keval0
this is n : 1
this is t : 0
here is bw_time6.10472
here is old time_keval0
this is t : 1
here is bw_time7.12437
here is old time_keval0
this is n : 2
this is t : 0
here is bw_time6.05774
here is old time_keval0
this is t : 1
here is bw_time7.06857
here is old time_keval0
HERE ARE THE CALCULATED TIME DENSITIES
[cube slice: 0]
   0.1425   0.1237
   0.1454   0.1265
   0.1464   0.1274


HERE ARE THE UNSCALED DENSITIES
[cube slice: 0]
   0.0029   0.0025
   0.0032   0.0028
   0.0028   0.0025


    3
v_old is : -999
v is : 7
d is : 0
alpha is : 1


v_old is : 7
v is : 8
d is : 2
alpha is : 1


v_old is : 8
v is : 7
d is : 4
alpha is : -0.5


v_old is : 7
v is : 6
d is : 7
alpha is : -0.5


v_old is : 8
v is : 5
d is : 5
alpha is : 0.5


v_old is : 5
v is : 4
d is : 7
alpha is : 0.5


v_old is : 8
v is : 3
d is : 7
alpha is : 0.5


v_old is : 8
v is : 2
d is : 5
alpha is : 0.5


v_old is : 2
v is : 1
d is : 7
alpha is : 0.5


v_old is : 7
v is : 6
d is : 3
alpha is : 1


HERE ARE THE CALCULATED NETWORK DENSITIES
[cube slice: 0]
   0.0259   0.0259
   0.0249   0.0249
   0.0207   0.0207


HERE IS THE MATRIX OF TIME BANDWIDTHS
   5.7618   6.7174
   5.8971   6.8778
   5.9428   6.9321


HERE IS THE MATRIX OF NETWORK BANDWIDTHS
    9.6030    9.5962
   14.7427   14.7381
   19.8094   19.8060


here is bws_net.n_rows 3
this is e : 0
this is n : 0
this is t : 0
here is bw_time5.7618
here is old time_keval0
this is t : 1
here is bw_time6.71736
here is old time_keval0
this is n : 1
this is t : 0
here is bw_time5.89708
here is old time_keval0
this is t : 1
here is bw_time6.8778
here is old time_keval0
this is n : 2
this is t : 0
here is bw_time5.94282
here is old time_keval0
this is t : 1
here is bw_time6.93209
here is old time_keval0
HERE ARE THE CALCULATED TIME DENSITIES
[cube slice: 0]
   0.1531   0.1334
   0.1500   0.1306
   0.1489   0.1297


HERE ARE THE UNSCALED DENSITIES
[cube slice: 0]
   0.0040   0.0035
   0.0037   0.0033
   0.0031   0.0027


[1] "obtained k values  : "
, , 1

             [,1]         [,2]
[1,] 1.919847e-04 1.425208e-04
[2,] 1.227593e-04 9.110244e-05
[3,] 7.714421e-05 5.724483e-05

⠏ |   2     8 | testing the bandwidth selection functions for tnkde                                                                ✔ |   2     8 | testing the bandwidth selection functions for tnkde [3.3s]
───────────────────────────────────────────────────────────────────────────────────────────────────────────────────────────────────
Warning ('test_bw_selection_tnkde_sf.R:411:3'): Testing the bw selection function with CV likelihood in multicore and simple core
UNRELIABLE VALUE: One of the ‘future.apply’ iterations (‘future_lapply-1’) unexpectedly generated random numbers without declaring so. There is a risk that those random numbers are not statistically sound and the overall results might be invalid. To fix this, specify 'future.seed=TRUE'. This ensures that proper, parallel-safe random numbers are produced via the L'Ecuyer-CMRG method. To disable this check, use 'future.seed = NULL', or set option 'future.rng.onMisuse' to "ignore".
Backtrace:
  1. spNetwork::bw_tnkde_cv_likelihood_calc.mc(...)
       at test_bw_selection_tnkde_sf.R:411:2
 17. progressr (local) `<fn>`(`<progrssn>`)
 18. progressr:::flush_conditions(conditions)

Warning ('test_bw_selection_tnkde_sf.R:411:3'): Testing the bw selection function with CV likelihood in multicore and simple core
UNRELIABLE VALUE: One of the ‘future.apply’ iterations (‘future_lapply-2’) unexpectedly generated random numbers without declaring so. There is a risk that those random numbers are not statistically sound and the overall results might be invalid. To fix this, specify 'future.seed=TRUE'. This ensures that proper, parallel-safe random numbers are produced via the L'Ecuyer-CMRG method. To disable this check, use 'future.seed = NULL', or set option 'future.rng.onMisuse' to "ignore".
Backtrace:
 1. spNetwork::bw_tnkde_cv_likelihood_calc.mc(...)
      at test_bw_selection_tnkde_sf.R:411:2
 2. progressr::with_progress(...)
      at spNetwork/R/bandwidth_selection_cv_tnkde_sf.R:695:4
 3. progressr:::flush_conditions(conditions)
      at spNetwork/R/bandwidth_selection_cv_tnkde_sf.R:695:4
───────────────────────────────────────────────────────────────────────────────────────────────────────────────────────────────────
⠏ |         0 | geometrical_functions_sf                                                                                           ⠏ |         0 | Testing the geometrical functions of the package                                                                     |                                                                                                                                 |                                                                                                                         |   0%  |                                                                                                                                 |========================                                                                                                 |  20%  |                                                                                                                                 |================================================                                                                         |  40%  |                                                                                                                                 |=========================================================================                                                |  60%  |                                                                                                                                 |=================================================================================================                        |  80%  |                                                                                                                                 |=========================================================================================================================| 100%⠧ |         8 | Testing the geometrical functions of the package                                                                   ⠋ |        11 | Testing the geometrical functions of the package                                                                     |                                                                                                                                 |                                                                                                                         |   0%  |                                                                                                                                 |==============================                                                                                           |  25%  |                                                                                                                                 |============================================================                                                             |  50%  |                                                                                                                                 |===========================================================================================                              |  75%  |                                                                                                                                 |=========================================================================================================================| 100%✔ |        12 | Testing the geometrical functions of the package [0.3s]
⠏ |         0 | graph_functions_sf                                                                                                 ⠏ |         0 | testing the graph functions                                                                                        ✔ |         2 | testing the graph functions
⠏ |         0 | isochrone_sf                                                                                                       ⠏ |         0 | testing the isochrone creation functions                                                                           ⠙ |         2 | testing the isochrone creation functions                                                                           ✔ |         2 | testing the isochrone creation functions [0.2s]
⠏ |         0 | testing the isochrone creation functions                                                                           ✔ |         1 | testing the isochrone creation functions
⠏ |         0 | k_functions_sf                                                                                                     ⠏ |         0 | testing functions for k and g function analysis                                                                    [1] "Preparing data ..."
[1] "Snapping points on lines ..."
[1] "Building graph ..."
[1] "Calculating k and g functions ..."
[1] "Calculating the simulations ..."
  |                                                                                                                                 |                                                                                                                         |   0%  |                                                                                                                                 |========================                                                                                                 |  20%  |                                                                                                                                 |================================================                                                                         |  40%  |                                                                                                                                 |=========================================================================                                                |  60%  |                                                                                                                                 |=================================================================================================                        |  80%  |                                                                                                                                 |=========================================================================================================================| 100%⠋ |         1 | testing functions for k and g function analysis                                                                    [1] "Preparing data ..."
[1] "Snapping points on lines ..."
[1] "Building graph ..."
[1] "Calculating k and g functions ..."
[1] "Calculating the simulations ..."
  |                                                                                                                                 |                                                                                                                         |   0%  |                                                                                                                                 |========================                                                                                                 |  20%  |                                                                                                                                 |================================================                                                                         |  40%  |                                                                                                                                 |=========================================================================                                                |  60%  |                                                                                                                                 |=================================================================================================                        |  80%  |                                                                                                                                 |=========================================================================================================================| 100%⠙ |         2 | testing functions for k and g function analysis                                                                    ⠸ |         4 | testing functions for k and g function analysis                                                                    [1] "Preparing data ..."
[1] "Snapping points on lines ..."
[1] "Building graph ..."
[1] "Calculating k and g functions ..."
[1] "Calculating the simulations ..."
⠼ |   1     4 | testing functions for k and g function analysis                                                                    [1] "Preparing data ..."
[1] "Snapping points on lines ..."
[1] "Building graph ..."
[1] "Calculating k and g functions ..."
[1] "Calculating the simulations ..."
⠦ |   2     5 | testing functions for k and g function analysis                                                                    [1] "Preparing data ..."
[1] "Snapping points on lines ..."
[1] "Building graph ..."
     [,1] [,2] [,3] [,4]
[1,]    0    6    4    2
[2,]    6    0    2    4
[3,]    4    2    0    2
[4,]    2    4    2    0
[1] "Calculating k and g functions ..."
[1] "Calculating the simulations ..."
  |                                                                                                                                 |                                                                                                                         |   0%⠇ |   3     6 | testing functions for k and g function analysis                                                                    [1] "Preparing data ..."
[1] "Snapping points on lines ..."
[1] "Building graph ..."
[1] "Calculating k and g functions ..."
[1] "Calculating the simulations ..."
  |                                                                                                                                 |                                                                                                                         |   0%  |                                                                                                                                 |========================                                                                                                 |  20%  |                                                                                                                                 |================================================                                                                         |  40%  |                                                                                                                                 |=========================================================================                                                |  60%  |                                                                                                                                 |=================================================================================================                        |  80%  |                                                                                                                                 |=========================================================================================================================| 100%⠋ |   3     8 | testing functions for k and g function analysis                                                                    ✔ |   3     8 | testing functions for k and g function analysis [1.1s]
───────────────────────────────────────────────────────────────────────────────────────────────────────────────────────────────────
Warning ('test_k_functions_sf.R:332:3'): Testing the multicore simple k function
UNRELIABLE VALUE: One of the ‘future.apply’ iterations (‘future_lapply-1’) unexpectedly generated random numbers without declaring so. There is a risk that those random numbers are not statistically sound and the overall results might be invalid. To fix this, specify 'future.seed=TRUE'. This ensures that proper, parallel-safe random numbers are produced via the L'Ecuyer-CMRG method. To disable this check, use 'future.seed = NULL', or set option 'future.rng.onMisuse' to "ignore".
Backtrace:
 1. spNetwork::kfunctions.mc(...)
      at test_k_functions_sf.R:332:2
 2. progressr::with_progress(...)
      at spNetwork/R/k_functions_sf.R:594:6
 3. progressr:::flush_conditions(conditions)
      at spNetwork/R/k_functions_sf.R:594:6

Warning ('test_k_functions_sf.R:368:3'): Testing the multicore cross k function
UNRELIABLE VALUE: One of the ‘future.apply’ iterations (‘future_lapply-1’) unexpectedly generated random numbers without declaring so. There is a risk that those random numbers are not statistically sound and the overall results might be invalid. To fix this, specify 'future.seed=TRUE'. This ensures that proper, parallel-safe random numbers are produced via the L'Ecuyer-CMRG method. To disable this check, use 'future.seed = NULL', or set option 'future.rng.onMisuse' to "ignore".
Backtrace:
 1. spNetwork::cross_kfunctions.mc(...)
      at test_k_functions_sf.R:368:2
 2. progressr::with_progress(...)
      at spNetwork/R/k_functions_sf.R:1072:4
 3. progressr:::flush_conditions(conditions)
      at spNetwork/R/k_functions_sf.R:1072:4

Warning ('test_k_functions_sf.R:407:3'): Testing the simple k function in space-time
UNRELIABLE VALUE: One of the ‘future.apply’ iterations (‘future_lapply-1’) unexpectedly generated random numbers without declaring so. There is a risk that those random numbers are not statistically sound and the overall results might be invalid. To fix this, specify 'future.seed=TRUE'. This ensures that proper, parallel-safe random numbers are produced via the L'Ecuyer-CMRG method. To disable this check, use 'future.seed = NULL', or set option 'future.rng.onMisuse' to "ignore".
Backtrace:
 1. spNetwork::k_nt_functions.mc(...)
      at test_k_functions_sf.R:407:2
 2. progressr::with_progress(...)
      at spNetwork/R/k_functions_nettime_sf.R:450:6
 3. progressr:::flush_conditions(conditions)
      at spNetwork/R/k_functions_nettime_sf.R:450:6
───────────────────────────────────────────────────────────────────────────────────────────────────────────────────────────────────
⠏ |         0 | kernels                                                                                                            ⠏ |         0 | testing the kernel functions                                                                                       [1] "checking inputs ..."
[1] "prior data preparation ..."
[1] "Splitting the data with the spatial grid ..."
[1] "start calculating the kernel values ..."
[1] "    quadra 1/1"
[1] "    build graph ..."
[1] "        calculating NKDE values ..."
  |                                                                                                                                 |                                                                                                                         |   0%  |                                                                                                                                 |=========================================================================================================================| 100%[1] "combining the results ..."
⠋ |         1 | testing the kernel functions                                                                                       ⠸ |         4 | testing the kernel functions                                                                                       ⠴ |         6 | testing the kernel functions                                                                                       ✔ |         6 | testing the kernel functions [0.5s]
⠏ |         0 | knn_sf                                                                                                             ⠏ |         0 | testing the knn functions                                                                                          ⠙ |         2 | testing the knn functions                                                                                          ⠸ |         4 | testing the knn functions                                                                                          ✔ |         5 | testing the knn functions [0.3s]
⠏ |         0 | listw_symetry_sf                                                                                                   ⠏ |         0 | symetry and comparison between simple and multicore                                                                ⠋ |   1     0 | symetry and comparison between simple and multicore                                                                ⠙ |   2     0 | symetry and comparison between simple and multicore                                                                ✔ |   2     1 | symetry and comparison between simple and multicore [6.1s]
───────────────────────────────────────────────────────────────────────────────────────────────────────────────────────────────────
Warning ('test_listw_symetry_sf.R:8:3'): A listw object returned by the function network_listw must be symetric and identic as one returned by network_listw.mc
zero sum general weights
Backtrace:
 1. spNetwork::network_listw(...)
      at test_listw_symetry_sf.R:8:2
 2. spdep::nb2listw(...)
      at spNetwork/R/neighbouring_sf.R:425:6

Warning ('test_listw_symetry_sf.R:23:3'): A listw object returned by the function network_listw must be symetric and identic as one returned by network_listw.mc
zero sum general weights
Backtrace:
 1. spNetwork::network_listw.mc(...)
      at test_listw_symetry_sf.R:23:2
 2. spdep::nb2listw(...)
      at spNetwork/R/neighbouring_sf.R:630:6
───────────────────────────────────────────────────────────────────────────────────────────────────────────────────────────────────
⠏ |         0 | nkde_execution_functions_sf                                                                                        ⠏ |         0 | testing function used to perform NKDE                                                                              ✔ |         1 | testing function used to perform NKDE
⠏ |         0 | nkde_manual_bws                                                                                                    ⠏ |         0 | testing the kernel functions with manually changed bandwidths                                                      ⠙ |         2 | testing the kernel functions with manually changed bandwidths                                                      ✔ |         2 | testing the kernel functions with manually changed bandwidths [0.1s]
⠏ |         0 | spatial_indexing                                                                                                   ⠏ |         0 | testing the spatial indexing functions                                                                             ✔ |         1 | testing the spatial indexing functions
⠏ |         0 | splitting_functions                                                                                                ⠏ |         0 | testing the base kernel implemented                                                                                ⠋ |         1 | testing the base kernel implemented                                                                                ⠙ |         2 | testing the base kernel implemented                                                                                ✔ |         2 | testing the base kernel implemented [6.7s]
⠏ |         0 | tnkde_sf                                                                                                           ⠏ |         0 | testing the kernel functions                                                                                       [1] "checking inputs ..."
[1] "prior data preparation ..."
[1] "start calculating the kernel values ..."
[1] "    quadra 1/1"
[1] "    build graph ..."
[1] "        calculating NKDE values ..."
  |                                                                                                                                 |                                                                                                                         |   0%  |                                                                                                                                 |=========================================================================================================================| 100%[1] "combining the results ..."
[1] "checking inputs ..."
[1] "prior data preparation ..."
[1] "start calculating the kernel values ..."
[1] "    quadra 1/1"
[1] "    build graph ..."
[1] "        calculating NKDE values ..."
[1] "combining the results ..."
⠙ |         2 | testing the kernel functions                                                                                       [1] "checking inputs ..."
[1] "prior data preparation ..."
[1] "start calculating the kernel values ..."
[1] "    quadra 1/1"
[1] "    build graph ..."
[1] "        calculating NKDE values ..."
[1] "combining the results ..."
⠹ |         3 | testing the kernel functions                                                                                       [1] "checking inputs ..."
[1] "prior data preparation ..."
[1] "start calculating the kernel values ..."
[1] "    quadra 1/1"
[1] "    build graph ..."
[1] "        calculating NKDE values ..."
[1] "combining the results ..."
[1] "checking inputs ..."
[1] "prior data preparation ..."
[1] "starting the kernel calculations ..."
[1] "    build graph ..."
[1] "        calculating NKDE values ..."
[1] "combining the results ..."
⠸ |         4 | testing the kernel functions                                                                                       ✔ |         4 | testing the kernel functions [0.6s]

══ Results ════════════════════════════════════════════════════════════════════════════════════════════════════════════════════════
Duration: 30.6 s

[ FAIL 0 | WARN 9 | SKIP 0 | PASS 85 ]
